MPLINK 4.35, Linker
Linker Map File - Created Thu Apr 12 12:25:31 2012

                                 Section Info
                  Section       Type    Address   Location Size(Bytes)
                ---------  ---------  ---------  ---------  ---------
               _entry_scn       code   0x000000    program   0x000006
           .code___init.o       code   0x000006    program   0x000002
               highVector       code   0x000008    program   0x000006
      .romdata_MainDemo.o    romdata   0x00000e    program   0x000006
         .romdata_HTTP2.o    romdata   0x000014    program   0x000003
      .romdata_SPIFlash.o    romdata   0x000017    program   0x000000
     .idata_SPIEEPROM.o_i    romdata   0x000017    program   0x000000
          .romdata_SNTP.o    romdata   0x000017    program   0x000000
          .romdata_SMTP.o    romdata   0x000017    program   0x000000
          .idata_SMTP.o_i    romdata   0x000017    program   0x000000
           .romdata_ARP.o    romdata   0x000017    program   0x000000
          .romdata_NBNS.o    romdata   0x000017    program   0x000000
          .idata_NBNS.o_i    romdata   0x000017    program   0x000001
   .romdata_LCDBlocking.o    romdata   0x000017    program   0x000000
          .romdata_ICMP.o    romdata   0x000017    program   0x000000
          .romdata_DHCP.o    romdata   0x000017    program   0x000000
        .romdata_Hashes.o    romdata   0x000017    program   0x000000
        .romdata_DynDNS.o    romdata   0x000017    program   0x000000
           .romdata_DNS.o    romdata   0x000017    program   0x000000
         .romdata_TFTPc.o    romdata   0x000017    program   0x000000
         .idata_TFTPc.o_i    romdata   0x000017    program   0x000000
        .idata_SPIRAM.o_i    romdata   0x000017    program   0x000000
      .romdata_StackTsk.o    romdata   0x000017    program   0x000000
.romdata_UDPPerformanceTest.o    romdata   0x000017    program   0x000000
          .romdata_Tick.o    romdata   0x000017    program   0x000000
.romdata_UART2TCPBridge.o    romdata   0x000017    program   0x000000
          .idata_UART.o_i    romdata   0x000017    program   0x000000
   .romdata_BerkeleyAPI.o    romdata   0x000017    program   0x000000
    .romdata_ENCX24J600.o    romdata   0x000017    program   0x000000
      .idata_fxd3232u.o_i    romdata   0x000017    program   0x000000
      .romdata_fxd3232u.o    romdata   0x000017    program   0x000000
         .romdata_c018i.o    romdata   0x000017    program   0x000000
         .idata_c018i.o_i    romdata   0x000017    program   0x000000
                lowVector       code   0x000018    program   0x000006
                   .cinit    romdata   0x00001e    program   0x0000b6
              .code_TCP.o       code   0x0000d4    program   0x004106
            .code_HTTP2.o       code   0x0041da    program   0x002382
            .code_MPFS2.o       code   0x00655c    program   0x001472
      .romdata_MPFSImg2.o    romdata   0x0079ce    program   0x000fe0
         .code_MainDemo.o       code   0x0089ae    program   0x000cac
          .code_Helpers.o       code   0x00965a    program   0x000b2e
              .code_DNS.o       code   0x00a188    program   0x000a6a
              .code_UDP.o       code   0x00abf2    program   0x000a3e
             .stringtable    romdata   0x00b630    program   0x0009f3
        .idata___init.o_i    romdata   0x00c023    program   0x000000
     .romdata_SPIEEPROM.o    romdata   0x00c023    program   0x000000
            .romdata_IP.o    romdata   0x00c023    program   0x000000
      .idata_fxd1616u.o_i    romdata   0x00c023    program   0x000000
         .romdata_Delay.o    romdata   0x00c023    program   0x000000
      .romdata_Announce.o    romdata   0x00c023    program   0x000000
      .romdata_fxd1616u.o    romdata   0x00c023    program   0x000000
       .idata_fxm3232.o_i    romdata   0x00c023    program   0x000000
         .romdata_MPFS2.o    romdata   0x00c023    program   0x000000
       .romdata_fxm3232.o    romdata   0x00c023    program   0x000000
          .romdata_SNMP.o    romdata   0x00c023    program   0x000000
          .idata_SNMP.o_i    romdata   0x00c023    program   0x000000
        .idata_Reboot.o_i    romdata   0x00c023    program   0x000001
        .romdata_Reboot.o    romdata   0x00c023    program   0x000000
        .romdata_Telnet.o    romdata   0x00c023    program   0x000000
         .romdata_DHCPs.o    romdata   0x00c023    program   0x000000
        .idata_Telnet.o_i    romdata   0x00c023    program   0x000000
      .romdata_ENC28J60.o    romdata   0x00c023    program   0x000000
.romdata_TCPPerformanceTest.o    romdata   0x00c023    program   0x000000
      .romdata_ETH97J60.o    romdata   0x00c023    program   0x000000
           .romdata_UDP.o    romdata   0x00c023    program   0x000000
 .romdata_CustomHTTPApp.o    romdata   0x00c023    program   0x000000
      .idata_StackTsk.o_i    romdata   0x00c023    program   0x000000
       .romdata_Helpers.o    romdata   0x00c023    program   0x000000
        .romdata_SPIRAM.o    romdata   0x00c023    program   0x000000
          .romdata_UART.o    romdata   0x00c023    program   0x000000
      .idata_SPIFlash.o_i    romdata   0x00c023    program   0x000000
        .romdata___init.o    romdata   0x00c023    program   0x000000
         .code_ETH97J60.o       code   0x00c024    program   0x000920
.code_TCPPerformanceTest.o       code   0x00c944    program   0x00054e
             .code_SNTP.o       code   0x00ce92    program   0x0004ba
             .code_NBNS.o       code   0x00d34c    program   0x000476
              .code_ARP.o       code   0x00d7c2    program   0x000446
                   STDLIB       code   0x00dc08    program   0x00030c
   .code_UART2TCPBridge.o       code   0x00df14    program   0x0002f6
      .code_LCDBlocking.o       code   0x00e20a    program   0x0002de
                   STRING       code   0x00e4e8    program   0x0002d0
               .code_IP.o       code   0x00e7b8    program   0x00029e
           .code_Reboot.o       code   0x00ea56    program   0x000142
             .code_UART.o       code   0x00eb98    program   0x00012c
         .code_StackTsk.o       code   0x00ecc4    program   0x00011a
.code_UDPPerformanceTest.o       code   0x00edde    program   0x0000e0
             .code_Tick.o       code   0x00eebe    program   0x0000da
                     PROG       code   0x00ef98    program   0x0000ce
               _cinit_scn       code   0x00f066    program   0x00009e
    .code_CustomHTTPApp.o       code   0x00f104    program   0x00007c
          .code_fxm3232.o       code   0x00f180    program   0x000070
         .code_fxd3232u.o       code   0x00f1f0    program   0x000048
         .code_fxd1616u.o       code   0x00f238    program   0x00002c
                    .code       code   0x00f264    program   0x00002c
           .romdata_TCP.o    romdata   0x00f290    program   0x000024
              D1KTCYXCODE       code   0x00f2b4    program   0x000020
             _startup_scn       code   0x00f2d4    program   0x00001c
              D10TCYXCODE       code   0x00f2f0    program   0x000016
              SEED_DATA_i    romdata   0x00f306    program   0x000002
.idata_UDPPerformanceTest.o_i    romdata   0x00f308    program   0x000004
           .idata_UDP.o_i    romdata   0x00f30c    program   0x000002
.idata_UART2TCPBridge.o_i    romdata   0x00f30e    program   0x00000a
          .idata_Tick.o_i    romdata   0x00f318    program   0x000004
.idata_TCPPerformanceTest.o_i    romdata   0x00f31c    program   0x000002
           .idata_TCP.o_i    romdata   0x00f31e    program   0x000002
          .idata_SNTP.o_i    romdata   0x00f320    program   0x000009
      .idata_MainDemo.o_i    romdata   0x00f329    program   0x000006
      .idata_MPFSImg2.o_i    romdata   0x00f32f    program   0x000000
         .idata_MPFS2.o_i    romdata   0x00f32f    program   0x000000
   .idata_LCDBlocking.o_i    romdata   0x00f32f    program   0x000000
            .idata_IP.o_i    romdata   0x00f32f    program   0x000002
        .idata_Hashes.o_i    romdata   0x00f331    program   0x000000
       .idata_Helpers.o_i    romdata   0x00f331    program   0x000000
         .idata_HTTP2.o_i    romdata   0x00f331    program   0x00006c
          .idata_ICMP.o_i    romdata   0x00f331    program   0x000000
         .idata_Delay.o_i    romdata   0x00f39d    program   0x000000
      .idata_ETH97J60.o_i    romdata   0x00f39d    program   0x000000
      .idata_ENC28J60.o_i    romdata   0x00f39d    program   0x000000
        .idata_DynDNS.o_i    romdata   0x00f39d    program   0x000000
           .idata_DNS.o_i    romdata   0x00f39d    program   0x000003
    .idata_ENCX24J600.o_i    romdata   0x00f39d    program   0x000000
          .idata_DHCP.o_i    romdata   0x00f3a0    program   0x000000
           .idata_ARP.o_i    romdata   0x00f3a0    program   0x000001
      .idata_Announce.o_i    romdata   0x00f3a0    program   0x000000
 .idata_CustomHTTPApp.o_i    romdata   0x00f3a0    program   0x000000
         .idata_DHCPs.o_i    romdata   0x00f3a0    program   0x000000
   .idata_BerkeleyAPI.o_i    romdata   0x00f3a0    program   0x000000
            .code_c018i.o       code   0x00f3a2    program   0x000000
            .code_DHCPs.o       code   0x00f3a2    program   0x000000
           .code_DynDNS.o       code   0x00f3a2    program   0x000000
         .code_ENC28J60.o       code   0x00f3a2    program   0x000000
             .code_DHCP.o       code   0x00f3a2    program   0x000000
           .code_Hashes.o       code   0x00f3a2    program   0x000000
            .code_Delay.o       code   0x00f3a2    program   0x000000
             .code_ICMP.o       code   0x00f3a2    program   0x000000
         .code_Announce.o       code   0x00f3a2    program   0x000000
             .code_SMTP.o       code   0x00f3a2    program   0x000000
             .code_SNMP.o       code   0x00f3a2    program   0x000000
        .code_SPIEEPROM.o       code   0x00f3a2    program   0x000000
            .code_TFTPc.o       code   0x00f3a2    program   0x000000
         .code_SPIFlash.o       code   0x00f3a2    program   0x000000
           .code_SPIRAM.o       code   0x00f3a2    program   0x000000
           .code_Telnet.o       code   0x00f3a2    program   0x000000
         .code_MPFSImg2.o       code   0x00f3a2    program   0x000000
      .code_BerkeleyAPI.o       code   0x00f3a2    program   0x000000
       .code_ENCX24J600.o       code   0x00f3a2    program   0x000000
  .config_fff8_MainDemo.o    romdata   0x00fff8    program   0x000001
  .config_fffa_MainDemo.o    romdata   0x00fffa    program   0x000001
  .config_fffd_MainDemo.o    romdata   0x00fffd    program   0x000001
                MATH_DATA      udata   0x000000       data   0x000014
                 .tmpdata      udata   0x000014       data   0x00000c
                DELAYDAT1      udata   0x000020       data   0x000001
           .udata_MPFS2.o      udata   0x000060       data   0x000094
            .udata_UART.o      udata   0x0000f4       data   0x00000c
        .udata_MainDemo.o      udata   0x000100       data   0x0000c5
        .udata_ETH97J60.o      udata   0x0001c5       data   0x000034
   .udata_CustomHTTPApp.o      udata   0x0001f9       data   0x000006
          .idata_Reboot.o      idata   0x0001ff       data   0x000001
             .udata_TCP.o      udata   0x000200       data   0x0000c2
       SYN_QUEUE_RAM_SECT      udata   0x0002c2       data   0x00003c
                SEED_DATA      idata   0x0002fe       data   0x000002
             .udata_UDP.o      udata   0x000300       data   0x0000b8
         .udata_Helpers.o      udata   0x0003b8       data   0x000033
              .udata_IP.o      udata   0x0003eb       data   0x000012
             .idata_DNS.o      idata   0x0003fd       data   0x000003
                 TCB_uRAM      udata   0x000400       data   0x0000a8
  .udata_UART2TCPBridge.o      udata   0x0004a8       data   0x000053
            .udata_NBNS.o      udata   0x0004fb       data   0x000005
   HTTP_CONNECTION_STATES      udata   0x000500       data   0x000084
           .idata_HTTP2.o      idata   0x000584       data   0x00006c
            .udata_SNTP.o      udata   0x0005f0       data   0x00000f
            .idata_NBNS.o      idata   0x0005ff       data   0x000001
        .idata_MainDemo.o      idata   0x000600       data   0x000006
            .idata_Tick.o      idata   0x000606       data   0x000004
             .idata_UDP.o      idata   0x00060a       data   0x000002
.idata_TCPPerformanceTest.o      idata   0x00060c       data   0x000002
             .idata_TCP.o      idata   0x00060e       data   0x000002
              .idata_IP.o      idata   0x000610       data   0x000002
             .idata_ARP.o      idata   0x000612       data   0x000001
        .udata_SPIFlash.o      udata   0x000613       data   0x000000
       .idata_SPIEEPROM.o      idata   0x000613       data   0x000000
       .udata_SPIEEPROM.o      udata   0x000613       data   0x000000
            .idata_SNMP.o      idata   0x000613       data   0x000000
            .udata_SNMP.o      udata   0x000613       data   0x000000
            .idata_SMTP.o      idata   0x000613       data   0x000000
            .udata_SMTP.o      udata   0x000613       data   0x000000
          .udata___init.o      udata   0x000613       data   0x000000
          .udata_Reboot.o      udata   0x000613       data   0x000000
            .udata_ICMP.o      udata   0x000613       data   0x000000
           .idata_MPFS2.o      idata   0x000613       data   0x000000
     .idata_LCDBlocking.o      idata   0x000613       data   0x000000
          .idata___init.o      idata   0x000613       data   0x000000
            .idata_ICMP.o      idata   0x000613       data   0x000000
        .idata_fxd1616u.o      idata   0x000613       data   0x000000
        .udata_fxd1616u.o      udata   0x000613       data   0x000000
      .idata_ENCX24J600.o      idata   0x000613       data   0x000000
      .udata_ENCX24J600.o      udata   0x000613       data   0x000000
     .idata_BerkeleyAPI.o      idata   0x000613       data   0x000000
     .udata_BerkeleyAPI.o      udata   0x000613       data   0x000000
        .idata_MPFSImg2.o      idata   0x000613       data   0x000000
        .udata_MPFSImg2.o      udata   0x000613       data   0x000000
        .udata_fxd3232u.o      udata   0x000613       data   0x000000
            .idata_UART.o      idata   0x000613       data   0x000000
           .idata_c018i.o      idata   0x000613       data   0x000000
.udata_UDPPerformanceTest.o      udata   0x000613       data   0x000000
          .idata_Telnet.o      idata   0x000613       data   0x000000
          .udata_Telnet.o      udata   0x000613       data   0x000000
        .idata_fxd3232u.o      idata   0x000613       data   0x000000
         .udata_fxm3232.o      udata   0x000613       data   0x000000
         .idata_fxm3232.o      idata   0x000613       data   0x000000
        .idata_StackTsk.o      idata   0x000613       data   0x000000
          .idata_SPIRAM.o      idata   0x000613       data   0x000000
          .udata_SPIRAM.o      udata   0x000613       data   0x000000
        .idata_SPIFlash.o      idata   0x000613       data   0x000000
         .idata_Helpers.o      idata   0x000613       data   0x000000
          .idata_Hashes.o      idata   0x000613       data   0x000000
          .udata_Hashes.o      udata   0x000613       data   0x000000
           .idata_DHCPs.o      idata   0x000613       data   0x000000
           .udata_TFTPc.o      udata   0x000613       data   0x000000
           .idata_TFTPc.o      idata   0x000613       data   0x000000
           .udata_Delay.o      udata   0x000613       data   0x000000
           .udata_DHCPs.o      udata   0x000613       data   0x000000
   .idata_CustomHTTPApp.o      idata   0x000613       data   0x000000
        .udata_Announce.o      udata   0x000613       data   0x000000
        .idata_ETH97J60.o      idata   0x000613       data   0x000000
        .idata_ENC28J60.o      idata   0x000613       data   0x000000
        .udata_ENC28J60.o      udata   0x000613       data   0x000000
           .idata_Delay.o      idata   0x000613       data   0x000000
            .udata_DHCP.o      udata   0x000613       data   0x000000
            .idata_DHCP.o      idata   0x000613       data   0x000000
          .udata_DynDNS.o      udata   0x000613       data   0x000000
          .idata_DynDNS.o      idata   0x000613       data   0x000000
        .idata_Announce.o      idata   0x000613       data   0x000000
         UDP.o:UDPProcess     actrec   0x000c00       data   0x000019
            UDP.o:UDPInit     actrec   0x000c00       data   0x000001
   ETH97J60.o:WritePHYReg     actrec   0x000c00       data   0x000001
UDPPerformanceTest.o:UDPPerformanceTask     actrec   0x000c00       data   0x00000d
         UART.o:getsUSART     actrec   0x000c00       data   0x000002
        SNTP.o:SNTPClient     actrec   0x000c00       data   0x000032
 SNTP.o:SNTPGetUTCSeconds     actrec   0x000c00       data   0x000008
MainDemo.o:DisplayIPValue     actrec   0x000c00       data   0x000007
    UART.o:ReadStringUART     actrec   0x000c00       data   0x000002
  ETH97J60.o:MACGetHeader     actrec   0x000c00       data   0x000014
             TCP.o:TCPPut     actrec   0x000c00       data   0x000002
   TCP.o:TCPGetTxFIFOFull     actrec   0x000c00       data   0x000004
             TCP.o:TCPGet     actrec   0x000c00       data   0x000002
   TCP.o:TCPGetRxFIFOFree     actrec   0x000c00       data   0x000004
     TCP.o:TCPFindArrayEx     actrec   0x000c00       data   0x000030
UART2TCPBridge.o:UART2TCPBridgeTask     actrec   0x000c00       data   0x00000f
  TCP.o:TCPFindROMArrayEx     actrec   0x000c00       data   0x000031
            TCP.o:TCPTick     actrec   0x000c00       data   0x00000a
         TCP.o:TCPProcess     actrec   0x000c00       data   0x000025
  TCP.o:TCPAdjustFIFOSize     actrec   0x000c00       data   0x000006
TCPPerformanceTest.o:TCPRXPerformanceTask     actrec   0x000c00       data   0x000018
TCPPerformanceTest.o:TCPTXPerformanceTask     actrec   0x000c00       data   0x000014
         ARP.o:ARPProcess     actrec   0x000c00       data   0x00001c
Helpers.o:FormatNetBIOSName     actrec   0x000c00       data   0x000001
         HTTP2.o:HTTPInit     actrec   0x000c00       data   0x000002
     HTTP2.o:HTTPLoadConn     actrec   0x000c00       data   0x000002
     HTTP2.o:HTTPSendFile     actrec   0x000c00       data   0x000045
    HTTP2.o:HTTPURLDecode     actrec   0x000c00       data   0x000009
      HTTP2.o:HTTPIncFile     actrec   0x000c00       data   0x000045
Helpers.o:leftRotateDWORD     actrec   0x000c00       data   0x000002
 Helpers.o:stricmppgm2ram     actrec   0x000c00       data   0x000002
         IP.o:IPGetHeader     actrec   0x000c00       data   0x000016
    LCDBlocking.o:LCDInit     actrec   0x000c00       data   0x000007
   LCDBlocking.o:LCDErase     actrec   0x000c00       data   0x000002
   Helpers.o:Base64Decode     actrec   0x000c00       data   0x000005
         MPFS2.o:MPFSInit     actrec   0x000c00       data   0x000001
         MPFS2.o:MPFSOpen     actrec   0x000c00       data   0x000018
      Reboot.o:RebootTask     actrec   0x000c00       data   0x00000e
Helpers.o:GenerateRandomDWORD     actrec   0x000c00       data   0x000014
          NBNS.o:NBNSTask     actrec   0x000c00       data   0x000021
  MPFS2.o:MPFSGetFilename     actrec   0x000c00       data   0x000004
       ETH97J60.o:MACInit     actrec   0x000c01       data   0x000001
          Helpers.o:uitoa     actrec   0x000c07       data   0x000006
Helpers.o:StringToIPAddress     actrec   0x000c0a       data   0x000007
    ETH97J60.o:ReadPHYReg     actrec   0x000c0d       data   0x000002
  LCDBlocking.o:LCDUpdate     actrec   0x000c0e       data   0x000004
            TCP.o:TCPInit     actrec   0x000c14       data   0x00000b
ETH97J60.o:MACCalcRxChecksum     actrec   0x000c16       data   0x000004
      TCP.o:TCPRAMCopyROM     actrec   0x000c18       data   0x000012
            TCP.o:TCPOpen     actrec   0x000c18       data   0x000001
        TCP.o:TCPGetArray     actrec   0x000c18       data   0x000004
 UDP.o:FindMatchingSocket     actrec   0x000c19       data   0x000004
       NBNS.o:NBNSGetName     actrec   0x000c21       data   0x000003
       NBNS.o:NBNSPutName     actrec   0x000c21       data   0x000002
 TCP.o:FindMatchingSocket     actrec   0x000c25       data   0x000006
       TCP.o:HandleTCPSeg     actrec   0x000c25       data   0x00001a
     TCP.o:TCPPutROMArray     actrec   0x000c2a       data   0x000006
       HTTP2.o:HTTPReadTo     actrec   0x000c30       data   0x000003
HTTP2.o:HTTPHeaderParseContentLength     actrec   0x000c31       data   0x00000c
HTTP2.o:HTTPHeaderParseAuthorization     actrec   0x000c31       data   0x00002c
Helpers.o:ROMStringToIPAddress     actrec   0x000c32       data   0x000007
       DNS.o:DNSPutString     actrec   0x000c32       data   0x000004
     Tick.o:TickGetDiv64K     actrec   0x000c32       data   0x000004
         ARP.o:ARPResolve     actrec   0x000c32       data   0x00001c
    DNS.o:DNSPutROMString     actrec   0x000c32       data   0x000005
        UDP.o:UDPGetArray     actrec   0x000c32       data   0x000002
            UDP.o:UDPOpen     actrec   0x000c32       data   0x000003
           UDP.o:UDPFlush     actrec   0x000c32       data   0x00001c
  ETH97J60.o:MACDiscardRx     actrec   0x000c32       data   0x000002
HTTP2.o:HTTPReadPostValue     actrec   0x000c33       data   0x000001
 HTTP2.o:HTTPReadPostName     actrec   0x000c33       data   0x000001
       DNS.o:DNSGetString     actrec   0x000c34       data   0x000001
        UDP.o:UDPPutArray     actrec   0x000c36       data   0x000002
     UDP.o:UDPPutROMArray     actrec   0x000c37       data   0x000002
ETH97J60.o:MACSetReadPtrInRx     actrec   0x000c3f       data   0x000002
       MPFS2.o:MPFSOpenID     actrec   0x000c45       data   0x000001
      TCP.o:TCPIsPutReady     actrec   0x000c45       data   0x000001
      MPFS2.o:MPFSOpenROM     actrec   0x000c45       data   0x000019
            TCP.o:SendTCP     actrec   0x000c45       data   0x00002a
         MPFS2.o:MPFSSeek     actrec   0x000c45       data   0x000004
      DNS.o:DNSIsResolved     actrec   0x000c4e       data   0x00001b
     Tick.o:TickGetDiv256     actrec   0x000c5d       data   0x000004
     MPFS2.o:MPFSGetArray     actrec   0x000c5e       data   0x000004
          MPFS2.o:MPFSGet     actrec   0x000c5e       data   0x000004
      ETH97J60.o:MACFlush     actrec   0x000c6f       data   0x000001
         IP.o:IPPutHeader     actrec   0x000c6f       data   0x000014
ETH97J60.o:MACMemCopyAsync     actrec   0x000c6f       data   0x000006
ETH97J60.o:CalcIPBufferChecksum     actrec   0x000c6f       data   0x00001e
 ETH97J60.o:MACSetReadPtr     actrec   0x000c6f       data   0x000002
ETH97J60.o:MACSetWritePtr     actrec   0x000c6f       data   0x000002
ETH97J60.o:MACGetFreeRxSize     actrec   0x000c6f       data   0x000004
 Helpers.o:CalcIPChecksum     actrec   0x000c83       data   0x000008
          Helpers.o:swaps     actrec   0x000c83       data   0x000003
     StackTsk.o:StackTask     actrec   0x000c8d       data   0x000008
      HTTP2.o:HTTPProcess     actrec   0x000c8d       data   0x000019
        TCP.o:TCPPutArray     actrec   0x000ca6       data   0x000006
   ETH97J60.o:MACGetArray     actrec   0x000cac       data   0x000003
          MainDemo.o:main     actrec   0x000caf       data   0x000002
       HTTP2.o:HTTPServer     actrec   0x000cb1       data   0x000001
                   .stack      udata   0x000d00       data   0x000100
           .udata_HTTP2.o      udata   0x000e00       data   0x000021
.udata_TCPPerformanceTest.o      udata   0x000e21       data   0x000020
             .udata_ARP.o      udata   0x000e41       data   0x00001e
            .udata_Tick.o      udata   0x000e5f       data   0x00000a
  .idata_UART2TCPBridge.o      idata   0x000e69       data   0x00000a
            .idata_SNTP.o      idata   0x000e73       data   0x000009
.idata_UDPPerformanceTest.o      idata   0x000e7c       data   0x000004
              SFR_BANKED0      udata   0x000e80       data   0x000006
              SFR_BANKED1      udata   0x000e8a       data   0x000001
              SFR_BANKED2      udata   0x000e97       data   0x000003
              SFR_BANKED3      udata   0x000ea0       data   0x000001
              SFR_BANKED4      udata   0x000ea2       data   0x000003
              SFR_BANKED5      udata   0x000ea6       data   0x000002
              SFR_BANKED6      udata   0x000eaa       data   0x000002
              SFR_BANKED7      udata   0x000eb2       data   0x000001
              SFR_BANKED8      udata   0x000eb4       data   0x000001
              SFR_BANKED9      udata   0x000eb6       data   0x000004
             SFR_BANKED10      udata   0x000ec0       data   0x000012
             SFR_BANKED11      udata   0x000ed4       data   0x000002
             SFR_BANKED12      udata   0x000ed8       data   0x000002
             SFR_BANKED13      udata   0x000ee2       data   0x000016
             SFR_BANKED14      udata   0x000efb       data   0x000001
             SFR_BANKED15      udata   0x000efd       data   0x000002
             .udata_DNS.o      udata   0x000f00       data   0x000028
     .udata_LCDBlocking.o      udata   0x000f28       data   0x000023
        .udata_StackTsk.o      udata   0x000f4b       data   0x00000b
           .udata_c018i.o      udata   0x000f56       data   0x00000a
            SFR_UNBANKED0      udata   0x000f60       data   0x0000a0



                              Program Memory Usage 
                               Start         End      
                           ---------   ---------      
                            0x000000    0x00f3a0      
                            0x00fff8    0x00fff8      
                            0x00fffa    0x00fffa      
                            0x00fffd    0x00fffd      
            62372 out of 65536 program addresses used, program memory utilization is 95%



                              Symbols - Sorted by Name
                     Name    Address   Location    Storage File                     
                ---------  ---------  ---------  --------- ---------                
                  ARPInit   0x00d8d2    program     extern E:\Mywork\Microchip\PIC18F66J60\PIC18F66J60-DK-C\Code\Microchip Solutions Web\Microchip\TCPIP Stack\ARP.c
            ARPIsResolved   0x00dabe    program     extern E:\Mywork\Microchip\PIC18F66J60\PIC18F66J60-DK-C\Code\Microchip Solutions Web\Microchip\TCPIP Stack\ARP.c
               ARPProcess   0x00d8ea    program     extern E:\Mywork\Microchip\PIC18F66J60\PIC18F66J60-DK-C\Code\Microchip Solutions Web\Microchip\TCPIP Stack\ARP.c
                   ARPPut   0x00d7c2    program     static E:\Mywork\Microchip\PIC18F66J60\PIC18F66J60-DK-C\Code\Microchip Solutions Web\Microchip\TCPIP Stack\ARP.c
               ARPResolve   0x00da36    program     extern E:\Mywork\Microchip\PIC18F66J60\PIC18F66J60-DK-C\Code\Microchip Solutions Web\Microchip\TCPIP Stack\ARP.c
             Base64Decode   0x009c08    program     extern E:\Mywork\Microchip\PIC18F66J60\PIC18F66J60-DK-C\Code\Microchip Solutions Web\Microchip\TCPIP Stack\Helpers.c
                BusyUSART   0x00ebec    program     extern E:\Mywork\Microchip\PIC18F66J60\PIC18F66J60-DK-C\Code\Microchip Solutions Web\Microchip\TCPIP Stack\UART.c
     CalcIPBufferChecksum   0x00c51a    program     extern E:\Mywork\Microchip\PIC18F66J60\PIC18F66J60-DK-C\Code\Microchip Solutions Web\Microchip\TCPIP Stack\ETH97J60.c
           CalcIPChecksum   0x009fe4    program     extern E:\Mywork\Microchip\PIC18F66J60\PIC18F66J60-DK-C\Code\Microchip Solutions Web\Microchip\TCPIP Stack\Helpers.c
              CloseSocket   0x002e52    program     static E:\Mywork\Microchip\PIC18F66J60\PIC18F66J60-DK-C\Code\Microchip Solutions Web\Microchip\TCPIP Stack\TCP.c
               CloseUSART   0x00ebfa    program     extern E:\Mywork\Microchip\PIC18F66J60\PIC18F66J60-DK-C\Code\Microchip Solutions Web\Microchip\TCPIP Stack\UART.c
                    D10_1   0x00f300    program     static C:\MCC18\src\traditional\delays\d10tcyx.asm
                     D10x   0x00f2f8    program     static C:\MCC18\src\traditional\delays\d10tcyx.asm
                    D1K_1   0x00f2c0    program     static C:\MCC18\src\traditional\delays\d1ktcyx.asm
                     D1Kx   0x00f2be    program     static C:\MCC18\src\traditional\delays\d1ktcyx.asm
            DNSBeginUsage   0x00a188    program     extern E:\Mywork\Microchip\PIC18F66J60\PIC18F66J60-DK-C\Code\Microchip Solutions Web\Microchip\TCPIP Stack\DNS.c
              DNSEndUsage   0x00a19a    program     extern E:\Mywork\Microchip\PIC18F66J60\PIC18F66J60-DK-C\Code\Microchip Solutions Web\Microchip\TCPIP Stack\DNS.c
             DNSGetString   0x00aba0    program     static E:\Mywork\Microchip\PIC18F66J60\PIC18F66J60-DK-C\Code\Microchip Solutions Web\Microchip\TCPIP Stack\DNS.c
            DNSIsResolved   0x00a246    program     extern E:\Mywork\Microchip\PIC18F66J60\PIC18F66J60-DK-C\Code\Microchip Solutions Web\Microchip\TCPIP Stack\DNS.c
          DNSPutROMString   0x00aad0    program     static E:\Mywork\Microchip\PIC18F66J60\PIC18F66J60-DK-C\Code\Microchip Solutions Web\Microchip\TCPIP Stack\DNS.c
             DNSPutString   0x00aa20    program     static E:\Mywork\Microchip\PIC18F66J60\PIC18F66J60-DK-C\Code\Microchip Solutions Web\Microchip\TCPIP Stack\DNS.c
               DNSResolve   0x00a1c0    program     extern E:\Mywork\Microchip\PIC18F66J60\PIC18F66J60-DK-C\Code\Microchip Solutions Web\Microchip\TCPIP Stack\DNS.c
            DNSResolveROM   0x00a200    program     extern E:\Mywork\Microchip\PIC18F66J60\PIC18F66J60-DK-C\Code\Microchip Solutions Web\Microchip\TCPIP Stack\DNS.c
             DataRdyUSART   0x00ec06    program     extern E:\Mywork\Microchip\PIC18F66J60\PIC18F66J60-DK-C\Code\Microchip Solutions Web\Microchip\TCPIP Stack\UART.c
              Delay10TCYx   0x00f2f0    program     extern C:\MCC18\src\traditional\delays\d10tcyx.asm
              Delay1KTCYx   0x00f2b4    program     extern C:\MCC18\src\traditional\delays\d1ktcyx.asm
           DisplayIPValue   0x008c82    program     extern E:\Mywork\Microchip\PIC18F66J60\PIC18F66J60-DK-C\Code\Microchip Solutions Web\TCPIP WebVend App\MainDemo.c
                 FXD1616U   0x00f238    program     extern C:\MCC18\src\traditional\math\fxd1616u.c
                 FXD3232U   0x00f1f0    program     extern C:\MCC18\src\traditional\math\fxd3232u.c
                 FXM1616U   0x00ef98    program     extern C:\MCC18\src\traditional\math\fxm1616u.asm
                 FXM2424U   0x00efd4    program     extern C:\MCC18\src\traditional\math\fxm2424u.asm
                  FXM3232   0x00f180    program     extern C:\MCC18\src\traditional\math\fxm3232.c
       FindMatchingSocket   0x00b46c    program     static E:\Mywork\Microchip\PIC18F66J60\PIC18F66J60-DK-C\Code\Microchip Solutions Web\Microchip\TCPIP Stack\UDP.c
       FindMatchingSocket   0x002748    program     static E:\Mywork\Microchip\PIC18F66J60\PIC18F66J60-DK-C\Code\Microchip Solutions Web\Microchip\TCPIP Stack\TCP.c
        FormatNetBIOSName   0x00a124    program     extern E:\Mywork\Microchip\PIC18F66J60\PIC18F66J60-DK-C\Code\Microchip Solutions Web\Microchip\TCPIP Stack\Helpers.c
      GenerateRandomDWORD   0x00965a    program     extern E:\Mywork\Microchip\PIC18F66J60\PIC18F66J60-DK-C\Code\Microchip Solutions Web\Microchip\TCPIP Stack\Helpers.c
              GetTickCopy   0x00eece    program     static E:\Mywork\Microchip\PIC18F66J60\PIC18F66J60-DK-C\Code\Microchip Solutions Web\Microchip\TCPIP Stack\Tick.c
            HTTPCheckAuth   0x00f10a    program     extern E:\Mywork\Microchip\PIC18F66J60\PIC18F66J60-DK-C\Code\Microchip Solutions Web\TCPIP WebVend App\CustomHTTPApp.c
           HTTPExecuteGet   0x00f110    program     extern E:\Mywork\Microchip\PIC18F66J60\PIC18F66J60-DK-C\Code\Microchip Solutions Web\TCPIP WebVend App\CustomHTTPApp.c
          HTTPExecutePost   0x00f116    program     extern E:\Mywork\Microchip\PIC18F66J60\PIC18F66J60-DK-C\Code\Microchip Solutions Web\TCPIP WebVend App\CustomHTTPApp.c
               HTTPGetArg   0x005e74    program     extern E:\Mywork\Microchip\PIC18F66J60\PIC18F66J60-DK-C\Code\Microchip Solutions Web\Microchip\TCPIP Stack\HTTP2.c
            HTTPGetROMArg   0x005f2e    program     extern E:\Mywork\Microchip\PIC18F66J60\PIC18F66J60-DK-C\Code\Microchip Solutions Web\Microchip\TCPIP Stack\HTTP2.c
HTTPHeaderParseAuthorization   0x005b10    program     static E:\Mywork\Microchip\PIC18F66J60\PIC18F66J60-DK-C\Code\Microchip Solutions Web\Microchip\TCPIP Stack\HTTP2.c
HTTPHeaderParseContentLength   0x005c9a    program     static E:\Mywork\Microchip\PIC18F66J60\PIC18F66J60-DK-C\Code\Microchip Solutions Web\Microchip\TCPIP Stack\HTTP2.c
    HTTPHeaderParseLookup   0x005afa    program     static E:\Mywork\Microchip\PIC18F66J60\PIC18F66J60-DK-C\Code\Microchip Solutions Web\Microchip\TCPIP Stack\HTTP2.c
              HTTPIncFile   0x00640a    program     extern E:\Mywork\Microchip\PIC18F66J60\PIC18F66J60-DK-C\Code\Microchip Solutions Web\Microchip\TCPIP Stack\HTTP2.c
                 HTTPInit   0x0042bc    program     extern E:\Mywork\Microchip\PIC18F66J60\PIC18F66J60-DK-C\Code\Microchip Solutions Web\Microchip\TCPIP Stack\HTTP2.c
             HTTPLoadConn   0x004494    program     static E:\Mywork\Microchip\PIC18F66J60\PIC18F66J60-DK-C\Code\Microchip Solutions Web\Microchip\TCPIP Stack\HTTP2.c
            HTTPNeedsAuth   0x00f104    program     extern E:\Mywork\Microchip\PIC18F66J60\PIC18F66J60-DK-C\Code\Microchip Solutions Web\TCPIP WebVend App\CustomHTTPApp.c
                HTTPPrint   0x0041da    program     extern E:\Mywork\Microchip\PIC18F66J60\PIC18F66J60-DK-C\Code\Microchip Solutions Web\TCPIP WebVend App\HTTPPrint.h
               HTTPPrint_   0x004292    program     extern E:\Mywork\Microchip\PIC18F66J60\PIC18F66J60-DK-C\Code\Microchip Solutions Web\TCPIP WebVend App\HTTPPrint.h
      HTTPPrint_builddate   0x00f14e    program     extern E:\Mywork\Microchip\PIC18F66J60\PIC18F66J60-DK-C\Code\Microchip Solutions Web\TCPIP WebVend App\CustomHTTPApp.c
        HTTPPrint_version   0x00f11c    program     extern E:\Mywork\Microchip\PIC18F66J60\PIC18F66J60-DK-C\Code\Microchip Solutions Web\TCPIP WebVend App\CustomHTTPApp.c
              HTTPProcess   0x004552    program     static E:\Mywork\Microchip\PIC18F66J60\PIC18F66J60-DK-C\Code\Microchip Solutions Web\Microchip\TCPIP Stack\HTTP2.c
         HTTPReadPostName   0x006024    program     extern E:\Mywork\Microchip\PIC18F66J60\PIC18F66J60-DK-C\Code\Microchip Solutions Web\Microchip\TCPIP Stack\HTTP2.c
        HTTPReadPostValue   0x006066    program     extern E:\Mywork\Microchip\PIC18F66J60\PIC18F66J60-DK-C\Code\Microchip Solutions Web\Microchip\TCPIP Stack\HTTP2.c
               HTTPReadTo   0x006110    program     static E:\Mywork\Microchip\PIC18F66J60\PIC18F66J60-DK-C\Code\Microchip Solutions Web\Microchip\TCPIP Stack\HTTP2.c
             HTTPSendFile   0x0058e8    program     static E:\Mywork\Microchip\PIC18F66J60\PIC18F66J60-DK-C\Code\Microchip Solutions Web\Microchip\TCPIP Stack\HTTP2.c
               HTTPServer   0x00437c    program     extern E:\Mywork\Microchip\PIC18F66J60\PIC18F66J60-DK-C\Code\Microchip Solutions Web\Microchip\TCPIP Stack\HTTP2.c
            HTTPURLDecode   0x005d56    program     extern E:\Mywork\Microchip\PIC18F66J60\PIC18F66J60-DK-C\Code\Microchip Solutions Web\Microchip\TCPIP Stack\HTTP2.c
                HTTP_CRLF   0x000014    program     static E:\Mywork\Microchip\PIC18F66J60\PIC18F66J60-DK-C\Code\Microchip Solutions Web\Microchip\TCPIP Stack\HTTP2.c
             HandleTCPSeg   0x002edc    program     static E:\Mywork\Microchip\PIC18F66J60\PIC18F66J60-DK-C\Code\Microchip Solutions Web\Microchip\TCPIP Stack\TCP.c
                  HighISR   0x008a68    program     extern E:\Mywork\Microchip\PIC18F66J60\PIC18F66J60-DK-C\Code\Microchip Solutions Web\TCPIP WebVend App\MainDemo.c
               HighVector   0x000008    program     extern E:\Mywork\Microchip\PIC18F66J60\PIC18F66J60-DK-C\Code\Microchip Solutions Web\TCPIP WebVend App\MainDemo.c
              IPGetHeader   0x00e7b8    program     extern E:\Mywork\Microchip\PIC18F66J60\PIC18F66J60-DK-C\Code\Microchip Solutions Web\Microchip\TCPIP Stack\IP.c
              IPPutHeader   0x00e8ac    program     extern E:\Mywork\Microchip\PIC18F66J60\PIC18F66J60-DK-C\Code\Microchip Solutions Web\Microchip\TCPIP Stack\IP.c
            IPSetRxBuffer   0x00e994    program     extern E:\Mywork\Microchip\PIC18F66J60\PIC18F66J60-DK-C\Code\Microchip Solutions Web\Microchip\TCPIP Stack\IP.c
            InitAppConfig   0x00945c    program     static E:\Mywork\Microchip\PIC18F66J60\PIC18F66J60-DK-C\Code\Microchip Solutions Web\TCPIP WebVend App\MainDemo.c
          InitializeBoard   0x009424    program     static E:\Mywork\Microchip\PIC18F66J60\PIC18F66J60-DK-C\Code\Microchip Solutions Web\TCPIP WebVend App\MainDemo.c
                 LCDErase   0x00e494    program     extern E:\Mywork\Microchip\PIC18F66J60\PIC18F66J60-DK-C\Code\Microchip Solutions Web\Microchip\TCPIP Stack\LCDBlocking.c
                  LCDInit   0x00e260    program     extern E:\Mywork\Microchip\PIC18F66J60\PIC18F66J60-DK-C\Code\Microchip Solutions Web\Microchip\TCPIP Stack\LCDBlocking.c
                LCDUpdate   0x00e386    program     extern E:\Mywork\Microchip\PIC18F66J60\PIC18F66J60-DK-C\Code\Microchip Solutions Web\Microchip\TCPIP Stack\LCDBlocking.c
                 LCDWrite   0x00e20a    program     static E:\Mywork\Microchip\PIC18F66J60\PIC18F66J60-DK-C\Code\Microchip Solutions Web\Microchip\TCPIP Stack\LCDBlocking.c
                   LowISR   0x0089ae    program     extern E:\Mywork\Microchip\PIC18F66J60\PIC18F66J60-DK-C\Code\Microchip Solutions Web\TCPIP WebVend App\MainDemo.c
                LowVector   0x000018    program     extern E:\Mywork\Microchip\PIC18F66J60\PIC18F66J60-DK-C\Code\Microchip Solutions Web\TCPIP WebVend App\MainDemo.c
        MACCalcRxChecksum   0x00c49c    program     extern E:\Mywork\Microchip\PIC18F66J60\PIC18F66J60-DK-C\Code\Microchip Solutions Web\Microchip\TCPIP Stack\ETH97J60.c
             MACDiscardRx   0x00c168    program     extern E:\Mywork\Microchip\PIC18F66J60\PIC18F66J60-DK-C\Code\Microchip Solutions Web\Microchip\TCPIP Stack\ETH97J60.c
                 MACFlush   0x00c3ec    program     extern E:\Mywork\Microchip\PIC18F66J60\PIC18F66J60-DK-C\Code\Microchip Solutions Web\Microchip\TCPIP Stack\ETH97J60.c
                   MACGet   0x00c7e0    program     extern E:\Mywork\Microchip\PIC18F66J60\PIC18F66J60-DK-C\Code\Microchip Solutions Web\Microchip\TCPIP Stack\ETH97J60.c
              MACGetArray   0x00c7e6    program     extern E:\Mywork\Microchip\PIC18F66J60\PIC18F66J60-DK-C\Code\Microchip Solutions Web\Microchip\TCPIP Stack\ETH97J60.c
         MACGetFreeRxSize   0x00c1d8    program     extern E:\Mywork\Microchip\PIC18F66J60\PIC18F66J60-DK-C\Code\Microchip Solutions Web\Microchip\TCPIP Stack\ETH97J60.c
             MACGetHeader   0x00c278    program     extern E:\Mywork\Microchip\PIC18F66J60\PIC18F66J60-DK-C\Code\Microchip Solutions Web\Microchip\TCPIP Stack\ETH97J60.c
                  MACInit   0x00c024    program     extern E:\Mywork\Microchip\PIC18F66J60\PIC18F66J60-DK-C\Code\Microchip Solutions Web\Microchip\TCPIP Stack\ETH97J60.c
              MACIsLinked   0x00c110    program     extern E:\Mywork\Microchip\PIC18F66J60\PIC18F66J60-DK-C\Code\Microchip Solutions Web\Microchip\TCPIP Stack\ETH97J60.c
         MACIsMemCopyDone   0x00c7d2    program     extern E:\Mywork\Microchip\PIC18F66J60\PIC18F66J60-DK-C\Code\Microchip Solutions Web\Microchip\TCPIP Stack\ETH97J60.c
             MACIsTxReady   0x00c12e    program     extern E:\Mywork\Microchip\PIC18F66J60\PIC18F66J60-DK-C\Code\Microchip Solutions Web\Microchip\TCPIP Stack\ETH97J60.c
          MACMemCopyAsync   0x00c632    program     extern E:\Mywork\Microchip\PIC18F66J60\PIC18F66J60-DK-C\Code\Microchip Solutions Web\Microchip\TCPIP Stack\ETH97J60.c
             MACPowerDown   0x00c924    program     extern E:\Mywork\Microchip\PIC18F66J60\PIC18F66J60-DK-C\Code\Microchip Solutions Web\Microchip\TCPIP Stack\ETH97J60.c
               MACPowerUp   0x00c936    program     extern E:\Mywork\Microchip\PIC18F66J60\PIC18F66J60-DK-C\Code\Microchip Solutions Web\Microchip\TCPIP Stack\ETH97J60.c
                   MACPut   0x00c84c    program     extern E:\Mywork\Microchip\PIC18F66J60\PIC18F66J60-DK-C\Code\Microchip Solutions Web\Microchip\TCPIP Stack\ETH97J60.c
              MACPutArray   0x00c856    program     extern E:\Mywork\Microchip\PIC18F66J60\PIC18F66J60-DK-C\Code\Microchip Solutions Web\Microchip\TCPIP Stack\ETH97J60.c
             MACPutHeader   0x00c38e    program     extern E:\Mywork\Microchip\PIC18F66J60\PIC18F66J60-DK-C\Code\Microchip Solutions Web\Microchip\TCPIP Stack\ETH97J60.c
           MACPutROMArray   0x00c888    program     extern E:\Mywork\Microchip\PIC18F66J60\PIC18F66J60-DK-C\Code\Microchip Solutions Web\Microchip\TCPIP Stack\ETH97J60.c
            MACSetReadPtr   0x00c480    program     extern E:\Mywork\Microchip\PIC18F66J60\PIC18F66J60-DK-C\Code\Microchip Solutions Web\Microchip\TCPIP Stack\ETH97J60.c
        MACSetReadPtrInRx   0x00c412    program     extern E:\Mywork\Microchip\PIC18F66J60\PIC18F66J60-DK-C\Code\Microchip Solutions Web\Microchip\TCPIP Stack\ETH97J60.c
           MACSetWritePtr   0x00c464    program     extern E:\Mywork\Microchip\PIC18F66J60\PIC18F66J60-DK-C\Code\Microchip Solutions Web\Microchip\TCPIP Stack\ETH97J60.c
                MPFSClose   0x006bde    program     extern E:\Mywork\Microchip\PIC18F66J60\PIC18F66J60-DK-C\Code\Microchip Solutions Web\Microchip\TCPIP Stack\MPFS2.c
                  MPFSGet   0x006c20    program     extern E:\Mywork\Microchip\PIC18F66J60\PIC18F66J60-DK-C\Code\Microchip Solutions Web\Microchip\TCPIP Stack\MPFS2.c
             MPFSGetArray   0x006d9a    program     extern E:\Mywork\Microchip\PIC18F66J60\PIC18F66J60-DK-C\Code\Microchip Solutions Web\Microchip\TCPIP Stack\MPFS2.c
          MPFSGetBytesRem   0x0075e2    program     extern E:\Mywork\Microchip\PIC18F66J60\PIC18F66J60-DK-C\Code\Microchip Solutions Web\Microchip\TCPIP Stack\MPFS2.c
           MPFSGetEndAddr   0x00771c    program     extern E:\Mywork\Microchip\PIC18F66J60\PIC18F66J60-DK-C\Code\Microchip Solutions Web\Microchip\TCPIP Stack\MPFS2.c
          MPFSGetFilename   0x0077d8    program     extern E:\Mywork\Microchip\PIC18F66J60\PIC18F66J60-DK-C\Code\Microchip Solutions Web\Microchip\TCPIP Stack\MPFS2.c
             MPFSGetFlags   0x0074be    program     extern E:\Mywork\Microchip\PIC18F66J60\PIC18F66J60-DK-C\Code\Microchip Solutions Web\Microchip\TCPIP Stack\MPFS2.c
                MPFSGetID   0x00791a    program     extern E:\Mywork\Microchip\PIC18F66J60\PIC18F66J60-DK-C\Code\Microchip Solutions Web\Microchip\TCPIP Stack\MPFS2.c
              MPFSGetLong   0x006fac    program     extern E:\Mywork\Microchip\PIC18F66J60\PIC18F66J60-DK-C\Code\Microchip Solutions Web\Microchip\TCPIP Stack\MPFS2.c
         MPFSGetMicrotime   0x007424    program     extern E:\Mywork\Microchip\PIC18F66J60\PIC18F66J60-DK-C\Code\Microchip Solutions Web\Microchip\TCPIP Stack\MPFS2.c
          MPFSGetPosition   0x00789a    program     extern E:\Mywork\Microchip\PIC18F66J60\PIC18F66J60-DK-C\Code\Microchip Solutions Web\Microchip\TCPIP Stack\MPFS2.c
              MPFSGetSize   0x007548    program     extern E:\Mywork\Microchip\PIC18F66J60\PIC18F66J60-DK-C\Code\Microchip Solutions Web\Microchip\TCPIP Stack\MPFS2.c
         MPFSGetStartAddr   0x007682    program     extern E:\Mywork\Microchip\PIC18F66J60\PIC18F66J60-DK-C\Code\Microchip Solutions Web\Microchip\TCPIP Stack\MPFS2.c
         MPFSGetTimestamp   0x00738a    program     extern E:\Mywork\Microchip\PIC18F66J60\PIC18F66J60-DK-C\Code\Microchip Solutions Web\Microchip\TCPIP Stack\MPFS2.c
                 MPFSInit   0x00655c    program     extern E:\Mywork\Microchip\PIC18F66J60\PIC18F66J60-DK-C\Code\Microchip Solutions Web\Microchip\TCPIP Stack\MPFS2.c
                 MPFSOpen   0x0065aa    program     extern E:\Mywork\Microchip\PIC18F66J60\PIC18F66J60-DK-C\Code\Microchip Solutions Web\Microchip\TCPIP Stack\MPFS2.c
               MPFSOpenID   0x006ace    program     extern E:\Mywork\Microchip\PIC18F66J60\PIC18F66J60-DK-C\Code\Microchip Solutions Web\Microchip\TCPIP Stack\MPFS2.c
              MPFSOpenROM   0x006826    program     extern E:\Mywork\Microchip\PIC18F66J60\PIC18F66J60-DK-C\Code\Microchip Solutions Web\Microchip\TCPIP Stack\MPFS2.c
                 MPFSSeek   0x006fde    program     extern E:\Mywork\Microchip\PIC18F66J60\PIC18F66J60-DK-C\Code\Microchip Solutions Web\Microchip\TCPIP Stack\MPFS2.c
              MPFS_000001   0x007dce    program     extern E:\Mywork\Microchip\PIC18F66J60\PIC18F66J60-DK-C\Code\Microchip Solutions Web\TCPIP WebVend App\MPFSImg2.c
              MPFS_000002   0x0081ce    program     extern E:\Mywork\Microchip\PIC18F66J60\PIC18F66J60-DK-C\Code\Microchip Solutions Web\TCPIP WebVend App\MPFSImg2.c
              MPFS_000003   0x0085ce    program     extern E:\Mywork\Microchip\PIC18F66J60\PIC18F66J60-DK-C\Code\Microchip Solutions Web\TCPIP WebVend App\MPFSImg2.c
               MPFS_Start   0x0079ce    program     extern E:\Mywork\Microchip\PIC18F66J60\PIC18F66J60-DK-C\Code\Microchip Solutions Web\TCPIP WebVend App\MPFSImg2.c
              NBNSGetName   0x00d714    program     static E:\Mywork\Microchip\PIC18F66J60\PIC18F66J60-DK-C\Code\Microchip Solutions Web\Microchip\TCPIP Stack\NBNS.c
              NBNSPutName   0x00d6be    program     static E:\Mywork\Microchip\PIC18F66J60\PIC18F66J60-DK-C\Code\Microchip Solutions Web\Microchip\TCPIP Stack\NBNS.c
                 NBNSTask   0x00d34c    program     extern E:\Mywork\Microchip\PIC18F66J60\PIC18F66J60-DK-C\Code\Microchip Solutions Web\Microchip\TCPIP Stack\NBNS.c
                  OneByte   0x00df02    program     static C:\MCC18\src\traditional\stdclib\ltobcd.asm
                ProcLower   0x00de9a    program     static C:\MCC18\src\traditional\stdclib\ultoa.asm
                ProcUpper   0x00de90    program     static C:\MCC18\src\traditional\stdclib\ultoa.asm
                ProcessIO   0x008d72    program     static E:\Mywork\Microchip\PIC18F66J60\PIC18F66J60-DK-C\Code\Microchip Solutions Web\TCPIP WebVend App\MainDemo.c
     ROMStringToIPAddress   0x009a50    program     extern E:\Mywork\Microchip\PIC18F66J60\PIC18F66J60-DK-C\Code\Microchip Solutions Web\Microchip\TCPIP Stack\Helpers.c
               ReadPHYReg   0x00c8c4    program     extern E:\Mywork\Microchip\PIC18F66J60\PIC18F66J60-DK-C\Code\Microchip Solutions Web\Microchip\TCPIP Stack\ETH97J60.c
           ReadStringUART   0x00eb98    program     extern E:\Mywork\Microchip\PIC18F66J60\PIC18F66J60-DK-C\Code\Microchip Solutions Web\Microchip\TCPIP Stack\UART.c
                ReadUSART   0x00ec1a    program     extern E:\Mywork\Microchip\PIC18F66J60\PIC18F66J60-DK-C\Code\Microchip Solutions Web\Microchip\TCPIP Stack\UART.c
               RebootTask   0x00ea56    program     extern E:\Mywork\Microchip\PIC18F66J60\PIC18F66J60-DK-C\Code\Microchip Solutions Web\Microchip\TCPIP Stack\Reboot.c
               SNTPClient   0x00ce92    program     extern E:\Mywork\Microchip\PIC18F66J60\PIC18F66J60-DK-C\Code\Microchip Solutions Web\Microchip\TCPIP Stack\SNTP.c
        SNTPGetUTCSeconds   0x00d2a2    program     extern E:\Mywork\Microchip\PIC18F66J60\PIC18F66J60-DK-C\Code\Microchip Solutions Web\Microchip\TCPIP Stack\SNTP.c
                  SendTCP   0x0020ee    program     static E:\Mywork\Microchip\PIC18F66J60\PIC18F66J60-DK-C\Code\Microchip Solutions Web\Microchip\TCPIP Stack\TCP.c
     SerializedMACAddress   0x00000e    program     static E:\Mywork\Microchip\PIC18F66J60\PIC18F66J60-DK-C\Code\Microchip Solutions Web\TCPIP WebVend App\MainDemo.c
        StackApplications   0x00edc2    program     extern E:\Mywork\Microchip\PIC18F66J60\PIC18F66J60-DK-C\Code\Microchip Solutions Web\Microchip\TCPIP Stack\StackTsk.c
                StackInit   0x00ecc4    program     extern E:\Mywork\Microchip\PIC18F66J60\PIC18F66J60-DK-C\Code\Microchip Solutions Web\Microchip\TCPIP Stack\StackTsk.c
                StackTask   0x00ecf8    program     extern E:\Mywork\Microchip\PIC18F66J60\PIC18F66J60-DK-C\Code\Microchip Solutions Web\Microchip\TCPIP Stack\StackTsk.c
        StringToIPAddress   0x0098a0    program     extern E:\Mywork\Microchip\PIC18F66J60\PIC18F66J60-DK-C\Code\Microchip Solutions Web\Microchip\TCPIP Stack\Helpers.c
            SwapARPPacket   0x00db6a    program     static E:\Mywork\Microchip\PIC18F66J60\PIC18F66J60-DK-C\Code\Microchip Solutions Web\Microchip\TCPIP Stack\ARP.c
             SwapIPHeader   0x00e9ac    program     static E:\Mywork\Microchip\PIC18F66J60\PIC18F66J60-DK-C\Code\Microchip Solutions Web\Microchip\TCPIP Stack\IP.c
            SwapTCPHeader   0x002c9c    program     static E:\Mywork\Microchip\PIC18F66J60\PIC18F66J60-DK-C\Code\Microchip Solutions Web\Microchip\TCPIP Stack\TCP.c
                  SyncTCB   0x000162    program     static E:\Mywork\Microchip\PIC18F66J60\PIC18F66J60-DK-C\Code\Microchip Solutions Web\Microchip\TCPIP Stack\TCP.c
              SyncTCBStub   0x0000d4    program     static E:\Mywork\Microchip\PIC18F66J60\PIC18F66J60-DK-C\Code\Microchip Solutions Web\Microchip\TCPIP Stack\TCP.c
        TCPAdjustFIFOSize   0x003de6    program     extern E:\Mywork\Microchip\PIC18F66J60\PIC18F66J60-DK-C\Code\Microchip Solutions Web\Microchip\TCPIP Stack\TCP.c
               TCPDiscard   0x000d12    program     extern E:\Mywork\Microchip\PIC18F66J60\PIC18F66J60-DK-C\Code\Microchip Solutions Web\Microchip\TCPIP Stack\TCP.c
            TCPDisconnect   0x000696    program     extern E:\Mywork\Microchip\PIC18F66J60\PIC18F66J60-DK-C\Code\Microchip Solutions Web\Microchip\TCPIP Stack\TCP.c
           TCPFindArrayEx   0x001002    program     extern E:\Mywork\Microchip\PIC18F66J60\PIC18F66J60-DK-C\Code\Microchip Solutions Web\Microchip\TCPIP Stack\TCP.c
                TCPFindEx   0x00171e    program     extern E:\Mywork\Microchip\PIC18F66J60\PIC18F66J60-DK-C\Code\Microchip Solutions Web\Microchip\TCPIP Stack\TCP.c
        TCPFindROMArrayEx   0x001376    program     extern E:\Mywork\Microchip\PIC18F66J60\PIC18F66J60-DK-C\Code\Microchip Solutions Web\Microchip\TCPIP Stack\TCP.c
                 TCPFlush   0x00077c    program     extern E:\Mywork\Microchip\PIC18F66J60\PIC18F66J60-DK-C\Code\Microchip Solutions Web\Microchip\TCPIP Stack\TCP.c
                   TCPGet   0x000dac    program     extern E:\Mywork\Microchip\PIC18F66J60\PIC18F66J60-DK-C\Code\Microchip Solutions Web\Microchip\TCPIP Stack\TCP.c
              TCPGetArray   0x000e58    program     extern E:\Mywork\Microchip\PIC18F66J60\PIC18F66J60-DK-C\Code\Microchip Solutions Web\Microchip\TCPIP Stack\TCP.c
         TCPGetRemoteInfo   0x000736    program     extern E:\Mywork\Microchip\PIC18F66J60\PIC18F66J60-DK-C\Code\Microchip Solutions Web\Microchip\TCPIP Stack\TCP.c
         TCPGetRxFIFOFree   0x000fbe    program     extern E:\Mywork\Microchip\PIC18F66J60\PIC18F66J60-DK-C\Code\Microchip Solutions Web\Microchip\TCPIP Stack\TCP.c
         TCPGetTxFIFOFull   0x000cc6    program     extern E:\Mywork\Microchip\PIC18F66J60\PIC18F66J60-DK-C\Code\Microchip Solutions Web\Microchip\TCPIP Stack\TCP.c
                  TCPInit   0x00020c    program     extern E:\Mywork\Microchip\PIC18F66J60\PIC18F66J60-DK-C\Code\Microchip Solutions Web\Microchip\TCPIP Stack\TCP.c
           TCPIsConnected   0x00067e    program     extern E:\Mywork\Microchip\PIC18F66J60\PIC18F66J60-DK-C\Code\Microchip Solutions Web\Microchip\TCPIP Stack\TCP.c
            TCPIsGetReady   0x000d48    program     extern E:\Mywork\Microchip\PIC18F66J60\PIC18F66J60-DK-C\Code\Microchip Solutions Web\Microchip\TCPIP Stack\TCP.c
            TCPIsPutReady   0x0007a4    program     extern E:\Mywork\Microchip\PIC18F66J60\PIC18F66J60-DK-C\Code\Microchip Solutions Web\Microchip\TCPIP Stack\TCP.c
                  TCPOpen   0x0004be    program     extern E:\Mywork\Microchip\PIC18F66J60\PIC18F66J60-DK-C\Code\Microchip Solutions Web\Microchip\TCPIP Stack\TCP.c
       TCPPerformanceTask   0x00c944    program     extern E:\Mywork\Microchip\PIC18F66J60\PIC18F66J60-DK-C\Code\Microchip Solutions Web\Microchip\TCPIP Stack\TCPPerformanceTest.c
               TCPProcess   0x001fa8    program     extern E:\Mywork\Microchip\PIC18F66J60\PIC18F66J60-DK-C\Code\Microchip Solutions Web\Microchip\TCPIP Stack\TCP.c
                   TCPPut   0x000822    program     extern E:\Mywork\Microchip\PIC18F66J60\PIC18F66J60-DK-C\Code\Microchip Solutions Web\Microchip\TCPIP Stack\TCP.c
              TCPPutArray   0x00090a    program     extern E:\Mywork\Microchip\PIC18F66J60\PIC18F66J60-DK-C\Code\Microchip Solutions Web\Microchip\TCPIP Stack\TCP.c
           TCPPutROMArray   0x000a96    program     extern E:\Mywork\Microchip\PIC18F66J60\PIC18F66J60-DK-C\Code\Microchip Solutions Web\Microchip\TCPIP Stack\TCP.c
          TCPPutROMString   0x000c68    program     extern E:\Mywork\Microchip\PIC18F66J60\PIC18F66J60-DK-C\Code\Microchip Solutions Web\Microchip\TCPIP Stack\TCP.c
             TCPPutString   0x000c28    program     extern E:\Mywork\Microchip\PIC18F66J60\PIC18F66J60-DK-C\Code\Microchip Solutions Web\Microchip\TCPIP Stack\TCP.c
               TCPRAMCopy   0x00403e    program     static E:\Mywork\Microchip\PIC18F66J60\PIC18F66J60-DK-C\Code\Microchip Solutions Web\Microchip\TCPIP Stack\TCP.c
            TCPRAMCopyROM   0x0040fe    program     static E:\Mywork\Microchip\PIC18F66J60\PIC18F66J60-DK-C\Code\Microchip Solutions Web\Microchip\TCPIP Stack\TCP.c
     TCPRXPerformanceTask   0x00cc58    program     extern E:\Mywork\Microchip\PIC18F66J60\PIC18F66J60-DK-C\Code\Microchip Solutions Web\Microchip\TCPIP Stack\TCPPerformanceTest.c
     TCPSocketInitializer   0x00f290    program     extern E:\Mywork\Microchip\PIC18F66J60\PIC18F66J60-DK-C\Code\Microchip Solutions Web\TCPIP WebVend App\TCPIPConfig.h
     TCPTXPerformanceTask   0x00c94a    program     extern E:\Mywork\Microchip\PIC18F66J60\PIC18F66J60-DK-C\Code\Microchip Solutions Web\Microchip\TCPIP Stack\TCPPerformanceTest.c
                  TCPTick   0x00174e    program     extern E:\Mywork\Microchip\PIC18F66J60\PIC18F66J60-DK-C\Code\Microchip Solutions Web\Microchip\TCPIP Stack\TCP.c
              TCPWasReset   0x000666    program     extern E:\Mywork\Microchip\PIC18F66J60\PIC18F66J60-DK-C\Code\Microchip Solutions Web\Microchip\TCPIP Stack\TCP.c
TickConvertToMilliseconds   0x00ef56    program     extern E:\Mywork\Microchip\PIC18F66J60\PIC18F66J60-DK-C\Code\Microchip Solutions Web\Microchip\TCPIP Stack\Tick.c
                  TickGet   0x00eef4    program     extern E:\Mywork\Microchip\PIC18F66J60\PIC18F66J60-DK-C\Code\Microchip Solutions Web\Microchip\TCPIP Stack\Tick.c
            TickGetDiv256   0x00ef0a    program     extern E:\Mywork\Microchip\PIC18F66J60\PIC18F66J60-DK-C\Code\Microchip Solutions Web\Microchip\TCPIP Stack\Tick.c
            TickGetDiv64K   0x00ef30    program     extern E:\Mywork\Microchip\PIC18F66J60\PIC18F66J60-DK-C\Code\Microchip Solutions Web\Microchip\TCPIP Stack\Tick.c
                 TickInit   0x00eebe    program     extern E:\Mywork\Microchip\PIC18F66J60\PIC18F66J60-DK-C\Code\Microchip Solutions Web\Microchip\TCPIP Stack\Tick.c
               TickUpdate   0x00ef84    program     extern E:\Mywork\Microchip\PIC18F66J60\PIC18F66J60-DK-C\Code\Microchip Solutions Web\Microchip\TCPIP Stack\Tick.c
                 TstLower   0x00de84    program     static C:\MCC18\src\traditional\stdclib\ultoa.asm
                 TstUpper   0x00de7e    program     static C:\MCC18\src\traditional\stdclib\ultoa.asm
        UART2TCPBridgeISR   0x00e16c    program     extern E:\Mywork\Microchip\PIC18F66J60\PIC18F66J60-DK-C\Code\Microchip Solutions Web\Microchip\TCPIP Stack\UART2TCPBridge.c
       UART2TCPBridgeInit   0x00df14    program     extern E:\Mywork\Microchip\PIC18F66J60\PIC18F66J60-DK-C\Code\Microchip Solutions Web\Microchip\TCPIP Stack\UART2TCPBridge.c
       UART2TCPBridgeTask   0x00df2c    program     extern E:\Mywork\Microchip\PIC18F66J60\PIC18F66J60-DK-C\Code\Microchip Solutions Web\Microchip\TCPIP Stack\UART2TCPBridge.c
                 UDPClose   0x00ad3e    program     extern E:\Mywork\Microchip\PIC18F66J60\PIC18F66J60-DK-C\Code\Microchip Solutions Web\Microchip\TCPIP Stack\UDP.c
               UDPDiscard   0x00b2f8    program     extern E:\Mywork\Microchip\PIC18F66J60\PIC18F66J60-DK-C\Code\Microchip Solutions Web\Microchip\TCPIP Stack\UDP.c
                 UDPFlush   0x00b060    program     extern E:\Mywork\Microchip\PIC18F66J60\PIC18F66J60-DK-C\Code\Microchip Solutions Web\Microchip\TCPIP Stack\UDP.c
                   UDPGet   0x00b24a    program     extern E:\Mywork\Microchip\PIC18F66J60\PIC18F66J60-DK-C\Code\Microchip Solutions Web\Microchip\TCPIP Stack\UDP.c
              UDPGetArray   0x00b27e    program     extern E:\Mywork\Microchip\PIC18F66J60\PIC18F66J60-DK-C\Code\Microchip Solutions Web\Microchip\TCPIP Stack\UDP.c
                  UDPInit   0x00abf2    program     extern E:\Mywork\Microchip\PIC18F66J60\PIC18F66J60-DK-C\Code\Microchip Solutions Web\Microchip\TCPIP Stack\UDP.c
            UDPIsGetReady   0x00b20c    program     extern E:\Mywork\Microchip\PIC18F66J60\PIC18F66J60-DK-C\Code\Microchip Solutions Web\Microchip\TCPIP Stack\UDP.c
            UDPIsPutReady   0x00adf6    program     extern E:\Mywork\Microchip\PIC18F66J60\PIC18F66J60-DK-C\Code\Microchip Solutions Web\Microchip\TCPIP Stack\UDP.c
                  UDPOpen   0x00ac14    program     extern E:\Mywork\Microchip\PIC18F66J60\PIC18F66J60-DK-C\Code\Microchip Solutions Web\Microchip\TCPIP Stack\UDP.c
       UDPPerformanceTask   0x00edde    program     extern E:\Mywork\Microchip\PIC18F66J60\PIC18F66J60-DK-C\Code\Microchip Solutions Web\Microchip\TCPIP Stack\UDPPerformanceTest.c
               UDPProcess   0x00b312    program     extern E:\Mywork\Microchip\PIC18F66J60\PIC18F66J60-DK-C\Code\Microchip Solutions Web\Microchip\TCPIP Stack\UDP.c
                   UDPPut   0x00ae60    program     extern E:\Mywork\Microchip\PIC18F66J60\PIC18F66J60-DK-C\Code\Microchip Solutions Web\Microchip\TCPIP Stack\UDP.c
              UDPPutArray   0x00aeaa    program     extern E:\Mywork\Microchip\PIC18F66J60\PIC18F66J60-DK-C\Code\Microchip Solutions Web\Microchip\TCPIP Stack\UDP.c
           UDPPutROMArray   0x00af38    program     extern E:\Mywork\Microchip\PIC18F66J60\PIC18F66J60-DK-C\Code\Microchip Solutions Web\Microchip\TCPIP Stack\UDP.c
          UDPPutROMString   0x00b006    program     extern E:\Mywork\Microchip\PIC18F66J60\PIC18F66J60-DK-C\Code\Microchip Solutions Web\Microchip\TCPIP Stack\UDP.c
             UDPPutString   0x00afca    program     extern E:\Mywork\Microchip\PIC18F66J60\PIC18F66J60-DK-C\Code\Microchip Solutions Web\Microchip\TCPIP Stack\UDP.c
           UDPSetRxBuffer   0x00add4    program     extern E:\Mywork\Microchip\PIC18F66J60\PIC18F66J60-DK-C\Code\Microchip Solutions Web\Microchip\TCPIP Stack\UDP.c
           UDPSetTxBuffer   0x00ad86    program     extern E:\Mywork\Microchip\PIC18F66J60\PIC18F66J60-DK-C\Code\Microchip Solutions Web\Microchip\TCPIP Stack\UDP.c
                  UDPTask   0x00ac0e    program     extern E:\Mywork\Microchip\PIC18F66J60\PIC18F66J60-DK-C\Code\Microchip Solutions Web\Microchip\TCPIP Stack\UDP.c
            VendSetLights   0x009416    program     extern E:\Mywork\Microchip\PIC18F66J60\PIC18F66J60-DK-C\Code\Microchip Solutions Web\TCPIP WebVend App\MainDemo.c
             WriteLCDMenu   0x0090a2    program     extern E:\Mywork\Microchip\PIC18F66J60\PIC18F66J60-DK-C\Code\Microchip Solutions Web\TCPIP WebVend App\MainDemo.c
              WritePHYReg   0x00c8f4    program     extern E:\Mywork\Microchip\PIC18F66J60\PIC18F66J60-DK-C\Code\Microchip Solutions Web\Microchip\TCPIP Stack\ETH97J60.c
            WritePriceLCD   0x0092c0    program     static E:\Mywork\Microchip\PIC18F66J60\PIC18F66J60-DK-C\Code\Microchip Solutions Web\TCPIP WebVend App\MainDemo.c
               WriteUSART   0x00ec20    program     extern E:\Mywork\Microchip\PIC18F66J60\PIC18F66J60-DK-C\Code\Microchip Solutions Web\Microchip\TCPIP Stack\UART.c
                  _14jEnd   0x00dd26    program     static C:\MCC18\src\traditional\stdclib\atol.asm
              _2jContinue   0x00e634    program     static C:\MCC18\src\traditional\stdclib\memset.asm
                   _2jEnd   0x00e778    program     static C:\MCC18\src\traditional\stdclib\slenpgm.asm
              _3jContinue   0x00e564    program     static C:\MCC18\src\traditional\stdclib\mcmpp2r.asm
              _3jContinue   0x00e600    program     static C:\MCC18\src\traditional\stdclib\mcpyp2r.asm
                   _3jEnd   0x00e63e    program     static C:\MCC18\src\traditional\stdclib\memset.asm
              _4jContinue   0x00e5ac    program     static C:\MCC18\src\traditional\stdclib\memcpy.asm
              _4jContinue   0x00e514    program     static C:\MCC18\src\traditional\stdclib\memcmp.asm
                   _4jEnd   0x00e56e    program     static C:\MCC18\src\traditional\stdclib\mcmpp2r.asm
                   _4jEnd   0x00e60a    program     static C:\MCC18\src\traditional\stdclib\mcpyp2r.asm
                   _5jEnd   0x00e5b6    program     static C:\MCC18\src\traditional\stdclib\memcpy.asm
                   _5jEnd   0x00e51e    program     static C:\MCC18\src\traditional\stdclib\memcmp.asm
        _D10TCYXCODE_000A   0x00f2fa    program     static C:\MCC18\src\traditional\delays\d10tcyx.asm
        _D10TCYXCODE_000C   0x00f2fc    program     static C:\MCC18\src\traditional\delays\d10tcyx.asm
        _D10TCYXCODE_000E   0x00f2fe    program     static C:\MCC18\src\traditional\delays\d10tcyx.asm
        _D1KTCYXCODE_0010   0x00f2c4    program     static C:\MCC18\src\traditional\delays\d1ktcyx.asm
        _D1KTCYXCODE_0016   0x00f2ca    program     static C:\MCC18\src\traditional\delays\d1ktcyx.asm
           _LoadFATRecord   0x007304    program     static E:\Mywork\Microchip\PIC18F66J60\PIC18F66J60-DK-C\Code\Microchip Solutions Web\Microchip\TCPIP Stack\MPFS2.c
                _Validate   0x00794c    program     static E:\Mywork\Microchip\PIC18F66J60\PIC18F66J60-DK-C\Code\Microchip Solutions Web\Microchip\TCPIP Stack\MPFS2.c
           ___do_lbl00002   0x00eeec    program     static                          
           ___do_lbl00002   0x00e2b8    program     static                          
           ___do_lbl00003   0x00e2b8    program     static                          
           ___do_lbl00003   0x00eef0    program     static                          
           ___do_lbl00004   0x00eece    program     static                          
           ___do_lbl00006   0x00e28e    program     static                          
           ___do_lbl00009   0x00e306    program     static                          
           ___do_lbl00010   0x00e306    program     static                          
           ___do_lbl00013   0x00e2dc    program     static                          
           ___do_lbl00015   0x00e384    program     static                          
           ___do_lbl00016   0x00e384    program     static                          
           ___do_lbl00019   0x00e35a    program     static                          
          ___for_lbl00007   0x00e306    program     static                          
          ___for_lbl00008   0x00e30c    program     static                          
          ___for_lbl00014   0x00e2c6    program     static                          
          ___for_lbl00122   0x00a0ec    program     static                          
          ___for_lbl00123   0x00a0f4    program     static                          
          ___for_lbl00124   0x00a0d0    program     static                          
          ___for_lbl00125   0x00a10a    program     static                          
          ___for_lbl00126   0x00a110    program     static                          
          ___for_lbl00127   0x00a0f4    program     static                          
           ___if_lbl00001   0x00ea7a    program     static                          
           ___if_lbl00002   0x00ea84    program     static                          
           ___if_lbl00003   0x00ea9c    program     static                          
           ___if_lbl00004   0x00eb0c    program     static                          
           ___if_lbl00005   0x0097ee    program     static                          
           ___if_lbl00006   0x009804    program     static                          
           ___if_lbl00007   0x00986e    program     static                          
           ___if_lbl00008   0x009876    program     static                          
           ___if_lbl00020   0x00c282    program     static                          
           ___if_lbl00021   0x00c28e    program     static                          
           ___if_lbl00027   0x00c31e    program     static                          
           ___if_lbl00030   0x00c384    program     static                          
       ___return_lbl00000   0x00989e    program     static                          
       ___return_lbl00000   0x00eb96    program     static                          
       ___return_lbl00000   0x000004    program     static                          
       ___return_lbl00000   0x00c10e    program     static                          
       ___return_lbl00000   0x00f1ee    program     static                          
       ___return_lbl00000   0x00f236    program     static                          
       ___return_lbl00000   0x00f262    program     static                          
       ___return_lbl00000   0x00e25e    program     static                          
       ___return_lbl00001   0x00e384    program     static                          
       ___return_lbl00001   0x00eef2    program     static                          
       ___return_lbl00001   0x00f2ee    program     static                          
       ___return_lbl00002   0x00001c    program     static                          
       ___return_lbl00002   0x00f102    program     static                          
       ___return_lbl00003   0x00000c    program     static                          
       ___return_lbl00019   0x00c38c    program     static                          
       ___return_lbl00079   0x00c854    program     static                          
       ___return_lbl00080   0x00c886    program     static                          
       ___return_lbl00083   0x00c8c2    program     static                          
       ___return_lbl00086   0x00c8f2    program     static                          
       ___return_lbl00089   0x00c922    program     static                          
       ___return_lbl00121   0x00a122    program     static                          
        ___while_lbl00001   0x0096a8    program     static                          
        ___while_lbl00001   0x00c02c    program     static                          
        ___while_lbl00002   0x00c032    program     static                          
        ___while_lbl00002   0x009878    program     static                          
        ___while_lbl00003   0x0096b0    program     static                          
        ___while_lbl00004   0x0096b4    program     static                          
        ___while_lbl00004   0x00e296    program     static                          
        ___while_lbl00005   0x00e2b8    program     static                          
        ___while_lbl00011   0x00e2e4    program     static                          
        ___while_lbl00012   0x00e306    program     static                          
        ___while_lbl00017   0x00e362    program     static                          
        ___while_lbl00018   0x00e384    program     static                          
        ___while_lbl00081   0x00c856    program     static                          
        ___while_lbl00082   0x00c886    program     static                          
        ___while_lbl00084   0x00c888    program     static                          
        ___while_lbl00085   0x00c8c2    program     static                          
        ___while_lbl00087   0x00c8d2    program     static                          
        ___while_lbl00088   0x00c8d8    program     static                          
        ___while_lbl00090   0x00c91c    program     static                          
        ___while_lbl00091   0x00c922    program     static                          
               __config_0   0x00fff8    program     static E:\Mywork\Microchip\PIC18F66J60\PIC18F66J60-DK-C\Code\Microchip Solutions Web\TCPIP WebVend App\MainDemo.c
               __config_1   0x00fffa    program     static E:\Mywork\Microchip\PIC18F66J60\PIC18F66J60-DK-C\Code\Microchip Solutions Web\TCPIP WebVend App\MainDemo.c
               __config_2   0x00fffd    program     static E:\Mywork\Microchip\PIC18F66J60\PIC18F66J60-DK-C\Code\Microchip Solutions Web\TCPIP WebVend App\MainDemo.c
                   __init   0x000006    program     extern C:\MCC18\src\traditional\stdclib\__init.c
               __string_0   0x00bc26    program     static E:\Mywork\Microchip\PIC18F66J60\PIC18F66J60-DK-C\Code\Microchip Solutions Web\Microchip\TCPIP Stack\UDPPerformanceTest.c
               __string_0   0x00bc08    program     static E:\Mywork\Microchip\PIC18F66J60\PIC18F66J60-DK-C\Code\Microchip Solutions Web\Microchip\TCPIP Stack\TCPPerformanceTest.c
               __string_0   0x00b76a    program     static E:\Mywork\Microchip\PIC18F66J60\PIC18F66J60-DK-C\Code\Microchip Solutions Web\TCPIP WebVend App\MainDemo.c
               __string_0   0x00bbc2    program     static E:\Mywork\Microchip\PIC18F66J60\PIC18F66J60-DK-C\Code\Microchip Solutions Web\Microchip\TCPIP Stack\SNTP.c
               __string_0   0x00bb9f    program     static E:\Mywork\Microchip\PIC18F66J60\PIC18F66J60-DK-C\Code\Microchip Solutions Web\Microchip\TCPIP Stack\HTTP2.c
               __string_0   0x00bbaa    program     static E:\Mywork\Microchip\PIC18F66J60\PIC18F66J60-DK-C\Code\Microchip Solutions Web\Microchip\TCPIP Stack\MPFS2.c
               __string_0   0x00b7a0    program     static E:\Mywork\Microchip\PIC18F66J60\PIC18F66J60-DK-C\Code\Microchip Solutions Web\TCPIP WebVend App\CustomHTTPApp.c
               __string_0   0x00bbb1    program     static E:\Mywork\Microchip\PIC18F66J60\PIC18F66J60-DK-C\Code\Microchip Solutions Web\Microchip\TCPIP Stack\Reboot.c
               __string_1   0x00bc00    program     static E:\Mywork\Microchip\PIC18F66J60\PIC18F66J60-DK-C\Code\Microchip Solutions Web\Microchip\TCPIP Stack\TCPPerformanceTest.c
               __string_1   0x00bb94    program     static E:\Mywork\Microchip\PIC18F66J60\PIC18F66J60-DK-C\Code\Microchip Solutions Web\Microchip\TCPIP Stack\HTTP2.c
               __string_1   0x00b78b    program     static E:\Mywork\Microchip\PIC18F66J60\PIC18F66J60-DK-C\Code\Microchip Solutions Web\TCPIP WebVend App\CustomHTTPApp.c
               __string_1   0x00b757    program     static E:\Mywork\Microchip\PIC18F66J60\PIC18F66J60-DK-C\Code\Microchip Solutions Web\TCPIP WebVend App\MainDemo.c
              __string_10   0x00bb72    program     static E:\Mywork\Microchip\PIC18F66J60\PIC18F66J60-DK-C\Code\Microchip Solutions Web\Microchip\TCPIP Stack\HTTP2.c
              __string_10   0x00b694    program     static E:\Mywork\Microchip\PIC18F66J60\PIC18F66J60-DK-C\Code\Microchip Solutions Web\TCPIP WebVend App\MainDemo.c
              __string_11   0x00bb6e    program     static E:\Mywork\Microchip\PIC18F66J60\PIC18F66J60-DK-C\Code\Microchip Solutions Web\Microchip\TCPIP Stack\HTTP2.c
              __string_11   0x00b691    program     static E:\Mywork\Microchip\PIC18F66J60\PIC18F66J60-DK-C\Code\Microchip Solutions Web\TCPIP WebVend App\MainDemo.c
              __string_12   0x00b68e    program     static E:\Mywork\Microchip\PIC18F66J60\PIC18F66J60-DK-C\Code\Microchip Solutions Web\TCPIP WebVend App\MainDemo.c
              __string_12   0x00bb6a    program     static E:\Mywork\Microchip\PIC18F66J60\PIC18F66J60-DK-C\Code\Microchip Solutions Web\Microchip\TCPIP Stack\HTTP2.c
              __string_13   0x00b68b    program     static E:\Mywork\Microchip\PIC18F66J60\PIC18F66J60-DK-C\Code\Microchip Solutions Web\TCPIP WebVend App\MainDemo.c
              __string_13   0x00bb66    program     static E:\Mywork\Microchip\PIC18F66J60\PIC18F66J60-DK-C\Code\Microchip Solutions Web\Microchip\TCPIP Stack\HTTP2.c
              __string_14   0x00b686    program     static E:\Mywork\Microchip\PIC18F66J60\PIC18F66J60-DK-C\Code\Microchip Solutions Web\TCPIP WebVend App\MainDemo.c
              __string_14   0x00bb62    program     static E:\Mywork\Microchip\PIC18F66J60\PIC18F66J60-DK-C\Code\Microchip Solutions Web\Microchip\TCPIP Stack\HTTP2.c
              __string_15   0x00b67c    program     static E:\Mywork\Microchip\PIC18F66J60\PIC18F66J60-DK-C\Code\Microchip Solutions Web\TCPIP WebVend App\MainDemo.c
              __string_15   0x00bb5e    program     static E:\Mywork\Microchip\PIC18F66J60\PIC18F66J60-DK-C\Code\Microchip Solutions Web\Microchip\TCPIP Stack\HTTP2.c
              __string_16   0x00bb53    program     static E:\Mywork\Microchip\PIC18F66J60\PIC18F66J60-DK-C\Code\Microchip Solutions Web\Microchip\TCPIP Stack\HTTP2.c
              __string_16   0x00b672    program     static E:\Mywork\Microchip\PIC18F66J60\PIC18F66J60-DK-C\Code\Microchip Solutions Web\TCPIP WebVend App\MainDemo.c
              __string_17   0x00b66b    program     static E:\Mywork\Microchip\PIC18F66J60\PIC18F66J60-DK-C\Code\Microchip Solutions Web\TCPIP WebVend App\MainDemo.c
              __string_17   0x00bb49    program     static E:\Mywork\Microchip\PIC18F66J60\PIC18F66J60-DK-C\Code\Microchip Solutions Web\Microchip\TCPIP Stack\HTTP2.c
              __string_18   0x00b662    program     static E:\Mywork\Microchip\PIC18F66J60\PIC18F66J60-DK-C\Code\Microchip Solutions Web\TCPIP WebVend App\MainDemo.c
              __string_18   0x00bb40    program     static E:\Mywork\Microchip\PIC18F66J60\PIC18F66J60-DK-C\Code\Microchip Solutions Web\Microchip\TCPIP Stack\HTTP2.c
              __string_19   0x00b659    program     static E:\Mywork\Microchip\PIC18F66J60\PIC18F66J60-DK-C\Code\Microchip Solutions Web\TCPIP WebVend App\MainDemo.c
              __string_19   0x00bb37    program     static E:\Mywork\Microchip\PIC18F66J60\PIC18F66J60-DK-C\Code\Microchip Solutions Web\Microchip\TCPIP Stack\HTTP2.c
               __string_2   0x00bb8f    program     static E:\Mywork\Microchip\PIC18F66J60\PIC18F66J60-DK-C\Code\Microchip Solutions Web\Microchip\TCPIP Stack\HTTP2.c
               __string_2   0x00bbdf    program     static E:\Mywork\Microchip\PIC18F66J60\PIC18F66J60-DK-C\Code\Microchip Solutions Web\Microchip\TCPIP Stack\TCPPerformanceTest.c
               __string_2   0x00b746    program     static E:\Mywork\Microchip\PIC18F66J60\PIC18F66J60-DK-C\Code\Microchip Solutions Web\TCPIP WebVend App\MainDemo.c
              __string_20   0x00b653    program     static E:\Mywork\Microchip\PIC18F66J60\PIC18F66J60-DK-C\Code\Microchip Solutions Web\TCPIP WebVend App\MainDemo.c
              __string_20   0x00bb2d    program     static E:\Mywork\Microchip\PIC18F66J60\PIC18F66J60-DK-C\Code\Microchip Solutions Web\Microchip\TCPIP Stack\HTTP2.c
              __string_21   0x00b638    program     static E:\Mywork\Microchip\PIC18F66J60\PIC18F66J60-DK-C\Code\Microchip Solutions Web\TCPIP WebVend App\MainDemo.c
              __string_21   0x00bb23    program     static E:\Mywork\Microchip\PIC18F66J60\PIC18F66J60-DK-C\Code\Microchip Solutions Web\Microchip\TCPIP Stack\HTTP2.c
              __string_22   0x00b630    program     static E:\Mywork\Microchip\PIC18F66J60\PIC18F66J60-DK-C\Code\Microchip Solutions Web\TCPIP WebVend App\MainDemo.c
              __string_22   0x00bb18    program     static E:\Mywork\Microchip\PIC18F66J60\PIC18F66J60-DK-C\Code\Microchip Solutions Web\Microchip\TCPIP Stack\HTTP2.c
              __string_23   0x00bb04    program     static E:\Mywork\Microchip\PIC18F66J60\PIC18F66J60-DK-C\Code\Microchip Solutions Web\Microchip\TCPIP Stack\HTTP2.c
              __string_24   0x00baf7    program     static E:\Mywork\Microchip\PIC18F66J60\PIC18F66J60-DK-C\Code\Microchip Solutions Web\Microchip\TCPIP Stack\HTTP2.c
              __string_25   0x00baf6    program     static E:\Mywork\Microchip\PIC18F66J60\PIC18F66J60-DK-C\Code\Microchip Solutions Web\Microchip\TCPIP Stack\HTTP2.c
              __string_26   0x00bad1    program     static E:\Mywork\Microchip\PIC18F66J60\PIC18F66J60-DK-C\Code\Microchip Solutions Web\Microchip\TCPIP Stack\HTTP2.c
              __string_27   0x00ba50    program     static E:\Mywork\Microchip\PIC18F66J60\PIC18F66J60-DK-C\Code\Microchip Solutions Web\Microchip\TCPIP Stack\HTTP2.c
              __string_28   0x00ba0d    program     static E:\Mywork\Microchip\PIC18F66J60\PIC18F66J60-DK-C\Code\Microchip Solutions Web\Microchip\TCPIP Stack\HTTP2.c
              __string_29   0x00b9a0    program     static E:\Mywork\Microchip\PIC18F66J60\PIC18F66J60-DK-C\Code\Microchip Solutions Web\Microchip\TCPIP Stack\HTTP2.c
               __string_3   0x00bbcf    program     static E:\Mywork\Microchip\PIC18F66J60\PIC18F66J60-DK-C\Code\Microchip Solutions Web\Microchip\TCPIP Stack\TCPPerformanceTest.c
               __string_3   0x00b743    program     static E:\Mywork\Microchip\PIC18F66J60\PIC18F66J60-DK-C\Code\Microchip Solutions Web\TCPIP WebVend App\MainDemo.c
              __string_30   0x00b930    program     static E:\Mywork\Microchip\PIC18F66J60\PIC18F66J60-DK-C\Code\Microchip Solutions Web\Microchip\TCPIP Stack\HTTP2.c
              __string_31   0x00b8ca    program     static E:\Mywork\Microchip\PIC18F66J60\PIC18F66J60-DK-C\Code\Microchip Solutions Web\Microchip\TCPIP Stack\HTTP2.c
              __string_32   0x00b898    program     static E:\Mywork\Microchip\PIC18F66J60\PIC18F66J60-DK-C\Code\Microchip Solutions Web\Microchip\TCPIP Stack\HTTP2.c
              __string_33   0x00b841    program     static E:\Mywork\Microchip\PIC18F66J60\PIC18F66J60-DK-C\Code\Microchip Solutions Web\Microchip\TCPIP Stack\HTTP2.c
              __string_34   0x00b839    program     static E:\Mywork\Microchip\PIC18F66J60\PIC18F66J60-DK-C\Code\Microchip Solutions Web\Microchip\TCPIP Stack\HTTP2.c
              __string_35   0x00b82a    program     static E:\Mywork\Microchip\PIC18F66J60\PIC18F66J60-DK-C\Code\Microchip Solutions Web\Microchip\TCPIP Stack\HTTP2.c
              __string_36   0x00b81a    program     static E:\Mywork\Microchip\PIC18F66J60\PIC18F66J60-DK-C\Code\Microchip Solutions Web\Microchip\TCPIP Stack\HTTP2.c
              __string_37   0x00b816    program     static E:\Mywork\Microchip\PIC18F66J60\PIC18F66J60-DK-C\Code\Microchip Solutions Web\Microchip\TCPIP Stack\HTTP2.c
[...]
                 DDRAbits   0x000f92       data     extern C:\MCC18\src\traditional\proc\p18F66J60.asm
                    TRISA   0x000f92       data     extern C:\MCC18\src\traditional\proc\p18F66J60.asm
                TRISAbits   0x000f92       data     extern C:\MCC18\src\traditional\proc\p18F66J60.asm
                 DDRBbits   0x000f93       data     extern C:\MCC18\src\traditional\proc\p18F66J60.asm
                TRISBbits   0x000f93       data     extern C:\MCC18\src\traditional\proc\p18F66J60.asm
                     DDRB   0x000f93       data     extern C:\MCC18\src\traditional\proc\p18F66J60.asm
                    TRISB   0x000f93       data     extern C:\MCC18\src\traditional\proc\p18F66J60.asm
                 DDRCbits   0x000f94       data     extern C:\MCC18\src\traditional\proc\p18F66J60.asm
                     DDRC   0x000f94       data     extern C:\MCC18\src\traditional\proc\p18F66J60.asm
                    TRISC   0x000f94       data     extern C:\MCC18\src\traditional\proc\p18F66J60.asm
                TRISCbits   0x000f94       data     extern C:\MCC18\src\traditional\proc\p18F66J60.asm
                TRISDbits   0x000f95       data     extern C:\MCC18\src\traditional\proc\p18F66J60.asm
                     DDRD   0x000f95       data     extern C:\MCC18\src\traditional\proc\p18F66J60.asm
                 DDRDbits   0x000f95       data     extern C:\MCC18\src\traditional\proc\p18F66J60.asm
                    TRISD   0x000f95       data     extern C:\MCC18\src\traditional\proc\p18F66J60.asm
                     DDRE   0x000f96       data     extern C:\MCC18\src\traditional\proc\p18F66J60.asm
                TRISEbits   0x000f96       data     extern C:\MCC18\src\traditional\proc\p18F66J60.asm
                    TRISE   0x000f96       data     extern C:\MCC18\src\traditional\proc\p18F66J60.asm
                 DDREbits   0x000f96       data     extern C:\MCC18\src\traditional\proc\p18F66J60.asm
                    TRISF   0x000f97       data     extern C:\MCC18\src\traditional\proc\p18F66J60.asm
                 DDRFbits   0x000f97       data     extern C:\MCC18\src\traditional\proc\p18F66J60.asm
                TRISFbits   0x000f97       data     extern C:\MCC18\src\traditional\proc\p18F66J60.asm
                     DDRF   0x000f97       data     extern C:\MCC18\src\traditional\proc\p18F66J60.asm
                    TRISG   0x000f98       data     extern C:\MCC18\src\traditional\proc\p18F66J60.asm
                TRISGbits   0x000f98       data     extern C:\MCC18\src\traditional\proc\p18F66J60.asm
                 DDRGbits   0x000f98       data     extern C:\MCC18\src\traditional\proc\p18F66J60.asm
                     DDRG   0x000f98       data     extern C:\MCC18\src\traditional\proc\p18F66J60.asm
              OSCTUNEbits   0x000f9b       data     extern C:\MCC18\src\traditional\proc\p18F66J60.asm
                  OSCTUNE   0x000f9b       data     extern C:\MCC18\src\traditional\proc\p18F66J60.asm
                 PIE1bits   0x000f9d       data     extern C:\MCC18\src\traditional\proc\p18F66J60.asm
                     PIE1   0x000f9d       data     extern C:\MCC18\src\traditional\proc\p18F66J60.asm
                 PIR1bits   0x000f9e       data     extern C:\MCC18\src\traditional\proc\p18F66J60.asm
                     PIR1   0x000f9e       data     extern C:\MCC18\src\traditional\proc\p18F66J60.asm
                     IPR1   0x000f9f       data     extern C:\MCC18\src\traditional\proc\p18F66J60.asm
                 IPR1bits   0x000f9f       data     extern C:\MCC18\src\traditional\proc\p18F66J60.asm
                 PIE2bits   0x000fa0       data     extern C:\MCC18\src\traditional\proc\p18F66J60.asm
                     PIE2   0x000fa0       data     extern C:\MCC18\src\traditional\proc\p18F66J60.asm
                 PIR2bits   0x000fa1       data     extern C:\MCC18\src\traditional\proc\p18F66J60.asm
                     PIR2   0x000fa1       data     extern C:\MCC18\src\traditional\proc\p18F66J60.asm
                     IPR2   0x000fa2       data     extern C:\MCC18\src\traditional\proc\p18F66J60.asm
                 IPR2bits   0x000fa2       data     extern C:\MCC18\src\traditional\proc\p18F66J60.asm
                     PIE3   0x000fa3       data     extern C:\MCC18\src\traditional\proc\p18F66J60.asm
                 PIE3bits   0x000fa3       data     extern C:\MCC18\src\traditional\proc\p18F66J60.asm
                 PIR3bits   0x000fa4       data     extern C:\MCC18\src\traditional\proc\p18F66J60.asm
                     PIR3   0x000fa4       data     extern C:\MCC18\src\traditional\proc\p18F66J60.asm
                     IPR3   0x000fa5       data     extern C:\MCC18\src\traditional\proc\p18F66J60.asm
                 IPR3bits   0x000fa5       data     extern C:\MCC18\src\traditional\proc\p18F66J60.asm
                   EECON1   0x000fa6       data     extern C:\MCC18\src\traditional\proc\p18F66J60.asm
               EECON1bits   0x000fa6       data     extern C:\MCC18\src\traditional\proc\p18F66J60.asm
                   EECON2   0x000fa7       data     extern C:\MCC18\src\traditional\proc\p18F66J60.asm
                RCSTAbits   0x000fab       data     extern C:\MCC18\src\traditional\proc\p18F66J60.asm
               RCSTA1bits   0x000fab       data     extern C:\MCC18\src\traditional\proc\p18F66J60.asm
                   RCSTA1   0x000fab       data     extern C:\MCC18\src\traditional\proc\p18F66J60.asm
                    RCSTA   0x000fab       data     extern C:\MCC18\src\traditional\proc\p18F66J60.asm
                TXSTAbits   0x000fac       data     extern C:\MCC18\src\traditional\proc\p18F66J60.asm
               TXSTA1bits   0x000fac       data     extern C:\MCC18\src\traditional\proc\p18F66J60.asm
                    TXSTA   0x000fac       data     extern C:\MCC18\src\traditional\proc\p18F66J60.asm
                   TXSTA1   0x000fac       data     extern C:\MCC18\src\traditional\proc\p18F66J60.asm
                    TXREG   0x000fad       data     extern C:\MCC18\src\traditional\proc\p18F66J60.asm
                   TXREG1   0x000fad       data     extern C:\MCC18\src\traditional\proc\p18F66J60.asm
                    RCREG   0x000fae       data     extern C:\MCC18\src\traditional\proc\p18F66J60.asm
                   RCREG1   0x000fae       data     extern C:\MCC18\src\traditional\proc\p18F66J60.asm
                    SPBRG   0x000faf       data     extern C:\MCC18\src\traditional\proc\p18F66J60.asm
                   SPBRG1   0x000faf       data     extern C:\MCC18\src\traditional\proc\p18F66J60.asm
                T3CONbits   0x000fb1       data     extern C:\MCC18\src\traditional\proc\p18F66J60.asm
                    T3CON   0x000fb1       data     extern C:\MCC18\src\traditional\proc\p18F66J60.asm
                    TMR3L   0x000fb2       data     extern C:\MCC18\src\traditional\proc\p18F66J60.asm
                    TMR3H   0x000fb3       data     extern C:\MCC18\src\traditional\proc\p18F66J60.asm
                    CMCON   0x000fb4       data     extern C:\MCC18\src\traditional\proc\p18F66J60.asm
                CMCONbits   0x000fb4       data     extern C:\MCC18\src\traditional\proc\p18F66J60.asm
                   CVRCON   0x000fb5       data     extern C:\MCC18\src\traditional\proc\p18F66J60.asm
               CVRCONbits   0x000fb5       data     extern C:\MCC18\src\traditional\proc\p18F66J60.asm
                  ECCP1AS   0x000fb6       data     extern C:\MCC18\src\traditional\proc\p18F66J60.asm
              ECCP1ASbits   0x000fb6       data     extern C:\MCC18\src\traditional\proc\p18F66J60.asm
                 ECCP3CON   0x000fb7       data     extern C:\MCC18\src\traditional\proc\p18F66J60.asm
             ECCP3CONbits   0x000fb7       data     extern C:\MCC18\src\traditional\proc\p18F66J60.asm
                  CCP3CON   0x000fb7       data     extern C:\MCC18\src\traditional\proc\p18F66J60.asm
              CCP3CONbits   0x000fb7       data     extern C:\MCC18\src\traditional\proc\p18F66J60.asm
                   CCPR3L   0x000fb8       data     extern C:\MCC18\src\traditional\proc\p18F66J60.asm
                    CCPR3   0x000fb8       data     extern C:\MCC18\src\traditional\proc\p18F66J60.asm
                   CCPR3H   0x000fb9       data     extern C:\MCC18\src\traditional\proc\p18F66J60.asm
                  CCP2CON   0x000fba       data     extern C:\MCC18\src\traditional\proc\p18F66J60.asm
                 ECCP2CON   0x000fba       data     extern C:\MCC18\src\traditional\proc\p18F66J60.asm
             ECCP2CONbits   0x000fba       data     extern C:\MCC18\src\traditional\proc\p18F66J60.asm
              CCP2CONbits   0x000fba       data     extern C:\MCC18\src\traditional\proc\p18F66J60.asm
                   CCPR2L   0x000fbb       data     extern C:\MCC18\src\traditional\proc\p18F66J60.asm
                    CCPR2   0x000fbb       data     extern C:\MCC18\src\traditional\proc\p18F66J60.asm
                   CCPR2H   0x000fbc       data     extern C:\MCC18\src\traditional\proc\p18F66J60.asm
              CCP1CONbits   0x000fbd       data     extern C:\MCC18\src\traditional\proc\p18F66J60.asm
                  CCP1CON   0x000fbd       data     extern C:\MCC18\src\traditional\proc\p18F66J60.asm
                 ECCP1CON   0x000fbd       data     extern C:\MCC18\src\traditional\proc\p18F66J60.asm
             ECCP1CONbits   0x000fbd       data     extern C:\MCC18\src\traditional\proc\p18F66J60.asm
                    CCPR1   0x000fbe       data     extern C:\MCC18\src\traditional\proc\p18F66J60.asm
                   CCPR1L   0x000fbe       data     extern C:\MCC18\src\traditional\proc\p18F66J60.asm
                   CCPR1H   0x000fbf       data     extern C:\MCC18\src\traditional\proc\p18F66J60.asm
               ADCON2bits   0x000fc0       data     extern C:\MCC18\src\traditional\proc\p18F66J60.asm
                   ADCON2   0x000fc0       data     extern C:\MCC18\src\traditional\proc\p18F66J60.asm
               ADCON1bits   0x000fc1       data     extern C:\MCC18\src\traditional\proc\p18F66J60.asm
                   ADCON1   0x000fc1       data     extern C:\MCC18\src\traditional\proc\p18F66J60.asm
               ADCON0bits   0x000fc2       data     extern C:\MCC18\src\traditional\proc\p18F66J60.asm
                   ADCON0   0x000fc2       data     extern C:\MCC18\src\traditional\proc\p18F66J60.asm
                   ADRESL   0x000fc3       data     extern C:\MCC18\src\traditional\proc\p18F66J60.asm
                    ADRES   0x000fc3       data     extern C:\MCC18\src\traditional\proc\p18F66J60.asm
                   ADRESH   0x000fc4       data     extern C:\MCC18\src\traditional\proc\p18F66J60.asm
              SSPCON2bits   0x000fc5       data     extern C:\MCC18\src\traditional\proc\p18F66J60.asm
                 SSP1CON2   0x000fc5       data     extern C:\MCC18\src\traditional\proc\p18F66J60.asm
             SSP1CON2bits   0x000fc5       data     extern C:\MCC18\src\traditional\proc\p18F66J60.asm
                  SSPCON2   0x000fc5       data     extern C:\MCC18\src\traditional\proc\p18F66J60.asm
                 SSP1CON1   0x000fc6       data     extern C:\MCC18\src\traditional\proc\p18F66J60.asm
             SSP1CON1bits   0x000fc6       data     extern C:\MCC18\src\traditional\proc\p18F66J60.asm
              SSPCON1bits   0x000fc6       data     extern C:\MCC18\src\traditional\proc\p18F66J60.asm
                  SSPCON1   0x000fc6       data     extern C:\MCC18\src\traditional\proc\p18F66J60.asm
              SSPSTATbits   0x000fc7       data     extern C:\MCC18\src\traditional\proc\p18F66J60.asm
                  SSPSTAT   0x000fc7       data     extern C:\MCC18\src\traditional\proc\p18F66J60.asm
             SSP1STATbits   0x000fc7       data     extern C:\MCC18\src\traditional\proc\p18F66J60.asm
                 SSP1STAT   0x000fc7       data     extern C:\MCC18\src\traditional\proc\p18F66J60.asm
                   SSPADD   0x000fc8       data     extern C:\MCC18\src\traditional\proc\p18F66J60.asm
                  SSP1ADD   0x000fc8       data     extern C:\MCC18\src\traditional\proc\p18F66J60.asm
                   SSPBUF   0x000fc9       data     extern C:\MCC18\src\traditional\proc\p18F66J60.asm
                  SSP1BUF   0x000fc9       data     extern C:\MCC18\src\traditional\proc\p18F66J60.asm
                    T2CON   0x000fca       data     extern C:\MCC18\src\traditional\proc\p18F66J60.asm
                T2CONbits   0x000fca       data     extern C:\MCC18\src\traditional\proc\p18F66J60.asm
                      PR2   0x000fcb       data     extern C:\MCC18\src\traditional\proc\p18F66J60.asm
                     TMR2   0x000fcc       data     extern C:\MCC18\src\traditional\proc\p18F66J60.asm
                T1CONbits   0x000fcd       data     extern C:\MCC18\src\traditional\proc\p18F66J60.asm
                    T1CON   0x000fcd       data     extern C:\MCC18\src\traditional\proc\p18F66J60.asm
                    TMR1L   0x000fce       data     extern C:\MCC18\src\traditional\proc\p18F66J60.asm
                    TMR1H   0x000fcf       data     extern C:\MCC18\src\traditional\proc\p18F66J60.asm
                 RCONbits   0x000fd0       data     extern C:\MCC18\src\traditional\proc\p18F66J60.asm
                     RCON   0x000fd0       data     extern C:\MCC18\src\traditional\proc\p18F66J60.asm
               WDTCONbits   0x000fd1       data     extern C:\MCC18\src\traditional\proc\p18F66J60.asm
                   WDTCON   0x000fd1       data     extern C:\MCC18\src\traditional\proc\p18F66J60.asm
                    ECON1   0x000fd2       data     extern C:\MCC18\src\traditional\proc\p18F66J60.asm
                ECON1bits   0x000fd2       data     extern C:\MCC18\src\traditional\proc\p18F66J60.asm
               OSCCONbits   0x000fd3       data     extern C:\MCC18\src\traditional\proc\p18F66J60.asm
                   OSCCON   0x000fd3       data     extern C:\MCC18\src\traditional\proc\p18F66J60.asm
                    T0CON   0x000fd5       data     extern C:\MCC18\src\traditional\proc\p18F66J60.asm
                T0CONbits   0x000fd5       data     extern C:\MCC18\src\traditional\proc\p18F66J60.asm
                    TMR0L   0x000fd6       data     extern C:\MCC18\src\traditional\proc\p18F66J60.asm
                    TMR0H   0x000fd7       data     extern C:\MCC18\src\traditional\proc\p18F66J60.asm
               STATUSbits   0x000fd8       data     extern C:\MCC18\src\traditional\proc\p18F66J60.asm
                   STATUS   0x000fd8       data     extern C:\MCC18\src\traditional\proc\p18F66J60.asm
                     FSR2   0x000fd9       data     extern C:\MCC18\src\traditional\proc\p18F66J60.asm
                    FSR2L   0x000fd9       data     extern C:\MCC18\src\traditional\proc\p18F66J60.asm
                    FSR2H   0x000fda       data     extern C:\MCC18\src\traditional\proc\p18F66J60.asm
                   PLUSW2   0x000fdb       data     extern C:\MCC18\src\traditional\proc\p18F66J60.asm
                  PREINC2   0x000fdc       data     extern C:\MCC18\src\traditional\proc\p18F66J60.asm
                 POSTDEC2   0x000fdd       data     extern C:\MCC18\src\traditional\proc\p18F66J60.asm
                 POSTINC2   0x000fde       data     extern C:\MCC18\src\traditional\proc\p18F66J60.asm
                    INDF2   0x000fdf       data     extern C:\MCC18\src\traditional\proc\p18F66J60.asm
                      BSR   0x000fe0       data     extern C:\MCC18\src\traditional\proc\p18F66J60.asm
                     FSR1   0x000fe1       data     extern C:\MCC18\src\traditional\proc\p18F66J60.asm
                    FSR1L   0x000fe1       data     extern C:\MCC18\src\traditional\proc\p18F66J60.asm
                    FSR1H   0x000fe2       data     extern C:\MCC18\src\traditional\proc\p18F66J60.asm
                   PLUSW1   0x000fe3       data     extern C:\MCC18\src\traditional\proc\p18F66J60.asm
                  PREINC1   0x000fe4       data     extern C:\MCC18\src\traditional\proc\p18F66J60.asm
                 POSTDEC1   0x000fe5       data     extern C:\MCC18\src\traditional\proc\p18F66J60.asm
                 POSTINC1   0x000fe6       data     extern C:\MCC18\src\traditional\proc\p18F66J60.asm
                    INDF1   0x000fe7       data     extern C:\MCC18\src\traditional\proc\p18F66J60.asm
                     WREG   0x000fe8       data     extern C:\MCC18\src\traditional\proc\p18F66J60.asm
                     FSR0   0x000fe9       data     extern C:\MCC18\src\traditional\proc\p18F66J60.asm
                    FSR0L   0x000fe9       data     extern C:\MCC18\src\traditional\proc\p18F66J60.asm
                    FSR0H   0x000fea       data     extern C:\MCC18\src\traditional\proc\p18F66J60.asm
                   PLUSW0   0x000feb       data     extern C:\MCC18\src\traditional\proc\p18F66J60.asm
                  PREINC0   0x000fec       data     extern C:\MCC18\src\traditional\proc\p18F66J60.asm
                 POSTDEC0   0x000fed       data     extern C:\MCC18\src\traditional\proc\p18F66J60.asm
                 POSTINC0   0x000fee       data     extern C:\MCC18\src\traditional\proc\p18F66J60.asm
                    INDF0   0x000fef       data     extern C:\MCC18\src\traditional\proc\p18F66J60.asm
              INTCON3bits   0x000ff0       data     extern C:\MCC18\src\traditional\proc\p18F66J60.asm
                  INTCON3   0x000ff0       data     extern C:\MCC18\src\traditional\proc\p18F66J60.asm
              INTCON2bits   0x000ff1       data     extern C:\MCC18\src\traditional\proc\p18F66J60.asm
                  INTCON2   0x000ff1       data     extern C:\MCC18\src\traditional\proc\p18F66J60.asm
               INTCONbits   0x000ff2       data     extern C:\MCC18\src\traditional\proc\p18F66J60.asm
                   INTCON   0x000ff2       data     extern C:\MCC18\src\traditional\proc\p18F66J60.asm
                    PRODL   0x000ff3       data     extern C:\MCC18\src\traditional\proc\p18F66J60.asm
                     PROD   0x000ff3       data     extern C:\MCC18\src\traditional\proc\p18F66J60.asm
                    PRODH   0x000ff4       data     extern C:\MCC18\src\traditional\proc\p18F66J60.asm
                   TABLAT   0x000ff5       data     extern C:\MCC18\src\traditional\proc\p18F66J60.asm
                  TBLPTRL   0x000ff6       data     extern C:\MCC18\src\traditional\proc\p18F66J60.asm
                   TBLPTR   0x000ff6       data     extern C:\MCC18\src\traditional\proc\p18F66J60.asm
                  TBLPTRH   0x000ff7       data     extern C:\MCC18\src\traditional\proc\p18F66J60.asm
                  TBLPTRU   0x000ff8       data     extern C:\MCC18\src\traditional\proc\p18F66J60.asm
                       PC   0x000ff9       data     extern C:\MCC18\src\traditional\proc\p18F66J60.asm
                      PCL   0x000ff9       data     extern C:\MCC18\src\traditional\proc\p18F66J60.asm
                   PCLATH   0x000ffa       data     extern C:\MCC18\src\traditional\proc\p18F66J60.asm
                   PCLATU   0x000ffb       data     extern C:\MCC18\src\traditional\proc\p18F66J60.asm
                   STKPTR   0x000ffc       data     extern C:\MCC18\src\traditional\proc\p18F66J60.asm
               STKPTRbits   0x000ffc       data     extern C:\MCC18\src\traditional\proc\p18F66J60.asm
                     TOSL   0x000ffd       data     extern C:\MCC18\src\traditional\proc\p18F66J60.asm
                      TOS   0x000ffd       data     extern C:\MCC18\src\traditional\proc\p18F66J60.asm
                     TOSH   0x000ffe       data     extern C:\MCC18\src\traditional\proc\p18F66J60.asm
                     TOSU   0x000fff       data     extern C:\MCC18\src\traditional\proc\p18F66J60.asm


