MPLINK 4.49, Linker
Linker Map File - Created Thu Oct 06 12:47:22 2016

                                 Section Info
                  Section       Type    Address   Location Size(Bytes)
                ---------  ---------  ---------  ---------  ---------
                   .org_0       code   0x000000    program   0x000000
                   .org_1       code   0x000000    program   0x000006
                   .org_2       code   0x000004    program   0x000772
       .config_8007_USB.O       code   0x008007    program   0x000002
       .config_8008_USB.O       code   0x008008    program   0x000002



                              Program Memory Usage 
                               Start         End      
                           ---------   ---------      
                            0x000000    0x000002      
                            0x000004    0x0003bc      
                            0x008007    0x008008      
            958 out of 2311 program addresses used, program memory utilization is 41%



                              Symbols - Sorted by Name
                     Name    Address   Location    Storage File                     
                ---------  ---------  ---------  --------- ---------                
         ACKTokenRecibido   0x00008f    program     static F:\picasm1\Inalambrico USB 12F675\USB12F1822_USB16F18313_HID Serial w baud\USB12F1822_ボーレート可変_src\USB.asm
              AddressNRZI   0x00026a    program     static F:\picasm1\Inalambrico USB 12F675\USB12F1822_USB16F18313_HID Serial w baud\USB12F1822_ボーレート可変_src\USB.asm
      AsignarNuevoAddress   0x0000b2    program     static F:\picasm1\Inalambrico USB 12F675\USB12F1822_USB16F18313_HID Serial w baud\USB12F1822_ボーレート可変_src\USB.asm
            CLEAR_FEATURE   0x000261    program     static F:\picasm1\Inalambrico USB 12F675\USB12F1822_USB16F18313_HID Serial w baud\USB12F1822_ボーレート可変_src\USB.asm
            CalcularCRC16   0x0001a7    program     static F:\picasm1\Inalambrico USB 12F675\USB12F1822_USB16F18313_HID Serial w baud\USB12F1822_ボーレート可変_src\USB.asm
             ConfEntradas   0x00012d    program     static F:\picasm1\Inalambrico USB 12F675\USB12F1822_USB16F18313_HID Serial w baud\USB12F1822_ボーレート可変_src\USB.asm
               Configurar   0x000010    program     static F:\picasm1\Inalambrico USB 12F675\USB12F1822_USB16F18313_HID Serial w baud\USB12F1822_ボーレート可変_src\USB.asm
                ContTabla   0x000213    program     static F:\picasm1\Inalambrico USB 12F675\USB12F1822_USB16F18313_HID Serial w baud\USB12F1822_ボーレート可変_src\USB.asm
       ContinuoRecibiendo   0x000052    program     static F:\picasm1\Inalambrico USB 12F675\USB12F1822_USB16F18313_HID Serial w baud\USB12F1822_ボーレート可変_src\USB.asm
             DATARecibido   0x0000ba    program     static F:\picasm1\Inalambrico USB 12F675\USB12F1822_USB16F18313_HID Serial w baud\USB12F1822_ボーレート可変_src\USB.asm
              DescTimeOut   0x000032    program     static F:\picasm1\Inalambrico USB 12F675\USB12F1822_USB16F18313_HID Serial w baud\USB12F1822_ボーレート可変_src\USB.asm
         DesencriptarNRZI   0x00016b    program     static F:\picasm1\Inalambrico USB 12F675\USB12F1822_USB16F18313_HID Serial w baud\USB12F1822_ボーレート可変_src\USB.asm
          EscribirUSBDATA   0x000135    program     static F:\picasm1\Inalambrico USB 12F675\USB12F1822_USB16F18313_HID Serial w baud\USB12F1822_ボーレート可変_src\USB.asm
           EscribirUSBPID   0x0000ff    program     static F:\picasm1\Inalambrico USB 12F675\USB12F1822_USB16F18313_HID Serial w baud\USB12F1822_ボーレート可変_src\USB.asm
                   EspInt   0x00002d    program     static F:\picasm1\Inalambrico USB 12F675\USB12F1822_USB16F18313_HID Serial w baud\USB12F1822_ボーレート可変_src\USB.asm
                   Espero   0x000134    program     static F:\picasm1\Inalambrico USB 12F675\USB12F1822_USB16F18313_HID Serial w baud\USB12F1822_ボーレート可変_src\USB.asm
       EsperoContinuacion   0x000029    program     static F:\picasm1\Inalambrico USB 12F675\USB12F1822_USB16F18313_HID Serial w baud\USB12F1822_ボーレート可変_src\USB.asm
        GET_CONFIGURATION   0x0002b3    program     static F:\picasm1\Inalambrico USB 12F675\USB12F1822_USB16F18313_HID Serial w baud\USB12F1822_ボーレート可変_src\USB.asm
            GET_INTERFACE   0x0002bc    program     static F:\picasm1\Inalambrico USB 12F675\USB12F1822_USB16F18313_HID Serial w baud\USB12F1822_ボーレート可変_src\USB.asm
       GET_SET_DESCRIPTOR   0x000274    program     static F:\picasm1\Inalambrico USB 12F675\USB12F1822_USB16F18313_HID Serial w baud\USB12F1822_ボーレート可変_src\USB.asm
               GET_STATUS   0x00025a    program     static F:\picasm1\Inalambrico USB 12F675\USB12F1822_USB16F18313_HID Serial w baud\USB12F1822_ボーレート可変_src\USB.asm
                    GINSR   0x0002c3    program     static F:\picasm1\Inalambrico USB 12F675\USB12F1822_USB16F18313_HID Serial w baud\USB12F1822_ボーレート可変_src\USB.asm
                  INToken   0x000099    program     static F:\picasm1\Inalambrico USB 12F675\USB12F1822_USB16F18313_HID Serial w baud\USB12F1822_ボーレート可変_src\USB.asm
        IdentificarStdReq   0x00024b    program     static F:\picasm1\Inalambrico USB 12F675\USB12F1822_USB16F18313_HID Serial w baud\USB12F1822_ボーレート可変_src\USB.asm
          Identificar_PID   0x000070    program     static F:\picasm1\Inalambrico USB 12F675\USB12F1822_USB16F18313_HID Serial w baud\USB12F1822_ボーレート可変_src\USB.asm
      InsertarBitStuffing   0x0001d7    program     static F:\picasm1\Inalambrico USB 12F675\USB12F1822_USB16F18313_HID Serial w baud\USB12F1822_ボーレート可変_src\USB.asm
            InsertarCRC16   0x0001cf    program     static F:\picasm1\Inalambrico USB 12F675\USB12F1822_USB16F18313_HID Serial w baud\USB12F1822_ボーレート可変_src\USB.asm
        InterruptTransfer   0x0000f2    program     static F:\picasm1\Inalambrico USB 12F675\USB12F1822_USB16F18313_HID Serial w baud\USB12F1822_ボーレート可変_src\USB.asm
                  Label_0   0x000182    program     static F:\picasm1\Inalambrico USB 12F675\USB12F1822_USB16F18313_HID Serial w baud\USB12F1822_ボーレート可変_src\USB.asm
                  Label_1   0x00018f    program     static F:\picasm1\Inalambrico USB 12F675\USB12F1822_USB16F18313_HID Serial w baud\USB12F1822_ボーレート可変_src\USB.asm
                  Label_2   0x000198    program     static F:\picasm1\Inalambrico USB 12F675\USB12F1822_USB16F18313_HID Serial w baud\USB12F1822_ボーレート可変_src\USB.asm
                  Label_3   0x00019e    program     static F:\picasm1\Inalambrico USB 12F675\USB12F1822_USB16F18313_HID Serial w baud\USB12F1822_ボーレート可変_src\USB.asm
                  Label_4   0x0001b1    program     static F:\picasm1\Inalambrico USB 12F675\USB12F1822_USB16F18313_HID Serial w baud\USB12F1822_ボーレート可変_src\USB.asm
                  Label_5   0x0001e2    program     static F:\picasm1\Inalambrico USB 12F675\USB12F1822_USB16F18313_HID Serial w baud\USB12F1822_ボーレート可変_src\USB.asm
                  Label_6   0x0001ef    program     static F:\picasm1\Inalambrico USB 12F675\USB12F1822_USB16F18313_HID Serial w baud\USB12F1822_ボーレート可変_src\USB.asm
                  Label_7   0x0001f6    program     static F:\picasm1\Inalambrico USB 12F675\USB12F1822_USB16F18313_HID Serial w baud\USB12F1822_ボーレート可変_src\USB.asm
                  Label_8   0x0001fd    program     static F:\picasm1\Inalambrico USB 12F675\USB12F1822_USB16F18313_HID Serial w baud\USB12F1822_ボーレート可変_src\USB.asm
                  Label_9   0x00020a    program     static F:\picasm1\Inalambrico USB 12F675\USB12F1822_USB16F18313_HID Serial w baud\USB12F1822_ボーレート可変_src\USB.asm
                  Label_A   0x0002c4    program     static F:\picasm1\Inalambrico USB 12F675\USB12F1822_USB16F18313_HID Serial w baud\USB12F1822_ボーレート可変_src\USB.asm
           LeerDescriptor   0x000219    program     static F:\picasm1\Inalambrico USB 12F675\USB12F1822_USB16F18313_HID Serial w baud\USB12F1822_ボーレート可変_src\USB.asm
            LevantarTabla   0x0002fb    program     static F:\picasm1\Inalambrico USB 12F675\USB12F1822_USB16F18313_HID Serial w baud\USB12F1822_ボーレート可変_src\USB.asm
       LimpioInterrupcion   0x0000d6    program     static F:\picasm1\Inalambrico USB 12F675\USB12F1822_USB16F18313_HID Serial w baud\USB12F1822_ボーレート可変_src\USB.asm
            LoopPrincipal   0x000024    program     static F:\picasm1\Inalambrico USB 12F675\USB12F1822_USB16F18313_HID Serial w baud\USB12F1822_ボーレート可変_src\USB.asm
                     Main   0x0002e0    program     static F:\picasm1\Inalambrico USB 12F675\USB12F1822_USB16F18313_HID Serial w baud\USB12F1822_ボーレート可変_src\USB.asm
                MandarACK   0x0000fe    program     static F:\picasm1\Inalambrico USB 12F675\USB12F1822_USB16F18313_HID Serial w baud\USB12F1822_ボーレート可変_src\USB.asm
               MandarDATA   0x0000f4    program     static F:\picasm1\Inalambrico USB 12F675\USB12F1822_USB16F18313_HID Serial w baud\USB12F1822_ボーレート可変_src\USB.asm
                MandarNAK   0x0000fc    program     static F:\picasm1\Inalambrico USB 12F675\USB12F1822_USB16F18313_HID Serial w baud\USB12F1822_ボーレート可変_src\USB.asm
              MandarSTALL   0x0000f8    program     static F:\picasm1\Inalambrico USB 12F675\USB12F1822_USB16F18313_HID Serial w baud\USB12F1822_ボーレート可変_src\USB.asm
            MandarSigByte   0x00014c    program     static F:\picasm1\Inalambrico USB 12F675\USB12F1822_USB16F18313_HID Serial w baud\USB12F1822_ボーレート可変_src\USB.asm
                MandarZLP   0x0000b6    program     static F:\picasm1\Inalambrico USB 12F675\USB12F1822_USB16F18313_HID Serial w baud\USB12F1822_ボーレート可変_src\USB.asm
Mandar_CONFIGURATION_Descriptor   0x000290    program     static F:\picasm1\Inalambrico USB 12F675\USB12F1822_USB16F18313_HID Serial w baud\USB12F1822_ボーレート可変_src\USB.asm
 Mandar_DEVICE_Descriptor   0x00028b    program     static F:\picasm1\Inalambrico USB 12F675\USB12F1822_USB16F18313_HID Serial w baud\USB12F1822_ボーレート可変_src\USB.asm
Mandar_HIDReport_Descriptor   0x00029a    program     static F:\picasm1\Inalambrico USB 12F675\USB12F1822_USB16F18313_HID Serial w baud\USB12F1822_ボーレート可変_src\USB.asm
    Mandar_HID_Descriptor   0x000295    program     static F:\picasm1\Inalambrico USB 12F675\USB12F1822_USB16F18313_HID Serial w baud\USB12F1822_ボーレート可変_src\USB.asm
Mandar_STRING_Descriptors   0x00029f    program     static F:\picasm1\Inalambrico USB 12F675\USB12F1822_USB16F18313_HID Serial w baud\USB12F1822_ボーレート可変_src\USB.asm
                 OUTToken   0x000083    program     static F:\picasm1\Inalambrico USB 12F675\USB12F1822_USB16F18313_HID Serial w baud\USB12F1822_ボーレート可変_src\USB.asm
       PrepararDescriptor   0x000227    program     static F:\picasm1\Inalambrico USB 12F675\USB12F1822_USB16F18313_HID Serial w baud\USB12F1822_ボーレート可変_src\USB.asm
             ProcesarDATA   0x0000ca    program     static F:\picasm1\Inalambrico USB 12F675\USB12F1822_USB16F18313_HID Serial w baud\USB12F1822_ボーレート可変_src\USB.asm
            ProcesarSetup   0x000238    program     static F:\picasm1\Inalambrico USB 12F675\USB12F1822_USB16F18313_HID Serial w baud\USB12F1822_ボーレート可変_src\USB.asm
               ProcessOut   0x0002c9    program     static F:\picasm1\Inalambrico USB 12F675\USB12F1822_USB16F18313_HID Serial w baud\USB12F1822_ボーレート可変_src\USB.asm
             RecepcionUSB   0x000037    program     static F:\picasm1\Inalambrico USB 12F675\USB12F1822_USB16F18313_HID Serial w baud\USB12F1822_ボーレート可変_src\USB.asm
      RegresardeInterrupt   0x000085    program     static F:\picasm1\Inalambrico USB 12F675\USB12F1822_USB16F18313_HID Serial w baud\USB12F1822_ボーレート可変_src\USB.asm
              ResponderIN   0x0000af    program     static F:\picasm1\Inalambrico USB 12F675\USB12F1822_USB16F18313_HID Serial w baud\USB12F1822_ボーレート可変_src\USB.asm
               SETUPToken   0x000087    program     static F:\picasm1\Inalambrico USB 12F675\USB12F1822_USB16F18313_HID Serial w baud\USB12F1822_ボーレート可変_src\USB.asm
              SET_ADDRESS   0x000265    program     static F:\picasm1\Inalambrico USB 12F675\USB12F1822_USB16F18313_HID Serial w baud\USB12F1822_ボーレート可変_src\USB.asm
        SET_CONFIGURATION   0x0002b8    program     static F:\picasm1\Inalambrico USB 12F675\USB12F1822_USB16F18313_HID Serial w baud\USB12F1822_ボーレート可変_src\USB.asm
              SET_FEATURE   0x000263    program     static F:\picasm1\Inalambrico USB 12F675\USB12F1822_USB16F18313_HID Serial w baud\USB12F1822_ボーレート可変_src\USB.asm
            SET_INTERFACE   0x0002c0    program     static F:\picasm1\Inalambrico USB 12F675\USB12F1822_USB16F18313_HID Serial w baud\USB12F1822_ボーレート可変_src\USB.asm
              SYNCH_FRAME   0x0002c1    program     static F:\picasm1\Inalambrico USB 12F675\USB12F1822_USB16F18313_HID Serial w baud\USB12F1822_ボーレート可変_src\USB.asm
                   Set_BR   0x0002d6    program     static F:\picasm1\Inalambrico USB 12F675\USB12F1822_USB16F18313_HID Serial w baud\USB12F1822_ボーレート可変_src\USB.asm
                  SigNRZI   0x000170    program     static F:\picasm1\Inalambrico USB 12F675\USB12F1822_USB16F18313_HID Serial w baud\USB12F1822_ボーレート可変_src\USB.asm
       SiguienteDatoTabla   0x00021e    program     static F:\picasm1\Inalambrico USB 12F675\USB12F1822_USB16F18313_HID Serial w baud\USB12F1822_ボーレート可変_src\USB.asm
                 SincUSB1   0x000108    program     static F:\picasm1\Inalambrico USB 12F675\USB12F1822_USB16F18313_HID Serial w baud\USB12F1822_ボーレート可変_src\USB.asm
                 SincUSB2   0x000142    program     static F:\picasm1\Inalambrico USB 12F675\USB12F1822_USB16F18313_HID Serial w baud\USB12F1822_ボーレート可変_src\USB.asm
        StringDescriptor0   0x0002a4    program     static F:\picasm1\Inalambrico USB 12F675\USB12F1822_USB16F18313_HID Serial w baud\USB12F1822_ボーレート可変_src\USB.asm
        StringDescriptor1   0x0002a9    program     static F:\picasm1\Inalambrico USB 12F675\USB12F1822_USB16F18313_HID Serial w baud\USB12F1822_ボーレート可変_src\USB.asm
        StringDescriptor2   0x0002ae    program     static F:\picasm1\Inalambrico USB 12F675\USB12F1822_USB16F18313_HID Serial w baud\USB12F1822_ボーレート可変_src\USB.asm
                    TMovf   0x000006    program     static F:\picasm1\Inalambrico USB 12F675\USB12F1822_USB16F18313_HID Serial w baud\USB12F1822_ボーレート可変_src\USB.asm
                TodaviaNO   0x000081    program     static F:\picasm1\Inalambrico USB 12F675\USB12F1822_USB16F18313_HID Serial w baud\USB12F1822_ボーレート可変_src\USB.asm
                      ZLP   0x000129    program     static F:\picasm1\Inalambrico USB 12F675\USB12F1822_USB16F18313_HID Serial w baud\USB12F1822_ボーレート可変_src\USB.asm
             ZLPPendiente   0x0000b8    program     static F:\picasm1\Inalambrico USB 12F675\USB12F1822_USB16F18313_HID Serial w baud\USB12F1822_ボーレート可変_src\USB.asm
                   bReqNS   0x0002c2    program     static F:\picasm1\Inalambrico USB 12F675\USB12F1822_USB16F18313_HID Serial w baud\USB12F1822_ボーレート可変_src\USB.asm



                              Symbols - Sorted by Address
                     Name    Address   Location    Storage File                     
                ---------  ---------  ---------  --------- ---------                
                    TMovf   0x000006    program     static F:\picasm1\Inalambrico USB 12F675\USB12F1822_USB16F18313_HID Serial w baud\USB12F1822_ボーレート可変_src\USB.asm
               Configurar   0x000010    program     static F:\picasm1\Inalambrico USB 12F675\USB12F1822_USB16F18313_HID Serial w baud\USB12F1822_ボーレート可変_src\USB.asm
            LoopPrincipal   0x000024    program     static F:\picasm1\Inalambrico USB 12F675\USB12F1822_USB16F18313_HID Serial w baud\USB12F1822_ボーレート可変_src\USB.asm
       EsperoContinuacion   0x000029    program     static F:\picasm1\Inalambrico USB 12F675\USB12F1822_USB16F18313_HID Serial w baud\USB12F1822_ボーレート可変_src\USB.asm
                   EspInt   0x00002d    program     static F:\picasm1\Inalambrico USB 12F675\USB12F1822_USB16F18313_HID Serial w baud\USB12F1822_ボーレート可変_src\USB.asm
              DescTimeOut   0x000032    program     static F:\picasm1\Inalambrico USB 12F675\USB12F1822_USB16F18313_HID Serial w baud\USB12F1822_ボーレート可変_src\USB.asm
             RecepcionUSB   0x000037    program     static F:\picasm1\Inalambrico USB 12F675\USB12F1822_USB16F18313_HID Serial w baud\USB12F1822_ボーレート可変_src\USB.asm
       ContinuoRecibiendo   0x000052    program     static F:\picasm1\Inalambrico USB 12F675\USB12F1822_USB16F18313_HID Serial w baud\USB12F1822_ボーレート可変_src\USB.asm
          Identificar_PID   0x000070    program     static F:\picasm1\Inalambrico USB 12F675\USB12F1822_USB16F18313_HID Serial w baud\USB12F1822_ボーレート可変_src\USB.asm
                TodaviaNO   0x000081    program     static F:\picasm1\Inalambrico USB 12F675\USB12F1822_USB16F18313_HID Serial w baud\USB12F1822_ボーレート可変_src\USB.asm
                 OUTToken   0x000083    program     static F:\picasm1\Inalambrico USB 12F675\USB12F1822_USB16F18313_HID Serial w baud\USB12F1822_ボーレート可変_src\USB.asm
      RegresardeInterrupt   0x000085    program     static F:\picasm1\Inalambrico USB 12F675\USB12F1822_USB16F18313_HID Serial w baud\USB12F1822_ボーレート可変_src\USB.asm
               SETUPToken   0x000087    program     static F:\picasm1\Inalambrico USB 12F675\USB12F1822_USB16F18313_HID Serial w baud\USB12F1822_ボーレート可変_src\USB.asm
         ACKTokenRecibido   0x00008f    program     static F:\picasm1\Inalambrico USB 12F675\USB12F1822_USB16F18313_HID Serial w baud\USB12F1822_ボーレート可変_src\USB.asm
                  INToken   0x000099    program     static F:\picasm1\Inalambrico USB 12F675\USB12F1822_USB16F18313_HID Serial w baud\USB12F1822_ボーレート可変_src\USB.asm
              ResponderIN   0x0000af    program     static F:\picasm1\Inalambrico USB 12F675\USB12F1822_USB16F18313_HID Serial w baud\USB12F1822_ボーレート可変_src\USB.asm
      AsignarNuevoAddress   0x0000b2    program     static F:\picasm1\Inalambrico USB 12F675\USB12F1822_USB16F18313_HID Serial w baud\USB12F1822_ボーレート可変_src\USB.asm
                MandarZLP   0x0000b6    program     static F:\picasm1\Inalambrico USB 12F675\USB12F1822_USB16F18313_HID Serial w baud\USB12F1822_ボーレート可変_src\USB.asm
             ZLPPendiente   0x0000b8    program     static F:\picasm1\Inalambrico USB 12F675\USB12F1822_USB16F18313_HID Serial w baud\USB12F1822_ボーレート可変_src\USB.asm
             DATARecibido   0x0000ba    program     static F:\picasm1\Inalambrico USB 12F675\USB12F1822_USB16F18313_HID Serial w baud\USB12F1822_ボーレート可変_src\USB.asm
             ProcesarDATA   0x0000ca    program     static F:\picasm1\Inalambrico USB 12F675\USB12F1822_USB16F18313_HID Serial w baud\USB12F1822_ボーレート可変_src\USB.asm
       LimpioInterrupcion   0x0000d6    program     static F:\picasm1\Inalambrico USB 12F675\USB12F1822_USB16F18313_HID Serial w baud\USB12F1822_ボーレート可変_src\USB.asm
        InterruptTransfer   0x0000f2    program     static F:\picasm1\Inalambrico USB 12F675\USB12F1822_USB16F18313_HID Serial w baud\USB12F1822_ボーレート可変_src\USB.asm
               MandarDATA   0x0000f4    program     static F:\picasm1\Inalambrico USB 12F675\USB12F1822_USB16F18313_HID Serial w baud\USB12F1822_ボーレート可変_src\USB.asm
              MandarSTALL   0x0000f8    program     static F:\picasm1\Inalambrico USB 12F675\USB12F1822_USB16F18313_HID Serial w baud\USB12F1822_ボーレート可変_src\USB.asm
                MandarNAK   0x0000fc    program     static F:\picasm1\Inalambrico USB 12F675\USB12F1822_USB16F18313_HID Serial w baud\USB12F1822_ボーレート可変_src\USB.asm
                MandarACK   0x0000fe    program     static F:\picasm1\Inalambrico USB 12F675\USB12F1822_USB16F18313_HID Serial w baud\USB12F1822_ボーレート可変_src\USB.asm
           EscribirUSBPID   0x0000ff    program     static F:\picasm1\Inalambrico USB 12F675\USB12F1822_USB16F18313_HID Serial w baud\USB12F1822_ボーレート可変_src\USB.asm
                 SincUSB1   0x000108    program     static F:\picasm1\Inalambrico USB 12F675\USB12F1822_USB16F18313_HID Serial w baud\USB12F1822_ボーレート可変_src\USB.asm
                      ZLP   0x000129    program     static F:\picasm1\Inalambrico USB 12F675\USB12F1822_USB16F18313_HID Serial w baud\USB12F1822_ボーレート可変_src\USB.asm
             ConfEntradas   0x00012d    program     static F:\picasm1\Inalambrico USB 12F675\USB12F1822_USB16F18313_HID Serial w baud\USB12F1822_ボーレート可変_src\USB.asm
                   Espero   0x000134    program     static F:\picasm1\Inalambrico USB 12F675\USB12F1822_USB16F18313_HID Serial w baud\USB12F1822_ボーレート可変_src\USB.asm
          EscribirUSBDATA   0x000135    program     static F:\picasm1\Inalambrico USB 12F675\USB12F1822_USB16F18313_HID Serial w baud\USB12F1822_ボーレート可変_src\USB.asm
                 SincUSB2   0x000142    program     static F:\picasm1\Inalambrico USB 12F675\USB12F1822_USB16F18313_HID Serial w baud\USB12F1822_ボーレート可変_src\USB.asm
            MandarSigByte   0x00014c    program     static F:\picasm1\Inalambrico USB 12F675\USB12F1822_USB16F18313_HID Serial w baud\USB12F1822_ボーレート可変_src\USB.asm
         DesencriptarNRZI   0x00016b    program     static F:\picasm1\Inalambrico USB 12F675\USB12F1822_USB16F18313_HID Serial w baud\USB12F1822_ボーレート可変_src\USB.asm
                  SigNRZI   0x000170    program     static F:\picasm1\Inalambrico USB 12F675\USB12F1822_USB16F18313_HID Serial w baud\USB12F1822_ボーレート可変_src\USB.asm
                  Label_0   0x000182    program     static F:\picasm1\Inalambrico USB 12F675\USB12F1822_USB16F18313_HID Serial w baud\USB12F1822_ボーレート可変_src\USB.asm
                  Label_1   0x00018f    program     static F:\picasm1\Inalambrico USB 12F675\USB12F1822_USB16F18313_HID Serial w baud\USB12F1822_ボーレート可変_src\USB.asm
                  Label_2   0x000198    program     static F:\picasm1\Inalambrico USB 12F675\USB12F1822_USB16F18313_HID Serial w baud\USB12F1822_ボーレート可変_src\USB.asm
                  Label_3   0x00019e    program     static F:\picasm1\Inalambrico USB 12F675\USB12F1822_USB16F18313_HID Serial w baud\USB12F1822_ボーレート可変_src\USB.asm
            CalcularCRC16   0x0001a7    program     static F:\picasm1\Inalambrico USB 12F675\USB12F1822_USB16F18313_HID Serial w baud\USB12F1822_ボーレート可変_src\USB.asm
                  Label_4   0x0001b1    program     static F:\picasm1\Inalambrico USB 12F675\USB12F1822_USB16F18313_HID Serial w baud\USB12F1822_ボーレート可変_src\USB.asm
            InsertarCRC16   0x0001cf    program     static F:\picasm1\Inalambrico USB 12F675\USB12F1822_USB16F18313_HID Serial w baud\USB12F1822_ボーレート可変_src\USB.asm
      InsertarBitStuffing   0x0001d7    program     static F:\picasm1\Inalambrico USB 12F675\USB12F1822_USB16F18313_HID Serial w baud\USB12F1822_ボーレート可変_src\USB.asm
                  Label_5   0x0001e2    program     static F:\picasm1\Inalambrico USB 12F675\USB12F1822_USB16F18313_HID Serial w baud\USB12F1822_ボーレート可変_src\USB.asm
                  Label_6   0x0001ef    program     static F:\picasm1\Inalambrico USB 12F675\USB12F1822_USB16F18313_HID Serial w baud\USB12F1822_ボーレート可変_src\USB.asm
                  Label_7   0x0001f6    program     static F:\picasm1\Inalambrico USB 12F675\USB12F1822_USB16F18313_HID Serial w baud\USB12F1822_ボーレート可変_src\USB.asm
                  Label_8   0x0001fd    program     static F:\picasm1\Inalambrico USB 12F675\USB12F1822_USB16F18313_HID Serial w baud\USB12F1822_ボーレート可変_src\USB.asm
                  Label_9   0x00020a    program     static F:\picasm1\Inalambrico USB 12F675\USB12F1822_USB16F18313_HID Serial w baud\USB12F1822_ボーレート可変_src\USB.asm
                ContTabla   0x000213    program     static F:\picasm1\Inalambrico USB 12F675\USB12F1822_USB16F18313_HID Serial w baud\USB12F1822_ボーレート可変_src\USB.asm
           LeerDescriptor   0x000219    program     static F:\picasm1\Inalambrico USB 12F675\USB12F1822_USB16F18313_HID Serial w baud\USB12F1822_ボーレート可変_src\USB.asm
       SiguienteDatoTabla   0x00021e    program     static F:\picasm1\Inalambrico USB 12F675\USB12F1822_USB16F18313_HID Serial w baud\USB12F1822_ボーレート可変_src\USB.asm
       PrepararDescriptor   0x000227    program     static F:\picasm1\Inalambrico USB 12F675\USB12F1822_USB16F18313_HID Serial w baud\USB12F1822_ボーレート可変_src\USB.asm
            ProcesarSetup   0x000238    program     static F:\picasm1\Inalambrico USB 12F675\USB12F1822_USB16F18313_HID Serial w baud\USB12F1822_ボーレート可変_src\USB.asm
        IdentificarStdReq   0x00024b    program     static F:\picasm1\Inalambrico USB 12F675\USB12F1822_USB16F18313_HID Serial w baud\USB12F1822_ボーレート可変_src\USB.asm
               GET_STATUS   0x00025a    program     static F:\picasm1\Inalambrico USB 12F675\USB12F1822_USB16F18313_HID Serial w baud\USB12F1822_ボーレート可変_src\USB.asm
            CLEAR_FEATURE   0x000261    program     static F:\picasm1\Inalambrico USB 12F675\USB12F1822_USB16F18313_HID Serial w baud\USB12F1822_ボーレート可変_src\USB.asm
              SET_FEATURE   0x000263    program     static F:\picasm1\Inalambrico USB 12F675\USB12F1822_USB16F18313_HID Serial w baud\USB12F1822_ボーレート可変_src\USB.asm
              SET_ADDRESS   0x000265    program     static F:\picasm1\Inalambrico USB 12F675\USB12F1822_USB16F18313_HID Serial w baud\USB12F1822_ボーレート可変_src\USB.asm
              AddressNRZI   0x00026a    program     static F:\picasm1\Inalambrico USB 12F675\USB12F1822_USB16F18313_HID Serial w baud\USB12F1822_ボーレート可変_src\USB.asm
       GET_SET_DESCRIPTOR   0x000274    program     static F:\picasm1\Inalambrico USB 12F675\USB12F1822_USB16F18313_HID Serial w baud\USB12F1822_ボーレート可変_src\USB.asm
 Mandar_DEVICE_Descriptor   0x00028b    program     static F:\picasm1\Inalambrico USB 12F675\USB12F1822_USB16F18313_HID Serial w baud\USB12F1822_ボーレート可変_src\USB.asm
Mandar_CONFIGURATION_Descriptor   0x000290    program     static F:\picasm1\Inalambrico USB 12F675\USB12F1822_USB16F18313_HID Serial w baud\USB12F1822_ボーレート可変_src\USB.asm
    Mandar_HID_Descriptor   0x000295    program     static F:\picasm1\Inalambrico USB 12F675\USB12F1822_USB16F18313_HID Serial w baud\USB12F1822_ボーレート可変_src\USB.asm
Mandar_HIDReport_Descriptor   0x00029a    program     static F:\picasm1\Inalambrico USB 12F675\USB12F1822_USB16F18313_HID Serial w baud\USB12F1822_ボーレート可変_src\USB.asm
Mandar_STRING_Descriptors   0x00029f    program     static F:\picasm1\Inalambrico USB 12F675\USB12F1822_USB16F18313_HID Serial w baud\USB12F1822_ボーレート可変_src\USB.asm
        StringDescriptor0   0x0002a4    program     static F:\picasm1\Inalambrico USB 12F675\USB12F1822_USB16F18313_HID Serial w baud\USB12F1822_ボーレート可変_src\USB.asm
        StringDescriptor1   0x0002a9    program     static F:\picasm1\Inalambrico USB 12F675\USB12F1822_USB16F18313_HID Serial w baud\USB12F1822_ボーレート可変_src\USB.asm
        StringDescriptor2   0x0002ae    program     static F:\picasm1\Inalambrico USB 12F675\USB12F1822_USB16F18313_HID Serial w baud\USB12F1822_ボーレート可変_src\USB.asm
        GET_CONFIGURATION   0x0002b3    program     static F:\picasm1\Inalambrico USB 12F675\USB12F1822_USB16F18313_HID Serial w baud\USB12F1822_ボーレート可変_src\USB.asm
        SET_CONFIGURATION   0x0002b8    program     static F:\picasm1\Inalambrico USB 12F675\USB12F1822_USB16F18313_HID Serial w baud\USB12F1822_ボーレート可変_src\USB.asm
            GET_INTERFACE   0x0002bc    program     static F:\picasm1\Inalambrico USB 12F675\USB12F1822_USB16F18313_HID Serial w baud\USB12F1822_ボーレート可変_src\USB.asm
            SET_INTERFACE   0x0002c0    program     static F:\picasm1\Inalambrico USB 12F675\USB12F1822_USB16F18313_HID Serial w baud\USB12F1822_ボーレート可変_src\USB.asm
              SYNCH_FRAME   0x0002c1    program     static F:\picasm1\Inalambrico USB 12F675\USB12F1822_USB16F18313_HID Serial w baud\USB12F1822_ボーレート可変_src\USB.asm
                   bReqNS   0x0002c2    program     static F:\picasm1\Inalambrico USB 12F675\USB12F1822_USB16F18313_HID Serial w baud\USB12F1822_ボーレート可変_src\USB.asm
                    GINSR   0x0002c3    program     static F:\picasm1\Inalambrico USB 12F675\USB12F1822_USB16F18313_HID Serial w baud\USB12F1822_ボーレート可変_src\USB.asm
                  Label_A   0x0002c4    program     static F:\picasm1\Inalambrico USB 12F675\USB12F1822_USB16F18313_HID Serial w baud\USB12F1822_ボーレート可変_src\USB.asm
               ProcessOut   0x0002c9    program     static F:\picasm1\Inalambrico USB 12F675\USB12F1822_USB16F18313_HID Serial w baud\USB12F1822_ボーレート可変_src\USB.asm
                   Set_BR   0x0002d6    program     static F:\picasm1\Inalambrico USB 12F675\USB12F1822_USB16F18313_HID Serial w baud\USB12F1822_ボーレート可変_src\USB.asm
                     Main   0x0002e0    program     static F:\picasm1\Inalambrico USB 12F675\USB12F1822_USB16F18313_HID Serial w baud\USB12F1822_ボーレート可変_src\USB.asm
            LevantarTabla   0x0002fb    program     static F:\picasm1\Inalambrico USB 12F675\USB12F1822_USB16F18313_HID Serial w baud\USB12F1822_ボーレート可変_src\USB.asm


