GCASM List File (GCBASIC 0.98.<<>> 2018-05-27)

Symbols:
A 	EQU 	0
ABDEN 	EQU 	0
ABDOVF 	EQU 	7
ACCESS 	EQU 	0
ACKDT 	EQU 	5
ACKEN 	EQU 	4
ACKSTAT 	EQU 	6
ACQT0 	EQU 	3
ACQT1 	EQU 	4
ACQT2 	EQU 	5
ACTVIE 	EQU 	2
ACTVIF 	EQU 	2
ADCAL 	EQU 	6
ADCMD 	EQU 	0
ADCON0 	EQU 	4034
ADCON0_GO_DONE 	EQU 	1
ADCON1 	EQU 	4033
ADCS0 	EQU 	0
ADCS1 	EQU 	1
ADCS2 	EQU 	2
ADCTRIG 	EQU 	3768
ADDEN 	EQU 	3
ADDEN1 	EQU 	3
ADDEN2 	EQU 	3
ADDR0 	EQU 	0
ADDR1 	EQU 	1
ADDR2 	EQU 	2
ADDR3 	EQU 	3
ADDR4 	EQU 	4
ADDR5 	EQU 	5
ADDR6 	EQU 	6
ADEN 	EQU 	3
ADFM 	EQU 	7
ADIE 	EQU 	6
ADIF 	EQU 	6
ADIP 	EQU 	6
ADMSK1 	EQU 	1
ADMSK2 	EQU 	2
ADMSK3 	EQU 	3
ADMSK4 	EQU 	4
ADMSK5 	EQU 	5
ADON 	EQU 	0
ADREADPORT 	EQU 	10
ADRES 	EQU 	4035
ADRESH 	EQU 	4036
ADRESL 	EQU 	4035
ADTEMP 	EQU 	11
AFSR0 	EQU 	4073
AFSR0_H 	EQU 	4074
ALLANSEL 	EQU 	4033
ALRMCFG 	EQU 	3911
ALRMEN 	EQU 	7
ALRMPTR0 	EQU 	0
ALRMPTR1 	EQU 	1
ALRMRPT 	EQU 	3910
ALRMVALH 	EQU 	3909
ALRMVALL 	EQU 	3908
AMASK0 	EQU 	2
AMASK1 	EQU 	3
AMASK2 	EQU 	4
AMASK3 	EQU 	5
AN0 	EQU 	0
AN1 	EQU 	1
AN10 	EQU 	1
AN11 	EQU 	2
AN12 	EQU 	0
AN2 	EQU 	2
AN3 	EQU 	3
AN4 	EQU 	5
AN8 	EQU 	2
AN9 	EQU 	3
ANCON0 	EQU 	3912
ANCON1 	EQU 	3913
ARPT0 	EQU 	0
ARPT1 	EQU 	1
ARPT2 	EQU 	2
ARPT3 	EQU 	3
ARPT4 	EQU 	4
ARPT5 	EQU 	5
ARPT6 	EQU 	6
ARPT7 	EQU 	7
B 	EQU 	1
BANKED 	EQU 	1
BASPROGRAMEND 	EQU 	186
BASPROGRAMSTART 	EQU 	12
BAUDCON 	EQU 	3966
BAUDCON1 	EQU 	3966
BAUDCON2 	EQU 	3964
BAUDCON2_ABDEN 	EQU 	0
BAUDCON2_ABDOVF 	EQU 	7
BAUDCON2_BRG16 	EQU 	3
BAUDCON2_RCIDL 	EQU 	6
BAUDCON2_RXDTP 	EQU 	5
BAUDCON2_TXCKP 	EQU 	4
BAUDCON2_WUE 	EQU 	1
BAUDCON_ABDEN 	EQU 	0
BAUDCON_ABDOVF 	EQU 	7
BAUDCON_BRG16 	EQU 	3
BAUDCON_RCIDL 	EQU 	6
BAUDCON_RXDTP 	EQU 	5
BAUDCON_TXCKP 	EQU 	4
BAUDCON_WUE 	EQU 	1
BAUDCTL 	EQU 	3966
BAUDCTL_ABDEN 	EQU 	0
BAUDCTL_ABDOVF 	EQU 	7
BAUDCTL_BRG16 	EQU 	3
BAUDCTL_RCIDL 	EQU 	6
BAUDCTL_RXDTP 	EQU 	5
BAUDCTL_TXCKP 	EQU 	4
BAUDCTL_WUE 	EQU 	1
BCL1IE 	EQU 	3
BCL1IF 	EQU 	3
BCL1IP 	EQU 	3
BCL2IE 	EQU 	6
BCL2IF 	EQU 	6
BCL2IP 	EQU 	6
BCLIE 	EQU 	3
BCLIF 	EQU 	3
BCLIP 	EQU 	3
BF 	EQU 	0
BGVST 	EQU 	6
BOR 	EQU 	0
BRG16 	EQU 	3
BRGH 	EQU 	2
BRGH1 	EQU 	2
BRGH2 	EQU 	2
BSR 	EQU 	4064
BTOEE 	EQU 	4
BTOEF 	EQU 	4
BTSEE 	EQU 	7
BTSEF 	EQU 	7
C 	EQU 	0
C10TSEL0 	EQU 	4
C1INA 	EQU 	0
C1INB 	EQU 	3
C1INC 	EQU 	5
C1IND 	EQU 	2
C1TSEL0 	EQU 	0
C1TSEL1 	EQU 	1
C1TSEL2 	EQU 	2
C2INA 	EQU 	1
C2INB 	EQU 	2
C2INC 	EQU 	2
C2IND 	EQU 	2
C2TSEL0 	EQU 	3
C2TSEL1 	EQU 	4
C2TSEL2 	EQU 	5
C3INA 	EQU 	3
C3INB 	EQU 	2
C3INC 	EQU 	1
C3IND 	EQU 	0
C3TSEL0 	EQU 	6
C3TSEL1 	EQU 	7
C4TSEL0 	EQU 	0
C4TSEL1 	EQU 	1
C5TSEL0 	EQU 	2
C6TSEL0 	EQU 	4
C7TSEL0 	EQU 	6
C7TSEL1 	EQU 	7
C8TSEL0 	EQU 	0
C8TSEL1 	EQU 	1
C9TSEL0 	EQU 	2
CAL0 	EQU 	0
CAL1 	EQU 	1
CAL2 	EQU 	2
CAL3 	EQU 	3
CAL4 	EQU 	4
CAL5 	EQU 	5
CAL6 	EQU 	6
CAL7 	EQU 	7
CCH0 	EQU 	0
CCH1 	EQU 	1
CCP10 	EQU 	7
CCP10CON 	EQU 	3840
CCP10IE 	EQU 	7
CCP10IF 	EQU 	7
CCP10IP 	EQU 	7
CCP10M0 	EQU 	0
CCP10M1 	EQU 	1
CCP10M2 	EQU 	2
CCP10M3 	EQU 	3
CCP10MD 	EQU 	7
CCP10OD 	EQU 	3
CCP1CON 	EQU 	4026
CCP1IE 	EQU 	2
CCP1IF 	EQU 	2
CCP1IP 	EQU 	2
CCP1M0 	EQU 	0
CCP1M1 	EQU 	1
CCP1M2 	EQU 	2
CCP1M3 	EQU 	3
CCP1X 	EQU 	5
CCP1Y 	EQU 	4
CCP2CON 	EQU 	4020
CCP2IE 	EQU 	0
CCP2IF 	EQU 	0
CCP2IP 	EQU 	0
CCP2M0 	EQU 	0
CCP2M1 	EQU 	1
CCP2M2 	EQU 	2
CCP2M3 	EQU 	3
CCP2X 	EQU 	5
CCP2Y 	EQU 	4
CCP3CON 	EQU 	3861
CCP3IE 	EQU 	0
CCP3IF 	EQU 	0
CCP3IP 	EQU 	0
CCP3M0 	EQU 	0
CCP3M1 	EQU 	1
CCP3M2 	EQU 	2
CCP3M3 	EQU 	3
CCP4 	EQU 	4
CCP4CON 	EQU 	3858
CCP4IE 	EQU 	1
CCP4IF 	EQU 	1
CCP4IP 	EQU 	1
CCP4M0 	EQU 	0
CCP4M1 	EQU 	1
CCP4M2 	EQU 	2
CCP4M3 	EQU 	3
CCP4MD 	EQU 	1
CCP4OD 	EQU 	3
CCP5 	EQU 	5
CCP5CON 	EQU 	3855
CCP5IE 	EQU 	2
CCP5IF 	EQU 	2
CCP5IP 	EQU 	2
CCP5M0 	EQU 	0
CCP5M1 	EQU 	1
CCP5M2 	EQU 	2
CCP5M3 	EQU 	3
CCP5MD 	EQU 	2
CCP5OD 	EQU 	4
CCP6 	EQU 	6
CCP6CON 	EQU 	3852
CCP6IE 	EQU 	3
CCP6IF 	EQU 	3
CCP6IP 	EQU 	3
CCP6M0 	EQU 	0
CCP6M1 	EQU 	1
CCP6M2 	EQU 	2
CCP6M3 	EQU 	3
CCP6MD 	EQU 	3
CCP6OD 	EQU 	5
CCP7 	EQU 	7
CCP7CON 	EQU 	3849
CCP7IE 	EQU 	4
CCP7IF 	EQU 	4
CCP7IP 	EQU 	4
CCP7M0 	EQU 	0
CCP7M1 	EQU 	1
CCP7M2 	EQU 	2
CCP7M3 	EQU 	3
CCP7MD 	EQU 	4
CCP7OD 	EQU 	6
CCP8 	EQU 	1
CCP8CON 	EQU 	3846
CCP8IE 	EQU 	5
CCP8IF 	EQU 	5
CCP8IP 	EQU 	5
CCP8M0 	EQU 	0
CCP8M1 	EQU 	1
CCP8M2 	EQU 	2
CCP8M3 	EQU 	3
CCP8MD 	EQU 	5
CCP8OD 	EQU 	7
CCP9 	EQU 	6
CCP9CON 	EQU 	3843
CCP9IE 	EQU 	6
CCP9IF 	EQU 	6
CCP9IP 	EQU 	6
CCP9M0 	EQU 	0
CCP9M1 	EQU 	1
CCP9M2 	EQU 	2
CCP9M3 	EQU 	3
CCP9MD 	EQU 	6
CCP9OD 	EQU 	2
CCPR1 	EQU 	4027
CCPR10H 	EQU 	3842
CCPR10L 	EQU 	3841
CCPR1H 	EQU 	4028
CCPR1L 	EQU 	4027
CCPR2 	EQU 	4021
CCPR2H 	EQU 	4022
CCPR2L 	EQU 	4021
CCPR3H 	EQU 	3863
CCPR3L 	EQU 	3862
CCPR4H 	EQU 	3860
CCPR4L 	EQU 	3859
CCPR5H 	EQU 	3857
CCPR5L 	EQU 	3856
CCPR6H 	EQU 	3854
CCPR6L 	EQU 	3853
CCPR7H 	EQU 	3851
CCPR7L 	EQU 	3850
CCPR8H 	EQU 	3848
CCPR8L 	EQU 	3847
CCPR9H 	EQU 	3845
CCPR9L 	EQU 	3844
CCPTMRS0 	EQU 	3922
CCPTMRS1 	EQU 	3921
CCPTMRS2 	EQU 	3920
CHIME 	EQU 	6
CHS0 	EQU 	2
CHS1 	EQU 	3
CHS2 	EQU 	4
CHS3 	EQU 	5
CK1 	EQU 	6
CKE 	EQU 	6
CKP 	EQU 	4
CLKI 	EQU 	7
CLKO 	EQU 	6
CM 	EQU 	5
CM1CON 	EQU 	4050
CM1CON1 	EQU 	4050
CM1CON1_CCH0 	EQU 	0
CM1CON1_CCH1 	EQU 	1
CM1CON1_COE 	EQU 	6
CM1CON1_CON 	EQU 	7
CM1CON1_CPOL 	EQU 	5
CM1CON1_CREF 	EQU 	2
CM1CON1_EVPOL0 	EQU 	3
CM1CON1_EVPOL1 	EQU 	4
CM1IE 	EQU 	5
CM1IF 	EQU 	5
CM1IP 	EQU 	5
CM2CON 	EQU 	4049
CM2CON1 	EQU 	4049
CM2CON1_CCH0 	EQU 	0
CM2CON1_CCH1 	EQU 	1
CM2CON1_COE 	EQU 	6
CM2CON1_CON 	EQU 	7
CM2CON1_CPOL 	EQU 	5
CM2CON1_CREF 	EQU 	2
CM2CON1_EVPOL0 	EQU 	3
CM2CON1_EVPOL1 	EQU 	4
CM2CON_CCH0 	EQU 	0
CM2CON_CCH1 	EQU 	1
CM2CON_COE 	EQU 	6
CM2CON_CON 	EQU 	7
CM2CON_CPOL 	EQU 	5
CM2CON_CREF 	EQU 	2
CM2CON_EVPOL0 	EQU 	3
CM2CON_EVPOL1 	EQU 	4
CM2IE 	EQU 	6
CM2IF 	EQU 	6
CM2IP 	EQU 	6
CM3CON 	EQU 	3877
CM3CON_CCH0 	EQU 	0
CM3CON_CCH1 	EQU 	1
CM3CON_COE 	EQU 	6
CM3CON_CON 	EQU 	7
CM3CON_CPOL 	EQU 	5
CM3CON_CREF 	EQU 	2
CM3CON_EVPOL0 	EQU 	3
CM3CON_EVPOL1 	EQU 	4
CM3IE 	EQU 	5
CM3IF 	EQU 	5
CM3IP 	EQU 	5
CMP1MD 	EQU 	0
CMP2MD 	EQU 	1
CMP3MD 	EQU 	2
CMPL0 	EQU 	6
CMPL1 	EQU 	7
CMSTAT 	EQU 	3952
CMSTATUS 	EQU 	3952
CMSTATUS_COUT1 	EQU 	0
CMSTATUS_COUT2 	EQU 	1
CMSTATUS_COUT3 	EQU 	2
COE 	EQU 	6
COMPORT 	EQU 	12
CON 	EQU 	7
COUT1 	EQU 	0
COUT2 	EQU 	1
COUT3 	EQU 	2
CPOL 	EQU 	5
CRC16EE 	EQU 	2
CRC16EF 	EQU 	2
CRC5EE 	EQU 	1
CRC5EF 	EQU 	1
CREF 	EQU 	2
CREN 	EQU 	4
CREN1 	EQU 	4
CREN2 	EQU 	4
CSRC 	EQU 	7
CSRC1 	EQU 	7
CSRC2 	EQU 	7
CTED1 	EQU 	2
CTED2 	EQU 	3
CTMUCONH 	EQU 	4019
CTMUCONL 	EQU 	4018
CTMUEN 	EQU 	7
CTMUICON 	EQU 	4017
CTMUIE 	EQU 	2
CTMUIF 	EQU 	2
CTMUIP 	EQU 	2
CTMUMD 	EQU 	6
CTMUSIDL 	EQU 	5
CTPLS 	EQU 	2
CTTRIG 	EQU 	0
CVR0 	EQU 	0
CVR1 	EQU 	1
CVR2 	EQU 	2
CVR3 	EQU 	3
CVRCON 	EQU 	3923
CVREF 	EQU 	2
CVREN 	EQU 	7
CVROE 	EQU 	6
CVRR 	EQU 	5
CVRSS 	EQU 	4
D 	EQU 	5
D10US_START 	EQU 	238
DATA_ADDRESS 	EQU 	5
DC 	EQU 	1
DC10B0 	EQU 	4
DC10B1 	EQU 	5
DC1B0 	EQU 	4
DC1B1 	EQU 	5
DC2B0 	EQU 	4
DC2B1 	EQU 	5
DC3B0 	EQU 	4
DC3B1 	EQU 	5
DC4B0 	EQU 	4
DC4B1 	EQU 	5
DC5B0 	EQU 	4
DC5B1 	EQU 	5
DC6B0 	EQU 	4
DC6B1 	EQU 	5
DC7B0 	EQU 	4
DC7B1 	EQU 	5
DC8B0 	EQU 	4
DC8B1 	EQU 	5
DC9B0 	EQU 	4
DC9B1 	EQU 	5
DELAYTEMP 	EQU 	0
DELAYTEMP2 	EQU 	1
DELAYUS0 	EQU 	242
DELAY_10US 	EQU 	238
DELAY_MS 	EQU 	252
DELAY_S 	EQU 	280
DESCRIPTORHANDLER 	EQU 	190
DFN8EE 	EQU 	3
DFN8EF 	EQU 	3
DIR 	EQU 	2
DIV8NOTNEG 	EQU 	1446
DLYCYC0 	EQU 	4
DLYCYC1 	EQU 	5
DLYCYC2 	EQU 	6
DLYCYC3 	EQU 	7
DLYINTEN 	EQU 	1
DMABCH 	EQU 	3942
DMABCL 	EQU 	3943
DMACON1 	EQU 	3976
DMACON2 	EQU 	3974
DMAEN 	EQU 	0
DMS_INNER 	EQU 	262
DMS_OUTER 	EQU 	258
DMS_START 	EQU 	254
DONE 	EQU 	1
DS 	EQU 	3
DSBOR 	EQU 	1
DSCONH 	EQU 	3917
DSCONL 	EQU 	3916
DSEN 	EQU 	7
DSFLT 	EQU 	7
DSGPR0 	EQU 	3918
DSGPR1 	EQU 	3919
DSINT0 	EQU 	0
DSMCLR 	EQU 	2
DSPOR 	EQU 	0
DSRTC 	EQU 	3
DSULP 	EQU 	5
DSULPEN 	EQU 	1
DSWAKEH 	EQU 	3915
DSWAKEL 	EQU 	3914
DSWDT 	EQU 	4
DS_START 	EQU 	280
DT1 	EQU 	7
DUPLEX0 	EQU 	2
DUPLEX1 	EQU 	3
D_A 	EQU 	5
D_MINUS 	EQU 	4
D_NOT_A 	EQU 	5
D_PLUS 	EQU 	5
ECCP1AS 	EQU 	4030
ECCP1AS0 	EQU 	4
ECCP1AS1 	EQU 	5
ECCP1AS2 	EQU 	6
ECCP1ASE 	EQU 	7
ECCP1CON 	EQU 	4026
ECCP1CON_CCP1M0 	EQU 	0
ECCP1CON_CCP1M1 	EQU 	1
ECCP1CON_CCP1M2 	EQU 	2
ECCP1CON_CCP1M3 	EQU 	3
ECCP1CON_CCP1X 	EQU 	5
ECCP1CON_CCP1Y 	EQU 	4
ECCP1CON_DC1B0 	EQU 	4
ECCP1CON_DC1B1 	EQU 	5
ECCP1CON_P1M0 	EQU 	6
ECCP1CON_P1M1 	EQU 	7
ECCP1DEL 	EQU 	4029
ECCP1MD 	EQU 	5
ECCP1OD 	EQU 	0
ECCP2AS 	EQU 	4024
ECCP2AS0 	EQU 	4
ECCP2AS1 	EQU 	5
ECCP2AS2 	EQU 	6
ECCP2ASE 	EQU 	7
ECCP2CON 	EQU 	4020
ECCP2CON_CCP2M0 	EQU 	0
ECCP2CON_CCP2M1 	EQU 	1
ECCP2CON_CCP2M2 	EQU 	2
ECCP2CON_CCP2M3 	EQU 	3
ECCP2CON_CCP2X 	EQU 	5
ECCP2CON_CCP2Y 	EQU 	4
ECCP2CON_DC2B0 	EQU 	4
ECCP2CON_DC2B1 	EQU 	5
ECCP2CON_P2M0 	EQU 	6
ECCP2CON_P2M1 	EQU 	7
ECCP2DEL 	EQU 	4023
ECCP2MD 	EQU 	6
ECCP2OD 	EQU 	1
ECCP3AS 	EQU 	3865
ECCP3AS0 	EQU 	4
ECCP3AS1 	EQU 	5
ECCP3AS2 	EQU 	6
ECCP3ASE 	EQU 	7
ECCP3DEL 	EQU 	3864
ECCP3MD 	EQU 	7
ECCP3OD 	EQU 	2
EDG1POL 	EQU 	4
EDG1SEL0 	EQU 	2
EDG1SEL1 	EQU 	3
EDG1STAT 	EQU 	0
EDG2POL 	EQU 	7
EDG2SEL0 	EQU 	5
EDG2SEL1 	EQU 	6
EDG2STAT 	EQU 	1
EDGEN 	EQU 	3
EDGSEQEN 	EQU 	2
EECON1 	EQU 	4006
EECON2 	EQU 	4007
ELSE10_1 	EQU 	1808
ELSE12_1 	EQU 	2104
ELSE13_1 	EQU 	2090
ELSE15_1 	EQU 	2158
ELSE19_1 	EQU 	2260
ELSE23_1 	EQU 	2362
ELSE26_1 	EQU 	2534
ELSE27_1 	EQU 	2826
ELSE28_1 	EQU 	2634
ELSE40_1 	EQU 	1342
ENDIF1 	EQU 	84
ENDIF10 	EQU 	1816
ENDIF11 	EQU 	1948
ENDIF12 	EQU 	2106
ENDIF13 	EQU 	2094
ENDIF14 	EQU 	2144
ENDIF15 	EQU 	2162
ENDIF16 	EQU 	2172
ENDIF17 	EQU 	2216
ENDIF18 	EQU 	2246
ENDIF19 	EQU 	2264
ENDIF2 	EQU 	92
ENDIF20 	EQU 	2274
ENDIF21 	EQU 	2318
ENDIF22 	EQU 	2348
ENDIF23 	EQU 	2366
ENDIF24 	EQU 	2376
ENDIF25 	EQU 	2420
ENDIF26 	EQU 	2806
ENDIF27 	EQU 	2830
ENDIF28 	EQU 	2642
ENDIF29 	EQU 	2692
ENDIF3 	EQU 	1756
ENDIF30 	EQU 	2784
ENDIF31 	EQU 	2798
ENDIF32 	EQU 	1066
ENDIF33 	EQU 	1070
ENDIF34 	EQU 	1074
ENDIF35 	EQU 	1078
ENDIF36 	EQU 	694
ENDIF37 	EQU 	494
ENDIF38 	EQU 	458
ENDIF39 	EQU 	494
ENDIF4 	EQU 	1766
ENDIF40 	EQU 	1346
ENDIF41 	EQU 	378
ENDIF42 	EQU 	402
ENDIF43 	EQU 	418
ENDIF44 	EQU 	540
ENDIF45 	EQU 	608
ENDIF5 	EQU 	1774
ENDIF6 	EQU 	1974
ENDIF7 	EQU 	1978
ENDIF8 	EQU 	1982
ENDIF9 	EQU 	1986
ENDP0 	EQU 	3
ENDP1 	EQU 	4
ENDP2 	EQU 	5
ENDP3 	EQU 	6
EPCONDIS 	EQU 	3
EPHSHK 	EQU 	4
EPINEN 	EQU 	1
EPOUTEN 	EQU 	2
EPSTALL 	EQU 	0
ERRORHANDLER 	EQU 	296
EVPOL0 	EQU 	3
EVPOL1 	EQU 	4
F 	EQU 	1
FERR 	EQU 	2
FERR1 	EQU 	2
FERR2 	EQU 	2
FLTS 	EQU 	2
FN_HEX 	EQU 	354
FN_PEEK 	EQU 	1012
FN_READAD1016 	EQU 	1032
FREE 	EQU 	4
FRM0 	EQU 	0
FRM1 	EQU 	1
FRM10 	EQU 	2
FRM2 	EQU 	2
FRM3 	EQU 	3
FRM4 	EQU 	4
FRM5 	EQU 	5
FRM6 	EQU 	6
FRM7 	EQU 	7
FRM8 	EQU 	0
FRM9 	EQU 	1
FSEN 	EQU 	2
FSR0H 	EQU 	4074
FSR0L 	EQU 	4073
FSR1H 	EQU 	4066
FSR1L 	EQU 	4065
FSR2H 	EQU 	4058
FSR2L 	EQU 	4057
GCEN 	EQU 	7
GIE 	EQU 	7
GIEH 	EQU 	7
GIEL 	EQU 	6
GIE_GIEH 	EQU 	7
GO 	EQU 	1
GO_DONE 	EQU 	1
GO_NOT_DONE 	EQU 	1
HALFSEC 	EQU 	3
HEX 	EQU 	3720
HLVDCON 	EQU 	3973
HLVDEN 	EQU 	4
HLVDIE 	EQU 	2
HLVDIF 	EQU 	2
HLVDIN 	EQU 	5
HLVDIP 	EQU 	2
HLVDL0 	EQU 	0
HLVDL1 	EQU 	1
HLVDL2 	EQU 	2
HLVDL3 	EQU 	3
HSERPRINT264 	EQU 	430
HSERPRINT265 	EQU 	496
HSERPRINTCRLF 	EQU 	624
HSERPRINTCRLFCOUNT 	EQU 	13
HSERSEND 	EQU 	668
I2C_DAT 	EQU 	5
I2C_READ 	EQU 	2
I2C_START 	EQU 	3
I2C_STOP 	EQU 	4
IDISSEN 	EQU 	1
IDLEIE 	EQU 	4
IDLEIF 	EQU 	4
IDLEN 	EQU 	7
INDF0 	EQU 	4079
INDF1 	EQU 	4071
INDF2 	EQU 	4063
INITSYS 	EQU 	696
INITUSART 	EQU 	724
INITUSB 	EQU 	748
INT0 	EQU 	0
INT0E 	EQU 	4
INT0F 	EQU 	1
INT0IE 	EQU 	4
INT0IF 	EQU 	1
INT1E 	EQU 	3
INT1F 	EQU 	0
INT1IE 	EQU 	3
INT1IF 	EQU 	0
INT1IP 	EQU 	6
INT1P 	EQU 	6
INT2E 	EQU 	4
INT2F 	EQU 	1
INT2IE 	EQU 	4
INT2IF 	EQU 	1
INT2IP 	EQU 	7
INT2P 	EQU 	7
INT3E 	EQU 	5
INT3F 	EQU 	2
INT3IE 	EQU 	5
INT3IF 	EQU 	2
INT3IP 	EQU 	1
INT3P 	EQU 	1
INTCON 	EQU 	4082
INTCON2 	EQU 	4081
INTCON3 	EQU 	4080
INTEDG0 	EQU 	6
INTEDG1 	EQU 	5
INTEDG2 	EQU 	4
INTEDG3 	EQU 	3
INTERRUPT 	EQU 	852
INTERRUPTDONE 	EQU 	938
INTLVL0 	EQU 	0
INTLVL1 	EQU 	1
INTLVL2 	EQU 	2
INTLVL3 	EQU 	3
INTSRC 	EQU 	7
IOLOCK 	EQU 	0
IPEN 	EQU 	7
IPR1 	EQU 	3999
IPR2 	EQU 	4002
IPR3 	EQU 	4005
IPR4 	EQU 	3984
IPR5 	EQU 	3993
IRCF0 	EQU 	4
IRCF1 	EQU 	5
IRCF2 	EQU 	6
IRNG0 	EQU 	0
IRNG1 	EQU 	1
IRVST 	EQU 	5
ITRIM0 	EQU 	2
ITRIM1 	EQU 	3
ITRIM2 	EQU 	4
ITRIM3 	EQU 	5
ITRIM4 	EQU 	6
ITRIM5 	EQU 	7
KBI0 	EQU 	4
KBI1 	EQU 	5
KBI2 	EQU 	6
KBI3 	EQU 	7
LATA 	EQU 	3977
LATA0 	EQU 	0
LATA1 	EQU 	1
LATA2 	EQU 	2
LATA3 	EQU 	3
LATA5 	EQU 	5
LATA6 	EQU 	6
LATA7 	EQU 	7
LATB 	EQU 	3978
LATB0 	EQU 	0
LATB1 	EQU 	1
LATB2 	EQU 	2
LATB3 	EQU 	3
LATB4 	EQU 	4
LATB5 	EQU 	5
LATB6 	EQU 	6
LATB7 	EQU 	7
LATC 	EQU 	3979
LATC0 	EQU 	0
LATC1 	EQU 	1
LATC2 	EQU 	2
LATC6 	EQU 	6
LATC7 	EQU 	7
LVDIE 	EQU 	2
LVDIF 	EQU 	2
LVDIP 	EQU 	2
LVDSTAT 	EQU 	6
MEMADR 	EQU 	4073
MEMADR_H 	EQU 	4074
MEMDATA 	EQU 	16
MSK0 	EQU 	0
MSK1 	EQU 	1
MSK2 	EQU 	2
MSK3 	EQU 	3
MSK4 	EQU 	4
MSK5 	EQU 	5
MSK6 	EQU 	6
MSK7 	EQU 	7
N 	EQU 	4
NOTUSBIF 	EQU 	938
NOT_A 	EQU 	5
NOT_ADDRESS 	EQU 	5
NOT_BOR 	EQU 	0
NOT_CM 	EQU 	5
NOT_DONE 	EQU 	1
NOT_PD 	EQU 	2
NOT_POR 	EQU 	1
NOT_RBPU 	EQU 	7
NOT_RC8 	EQU 	6
NOT_RI 	EQU 	4
NOT_SS1 	EQU 	5
NOT_T1DONE 	EQU 	3
NOT_T1SYNC 	EQU 	2
NOT_T3DONE 	EQU 	3
NOT_T3SYNC 	EQU 	2
NOT_T5DONE 	EQU 	3
NOT_T5SYNC 	EQU 	2
NOT_TO 	EQU 	3
NOT_TX8 	EQU 	6
NOT_UOE 	EQU 	1
NOT_W 	EQU 	2
NOT_WRITE 	EQU 	2
ODCON1 	EQU 	3906
ODCON2 	EQU 	3905
ODCON3 	EQU 	3904
OERR 	EQU 	1
OERR1 	EQU 	1
OERR2 	EQU 	1
OSC1 	EQU 	7
OSC2 	EQU 	6
OSCCON 	EQU 	4051
OSCCON2 	EQU 	3975
OSCFIE 	EQU 	7
OSCFIF 	EQU 	7
OSCFIP 	EQU 	7
OSCTUNE 	EQU 	3995
OSTS 	EQU 	3
OUTVALUETEMP 	EQU 	17
OV 	EQU 	3
P 	EQU 	4
P1DC0 	EQU 	0
P1DC1 	EQU 	1
P1DC2 	EQU 	2
P1DC3 	EQU 	3
P1DC4 	EQU 	4
P1DC5 	EQU 	5
P1DC6 	EQU 	6
P1M0 	EQU 	6
P1M1 	EQU 	7
P1RSEN 	EQU 	7
P2DC0 	EQU 	0
P2DC1 	EQU 	1
P2DC2 	EQU 	2
P2DC3 	EQU 	3
P2DC4 	EQU 	4
P2DC5 	EQU 	5
P2DC6 	EQU 	6
P2M0 	EQU 	6
P2M1 	EQU 	7
P2RSEN 	EQU 	7
P3DC0 	EQU 	0
P3DC1 	EQU 	1
P3DC2 	EQU 	2
P3DC3 	EQU 	3
P3DC4 	EQU 	4
P3DC5 	EQU 	5
P3DC6 	EQU 	6
P3M0 	EQU 	6
P3M1 	EQU 	7
P3RSEN 	EQU 	7
PADCFG1 	EQU 	3900
PC 	EQU 	4089
PCFG0 	EQU 	0
PCFG1 	EQU 	1
PCFG10 	EQU 	2
PCFG11 	EQU 	3
PCFG12 	EQU 	4
PCFG2 	EQU 	2
PCFG3 	EQU 	3
PCFG4 	EQU 	4
PCFG8 	EQU 	0
PCFG9 	EQU 	1
PCL 	EQU 	4089
PCLATH 	EQU 	4090
PCLATU 	EQU 	4091
PD 	EQU 	2
PD0 	EQU 	3769
PD1 	EQU 	3770
PD2 	EQU 	3771
PD3 	EQU 	3772
PEEK 	EQU 	18
PEIE 	EQU 	6
PEIE_GIEL 	EQU 	6
PEN 	EQU 	2
PGC 	EQU 	6
PGD 	EQU 	7
PIDEE 	EQU 	0
PIDEF 	EQU 	0
PIE1 	EQU 	3997
PIE2 	EQU 	4000
PIE3 	EQU 	4003
PIE4 	EQU 	3982
PIE5 	EQU 	3985
PIR1 	EQU 	3998
PIR2 	EQU 	4001
PIR3 	EQU 	4004
PIR4 	EQU 	3983
PIR5 	EQU 	3992
PKTDIS 	EQU 	4
PLLEN 	EQU 	6
PLUSW0 	EQU 	4075
PLUSW1 	EQU 	4067
PLUSW2 	EQU 	4059
PMDADC 	EQU 	0
PMDCCP10 	EQU 	7
PMDCCP4 	EQU 	1
PMDCCP5 	EQU 	2
PMDCCP6 	EQU 	3
PMDCCP7 	EQU 	4
PMDCCP8 	EQU 	5
PMDCCP9 	EQU 	6
PMDCMP1 	EQU 	0
PMDCMP2 	EQU 	1
PMDCMP3 	EQU 	2
PMDCTMU 	EQU 	6
PMDECCP1 	EQU 	5
PMDECCP2 	EQU 	6
PMDECCP3 	EQU 	7
PMDIS0 	EQU 	3769
PMDIS0_ADCMD 	EQU 	0
PMDIS0_ECCP1MD 	EQU 	5
PMDIS0_ECCP2MD 	EQU 	6
PMDIS0_ECCP3MD 	EQU 	7
PMDIS0_PMDADC 	EQU 	0
PMDIS0_PMDECCP1 	EQU 	5
PMDIS0_PMDECCP2 	EQU 	6
PMDIS0_PMDECCP3 	EQU 	7
PMDIS0_PMDMSSP1 	EQU 	1
PMDIS0_PMDMSSP2 	EQU 	2
PMDIS0_PMDUART1 	EQU 	3
PMDIS0_PMDUART2 	EQU 	4
PMDIS0_SPI1MD 	EQU 	1
PMDIS0_SPI2MD 	EQU 	2
PMDIS0_UART1MD 	EQU 	3
PMDIS0_UART2MD 	EQU 	4
PMDIS1 	EQU 	3770
PMDIS1_CTMUMD 	EQU 	6
PMDIS1_PMDCTMU 	EQU 	6
PMDIS1_PMDRTCC 	EQU 	5
PMDIS1_PMDTMR1 	EQU 	1
PMDIS1_PMDTMR2 	EQU 	2
PMDIS1_PMDTMR3 	EQU 	3
PMDIS1_PMDTMR4 	EQU 	4
PMDIS1_RTCCMD 	EQU 	5
PMDIS1_TMR1MD 	EQU 	1
PMDIS1_TMR2MD 	EQU 	2
PMDIS1_TMR3MD 	EQU 	3
PMDIS1_TMR4MD 	EQU 	4
PMDIS2 	EQU 	3771
PMDIS2_CMP1MD 	EQU 	0
PMDIS2_CMP2MD 	EQU 	1
PMDIS2_CMP3MD 	EQU 	2
PMDIS2_PMDCMP1 	EQU 	0
PMDIS2_PMDCMP2 	EQU 	1
PMDIS2_PMDCMP3 	EQU 	2
PMDIS2_PMDTMR5 	EQU 	3
PMDIS2_PMDTMR6 	EQU 	4
PMDIS2_PMDTMR8 	EQU 	6
PMDIS2_TMR5MD 	EQU 	3
PMDIS2_TMR6MD 	EQU 	4
PMDIS2_TMR8MD 	EQU 	6
PMDIS3 	EQU 	3772
PMDIS3_CCP10MD 	EQU 	7
PMDIS3_CCP4MD 	EQU 	1
PMDIS3_CCP5MD 	EQU 	2
PMDIS3_CCP6MD 	EQU 	3
PMDIS3_CCP7MD 	EQU 	4
PMDIS3_CCP8MD 	EQU 	5
PMDIS3_CCP9MD 	EQU 	6
PMDIS3_PMDCCP10 	EQU 	7
PMDIS3_PMDCCP4 	EQU 	1
PMDIS3_PMDCCP5 	EQU 	2
PMDIS3_PMDCCP6 	EQU 	3
PMDIS3_PMDCCP7 	EQU 	4
PMDIS3_PMDCCP8 	EQU 	5
PMDIS3_PMDCCP9 	EQU 	6
PMDMSSP1 	EQU 	1
PMDMSSP2 	EQU 	2
PMDRTCC 	EQU 	5
PMDTMR1 	EQU 	1
PMDTMR2 	EQU 	2
PMDTMR3 	EQU 	3
PMDTMR4 	EQU 	4
PMDTMR5 	EQU 	3
PMDTMR6 	EQU 	4
PMDTMR8 	EQU 	6
PMDUART1 	EQU 	3
PMDUART2 	EQU 	4
POKE 	EQU 	1026
POR 	EQU 	1
PORTA 	EQU 	3968
PORTB 	EQU 	3969
PORTC 	EQU 	3970
POSTDEC0 	EQU 	4077
POSTDEC1 	EQU 	4069
POSTDEC2 	EQU 	4061
POSTINC0 	EQU 	4078
POSTINC1 	EQU 	4070
POSTINC2 	EQU 	4062
PPB0 	EQU 	0
PPB1 	EQU 	1
PPBI 	EQU 	1
PPBRST 	EQU 	6
PPSCON 	EQU 	3775
PR2 	EQU 	4043
PR4 	EQU 	3959
PR6 	EQU 	3871
PR8 	EQU 	3868
PREINC0 	EQU 	4076
PREINC1 	EQU 	4068
PREINC2 	EQU 	4060
PRINTLEN 	EQU 	19
PRISD 	EQU 	2
PROD 	EQU 	4083
PRODH 	EQU 	4084
PRODL 	EQU 	4083
PSA 	EQU 	3
PSS1AC0 	EQU 	2
PSS1AC1 	EQU 	3
PSS1BD0 	EQU 	0
PSS1BD1 	EQU 	1
PSS2AC0 	EQU 	2
PSS2AC1 	EQU 	3
PSS2BD0 	EQU 	0
PSS2BD1 	EQU 	1
PSS3AC0 	EQU 	2
PSS3AC1 	EQU 	3
PSS3BD0 	EQU 	0
PSS3BD1 	EQU 	1
PSTR1CON 	EQU 	4031
PSTR2CON 	EQU 	4025
PSTR2CON_CMPL0 	EQU 	6
PSTR2CON_CMPL1 	EQU 	7
PSTR2CON_P2DC0 	EQU 	0
PSTR2CON_P2DC1 	EQU 	1
PSTR2CON_P2DC2 	EQU 	2
PSTR2CON_P2DC3 	EQU 	3
PSTR2CON_P2DC4 	EQU 	4
PSTR2CON_P2DC5 	EQU 	5
PSTR2CON_P2DC6 	EQU 	6
PSTR2CON_STRA 	EQU 	0
PSTR2CON_STRB 	EQU 	1
PSTR2CON_STRC 	EQU 	2
PSTR2CON_STRD 	EQU 	3
PSTR2CON_STRSYNC 	EQU 	4
PSTR3CON 	EQU 	3866
PSTR3CON_CMPL0 	EQU 	6
PSTR3CON_CMPL1 	EQU 	7
PSTR3CON_STRA 	EQU 	0
PSTR3CON_STRB 	EQU 	1
PSTR3CON_STRC 	EQU 	2
PSTR3CON_STRD 	EQU 	3
PSTR3CON_STRSYNC 	EQU 	4
PWM1CON 	EQU 	4029
PWM1CON_P1DC0 	EQU 	0
PWM1CON_P1DC1 	EQU 	1
PWM1CON_P1DC2 	EQU 	2
PWM1CON_P1DC3 	EQU 	3
PWM1CON_P1DC4 	EQU 	4
PWM1CON_P1DC5 	EQU 	5
PWM1CON_P1DC6 	EQU 	6
PWM1CON_P1RSEN 	EQU 	7
PWM2CON 	EQU 	4023
PWM2CON_P2DC0 	EQU 	0
PWM2CON_P2DC1 	EQU 	1
PWM2CON_P2DC2 	EQU 	2
PWM2CON_P2DC3 	EQU 	3
PWM2CON_P2DC4 	EQU 	4
PWM2CON_P2DC5 	EQU 	5
PWM2CON_P2DC6 	EQU 	6
PWM2CON_P2RSEN 	EQU 	7
R 	EQU 	2
RA0 	EQU 	0
RA1 	EQU 	1
RA2 	EQU 	2
RA3 	EQU 	3
RA5 	EQU 	5
RA6 	EQU 	6
RA7 	EQU 	7
RB0 	EQU 	0
RB1 	EQU 	1
RB2 	EQU 	2
RB3 	EQU 	3
RB4 	EQU 	4
RB5 	EQU 	5
RB6 	EQU 	6
RB7 	EQU 	7
RBIE 	EQU 	3
RBIF 	EQU 	0
RBIP 	EQU 	0
RBPU 	EQU 	7
RC0 	EQU 	0
RC1 	EQU 	1
RC1IE 	EQU 	5
RC1IF 	EQU 	5
RC1IP 	EQU 	5
RC2 	EQU 	2
RC2IE 	EQU 	5
RC2IF 	EQU 	5
RC2IP 	EQU 	5
RC4 	EQU 	4
RC5 	EQU 	5
RC6 	EQU 	6
RC7 	EQU 	7
RC8_9 	EQU 	6
RC9 	EQU 	6
RCD8 	EQU 	0
RCEN 	EQU 	3
RCIDL 	EQU 	6
RCIE 	EQU 	5
RCIF 	EQU 	5
RCIP 	EQU 	5
RCON 	EQU 	4048
RCREG 	EQU 	4015
RCREG1 	EQU 	4015
RCREG2 	EQU 	4010
RCSTA 	EQU 	4012
RCSTA1 	EQU 	4012
RCSTA2 	EQU 	3996
RCSTA2_ADDEN 	EQU 	3
RCSTA2_CREN 	EQU 	4
RCSTA2_FERR 	EQU 	2
RCSTA2_OERR 	EQU 	1
RCSTA2_RX9 	EQU 	6
RCSTA2_RX9D 	EQU 	0
RCSTA2_SPEN 	EQU 	7
RCSTA2_SREN 	EQU 	5
RCSTA_ADDEN 	EQU 	3
RCSTA_ADDEN1 	EQU 	3
RCSTA_ADEN 	EQU 	3
RCSTA_CREN 	EQU 	4
RCSTA_CREN1 	EQU 	4
RCSTA_FERR 	EQU 	2
RCSTA_FERR1 	EQU 	2
RCSTA_NOT_RC8 	EQU 	6
RCSTA_OERR 	EQU 	1
RCSTA_OERR1 	EQU 	1
RCSTA_RC8_9 	EQU 	6
RCSTA_RC9 	EQU 	6
RCSTA_RCD8 	EQU 	0
RCSTA_RX9 	EQU 	6
RCSTA_RX91 	EQU 	6
RCSTA_RX9D 	EQU 	0
RCSTA_RX9D1 	EQU 	0
RCSTA_SPEN 	EQU 	7
RCSTA_SPEN1 	EQU 	7
RCSTA_SREN 	EQU 	5
RCSTA_SREN1 	EQU 	5
RCV 	EQU 	5
RD16 	EQU 	1
READAD10 	EQU 	20
READAD10_H 	EQU 	21
READ_WRITE 	EQU 	2
REFO 	EQU 	2
REFOCON 	EQU 	3901
REGSLP 	EQU 	7
RELEASE 	EQU 	0
RESUME 	EQU 	2
RI 	EQU 	4
RODIV0 	EQU 	0
RODIV1 	EQU 	1
RODIV2 	EQU 	2
RODIV3 	EQU 	3
ROON 	EQU 	7
ROSEL 	EQU 	4
ROSSLP 	EQU 	5
RP0 	EQU 	0
RP1 	EQU 	1
RP10 	EQU 	7
RP11 	EQU 	0
RP12 	EQU 	1
RP13 	EQU 	2
RP17 	EQU 	6
RP18 	EQU 	7
RP2 	EQU 	5
RP3 	EQU 	0
RP4 	EQU 	1
RP5 	EQU 	2
RP6 	EQU 	3
RP7 	EQU 	4
RP8 	EQU 	5
RP9 	EQU 	6
RPINR1 	EQU 	3809
RPINR12 	EQU 	3826
RPINR13 	EQU 	3827
RPINR14 	EQU 	3828
RPINR15 	EQU 	3815
RPINR16 	EQU 	3831
RPINR17 	EQU 	3832
RPINR2 	EQU 	3810
RPINR21 	EQU 	3836
RPINR22 	EQU 	3837
RPINR23 	EQU 	3838
RPINR24 	EQU 	3839
RPINR3 	EQU 	3811
RPINR4 	EQU 	3812
RPINR6 	EQU 	3814
RPINR7 	EQU 	3816
RPINR8 	EQU 	3817
RPINR9 	EQU 	3818
RPOR0 	EQU 	3776
RPOR1 	EQU 	3777
RPOR10 	EQU 	3786
RPOR11 	EQU 	3787
RPOR12 	EQU 	3788
RPOR13 	EQU 	3789
RPOR17 	EQU 	3793
RPOR18 	EQU 	3794
RPOR2 	EQU 	3778
RPOR3 	EQU 	3779
RPOR4 	EQU 	3780
RPOR5 	EQU 	3781
RPOR6 	EQU 	3782
RPOR7 	EQU 	3783
RPOR8 	EQU 	3784
RPOR9 	EQU 	3785
RSEN 	EQU 	1
RTCC 	EQU 	1
RTCCAL 	EQU 	3902
RTCCFG 	EQU 	3903
RTCCIE 	EQU 	0
RTCCIF 	EQU 	0
RTCCIP 	EQU 	0
RTCCMD 	EQU 	5
RTCEN 	EQU 	7
RTCOE 	EQU 	2
RTCPTR0 	EQU 	0
RTCPTR1 	EQU 	1
RTCSYNC 	EQU 	4
RTCVALH 	EQU 	3899
RTCVALL 	EQU 	3898
RTCWDIS 	EQU 	0
RTCWREN 	EQU 	5
RTSECSEL0 	EQU 	1
RTSECSEL1 	EQU 	2
RX1 	EQU 	7
RX9 	EQU 	6
RX91 	EQU 	6
RX92 	EQU 	6
RX9D 	EQU 	0
RX9D1 	EQU 	0
RX9D2 	EQU 	0
RXADDRH 	EQU 	3944
RXADDRL 	EQU 	3945
RXDTP 	EQU 	5
RXINC 	EQU 	4
R_NOT_W 	EQU 	2
R_W 	EQU 	2
S 	EQU 	3
SAVEDELAYTEMP2 	EQU 	22
SAVEFSR0H 	EQU 	23
SAVEFSR0L 	EQU 	24
SAVEFSR1H 	EQU 	25
SAVEFSR1L 	EQU 	26
SAVESYSBYTETEMPA 	EQU 	27
SAVESYSBYTETEMPB 	EQU 	28
SAVESYSBYTETEMPX 	EQU 	29
SAVESYSDIVLOOP 	EQU 	30
SAVESYSSTRINGA 	EQU 	31
SAVESYSSTRINGLENGTH 	EQU 	32
SAVESYSTEMP1 	EQU 	33
SAVESYSTEMP2 	EQU 	34
SAVESYSWAITTEMPMS 	EQU 	35
SAVESYSWAITTEMPMS_H 	EQU 	36
SCK1 	EQU 	4
SCL1 	EQU 	4
SCS0 	EQU 	0
SCS1 	EQU 	1
SDA1 	EQU 	5
SDI1 	EQU 	5
SDO1 	EQU 	7
SE0 	EQU 	5
SEN 	EQU 	0
SENDB 	EQU 	3
SENDB1 	EQU 	3
SENDB2 	EQU 	3
SENSORVALUE1 	EQU 	37
SENSORVALUE1_H 	EQU 	38
SENSORVALUE2 	EQU 	39
SENSORVALUE2_H 	EQU 	40
SENSORVALUE3 	EQU 	41
SENSORVALUE3_H 	EQU 	42
SENSORVALUE4 	EQU 	43
SENSORVALUE4_H 	EQU 	44
SERDATA 	EQU 	45
SERPRINTVAL 	EQU 	46
SETUPHANDLER 	EQU 	1112
SMP 	EQU 	7
SOFIE 	EQU 	6
SOFIF 	EQU 	6
SOSCDRV 	EQU 	4
SOSCGO 	EQU 	3
SOSCRUN 	EQU 	6
SP0 	EQU 	0
SP1 	EQU 	1
SP2 	EQU 	2
SP3 	EQU 	3
SP4 	EQU 	4
SPBRG 	EQU 	4016
SPBRG1 	EQU 	4016
SPBRG2 	EQU 	4011
SPBRGH 	EQU 	3967
SPBRGH1 	EQU 	3967
SPBRGH2 	EQU 	3965
SPEN 	EQU 	7
SPEN1 	EQU 	7
SPEN2 	EQU 	7
SPI1MD 	EQU 	1
SPI1OD 	EQU 	0
SPI2MD 	EQU 	2
SPI2OD 	EQU 	1
SRC0 	EQU 	0
SRC1 	EQU 	1
SREN 	EQU 	5
SREN1 	EQU 	5
SREN2 	EQU 	5
SSCON0 	EQU 	6
SSCON1 	EQU 	7
SSP1ADD 	EQU 	4040
SSP1BUF 	EQU 	4041
SSP1CON1 	EQU 	4038
SSP1CON2 	EQU 	4037
SSP1IE 	EQU 	3
SSP1IF 	EQU 	3
SSP1IP 	EQU 	3
SSP1MSK 	EQU 	4040
SSP1STAT 	EQU 	4039
SSP2ADD 	EQU 	3956
SSP2BUF 	EQU 	3957
SSP2CON1 	EQU 	3954
SSP2CON1_CKP 	EQU 	4
SSP2CON1_SSPEN 	EQU 	5
SSP2CON1_SSPM0 	EQU 	0
SSP2CON1_SSPM1 	EQU 	1
SSP2CON1_SSPM2 	EQU 	2
SSP2CON1_SSPM3 	EQU 	3
SSP2CON1_SSPOV 	EQU 	6
SSP2CON1_WCOL 	EQU 	7
SSP2CON2 	EQU 	3953
SSP2CON2_ACKDT 	EQU 	5
SSP2CON2_ACKEN 	EQU 	4
SSP2CON2_ACKSTAT 	EQU 	6
SSP2CON2_ADMSK1 	EQU 	1
SSP2CON2_ADMSK2 	EQU 	2
SSP2CON2_ADMSK3 	EQU 	3
SSP2CON2_ADMSK4 	EQU 	4
SSP2CON2_ADMSK5 	EQU 	5
SSP2CON2_GCEN 	EQU 	7
SSP2CON2_PEN 	EQU 	2
SSP2CON2_RCEN 	EQU 	3
SSP2CON2_RSEN 	EQU 	1
SSP2CON2_SEN 	EQU 	0
SSP2IE 	EQU 	7
SSP2IF 	EQU 	7
SSP2IP 	EQU 	7
SSP2MSK 	EQU 	3956
SSP2MSK_MSK0 	EQU 	0
SSP2MSK_MSK1 	EQU 	1
SSP2MSK_MSK2 	EQU 	2
SSP2MSK_MSK3 	EQU 	3
SSP2MSK_MSK4 	EQU 	4
SSP2MSK_MSK5 	EQU 	5
SSP2MSK_MSK6 	EQU 	6
SSP2MSK_MSK7 	EQU 	7
SSP2STAT 	EQU 	3955
SSP2STAT_BF 	EQU 	0
SSP2STAT_CKE 	EQU 	6
SSP2STAT_D_NOT_A 	EQU 	5
SSP2STAT_P 	EQU 	4
SSP2STAT_R_NOT_W 	EQU 	2
SSP2STAT_S 	EQU 	3
SSP2STAT_SMP 	EQU 	7
SSP2STAT_UA 	EQU 	1
SSPADD 	EQU 	4040
SSPBUF 	EQU 	4041
SSPCON1 	EQU 	4038
SSPCON1_CKP 	EQU 	4
SSPCON1_SSPEN 	EQU 	5
SSPCON1_SSPM0 	EQU 	0
SSPCON1_SSPM1 	EQU 	1
SSPCON1_SSPM2 	EQU 	2
SSPCON1_SSPM3 	EQU 	3
SSPCON1_SSPOV 	EQU 	6
SSPCON1_WCOL 	EQU 	7
SSPCON2 	EQU 	4037
SSPCON2_ACKDT 	EQU 	5
SSPCON2_ACKEN 	EQU 	4
SSPCON2_ACKSTAT 	EQU 	6
SSPCON2_ADMSK1 	EQU 	1
SSPCON2_ADMSK2 	EQU 	2
SSPCON2_ADMSK3 	EQU 	3
SSPCON2_ADMSK4 	EQU 	4
SSPCON2_ADMSK5 	EQU 	5
SSPCON2_GCEN 	EQU 	7
SSPCON2_PEN 	EQU 	2
SSPCON2_RCEN 	EQU 	3
SSPCON2_RSEN 	EQU 	1
SSPCON2_SEN 	EQU 	0
SSPEN 	EQU 	5
SSPIE 	EQU 	3
SSPIF 	EQU 	3
SSPIP 	EQU 	3
SSPM0 	EQU 	0
SSPM1 	EQU 	1
SSPM2 	EQU 	2
SSPM3 	EQU 	3
SSPOV 	EQU 	6
SSPSTAT 	EQU 	4039
SSPSTAT_BF 	EQU 	0
SSPSTAT_CKE 	EQU 	6
SSPSTAT_D 	EQU 	5
SSPSTAT_DATA_ADDRESS 	EQU 	5
SSPSTAT_D_A 	EQU 	5
SSPSTAT_D_NOT_A 	EQU 	5
SSPSTAT_I2C_DAT 	EQU 	5
SSPSTAT_I2C_READ 	EQU 	2
SSPSTAT_I2C_START 	EQU 	3
SSPSTAT_I2C_STOP 	EQU 	4
SSPSTAT_NOT_A 	EQU 	5
SSPSTAT_NOT_ADDRESS 	EQU 	5
SSPSTAT_NOT_W 	EQU 	2
SSPSTAT_NOT_WRITE 	EQU 	2
SSPSTAT_P 	EQU 	4
SSPSTAT_R 	EQU 	2
SSPSTAT_READ_WRITE 	EQU 	2
SSPSTAT_R_NOT_W 	EQU 	2
SSPSTAT_R_W 	EQU 	2
SSPSTAT_S 	EQU 	3
SSPSTAT_SMP 	EQU 	7
SSPSTAT_UA 	EQU 	1
STALLIE 	EQU 	5
STALLIF 	EQU 	5
STATUS 	EQU 	4056
STKFUL 	EQU 	7
STKOVF 	EQU 	7
STKPTR 	EQU 	4092
STKUNF 	EQU 	6
STRA 	EQU 	0
STRB 	EQU 	1
STRC 	EQU 	2
STRD 	EQU 	3
STRINGPOINTER 	EQU 	47
STRINGTABLE1 	EQU 	1490
STRINGTABLE2 	EQU 	1508
STRINGTABLE3 	EQU 	1516
STRINGTABLE4 	EQU 	1518
STRINGTABLE5 	EQU 	1524
STRINGTABLE6 	EQU 	1530
STRINGTABLE9 	EQU 	1540
STRSYNC 	EQU 	4
SUSPND 	EQU 	1
SWDTE 	EQU 	0
SWDTEN 	EQU 	0
SYNC 	EQU 	4
SYNC1 	EQU 	4
SYNC2 	EQU 	4
SYSBSR 	EQU 	48
SYSBYTETEMPA 	EQU 	5
SYSBYTETEMPB 	EQU 	9
SYSBYTETEMPX 	EQU 	0
SYSCALCTEMPA 	EQU 	5
SYSCALCTEMPX 	EQU 	0
SYSCOMPLESSTHAN 	EQU 	1402
SYSDIV8START 	EQU 	1424
SYSDIVLOOP 	EQU 	4
SYSDIVSUB 	EQU 	1412
SYSDOLOOP_E1 	EQU 	186
SYSDOLOOP_E2 	EQU 	792
SYSDOLOOP_E3 	EQU 	1690
SYSDOLOOP_E4 	EQU 	1048
SYSDOLOOP_S1 	EQU 	106
SYSDOLOOP_S2 	EQU 	784
SYSDOLOOP_S3 	EQU 	1682
SYSDOLOOP_S4 	EQU 	1042
SYSFORLOOP1 	EQU 	1904
SYSFORLOOP2 	EQU 	2172
SYSFORLOOP3 	EQU 	2274
SYSFORLOOP4 	EQU 	2376
SYSFORLOOP5 	EQU 	2692
SYSFORLOOP6 	EQU 	458
SYSFORLOOP7 	EQU 	390
SYSFORLOOPEND1 	EQU 	1948
SYSFORLOOPEND2 	EQU 	2216
SYSFORLOOPEND3 	EQU 	2318
SYSFORLOOPEND4 	EQU 	2420
SYSFORLOOPEND5 	EQU 	2784
SYSFORLOOPEND6 	EQU 	494
SYSFORLOOPEND7 	EQU 	402
SYSHEX_0 	EQU 	3720
SYSHEX_1 	EQU 	3721
SYSHEX_2 	EQU 	3722
SYSPRINTDATAHANDLER 	EQU 	49
SYSPRINTDATAHANDLER_H 	EQU 	50
SYSPRINTTEMP 	EQU 	51
SYSREADAD10WORD 	EQU 	20
SYSREADAD10WORD_H 	EQU 	21
SYSREADSTRING 	EQU 	1452
SYSREADSTRINGPART 	EQU 	1464
SYSREPEATLOOP1 	EQU 	78
SYSREPEATLOOP2 	EQU 	634
SYSREPEATLOOPEND1 	EQU 	104
SYSREPEATLOOPEND2 	EQU 	666
SYSREPEATTEMP1 	EQU 	52
SYSREPEATTEMP2 	EQU 	53
SYSSELECT1CASE1 	EQU 	1824
SYSSELECT1CASE2 	EQU 	1842
SYSSELECT1CASE3 	EQU 	1894
SYSSELECT1CASE4 	EQU 	1968
SYSSELECT2CASE1 	EQU 	1850
SYSSELECT2CASE2 	EQU 	1870
SYSSELECT2CASE3 	EQU 	1882
SYSSELECT3CASE1 	EQU 	2008
SYSSELECT3CASE2 	EQU 	2032
SYSSELECT3CASE3 	EQU 	2064
SYSSELECT3CASE4 	EQU 	2098
SYSSELECT4CASE1 	EQU 	2124
SYSSELECT4CASE2 	EQU 	2226
SYSSELECT4CASE3 	EQU 	2328
SYSSELECT4CASE4 	EQU 	2430
SYSSELECT4CASE5 	EQU 	2808
SYSSELECT5CASE1 	EQU 	2534
SYSSELECT5CASE2 	EQU 	2556
SYSSELECT5CASE3 	EQU 	2580
SYSSELECT6CASE1 	EQU 	1112
SYSSELECT6CASE2 	EQU 	1130
SYSSELECT6CASE3 	EQU 	1146
SYSSELECT6CASE4 	EQU 	1348
SYSSELECTEND1 	EQU 	1968
SYSSELECTEND2 	EQU 	1892
SYSSELECTEND3 	EQU 	2102
SYSSELECTEND4 	EQU 	2814
SYSSELECTEND5 	EQU 	2594
SYSSELECTEND6 	EQU 	1398
SYSSTATUS 	EQU 	15
SYSSTRINGA 	EQU 	7
SYSSTRINGA_H 	EQU 	8
SYSSTRINGLENGTH 	EQU 	6
SYSSTRINGPARAM1 	EQU 	3732
SYSSTRINGPARAM2 	EQU 	3724
SYSSTRINGREAD 	EQU 	1478
SYSSTRINGREADCHECK 	EQU 	1472
SYSSTRINGTABLES 	EQU 	1490
SYSSTRINGTEMP 	EQU 	54
SYSTEMP1 	EQU 	55
SYSTEMP1_H 	EQU 	56
SYSTEMP2 	EQU 	57
SYSUSBTEMPBUFFER_0 	EQU 	3740
SYSUSBTEMPBUFFER_1 	EQU 	3741
SYSUSBTEMPBUFFER_2 	EQU 	3742
SYSUSBTEMPBUFFER_3 	EQU 	3743
SYSUSBTEMPBUFFER_6 	EQU 	3746
SYSUSBTEMPSTRING_0 	EQU 	3757
SYSVALTEMP 	EQU 	58
SYSW 	EQU 	14
SYSWAITLOOP1 	EQU 	1742
SYSWAITLOOP2 	EQU 	1090
SYSWAITLOOP3 	EQU 	674
SYSWAITLOOP4 	EQU 	678
SYSWAITTEMP10US 	EQU 	5
SYSWAITTEMPMS 	EQU 	2
SYSWAITTEMPMS_H 	EQU 	3
SYSWAITTEMPS 	EQU 	4
T08BIT 	EQU 	6
T0CON 	EQU 	4053
T0CS 	EQU 	5
T0IE 	EQU 	5
T0IF 	EQU 	2
T0IP 	EQU 	2
T0PS0 	EQU 	0
T0PS1 	EQU 	1
T0PS2 	EQU 	2
T0SE 	EQU 	4
T1CKI 	EQU 	0
T1CKPS0 	EQU 	4
T1CKPS1 	EQU 	5
T1CON 	EQU 	4045
T1DONE 	EQU 	3
T1GCON 	EQU 	3994
T1GGO 	EQU 	3
T1GGO_NOT_T1DONE 	EQU 	3
T1GPOL 	EQU 	6
T1GSPM 	EQU 	4
T1GSS0 	EQU 	0
T1GSS1 	EQU 	1
T1GTM 	EQU 	5
T1GVAL 	EQU 	2
T1OSCEN 	EQU 	3
T1OSI 	EQU 	1
T1OSO 	EQU 	0
T2CKPS0 	EQU 	0
T2CKPS1 	EQU 	1
T2CON 	EQU 	4042
T2OUTPS0 	EQU 	3
T2OUTPS1 	EQU 	4
T2OUTPS2 	EQU 	5
T2OUTPS3 	EQU 	6
T3CKPS0 	EQU 	4
T3CKPS1 	EQU 	5
T3CON 	EQU 	3961
T3CON_RD16 	EQU 	1
T3GCON 	EQU 	3991
T3GGO 	EQU 	3
T3GGO_T3DONE 	EQU 	3
T3GPOL 	EQU 	6
T3GSPM 	EQU 	4
T3GSS0 	EQU 	0
T3GSS1 	EQU 	1
T3GTM 	EQU 	5
T3GVAL 	EQU 	2
T3OSCEN 	EQU 	3
T4CKPS0 	EQU 	0
T4CKPS1 	EQU 	1
T4CON 	EQU 	3958
T4OUTPS0 	EQU 	3
T4OUTPS1 	EQU 	4
T4OUTPS2 	EQU 	5
T4OUTPS3 	EQU 	6
T5CKPS0 	EQU 	4
T5CKPS1 	EQU 	5
T5CON 	EQU 	3874
T5CON_RD16 	EQU 	1
T5DONE 	EQU 	3
T5GCON 	EQU 	3873
T5GGO 	EQU 	3
T5GGO_NOT_T5DONE 	EQU 	3
T5GPOL 	EQU 	6
T5GSPM 	EQU 	4
T5GSS0 	EQU 	0
T5GSS1 	EQU 	1
T5GTM 	EQU 	5
T5GVAL 	EQU 	2
T5OSCEN 	EQU 	3
T6CKPS0 	EQU 	0
T6CKPS1 	EQU 	1
T6CON 	EQU 	3870
T6OUTPS0 	EQU 	3
T6OUTPS1 	EQU 	4
T6OUTPS2 	EQU 	5
T6OUTPS3 	EQU 	6
T8CKPS0 	EQU 	0
T8CKPS1 	EQU 	1
T8CON 	EQU 	3867
T8OUTPS0 	EQU 	3
T8OUTPS1 	EQU 	4
T8OUTPS2 	EQU 	5
T8OUTPS3 	EQU 	6
TABLAT 	EQU 	4085
TABLEUSBCONFIGDESCRIPTOR 	EQU 	1568
TABLEUSBDEVICEDESCRIPTOR 	EQU 	1612
TABLEUSBDEVICEQUALDESCRIPTOR 	EQU 	1658
TBLPTR 	EQU 	4086
TBLPTRH 	EQU 	4087
TBLPTRL 	EQU 	4086
TBLPTRU 	EQU 	4088
TGEN 	EQU 	4
TMR0 	EQU 	4054
TMR0H 	EQU 	4055
TMR0IE 	EQU 	5
TMR0IF 	EQU 	2
TMR0IP 	EQU 	2
TMR0L 	EQU 	4054
TMR0ON 	EQU 	7
TMR1 	EQU 	4046
TMR1CS0 	EQU 	6
TMR1CS1 	EQU 	7
TMR1GE 	EQU 	7
TMR1GIE 	EQU 	0
TMR1GIF 	EQU 	0
TMR1GIP 	EQU 	0
TMR1H 	EQU 	4047
TMR1IE 	EQU 	0
TMR1IF 	EQU 	0
TMR1IP 	EQU 	0
TMR1L 	EQU 	4046
TMR1MD 	EQU 	1
TMR1ON 	EQU 	0
TMR2 	EQU 	4044
TMR2IE 	EQU 	1
TMR2IF 	EQU 	1
TMR2IP 	EQU 	1
TMR2MD 	EQU 	2
TMR2ON 	EQU 	2
TMR3 	EQU 	3962
TMR3CS0 	EQU 	6
TMR3CS1 	EQU 	7
TMR3GE 	EQU 	7
TMR3GIE 	EQU 	1
TMR3GIF 	EQU 	1
TMR3GIP 	EQU 	1
TMR3H 	EQU 	3963
TMR3IE 	EQU 	1
TMR3IF 	EQU 	1
TMR3IP 	EQU 	1
TMR3L 	EQU 	3962
TMR3MD 	EQU 	3
TMR3ON 	EQU 	0
TMR4 	EQU 	3960
TMR4IE 	EQU 	3
TMR4IF 	EQU 	3
TMR4IP 	EQU 	3
TMR4MD 	EQU 	4
TMR4ON 	EQU 	2
TMR5CS0 	EQU 	6
TMR5CS1 	EQU 	7
TMR5GE 	EQU 	7
TMR5GIE 	EQU 	1
TMR5GIF 	EQU 	1
TMR5GIP 	EQU 	1
TMR5H 	EQU 	3876
TMR5IE 	EQU 	2
TMR5IF 	EQU 	2
TMR5IP 	EQU 	2
TMR5L 	EQU 	3875
TMR5MD 	EQU 	3
TMR5ON 	EQU 	0
TMR6 	EQU 	3872
TMR6IE 	EQU 	3
TMR6IF 	EQU 	3
TMR6IP 	EQU 	3
TMR6MD 	EQU 	4
TMR6ON 	EQU 	2
TMR8 	EQU 	3869
TMR8IE 	EQU 	4
TMR8IF 	EQU 	4
TMR8IP 	EQU 	4
TMR8MD 	EQU 	6
TMR8ON 	EQU 	2
TO 	EQU 	3
TOS 	EQU 	4093
TOSH 	EQU 	4094
TOSL 	EQU 	4093
TOSU 	EQU 	4095
TRIGSEL0 	EQU 	0
TRIGSEL1 	EQU 	1
TRISA 	EQU 	3986
TRISA0 	EQU 	0
TRISA1 	EQU 	1
TRISA2 	EQU 	2
TRISA3 	EQU 	3
TRISA5 	EQU 	5
TRISA6 	EQU 	6
TRISA7 	EQU 	7
TRISB 	EQU 	3987
TRISB0 	EQU 	0
TRISB1 	EQU 	1
TRISB2 	EQU 	2
TRISB3 	EQU 	3
TRISB4 	EQU 	4
TRISB5 	EQU 	5
TRISB6 	EQU 	6
TRISB7 	EQU 	7
TRISC 	EQU 	3988
TRISC0 	EQU 	0
TRISC1 	EQU 	1
TRISC2 	EQU 	2
TRISC6 	EQU 	6
TRISC7 	EQU 	7
TRMT 	EQU 	1
TRMT1 	EQU 	1
TRMT2 	EQU 	1
TRNIE 	EQU 	3
TRNIF 	EQU 	3
TUN0 	EQU 	0
TUN1 	EQU 	1
TUN2 	EQU 	2
TUN3 	EQU 	3
TUN4 	EQU 	4
TUN5 	EQU 	5
TX1 	EQU 	6
TX1IE 	EQU 	4
TX1IF 	EQU 	4
TX1IP 	EQU 	4
TX2IE 	EQU 	4
TX2IF 	EQU 	4
TX2IP 	EQU 	4
TX8_9 	EQU 	6
TX9 	EQU 	6
TX91 	EQU 	6
TX92 	EQU 	6
TX9D 	EQU 	0
TX9D1 	EQU 	0
TX9D2 	EQU 	0
TXADDRH 	EQU 	3946
TXADDRL 	EQU 	3947
TXCKP 	EQU 	4
TXD8 	EQU 	0
TXEN 	EQU 	5
TXEN1 	EQU 	5
TXEN2 	EQU 	5
TXIE 	EQU 	4
TXIF 	EQU 	4
TXINC 	EQU 	5
TXIP 	EQU 	4
TXREG 	EQU 	4014
TXREG1 	EQU 	4014
TXREG2 	EQU 	4009
TXSTA 	EQU 	4013
TXSTA1 	EQU 	4013
TXSTA2 	EQU 	4008
TXSTA2_BRGH 	EQU 	2
TXSTA2_CSRC 	EQU 	7
TXSTA2_SENDB 	EQU 	3
TXSTA2_SYNC 	EQU 	4
TXSTA2_TRMT 	EQU 	1
TXSTA2_TX9 	EQU 	6
TXSTA2_TX9D 	EQU 	0
TXSTA2_TXEN 	EQU 	5
TXSTA_BRGH 	EQU 	2
TXSTA_BRGH1 	EQU 	2
TXSTA_CSRC 	EQU 	7
TXSTA_CSRC1 	EQU 	7
TXSTA_NOT_TX8 	EQU 	6
TXSTA_SENDB 	EQU 	3
TXSTA_SENDB1 	EQU 	3
TXSTA_SYNC 	EQU 	4
TXSTA_SYNC1 	EQU 	4
TXSTA_TRMT 	EQU 	1
TXSTA_TRMT1 	EQU 	1
TXSTA_TX8_9 	EQU 	6
TXSTA_TX9 	EQU 	6
TXSTA_TX91 	EQU 	6
TXSTA_TX9D 	EQU 	0
TXSTA_TX9D1 	EQU 	0
TXSTA_TXD8 	EQU 	0
TXSTA_TXEN 	EQU 	5
TXSTA_TXEN1 	EQU 	5
U1OD 	EQU 	0
U2OD 	EQU 	1
UA 	EQU 	1
UADDR 	EQU 	3896
UART1MD 	EQU 	3
UART2MD 	EQU 	4
UCFG 	EQU 	3897
UCON 	EQU 	3941
UEIE 	EQU 	3895
UEIR 	EQU 	3939
UEP0 	EQU 	3878
UEP0_EPCONDIS 	EQU 	3
UEP0_EPHSHK 	EQU 	4
UEP0_EPINEN 	EQU 	1
UEP0_EPOUTEN 	EQU 	2
UEP0_EPSTALL 	EQU 	0
UEP1 	EQU 	3879
UEP10 	EQU 	3888
UEP10_EPCONDIS 	EQU 	3
UEP10_EPHSHK 	EQU 	4
UEP10_EPINEN 	EQU 	1
UEP10_EPOUTEN 	EQU 	2
UEP10_EPSTALL 	EQU 	0
UEP11 	EQU 	3889
UEP11_EPCONDIS 	EQU 	3
UEP11_EPHSHK 	EQU 	4
UEP11_EPINEN 	EQU 	1
UEP11_EPOUTEN 	EQU 	2
UEP11_EPSTALL 	EQU 	0
UEP12 	EQU 	3890
UEP12_EPCONDIS 	EQU 	3
UEP12_EPHSHK 	EQU 	4
UEP12_EPINEN 	EQU 	1
UEP12_EPOUTEN 	EQU 	2
UEP12_EPSTALL 	EQU 	0
UEP13 	EQU 	3891
UEP13_EPCONDIS 	EQU 	3
UEP13_EPHSHK 	EQU 	4
UEP13_EPINEN 	EQU 	1
UEP13_EPOUTEN 	EQU 	2
UEP13_EPSTALL 	EQU 	0
UEP14 	EQU 	3892
UEP14_EPCONDIS 	EQU 	3
UEP14_EPHSHK 	EQU 	4
UEP14_EPINEN 	EQU 	1
UEP14_EPOUTEN 	EQU 	2
UEP14_EPSTALL 	EQU 	0
UEP15 	EQU 	3893
UEP15_EPCONDIS 	EQU 	3
UEP15_EPHSHK 	EQU 	4
UEP15_EPINEN 	EQU 	1
UEP15_EPOUTEN 	EQU 	2
UEP15_EPSTALL 	EQU 	0
UEP2 	EQU 	3880
UEP2_EPCONDIS 	EQU 	3
UEP2_EPHSHK 	EQU 	4
UEP2_EPINEN 	EQU 	1
UEP2_EPOUTEN 	EQU 	2
UEP2_EPSTALL 	EQU 	0
UEP3 	EQU 	3881
UEP3_EPCONDIS 	EQU 	3
UEP3_EPHSHK 	EQU 	4
UEP3_EPINEN 	EQU 	1
UEP3_EPOUTEN 	EQU 	2
UEP3_EPSTALL 	EQU 	0
UEP4 	EQU 	3882
UEP4_EPCONDIS 	EQU 	3
UEP4_EPHSHK 	EQU 	4
UEP4_EPINEN 	EQU 	1
UEP4_EPOUTEN 	EQU 	2
UEP4_EPSTALL 	EQU 	0
UEP5 	EQU 	3883
UEP5_EPCONDIS 	EQU 	3
UEP5_EPHSHK 	EQU 	4
UEP5_EPINEN 	EQU 	1
UEP5_EPOUTEN 	EQU 	2
UEP5_EPSTALL 	EQU 	0
UEP6 	EQU 	3884
UEP6_EPCONDIS 	EQU 	3
UEP6_EPHSHK 	EQU 	4
UEP6_EPINEN 	EQU 	1
UEP6_EPOUTEN 	EQU 	2
UEP6_EPSTALL 	EQU 	0
UEP7 	EQU 	3885
UEP7_EPCONDIS 	EQU 	3
UEP7_EPHSHK 	EQU 	4
UEP7_EPINEN 	EQU 	1
UEP7_EPOUTEN 	EQU 	2
UEP7_EPSTALL 	EQU 	0
UEP8 	EQU 	3886
UEP8_EPCONDIS 	EQU 	3
UEP8_EPHSHK 	EQU 	4
UEP8_EPINEN 	EQU 	1
UEP8_EPOUTEN 	EQU 	2
UEP8_EPSTALL 	EQU 	0
UEP9 	EQU 	3887
UEP9_EPCONDIS 	EQU 	3
UEP9_EPHSHK 	EQU 	4
UEP9_EPINEN 	EQU 	1
UEP9_EPOUTEN 	EQU 	2
UEP9_EPSTALL 	EQU 	0
UERRIE 	EQU 	1
UERRIF 	EQU 	1
UFRM 	EQU 	3936
UFRMH 	EQU 	3937
UFRML 	EQU 	3936
UIE 	EQU 	3894
UIR 	EQU 	3938
ULPEN 	EQU 	2
ULPLVL 	EQU 	5
ULPSINK 	EQU 	1
ULPWDIS 	EQU 	2
ULPWU 	EQU 	0
UOEMON 	EQU 	6
UPUEN 	EQU 	4
URSTIE 	EQU 	0
URSTIF 	EQU 	0
USBBMREQUESTTYPE 	EQU 	59
USBBUFFERSTAT 	EQU 	60
USBCONFIGDESCRIPTOR 	EQU 	1542
USBCURRBYTE 	EQU 	61
USBCURRCONFIGURATION 	EQU 	62
USBCURRENDPOINT 	EQU 	63
USBDESCINDEX 	EQU 	64
USBDESCSIZEIN 	EQU 	65
USBDESCSTART 	EQU 	66
USBDESCTYPE 	EQU 	67
USBDEVICEDESCRIPTOR 	EQU 	1586
USBDEVICEQUALDESCRIPTOR 	EQU 	1632
USBEN 	EQU 	3
USBHASDATA 	EQU 	68
USBIE 	EQU 	4
USBIF 	EQU 	4
USBINTERRUPTHANDLER 	EQU 	1668
USBIP 	EQU 	4
USBLASTCONTROL 	EQU 	69
USBNEWADDRESS 	EQU 	70
USBPID 	EQU 	71
USBPROCESSSETUP 	EQU 	1988
USBRAM 	EQU 	1024
USBSENDDATA1ACK 	EQU 	2108
USBSENDDESCRIPTOR 	EQU 	2120
USBSIZE 	EQU 	72
USBSTATE 	EQU 	73
USBTEMPBUFFER 	EQU 	3740
USBTEMPBYTE 	EQU 	74
USBTEMPSTRING 	EQU 	3757
USB_IN0_ADDR 	EQU 	1030
USB_IN0_ADDR_H 	EQU 	1031
USB_IN0_CNT 	EQU 	1029
USB_IN0_STAT 	EQU 	1028
USB_OUT0_ADDR 	EQU 	1026
USB_OUT0_ADDR_H 	EQU 	1027
USB_OUT0_CNT 	EQU 	1025
USB_OUT0_STAT 	EQU 	1024
USTAT 	EQU 	3940
UTEYE 	EQU 	7
UTRDIS 	EQU 	3
VBG 	EQU 	1
VBGEN 	EQU 	7
VBGOE 	EQU 	4
VCFG0 	EQU 	6
VCFG1 	EQU 	7
VDIRMAG 	EQU 	7
VM 	EQU 	4
VMO 	EQU 	2
VP 	EQU 	5
VPO 	EQU 	3
VREF_MINUS 	EQU 	2
VREF_PLUS 	EQU 	3
W 	EQU 	0
WCOL 	EQU 	7
WDTCON 	EQU 	4032
WPROG 	EQU 	5
WR 	EQU 	1
WREG 	EQU 	4072
WREN 	EQU 	2
WRERR 	EQU 	3
WUE 	EQU 	1
Z 	EQU 	2

Code:
Loc	Obj Code	Original Assembly















































































































000000	EF06 F000	GOTO BASPROGRAMSTART

000008	D1A5	BRA INTERRUPT



		BASPROGRAMSTART
00000C	D955	RCALL INITSYS
00000E	D962	RCALL INITUSART
000010	D96D	RCALL INITUSB
000012	8EF2	BSF INTCON,GIE,ACCESS
000014	8CF2	BSF INTCON,PEIE,ACCESS
000016	9A93	BCF TRISB,5,ACCESS

000018	9C94	BCF TRISC,6,ACCESS
00001A	9093	BCF TRISB,0,ACCESS
00001C	808A	BSF LATB,0,ACCESS
00001E	0E01	MOVLW 1
000020	6E04	MOVWF SYSWAITTEMPS,ACCESS
000022	D87A	RCALL DELAY_S
000024	EE1E F094	LFSR 1,SYSSTRINGPARAM1
000028	0EE4	MOVLW LOW STRINGTABLE2
00002A	6EF6	MOVWF TBLPTRL,ACCESS
00002C	0E05	MOVLW HIGH STRINGTABLE2
00002E	6EF7	MOVWF TBLPTRH,ACCESS
000030	DABD	RCALL SYSREADSTRING
000032	0E94	MOVLW LOW SYSSTRINGPARAM1
000034	6F31	MOVWF SYSPRINTDATAHANDLER,BANKED
000036	0E0E	MOVLW HIGH SYSSTRINGPARAM1
000038	6F32	MOVWF SYSPRINTDATAHANDLER_H,BANKED
00003A	0E01	MOVLW 1
00003C	6F0C	MOVWF COMPORT,BANKED
00003E	D8B7	RCALL HSERPRINT264
000040	0E01	MOVLW 1
000042	6F0D	MOVWF HSERPRINTCRLFCOUNT,BANKED
000044	0E01	MOVLW 1
000046	6F0C	MOVWF COMPORT,BANKED
000048	D913	RCALL HSERPRINTCRLF
00004A	0E0A	MOVLW 10
00004C	6F34	MOVWF SYSREPEATTEMP1,BANKED
		SYSREPEATLOOP1
00004E	6B37	CLRF SYSTEMP1,BANKED
000050	B081	BTFSC PORTB,0,ACCESS
000052	2B37	INCF SYSTEMP1,F,BANKED
		ENDIF1
000054	1F37	COMF SYSTEMP1,F,BANKED
000056	908A	BCF LATB,0,ACCESS
000058	B137	BTFSC SYSTEMP1,0,BANKED
00005A	808A	BSF LATB,0,ACCESS
		ENDIF2
00005C	0E32	MOVLW 50
00005E	6E02	MOVWF SYSWAITTEMPMS,ACCESS
000060	6A03	CLRF SYSWAITTEMPMS_H,ACCESS
000062	D84C	RCALL DELAY_MS
000064	2F34	DECFSZ SYSREPEATTEMP1,F,BANKED
000066	D7F3	BRA SYSREPEATLOOP1
		SYSREPEATLOOPEND1
000068	D941	RCALL INITUSB
		SYSDOLOOP_S1
00006A	6B0A	CLRF ADREADPORT,BANKED
00006C	D9CD	RCALL FN_READAD1016
00006E	C014 F025	MOVFF SYSREADAD10WORD,SENSORVALUE1
000072	C015 F026	MOVFF SYSREADAD10WORD_H,SENSORVALUE1_H
000076	0E01	MOVLW 1
000078	6E02	MOVWF SYSWAITTEMPMS,ACCESS
00007A	6A03	CLRF SYSWAITTEMPMS_H,ACCESS
00007C	D83F	RCALL DELAY_MS
00007E	0E01	MOVLW 1
000080	6F0A	MOVWF ADREADPORT,BANKED
000082	D9C2	RCALL FN_READAD1016
000084	C014 F027	MOVFF SYSREADAD10WORD,SENSORVALUE2
000088	C015 F028	MOVFF SYSREADAD10WORD_H,SENSORVALUE2_H
00008C	0E01	MOVLW 1
00008E	6E02	MOVWF SYSWAITTEMPMS,ACCESS
000090	6A03	CLRF SYSWAITTEMPMS_H,ACCESS
000092	D834	RCALL DELAY_MS
000094	0E02	MOVLW 2
000096	6F0A	MOVWF ADREADPORT,BANKED
000098	D9B7	RCALL FN_READAD1016
00009A	C014 F029	MOVFF SYSREADAD10WORD,SENSORVALUE3
00009E	C015 F02A	MOVFF SYSREADAD10WORD_H,SENSORVALUE3_H
0000A2	0E01	MOVLW 1
0000A4	6E02	MOVWF SYSWAITTEMPMS,ACCESS
0000A6	6A03	CLRF SYSWAITTEMPMS_H,ACCESS
0000A8	D829	RCALL DELAY_MS
0000AA	0E03	MOVLW 3
0000AC	6F0A	MOVWF ADREADPORT,BANKED
0000AE	D9AC	RCALL FN_READAD1016
0000B0	C014 F02B	MOVFF SYSREADAD10WORD,SENSORVALUE4
0000B4	C015 F02C	MOVFF SYSREADAD10WORD_H,SENSORVALUE4_H
0000B8	D7D8	BRA SYSDOLOOP_S1
		SYSDOLOOP_E1
		BASPROGRAMEND
0000BA	0003	SLEEP
0000BC	D7FE	BRA BASPROGRAMEND


		DESCRIPTORHANDLER
0000BE	EE1E F08C	LFSR 1,SYSSTRINGPARAM2
0000C2	0EF4	MOVLW LOW STRINGTABLE5
0000C4	6EF6	MOVWF TBLPTRL,ACCESS
0000C6	0E05	MOVLW HIGH STRINGTABLE5
0000C8	6EF7	MOVWF TBLPTRH,ACCESS
0000CA	DA70	RCALL SYSREADSTRING
0000CC	0E8C	MOVLW LOW SYSSTRINGPARAM2
0000CE	6F31	MOVWF SYSPRINTDATAHANDLER,BANKED
0000D0	0E0E	MOVLW HIGH SYSSTRINGPARAM2
0000D2	6F32	MOVWF SYSPRINTDATAHANDLER_H,BANKED
0000D4	0E01	MOVLW 1
0000D6	6F0C	MOVWF COMPORT,BANKED
0000D8	D86A	RCALL HSERPRINT264
0000DA	C043 F02E	MOVFF USBDESCTYPE,SERPRINTVAL
0000DE	0E01	MOVLW 1
0000E0	6F0C	MOVWF COMPORT,BANKED
0000E2	D886	RCALL HSERPRINT265
0000E4	0E01	MOVLW 1
0000E6	6F0D	MOVWF HSERPRINTCRLFCOUNT,BANKED
0000E8	0E01	MOVLW 1
0000EA	6F0C	MOVWF COMPORT,BANKED
0000EC	D0C1	BRA HSERPRINTCRLF


		DELAY_10US
		D10US_START
0000EE	0E27	MOVLW 39
0000F0	6E00	MOVWF DELAYTEMP,ACCESS
		DELAYUS0
0000F2	2E00	DECFSZ DELAYTEMP,F,ACCESS
0000F4	D7FE	BRA DELAYUS0
0000F6	2E05	DECFSZ SYSWAITTEMP10US, F,ACCESS
0000F8	D7FA	BRA D10US_START
0000FA	0012	RETURN


		DELAY_MS
0000FC	2A03	INCF SYSWAITTEMPMS_H, F,ACCESS
		DMS_START
0000FE	0EB3	MOVLW 179
000100	6E01	MOVWF DELAYTEMP2,ACCESS
		DMS_OUTER
000102	0E15	MOVLW 21
000104	6E00	MOVWF DELAYTEMP,ACCESS
		DMS_INNER
000106	2E00	DECFSZ DELAYTEMP, F,ACCESS
000108	D7FE	BRA DMS_INNER
00010A	2E01	DECFSZ DELAYTEMP2, F,ACCESS
00010C	D7FA	BRA DMS_OUTER
00010E	2E02	DECFSZ SYSWAITTEMPMS, F,ACCESS
000110	D7F6	BRA DMS_START
000112	2E03	DECFSZ SYSWAITTEMPMS_H, F,ACCESS
000114	D7F4	BRA DMS_START
000116	0012	RETURN


		DELAY_S
		DS_START
000118	0EE8	MOVLW 232
00011A	6E02	MOVWF SYSWAITTEMPMS,ACCESS
00011C	0E03	MOVLW 3
00011E	6E03	MOVWF SYSWAITTEMPMS_H,ACCESS
000120	DFED	RCALL DELAY_MS
000122	2E04	DECFSZ SYSWAITTEMPS, F,ACCESS
000124	D7F9	BRA DS_START
000126	0012	RETURN


		ERRORHANDLER
000128	EE1E F08C	LFSR 1,SYSSTRINGPARAM2
00012C	0EEC	MOVLW LOW STRINGTABLE3
00012E	6EF6	MOVWF TBLPTRL,ACCESS
000130	0E05	MOVLW HIGH STRINGTABLE3
000132	6EF7	MOVWF TBLPTRH,ACCESS
000134	DA3B	RCALL SYSREADSTRING
000136	0E8C	MOVLW LOW SYSSTRINGPARAM2
000138	6F31	MOVWF SYSPRINTDATAHANDLER,BANKED
00013A	0E0E	MOVLW HIGH SYSSTRINGPARAM2
00013C	6F32	MOVWF SYSPRINTDATAHANDLER_H,BANKED
00013E	0E01	MOVLW 1
000140	6F0C	MOVWF COMPORT,BANKED
000142	D835	RCALL HSERPRINT264
000144	CF63 F03A	MOVFF UEIR,SYSVALTEMP
000148	D80C	RCALL FN_HEX
00014A	0E88	MOVLW LOW HEX
00014C	6F31	MOVWF SYSPRINTDATAHANDLER,BANKED
00014E	0E0E	MOVLW HIGH HEX
000150	6F32	MOVWF SYSPRINTDATAHANDLER_H,BANKED
000152	0E01	MOVLW 1
000154	6F0C	MOVWF COMPORT,BANKED
000156	D82B	RCALL HSERPRINT264
000158	0E01	MOVLW 1
00015A	6F0D	MOVWF HSERPRINTCRLFCOUNT,BANKED
00015C	0E01	MOVLW 1
00015E	6F0C	MOVWF COMPORT,BANKED
000160	D087	BRA HSERPRINTCRLF


		FN_HEX
000162	0E02	MOVLW 2
000000	010E	BANKSEL SYSHEX_0
000166	6F88	MOVWF SYSHEX_0,BANKED
000168	0E0F	MOVLW 15
000000	0100	BANKSEL SYSVALTEMP
00016C	153A	ANDWF SYSVALTEMP,W,BANKED
00016E	6F36	MOVWF SYSSTRINGTEMP,BANKED
000170	0809	SUBLW 9
000172	B0D8	BTFSC STATUS, C,ACCESS
000174	D002	BRA ENDIF41
000176	0E07	MOVLW 7
000178	2736	ADDWF SYSSTRINGTEMP,F,BANKED
		ENDIF41
00017A	0E30	MOVLW 48
00017C	2536	ADDWF SYSSTRINGTEMP,W,BANKED
000000	010E	BANKSEL SYSHEX_2
000180	6F8A	MOVWF SYSHEX_2,BANKED
000000	0100	BANKSEL SYSSTRINGTEMP
000184	6B36	CLRF SYSSTRINGTEMP,BANKED
		SYSFORLOOP7
000186	2B36	INCF SYSSTRINGTEMP,F,BANKED
000188	333A	RRCF SYSVALTEMP,F,BANKED
00018A	0E04	MOVLW 4
00018C	5D36	SUBWF SYSSTRINGTEMP,W,BANKED
00018E	A0D8	BTFSS STATUS, C,ACCESS
000190	D7FA	BRA SYSFORLOOP7
		ENDIF42
		SYSFORLOOPEND7
000192	0E0F	MOVLW 15
000194	153A	ANDWF SYSVALTEMP,W,BANKED
000196	6F36	MOVWF SYSSTRINGTEMP,BANKED
000198	0809	SUBLW 9
00019A	B0D8	BTFSC STATUS, C,ACCESS
00019C	D002	BRA ENDIF43
00019E	0E07	MOVLW 7
0001A0	2736	ADDWF SYSSTRINGTEMP,F,BANKED
		ENDIF43
0001A2	0E30	MOVLW 48
0001A4	2536	ADDWF SYSSTRINGTEMP,W,BANKED
000000	010E	BANKSEL SYSHEX_1
0001A8	6F89	MOVWF SYSHEX_1,BANKED
000000	0100	BANKSEL 0
0001AC	0012	RETURN


		HSERPRINT264
0001AE	C031 FFE9	MOVFF SYSPRINTDATAHANDLER,AFSR0
0001B2	C032 FFEA	MOVFF SYSPRINTDATAHANDLER_H,AFSR0_H
0001B6	CFEF F013	MOVFF INDF0,PRINTLEN
0001BA	5313	MOVF PRINTLEN,F,BANKED
0001BC	B4D8	BTFSC STATUS, Z,ACCESS
0001BE	D017	BRA ENDIF37
0001C0	6B33	CLRF SYSPRINTTEMP,BANKED
0001C2	0E01	MOVLW 1
0001C4	5D13	SUBWF PRINTLEN,W,BANKED
0001C6	A0D8	BTFSS STATUS, C,ACCESS
0001C8	D012	BRA SYSFORLOOPEND6
		ENDIF38
		SYSFORLOOP6
0001CA	2B33	INCF SYSPRINTTEMP,F,BANKED
0001CC	5133	MOVF SYSPRINTTEMP,W,BANKED
0001CE	2531	ADDWF SYSPRINTDATAHANDLER,W,BANKED
0001D0	6EE9	MOVWF AFSR0,ACCESS
0001D2	0E00	MOVLW 0
0001D4	2132	ADDWFC SYSPRINTDATAHANDLER_H,W,BANKED
0001D6	6EEA	MOVWF AFSR0_H,ACCESS
0001D8	CFEF F02D	MOVFF INDF0,SERDATA
0001DC	D85F	RCALL HSERSEND
0001DE	0E01	MOVLW 1
0001E0	6E02	MOVWF SYSWAITTEMPMS,ACCESS
0001E2	6A03	CLRF SYSWAITTEMPMS_H,ACCESS
0001E4	DF8B	RCALL DELAY_MS
0001E6	5113	MOVF PRINTLEN,W,BANKED
0001E8	5D33	SUBWF SYSPRINTTEMP,W,BANKED
0001EA	A0D8	BTFSS STATUS, C,ACCESS
0001EC	D7EE	BRA SYSFORLOOP6
		ENDIF39
		SYSFORLOOPEND6
		ENDIF37
0001EE	0012	RETURN


		HSERPRINT265
0001F0	6B11	CLRF OUTVALUETEMP,BANKED
0001F2	0E64	MOVLW 100
0001F4	5D2E	SUBWF SERPRINTVAL,W,BANKED
0001F6	A0D8	BTFSS STATUS, C,ACCESS
0001F8	D011	BRA ENDIF44
0001FA	C02E F005	MOVFF SERPRINTVAL,SYSBYTETEMPA
0001FE	0E64	MOVLW 100
000200	6E09	MOVWF SYSBYTETEMPB,ACCESS
000202	D9C0	RCALL SYSDIVSUB
000204	C005 F011	MOVFF SYSBYTETEMPA,OUTVALUETEMP
000208	C000 F02E	MOVFF SYSCALCTEMPX,SERPRINTVAL
00020C	0E30	MOVLW 48
00020E	2511	ADDWF OUTVALUETEMP,W,BANKED
000210	6F2D	MOVWF SERDATA,BANKED
000212	D844	RCALL HSERSEND
000214	0E01	MOVLW 1
000216	6E02	MOVWF SYSWAITTEMPMS,ACCESS
000218	6A03	CLRF SYSWAITTEMPMS_H,ACCESS
00021A	DF70	RCALL DELAY_MS
		ENDIF44
00021C	C011 F009	MOVFF OUTVALUETEMP,SYSBYTETEMPB
000220	6A05	CLRF SYSBYTETEMPA,ACCESS
000222	D9AB	RCALL SYSCOMPLESSTHAN
000224	C000 F039	MOVFF SYSBYTETEMPX,SYSTEMP2
000228	C02E F005	MOVFF SERPRINTVAL,SYSBYTETEMPA
00022C	0E0A	MOVLW 10
00022E	6E09	MOVWF SYSBYTETEMPB,ACCESS
000230	D9A4	RCALL SYSCOMPLESSTHAN
000232	1E00	COMF SYSBYTETEMPX,F,ACCESS
000234	5139	MOVF SYSTEMP2,W,BANKED
000236	1000	IORWF SYSBYTETEMPX,W,ACCESS
000238	6F37	MOVWF SYSTEMP1,BANKED
00023A	A137	BTFSS SYSTEMP1,0,BANKED
00023C	D011	BRA ENDIF45
00023E	C02E F005	MOVFF SERPRINTVAL,SYSBYTETEMPA
000242	0E0A	MOVLW 10
000244	6E09	MOVWF SYSBYTETEMPB,ACCESS
000246	D99E	RCALL SYSDIVSUB
000248	C005 F011	MOVFF SYSBYTETEMPA,OUTVALUETEMP
00024C	C000 F02E	MOVFF SYSCALCTEMPX,SERPRINTVAL
000250	0E30	MOVLW 48
000252	2511	ADDWF OUTVALUETEMP,W,BANKED
000254	6F2D	MOVWF SERDATA,BANKED
000256	D822	RCALL HSERSEND
000258	0E01	MOVLW 1
00025A	6E02	MOVWF SYSWAITTEMPMS,ACCESS
00025C	6A03	CLRF SYSWAITTEMPMS_H,ACCESS
00025E	DF4E	RCALL DELAY_MS
		ENDIF45
000260	0E30	MOVLW 48
000262	252E	ADDWF SERPRINTVAL,W,BANKED
000264	6F2D	MOVWF SERDATA,BANKED
000266	D81A	RCALL HSERSEND
000268	0E01	MOVLW 1
00026A	6E02	MOVWF SYSWAITTEMPMS,ACCESS
00026C	6A03	CLRF SYSWAITTEMPMS_H,ACCESS
00026E	D746	BRA DELAY_MS


		HSERPRINTCRLF
000270	C00D F035	MOVFF HSERPRINTCRLFCOUNT,SYSREPEATTEMP2
000274	5335	MOVF SYSREPEATTEMP2,F,BANKED
000276	B4D8	BTFSC STATUS, Z,ACCESS
000278	D010	BRA SYSREPEATLOOPEND2
		SYSREPEATLOOP2
00027A	0E0D	MOVLW 13
00027C	6F2D	MOVWF SERDATA,BANKED
00027E	D80E	RCALL HSERSEND
000280	0E01	MOVLW 1
000282	6E02	MOVWF SYSWAITTEMPMS,ACCESS
000284	6A03	CLRF SYSWAITTEMPMS_H,ACCESS
000286	DF3A	RCALL DELAY_MS
000288	0E0A	MOVLW 10
00028A	6F2D	MOVWF SERDATA,BANKED
00028C	D807	RCALL HSERSEND
00028E	0E01	MOVLW 1
000290	6E02	MOVWF SYSWAITTEMPMS,ACCESS
000292	6A03	CLRF SYSWAITTEMPMS_H,ACCESS
000294	DF33	RCALL DELAY_MS
000296	2F35	DECFSZ SYSREPEATTEMP2,F,BANKED
000298	D7F0	BRA SYSREPEATLOOP2
		SYSREPEATLOOPEND2
00029A	0012	RETURN


		HSERSEND
00029C	050C	DECF COMPORT,W,BANKED
00029E	A4D8	BTFSS STATUS, Z,ACCESS
0002A0	D00A	BRA ENDIF36
		SYSWAITLOOP3
0002A2	A89E	BTFSS PIR1,TXIF,ACCESS
0002A4	D7FE	BRA SYSWAITLOOP3
		SYSWAITLOOP4
0002A6	A89E	BTFSS PIR1,TX1IF,ACCESS
0002A8	D7FE	BRA SYSWAITLOOP4
0002AA	C02D FFAE	MOVFF SERDATA,TXREG
0002AE	0012	RETURN
0002B0	C02D FFAE	MOVFF SERDATA,TXREG1
0002B4	0012	RETURN
		ENDIF36
0002B6	0012	RETURN


		INITSYS
0002B8	0E8F	MOVLW 143
0002BA	16D3	ANDWF OSCCON,F,ACCESS
0002BC	0E50	MOVLW 80
0002BE	12D3	IORWF OSCCON,F,ACCESS
0002C0	8C9B	BSF OSCTUNE,PLLEN,ACCESS
0002C2	6AE0	CLRF BSR,ACCESS
0002C4	6AF8	CLRF TBLPTRU,ACCESS
0002C6	9EC1	BCF ADCON1,ADFM,ACCESS
0002C8	90C2	BCF ADCON0,ADON,ACCESS
0002CA	6AC1	CLRF ADCON1,ACCESS
0002CC	6A80	CLRF PORTA,ACCESS
0002CE	6A81	CLRF PORTB,ACCESS
0002D0	6A82	CLRF PORTC,ACCESS
0002D2	0012	RETURN


		INITUSART
0002D4	0E01	MOVLW 1
0002D6	6F0C	MOVWF COMPORT,BANKED
0002D8	0E67	MOVLW 103
0002DA	6EB0	MOVWF SPBRG1,ACCESS
0002DC	6A7F	CLRF SPBRGH1,ACCESS
0002DE	867E	BSF BAUDCON1,BRG16,ACCESS
0002E0	84AD	BSF TXSTA1,BRGH,ACCESS
0002E2	98AD	BCF TXSTA1,SYNC1,ACCESS
0002E4	8EAC	BSF RCSTA1,SPEN1,ACCESS
0002E6	88AC	BSF RCSTA1,CREN1,ACCESS
0002E8	8AAD	BSF TXSTA1,TXEN1,ACCESS
0002EA	0012	RETURN


		INITUSB
0002EC	0E02	MOVLW 2
0002EE	6E02	MOVWF SYSWAITTEMPMS,ACCESS
0002F0	6A03	CLRF SYSWAITTEMPMS_H,ACCESS
0002F2	DF04	RCALL DELAY_MS
0002F4	0E7F	MOVLW 127
000000	010F	BANKSEL UIE
0002F8	6F36	MOVWF UIE,BANKED
0002FA	0E9F	MOVLW 159
0002FC	6F37	MOVWF UEIE,BANKED
0002FE	88A0	BSF PIE2,USBIE,ACCESS
000300	8539	BSF UCFG,FSEN,BANKED
000302	9739	BCF UCFG,UTRDIS,BANKED
000304	8939	BSF UCFG,UPUEN,BANKED
000306	0E08	MOVLW 8
000000	0104	BANKSEL USB_OUT0_STAT
00030A	6F00	MOVWF USB_OUT0_STAT,BANKED
00030C	0E08	MOVLW 8
00030E	6F04	MOVWF USB_IN0_STAT,BANKED
		SYSDOLOOP_S2
000310	A662	BTFSS UIR,TRNIF,ACCESS
000312	D002	BRA SYSDOLOOP_E2
000314	9662	BCF UIR,TRNIF,ACCESS
000316	D7FC	BRA SYSDOLOOP_S2
		SYSDOLOOP_E2
000000	010F	BANKSEL UEP0
00031A	6B26	CLRF UEP0,BANKED
00031C	0E40	MOVLW 64
000000	0104	BANKSEL USB_IN0_ADDR
000320	6F06	MOVWF USB_IN0_ADDR,BANKED
000322	0E04	MOVLW 4
000324	6F07	MOVWF USB_IN0_ADDR_H,BANKED
000326	0EC0	MOVLW 192
000328	6F02	MOVWF USB_OUT0_ADDR,BANKED
00032A	0E04	MOVLW 4
00032C	6F03	MOVWF USB_OUT0_ADDR_H,BANKED
00032E	6B05	CLRF USB_IN0_CNT,BANKED
000330	0E80	MOVLW 128
000332	6F01	MOVWF USB_OUT0_CNT,BANKED
000334	0E08	MOVLW 8
000336	6F04	MOVWF USB_IN0_STAT,BANKED
000338	0E88	MOVLW 136
00033A	6F00	MOVWF USB_OUT0_STAT,BANKED
00033C	9865	BCF UCON,PKTDIS,ACCESS
00033E	0E16	MOVLW 22
000000	010F	BANKSEL UEP0
000342	6F26	MOVWF UEP0,BANKED
000344	6A62	CLRF UIR,ACCESS
000346	6A63	CLRF UEIR,ACCESS
000348	6B38	CLRF UADDR,BANKED
000000	0100	BANKSEL USBSTATE
00034C	6B49	CLRF USBSTATE,BANKED
00034E	6B3E	CLRF USBCURRCONFIGURATION,BANKED
000350	8665	BSF UCON,USBEN,ACCESS
000352	0012	RETURN


		INTERRUPT
000354	CFE8 F00E	MOVFF WREG,SYSW
000358	CFD8 F00F	MOVFF STATUS,SYSSTATUS
00035C	CFE0 F030	MOVFF BSR,SYSBSR
000360	C037 F021	MOVFF SYSTEMP1,SAVESYSTEMP1
000364	C005 F01B	MOVFF SYSBYTETEMPA,SAVESYSBYTETEMPA
000368	C009 F01C	MOVFF SYSBYTETEMPB,SAVESYSBYTETEMPB
00036C	CFE9 F018	MOVFF FSR0L,SAVEFSR0L
000370	CFEA F017	MOVFF FSR0H,SAVEFSR0H
000374	C000 F01D	MOVFF SYSBYTETEMPX,SAVESYSBYTETEMPX
000378	C004 F01E	MOVFF SYSDIVLOOP,SAVESYSDIVLOOP
00037C	CFE1 F01A	MOVFF FSR1L,SAVEFSR1L
000380	CFE2 F019	MOVFF FSR1H,SAVEFSR1H
000384	C006 F020	MOVFF SYSSTRINGLENGTH,SAVESYSSTRINGLENGTH
000388	C002 F023	MOVFF SYSWAITTEMPMS,SAVESYSWAITTEMPMS
00038C	C003 F024	MOVFF SYSWAITTEMPMS_H,SAVESYSWAITTEMPMS_H
000390	C001 F016	MOVFF DELAYTEMP2,SAVEDELAYTEMP2
000394	C039 F022	MOVFF SYSTEMP2,SAVESYSTEMP2
000398	C007 F01F	MOVFF SYSSTRINGA,SAVESYSSTRINGA
00039C	A8A0	BTFSS PIE2,USBIE,ACCESS
00039E	D005	BRA NOTUSBIF
0003A0	A8A1	BTFSS PIR2,USBIF,ACCESS
0003A2	D003	BRA NOTUSBIF
0003A4	D96F	RCALL USBINTERRUPTHANDLER
0003A6	98A1	BCF PIR2,USBIF,ACCESS
0003A8	D000	BRA INTERRUPTDONE
		NOTUSBIF
		INTERRUPTDONE
0003AA	C021 F037	MOVFF SAVESYSTEMP1,SYSTEMP1
0003AE	C01B F005	MOVFF SAVESYSBYTETEMPA,SYSBYTETEMPA
0003B2	C01C F009	MOVFF SAVESYSBYTETEMPB,SYSBYTETEMPB
0003B6	C018 FFE9	MOVFF SAVEFSR0L,FSR0L
0003BA	C017 FFEA	MOVFF SAVEFSR0H,FSR0H
0003BE	C01D F000	MOVFF SAVESYSBYTETEMPX,SYSBYTETEMPX
0003C2	C01E F004	MOVFF SAVESYSDIVLOOP,SYSDIVLOOP
0003C6	C01A FFE1	MOVFF SAVEFSR1L,FSR1L
0003CA	C019 FFE2	MOVFF SAVEFSR1H,FSR1H
0003CE	C020 F006	MOVFF SAVESYSSTRINGLENGTH,SYSSTRINGLENGTH
0003D2	C023 F002	MOVFF SAVESYSWAITTEMPMS,SYSWAITTEMPMS
0003D6	C024 F003	MOVFF SAVESYSWAITTEMPMS_H,SYSWAITTEMPMS_H
0003DA	C016 F001	MOVFF SAVEDELAYTEMP2,DELAYTEMP2
0003DE	C022 F039	MOVFF SAVESYSTEMP2,SYSTEMP2
0003E2	C01F F007	MOVFF SAVESYSSTRINGA,SYSSTRINGA
0003E6	C00E FFE8	MOVFF SYSW,WREG
0003EA	C00F FFD8	MOVFF SYSSTATUS,STATUS
0003EE	C030 FFE0	MOVFF SYSBSR,BSR
0003F2	0010	RETFIE 0


		FN_PEEK
0003F4	CFEA FFEA	MOVFF MEMADR_H,FSR0H
0003F8	CFE9 FFE9	MOVFF MEMADR,FSR0L
0003FC	CFEF F012	MOVFF INDF0,PEEK
000400	0012	RETURN


		POKE
000402	C010 FFEF	MOVFF MEMDATA,INDF0
000406	0012	RETURN


		FN_READAD1016
000408	8EC1	BSF ADCON1,ADFM,ACCESS
00040A	6AC1	CLRF ALLANSEL,ACCESS
00040C	290A	INCF ADREADPORT,W,BANKED
00040E	6F0B	MOVWF ADTEMP,BANKED
000410	80D8	BSF STATUS,C,ACCESS
		SYSDOLOOP_S4
000412	36C1	RLCF ALLANSEL,F,ACCESS
000414	2F0B	DECFSZ ADTEMP,F,BANKED
000416	D7FD	BRA SYSDOLOOP_S4
		SYSDOLOOP_E4
000418	94C1	BCF ADCON1,ADCS2,ACCESS
00041A	82C1	BSF ADCON1,ADCS1,ACCESS
00041C	90C1	BCF ADCON1,ADCS0,ACCESS
00041E	94C2	BCF ADCON0,CHS0,ACCESS
000420	96C2	BCF ADCON0,CHS1,ACCESS
000422	98C2	BCF ADCON0,CHS2,ACCESS
000424	9AC2	BCF ADCON0,CHS3,ACCESS
000426	B10A	BTFSC ADREADPORT,0,BANKED
000428	84C2	BSF ADCON0,CHS0,ACCESS
		ENDIF32
00042A	B30A	BTFSC ADREADPORT,1,BANKED
00042C	86C2	BSF ADCON0,CHS1,ACCESS
		ENDIF33
00042E	B50A	BTFSC ADREADPORT,2,BANKED
000430	88C2	BSF ADCON0,CHS2,ACCESS
		ENDIF34
000432	B70A	BTFSC ADREADPORT,3,BANKED
000434	8AC2	BSF ADCON0,CHS3,ACCESS
		ENDIF35
000436	80C2	BSF ADCON0,ADON,ACCESS
000438	0E02	MOVLW 2
00043A	6E05	MOVWF SYSWAITTEMP10US,ACCESS
00043C	DE58	RCALL DELAY_10US
00043E	82C2	BSF ADCON0,GO_NOT_DONE,ACCESS
000440	0000	NOP
		SYSWAITLOOP2
000442	B2C2	BTFSC ADCON0,GO_NOT_DONE,ACCESS
000444	D7FE	BRA SYSWAITLOOP2
000446	90C2	BCF ADCON0,ADON,ACCESS
000448	6AC1	CLRF ADCON1,ACCESS
00044A	CFC3 F014	MOVFF ADRESL,READAD10
00044E	6B15	CLRF READAD10_H,BANKED
000450	CFC4 F015	MOVFF ADRESH,READAD10_H
000454	9EC1	BCF ADCON1,ADFM,ACCESS
000456	0012	RETURN


		SETUPHANDLER
		SYSSELECT6CASE1
000458	0E83	MOVLW 131
000000	010E	BANKSEL SYSUSBTEMPBUFFER_1
00045C	5D9D	SUBWF SYSUSBTEMPBUFFER_1,W,BANKED
00045E	A4D8	BTFSS STATUS, Z,ACCESS
000460	D004	BRA SYSSELECT6CASE2
000462	8A8A	BSF LATB,5,ACCESS
000000	0100	BANKSEL 0
000466	D9EA	RCALL USBSENDDATA1ACK
000468	D086	BRA SYSSELECTEND6
		SYSSELECT6CASE2
00046A	0E84	MOVLW 132
00046C	5D9D	SUBWF SYSUSBTEMPBUFFER_1,W,BANKED
00046E	A4D8	BTFSS STATUS, Z,ACCESS
000470	D004	BRA SYSSELECT6CASE3
000472	9A8A	BCF LATB,5,ACCESS
000000	0100	BANKSEL 0
000476	D9E2	RCALL USBSENDDATA1ACK
000478	D07E	BRA SYSSELECTEND6
		SYSSELECT6CASE3
00047A	0E85	MOVLW 133
00047C	5D9D	SUBWF SYSUSBTEMPBUFFER_1,W,BANKED
00047E	A4D8	BTFSS STATUS, Z,ACCESS
000480	D061	BRA SYSSELECT6CASE4
000482	0E08	MOVLW 8
000000	0104	BANKSEL USB_IN0_CNT
000486	6F05	MOVWF USB_IN0_CNT,BANKED
000488	C406 FFE9	MOVFF USB_IN0_ADDR,MEMADR
00048C	C407 FFEA	MOVFF USB_IN0_ADDR_H,MEMADR_H
000490	C025 F010	MOVFF SENSORVALUE1,MEMDATA
000000	0100	BANKSEL 0
000496	DFB5	RCALL POKE
000498	0E01	MOVLW 1
000000	0104	BANKSEL USB_IN0_ADDR
00049C	2506	ADDWF USB_IN0_ADDR,W,BANKED
00049E	6EE9	MOVWF MEMADR,ACCESS
0004A0	0E00	MOVLW 0
0004A2	2107	ADDWFC USB_IN0_ADDR_H,W,BANKED
0004A4	6EEA	MOVWF MEMADR_H,ACCESS
0004A6	C026 F010	MOVFF SENSORVALUE1_H,MEMDATA
000000	0100	BANKSEL 0
0004AC	DFAA	RCALL POKE
0004AE	0E02	MOVLW 2
000000	0104	BANKSEL USB_IN0_ADDR
0004B2	2506	ADDWF USB_IN0_ADDR,W,BANKED
0004B4	6EE9	MOVWF MEMADR,ACCESS
0004B6	0E00	MOVLW 0
0004B8	2107	ADDWFC USB_IN0_ADDR_H,W,BANKED
0004BA	6EEA	MOVWF MEMADR_H,ACCESS
0004BC	C027 F010	MOVFF SENSORVALUE2,MEMDATA
000000	0100	BANKSEL 0
0004C2	DF9F	RCALL POKE
0004C4	0E03	MOVLW 3
000000	0104	BANKSEL USB_IN0_ADDR
0004C8	2506	ADDWF USB_IN0_ADDR,W,BANKED
0004CA	6EE9	MOVWF MEMADR,ACCESS
0004CC	0E00	MOVLW 0
0004CE	2107	ADDWFC USB_IN0_ADDR_H,W,BANKED
0004D0	6EEA	MOVWF MEMADR_H,ACCESS
0004D2	C028 F010	MOVFF SENSORVALUE2_H,MEMDATA
000000	0100	BANKSEL 0
0004D8	DF94	RCALL POKE
0004DA	0E04	MOVLW 4
000000	0104	BANKSEL USB_IN0_ADDR
0004DE	2506	ADDWF USB_IN0_ADDR,W,BANKED
0004E0	6EE9	MOVWF MEMADR,ACCESS
0004E2	0E00	MOVLW 0
0004E4	2107	ADDWFC USB_IN0_ADDR_H,W,BANKED
0004E6	6EEA	MOVWF MEMADR_H,ACCESS
0004E8	C029 F010	MOVFF SENSORVALUE3,MEMDATA
000000	0100	BANKSEL 0
0004EE	DF89	RCALL POKE
0004F0	0E05	MOVLW 5
000000	0104	BANKSEL USB_IN0_ADDR
0004F4	2506	ADDWF USB_IN0_ADDR,W,BANKED
0004F6	6EE9	MOVWF MEMADR,ACCESS
0004F8	0E00	MOVLW 0
0004FA	2107	ADDWFC USB_IN0_ADDR_H,W,BANKED
0004FC	6EEA	MOVWF MEMADR_H,ACCESS
0004FE	C02A F010	MOVFF SENSORVALUE3_H,MEMDATA
000000	0100	BANKSEL 0
000504	DF7E	RCALL POKE
000506	0E06	MOVLW 6
000000	0104	BANKSEL USB_IN0_ADDR
00050A	2506	ADDWF USB_IN0_ADDR,W,BANKED
00050C	6EE9	MOVWF MEMADR,ACCESS
00050E	0E00	MOVLW 0
000510	2107	ADDWFC USB_IN0_ADDR_H,W,BANKED
000512	6EEA	MOVWF MEMADR_H,ACCESS
000514	C02B F010	MOVFF SENSORVALUE4,MEMDATA
000000	0100	BANKSEL 0
00051A	DF73	RCALL POKE
00051C	0E07	MOVLW 7
000000	0104	BANKSEL USB_IN0_ADDR
000520	2506	ADDWF USB_IN0_ADDR,W,BANKED
000522	6EE9	MOVWF MEMADR,ACCESS
000524	0E00	MOVLW 0
000526	2107	ADDWFC USB_IN0_ADDR_H,W,BANKED
000528	6EEA	MOVWF MEMADR_H,ACCESS
00052A	C02C F010	MOVFF SENSORVALUE4_H,MEMDATA
000000	0100	BANKSEL 0
000530	DF68	RCALL POKE
000000	0104	BANKSEL USB_IN0_STAT
000534	AD04	BTFSS USB_IN0_STAT,6,BANKED
000536	D003	BRA ELSE40_1
000538	0E88	MOVLW 136
00053A	6F04	MOVWF USB_IN0_STAT,BANKED
00053C	D002	BRA ENDIF40
		ELSE40_1
00053E	0EC8	MOVLW 200
000540	6F04	MOVWF USB_IN0_STAT,BANKED
		ENDIF40
000542	D019	BRA SYSSELECTEND6
		SYSSELECT6CASE4
000544	EE1E F08C	LFSR 1,SYSSTRINGPARAM2
000548	0EEE	MOVLW LOW STRINGTABLE4
00054A	6EF6	MOVWF TBLPTRL,ACCESS
00054C	0E05	MOVLW HIGH STRINGTABLE4
00054E	6EF7	MOVWF TBLPTRH,ACCESS
000000	0100	BANKSEL 0
000552	D82C	RCALL SYSREADSTRING
000554	0E8C	MOVLW LOW SYSSTRINGPARAM2
000556	6F31	MOVWF SYSPRINTDATAHANDLER,BANKED
000558	0E0E	MOVLW HIGH SYSSTRINGPARAM2
00055A	6F32	MOVWF SYSPRINTDATAHANDLER_H,BANKED
00055C	0E01	MOVLW 1
00055E	6F0C	MOVWF COMPORT,BANKED
000560	DE26	RCALL HSERPRINT264
000562	CE9D F02E	MOVFF SYSUSBTEMPBUFFER_1,SERPRINTVAL
000566	0E01	MOVLW 1
000568	6F0C	MOVWF COMPORT,BANKED
00056A	DE42	RCALL HSERPRINT265
00056C	0E01	MOVLW 1
00056E	6F0D	MOVWF HSERPRINTCRLFCOUNT,BANKED
000570	0E01	MOVLW 1
000572	6F0C	MOVWF COMPORT,BANKED
000574	DE7D	RCALL HSERPRINTCRLF
		SYSSELECTEND6
000000	0100	BANKSEL 0
000578	0012	RETURN


		SYSCOMPLESSTHAN
00057A	6800	SETF SYSBYTETEMPX,ACCESS
00057C	5009	MOVF SYSBYTETEMPB, W,ACCESS
00057E	6005	CPFSLT SYSBYTETEMPA,ACCESS
000580	6A00	CLRF SYSBYTETEMPX,ACCESS
000582	0012	RETURN


		SYSDIVSUB
000584	5209	MOVF SYSBYTETEMPB, F,ACCESS
000586	B4D8	BTFSC STATUS, Z,ACCESS
000588	0012	RETURN
00058A	6A00	CLRF SYSBYTETEMPX,ACCESS
00058C	0E08	MOVLW 8
00058E	6E04	MOVWF SYSDIVLOOP,ACCESS
		SYSDIV8START
000590	90D8	BCF STATUS, C,ACCESS
000592	3605	RLCF SYSBYTETEMPA, F,ACCESS
000594	3600	RLCF SYSBYTETEMPX, F,ACCESS
000596	5009	MOVF SYSBYTETEMPB, W,ACCESS
000598	5E00	SUBWF SYSBYTETEMPX, F,ACCESS
00059A	8005	BSF SYSBYTETEMPA, 0,ACCESS
00059C	B0D8	BTFSC STATUS, C,ACCESS
00059E	D003	BRA DIV8NOTNEG
0005A0	9005	BCF SYSBYTETEMPA, 0,ACCESS
0005A2	5009	MOVF SYSBYTETEMPB, W,ACCESS
0005A4	2600	ADDWF SYSBYTETEMPX, F,ACCESS
		DIV8NOTNEG
0005A6	2E04	DECFSZ SYSDIVLOOP, F,ACCESS
0005A8	D7F3	BRA SYSDIV8START
0005AA	0012	RETURN


		SYSREADSTRING
0005AC	0009	TBLRD*+
0005AE	CFF5 F005	MOVFF TABLAT,SYSCALCTEMPA
0005B2	CFF5 FFE7	MOVFF TABLAT,INDF1
0005B6	D004	BRA SYSSTRINGREADCHECK
		SYSREADSTRINGPART
0005B8	0009	TBLRD*+
0005BA	50F5	MOVF TABLAT, W,ACCESS
0005BC	6E05	MOVWF SYSCALCTEMPA,ACCESS
0005BE	2606	ADDWF SYSSTRINGLENGTH,F,ACCESS
		SYSSTRINGREADCHECK
0005C0	5205	MOVF SYSCALCTEMPA,F,ACCESS
0005C2	B4D8	BTFSC STATUS,Z,ACCESS
0005C4	0012	RETURN
		SYSSTRINGREAD
0005C6	0009	TBLRD*+
0005C8	CFF5 FFE4	MOVFF TABLAT,PREINC1
0005CC	2E05	DECFSZ SYSCALCTEMPA, F,ACCESS
0005CE	D7FB	BRA SYSSTRINGREAD
0005D0	0012	RETURN


		SYSSTRINGTABLES

		STRINGTABLE1
0005D2	4710 4243 5341 4349 5520 4253 5420 7365 0074	RAW 4710,4243,5341,4349,5520,4253,5420,7365,0074


		STRINGTABLE2
0005E4	5507 4253 4320 4247	RAW 5507,4253,4320,4247


		STRINGTABLE3
0005EC	4501	RAW 4501


		STRINGTABLE4
0005EE	5204 7165 0020	RAW 5204,7165,0020


		STRINGTABLE5
0005F4	4405 7365 2063	RAW 4405,7365,2063


		STRINGTABLE6
0005FA	4709 6572 7461 4320 776F	RAW 4709,6572,7461,4320,776F


		STRINGTABLE9
000604	0000	RAW 0000



		USBCONFIGDESCRIPTOR
000606	0E12	MOVLW 18
000608	6007	CPFSLT SYSSTRINGA,ACCESS
00060A	0C00	RETLW 0
00060C	5007	MOVF SYSSTRINGA, W,ACCESS
00060E	0F20	ADDLW LOW TABLEUSBCONFIGDESCRIPTOR
000610	6EF6	MOVWF TBLPTRL,ACCESS
000612	0E06	MOVLW HIGH TABLEUSBCONFIGDESCRIPTOR
000614	B0D8	BTFSC STATUS, C,ACCESS
000616	0F01	ADDLW 1
000618	6EF7	MOVWF TBLPTRH,ACCESS
00061A	0008	TBLRD*
00061C	50F5	MOVF TABLAT, W,ACCESS
00061E	0012	RETURN
		TABLEUSBCONFIGDESCRIPTOR
000620	0912 1202 0100 0001 1980 0409 0000 FF00 FF00	RAW 0912,1202,0100,0001,1980,0409,0000,FF00,FF00


		USBDEVICEDESCRIPTOR
000632	0E13	MOVLW 19
000634	6007	CPFSLT SYSSTRINGA,ACCESS
000636	0C00	RETLW 0
000638	5007	MOVF SYSSTRINGA, W,ACCESS
00063A	0F4C	ADDLW LOW TABLEUSBDEVICEDESCRIPTOR
00063C	6EF6	MOVWF TBLPTRL,ACCESS
00063E	0E06	MOVLW HIGH TABLEUSBDEVICEDESCRIPTOR
000640	B0D8	BTFSC STATUS, C,ACCESS
000642	0F01	ADDLW 1
000644	6EF7	MOVWF TBLPTRH,ACCESS
000646	0008	TBLRD*
000648	50F5	MOVF TABLAT, W,ACCESS
00064A	0012	RETURN
		TABLEUSBDEVICEDESCRIPTOR
00064C	1212 0001 0002 0000 5540 00F0 0110 0101 0002 0001	RAW 1212,0001,0002,0000,5540,00F0,0110,0101,0002,0001


		USBDEVICEQUALDESCRIPTOR
000660	0E0A	MOVLW 10
000662	6007	CPFSLT SYSSTRINGA,ACCESS
000664	0C00	RETLW 0
000666	5007	MOVF SYSSTRINGA, W,ACCESS
000668	0F7A	ADDLW LOW TABLEUSBDEVICEQUALDESCRIPTOR
00066A	6EF6	MOVWF TBLPTRL,ACCESS
00066C	0E06	MOVLW HIGH TABLEUSBDEVICEQUALDESCRIPTOR
00066E	B0D8	BTFSC STATUS, C,ACCESS
000670	0F01	ADDLW 1
000672	6EF7	MOVWF TBLPTRH,ACCESS
000674	0008	TBLRD*
000676	50F5	MOVF TABLAT, W,ACCESS
000678	0012	RETURN
		TABLEUSBDEVICEQUALDESCRIPTOR
00067A	0A0A 0006 0002 0000 0140	RAW 0A0A,0006,0002,0000,0140


		USBINTERRUPTHANDLER
000684	A062	BTFSS UIR,URSTIF,ACCESS
000686	D02A	BRA ENDIF3
000688	0E08	MOVLW 8
000000	0104	BANKSEL USB_OUT0_STAT
00068C	6F00	MOVWF USB_OUT0_STAT,BANKED
00068E	0E08	MOVLW 8
000690	6F04	MOVWF USB_IN0_STAT,BANKED
		SYSDOLOOP_S3
000692	A662	BTFSS UIR,TRNIF,ACCESS
000694	D002	BRA SYSDOLOOP_E3
000696	9662	BCF UIR,TRNIF,ACCESS
000698	D7FC	BRA SYSDOLOOP_S3
		SYSDOLOOP_E3
000000	010F	BANKSEL UEP0
00069C	6B26	CLRF UEP0,BANKED
00069E	0E40	MOVLW 64
000000	0104	BANKSEL USB_IN0_ADDR
0006A2	6F06	MOVWF USB_IN0_ADDR,BANKED
0006A4	0E04	MOVLW 4
0006A6	6F07	MOVWF USB_IN0_ADDR_H,BANKED
0006A8	0EC0	MOVLW 192
0006AA	6F02	MOVWF USB_OUT0_ADDR,BANKED
0006AC	0E04	MOVLW 4
0006AE	6F03	MOVWF USB_OUT0_ADDR_H,BANKED
0006B0	6B05	CLRF USB_IN0_CNT,BANKED
0006B2	0E80	MOVLW 128
0006B4	6F01	MOVWF USB_OUT0_CNT,BANKED
0006B6	0E08	MOVLW 8
0006B8	6F04	MOVWF USB_IN0_STAT,BANKED
0006BA	0E88	MOVLW 136
0006BC	6F00	MOVWF USB_OUT0_STAT,BANKED
0006BE	9865	BCF UCON,PKTDIS,ACCESS
0006C0	0E16	MOVLW 22
000000	010F	BANKSEL UEP0
0006C4	6F26	MOVWF UEP0,BANKED
0006C6	6B38	CLRF UADDR,BANKED
0006C8	6A63	CLRF UEIR,ACCESS
0006CA	6A62	CLRF UIR,ACCESS
0006CC	9265	BCF UCON,SUSPND,ACCESS
		SYSWAITLOOP1
0006CE	BA65	BTFSC UCON,SE0,ACCESS
0006D0	D7FE	BRA SYSWAITLOOP1
000000	0100	BANKSEL USBLASTCONTROL
0006D4	6945	SETF USBLASTCONTROL,BANKED
0006D6	0E01	MOVLW 1
0006D8	6F49	MOVWF USBSTATE,BANKED
0006DA	6B3E	CLRF USBCURRCONFIGURATION,BANKED
		ENDIF3
0006DC	A262	BTFSS UIR,UERRIF,ACCESS
0006DE	D003	BRA ENDIF4
0006E0	DD23	RCALL ERRORHANDLER
0006E2	6A63	CLRF UEIR,ACCESS
0006E4	9262	BCF UIR,UERRIF,ACCESS
		ENDIF4
0006E6	A462	BTFSS UIR,ACTVIF,ACCESS
0006E8	D002	BRA ENDIF5
0006EA	9265	BCF UCON,SUSPND,ACCESS
0006EC	9462	BCF UIR,ACTVIF,ACCESS
		ENDIF5
0006EE	A662	BTFSS UIR,TRNIF,ACCESS
0006F0	D062	BRA ENDIF6
0006F2	0E78	MOVLW 120
0006F4	1464	ANDWF USTAT,W,ACCESS
0006F6	6F37	MOVWF SYSTEMP1,BANKED
0006F8	C037 F005	MOVFF SYSTEMP1,SYSBYTETEMPA
0006FC	0E08	MOVLW 8
0006FE	6E09	MOVWF SYSBYTETEMPB,ACCESS
000700	DF41	RCALL SYSDIVSUB
000702	C005 F03F	MOVFF SYSBYTETEMPA,USBCURRENDPOINT
000706	A464	BTFSS USTAT,DIR,ACCESS
000708	D003	BRA ELSE10_1
00070A	C404 F03C	MOVFF USB_IN0_STAT,USBBUFFERSTAT
00070E	D004	BRA ENDIF10
		ELSE10_1
000710	C400 F03C	MOVFF USB_OUT0_STAT,USBBUFFERSTAT
000000	0104	BANKSEL USB_OUT0_STAT
000716	9F00	BCF USB_OUT0_STAT,7,BANKED
		ENDIF10
000718	0E3C	MOVLW 60
000000	0100	BANKSEL USBBUFFERSTAT
00071C	153C	ANDWF USBBUFFERSTAT,W,BANKED
00071E	6F47	MOVWF USBPID,BANKED
		SYSSELECT1CASE1
000720	0E04	MOVLW 4
000722	5D47	SUBWF USBPID,W,BANKED
000724	A4D8	BTFSS STATUS, Z,ACCESS
000726	D005	BRA SYSSELECT1CASE2
000728	0E80	MOVLW 128
000000	0104	BANKSEL USB_OUT0_CNT
00072C	6F01	MOVWF USB_OUT0_CNT,BANKED
00072E	8F00	BSF USB_OUT0_STAT,7,BANKED
000730	D03F	BRA SYSSELECTEND1
		SYSSELECT1CASE2
000732	0E24	MOVLW 36
000734	5D47	SUBWF USBPID,W,BANKED
000736	A4D8	BTFSS STATUS, Z,ACCESS
000738	D016	BRA SYSSELECT1CASE3
		SYSSELECT2CASE1
00073A	0E05	MOVLW 5
00073C	5D45	SUBWF USBLASTCONTROL,W,BANKED
00073E	A4D8	BTFSS STATUS, Z,ACCESS
000740	D006	BRA SYSSELECT2CASE2
000742	C046 FF38	MOVFF USBNEWADDRESS,UADDR
000746	0E02	MOVLW 2
000748	6F49	MOVWF USBSTATE,BANKED
00074A	6945	SETF USBLASTCONTROL,BANKED
00074C	D00B	BRA SYSSELECTEND2
		SYSSELECT2CASE2
00074E	0E06	MOVLW 6
000750	5D45	SUBWF USBLASTCONTROL,W,BANKED
000752	A4D8	BTFSS STATUS, Z,ACCESS
000754	D002	BRA SYSSELECT2CASE3
000756	D878	RCALL USBSENDDESCRIPTOR
000758	D005	BRA SYSSELECTEND2
		SYSSELECT2CASE3
00075A	0E80	MOVLW 128
000000	0104	BANKSEL USB_OUT0_CNT
00075E	6F01	MOVWF USB_OUT0_CNT,BANKED
000760	0E88	MOVLW 136
000762	6F00	MOVWF USB_OUT0_STAT,BANKED
		SYSSELECTEND2
000764	D025	BRA SYSSELECTEND1
		SYSSELECT1CASE3
000766	0E34	MOVLW 52
000768	5D47	SUBWF USBPID,W,BANKED
00076A	A4D8	BTFSS STATUS, Z,ACCESS
00076C	D021	BRA SYSSELECT1CASE4
00076E	693D	SETF USBCURRBYTE,BANKED
		SYSFORLOOP1
000770	2B3D	INCF USBCURRBYTE,F,BANKED
000772	513D	MOVF USBCURRBYTE,W,BANKED
000000	0104	BANKSEL USB_OUT0_ADDR
000776	2502	ADDWF USB_OUT0_ADDR,W,BANKED
000778	6EE9	MOVWF MEMADR,ACCESS
00077A	0E00	MOVLW 0
00077C	2103	ADDWFC USB_OUT0_ADDR_H,W,BANKED
00077E	6EEA	MOVWF MEMADR_H,ACCESS
000000	0100	BANKSEL 0
000782	DE38	RCALL FN_PEEK
000784	EE0E F09C	LFSR 0,USBTEMPBUFFER
000788	513D	MOVF USBCURRBYTE,W,BANKED
00078A	26E9	ADDWF AFSR0,F,ACCESS
00078C	0E00	MOVLW 0
00078E	22EA	ADDWFC AFSR0_H,F,ACCESS
000790	C012 FFEF	MOVFF PEEK,INDF0
000794	0E07	MOVLW 7
000796	5D3D	SUBWF USBCURRBYTE,W,BANKED
000798	A0D8	BTFSS STATUS, C,ACCESS
00079A	D7EA	BRA SYSFORLOOP1
		ENDIF11
		SYSFORLOOPEND1
00079C	0E08	MOVLW 8
000000	0104	BANKSEL USB_IN0_STAT
0007A0	6F04	MOVWF USB_IN0_STAT,BANKED
0007A2	0E80	MOVLW 128
0007A4	6F01	MOVWF USB_OUT0_CNT,BANKED
0007A6	0E88	MOVLW 136
0007A8	6F00	MOVWF USB_OUT0_STAT,BANKED
000000	0100	BANKSEL 0
0007AC	D80B	RCALL USBPROCESSSETUP
0007AE	D000	BRA SYSSELECTEND1
		SYSSELECT1CASE4
		SYSSELECTEND1
000000	0100	BANKSEL USBHASDATA
0007B2	6944	SETF USBHASDATA,BANKED
0007B4	9662	BCF UIR,TRNIF,ACCESS
		ENDIF6
0007B6	B862	BTFSC UIR,IDLEIF,ACCESS
0007B8	9862	BCF UIR,IDLEIF,ACCESS
		ENDIF7
0007BA	BA62	BTFSC UIR,STALLIF,ACCESS
0007BC	9A62	BCF UIR,STALLIF,ACCESS
		ENDIF8
0007BE	BC62	BTFSC UIR,SOFIF,ACCESS
0007C0	9C62	BCF UIR,SOFIF,ACCESS
		ENDIF9
0007C2	0012	RETURN


		USBPROCESSSETUP
0007C4	0E7F	MOVLW 127
000000	010E	BANKSEL SYSUSBTEMPBUFFER_0
0007C8	159C	ANDWF SYSUSBTEMPBUFFER_0,W,BANKED
000000	0100	BANKSEL USBBMREQUESTTYPE
0007CC	6F3B	MOVWF USBBMREQUESTTYPE,BANKED
0007CE	9865	BCF UCON,PKTDIS,ACCESS
0007D0	533B	MOVF USBBMREQUESTTYPE,F,BANKED
0007D2	A4D8	BTFSS STATUS, Z,ACCESS
0007D4	D031	BRA ELSE12_1
0007D6	6945	SETF USBLASTCONTROL,BANKED
		SYSSELECT3CASE1
0007D8	0E05	MOVLW 5
000000	010E	BANKSEL SYSUSBTEMPBUFFER_1
0007DC	5D9D	SUBWF SYSUSBTEMPBUFFER_1,W,BANKED
0007DE	A4D8	BTFSS STATUS, Z,ACCESS
0007E0	D007	BRA SYSSELECT3CASE2
0007E2	0E05	MOVLW 5
000000	0100	BANKSEL USBLASTCONTROL
0007E6	6F45	MOVWF USBLASTCONTROL,BANKED
0007E8	CE9E F046	MOVFF SYSUSBTEMPBUFFER_2,USBNEWADDRESS
0007EC	D827	RCALL USBSENDDATA1ACK
0007EE	D023	BRA SYSSELECTEND3
		SYSSELECT3CASE2
0007F0	0E06	MOVLW 6
0007F2	5D9D	SUBWF SYSUSBTEMPBUFFER_1,W,BANKED
0007F4	A4D8	BTFSS STATUS, Z,ACCESS
0007F6	D00C	BRA SYSSELECT3CASE3
0007F8	0E06	MOVLW 6
000000	0100	BANKSEL USBLASTCONTROL
0007FC	6F45	MOVWF USBLASTCONTROL,BANKED
0007FE	CE9F F043	MOVFF SYSUSBTEMPBUFFER_3,USBDESCTYPE
000802	CE9E F040	MOVFF SYSUSBTEMPBUFFER_2,USBDESCINDEX
000806	CEA2 F041	MOVFF SYSUSBTEMPBUFFER_6,USBDESCSIZEIN
00080A	6B42	CLRF USBDESCSTART,BANKED
00080C	D81D	RCALL USBSENDDESCRIPTOR
00080E	D013	BRA SYSSELECTEND3
		SYSSELECT3CASE3
000810	0E09	MOVLW 9
000812	5D9D	SUBWF SYSUSBTEMPBUFFER_1,W,BANKED
000814	A4D8	BTFSS STATUS, Z,ACCESS
000816	D00D	BRA SYSSELECT3CASE4
000818	CE9E F03E	MOVFF SYSUSBTEMPBUFFER_2,USBCURRCONFIGURATION
000000	0100	BANKSEL USBCURRCONFIGURATION
00081E	533E	MOVF USBCURRCONFIGURATION,F,BANKED
000820	A4D8	BTFSS STATUS, Z,ACCESS
000822	D003	BRA ELSE13_1
000824	0E02	MOVLW 2
000826	6F49	MOVWF USBSTATE,BANKED
000828	D002	BRA ENDIF13
		ELSE13_1
00082A	0E03	MOVLW 3
00082C	6F49	MOVWF USBSTATE,BANKED
		ENDIF13
00082E	D806	RCALL USBSENDDATA1ACK
000830	D002	BRA SYSSELECTEND3
		SYSSELECT3CASE4
000000	0100	BANKSEL 0
000834	DE11	RCALL SETUPHANDLER
		SYSSELECTEND3
000836	D001	BRA ENDIF12
		ELSE12_1
000838	DE0F	RCALL SETUPHANDLER
		ENDIF12
00083A	0012	RETURN


		USBSENDDATA1ACK
000000	0104	BANKSEL USB_IN0_CNT
00083E	6B05	CLRF USB_IN0_CNT,BANKED
000840	0EC8	MOVLW 200
000842	6F04	MOVWF USB_IN0_STAT,BANKED
000000	0100	BANKSEL 0
000846	0012	RETURN


		USBSENDDESCRIPTOR
000000	0104	BANKSEL USB_IN0_STAT
00084A	9F04	BCF USB_IN0_STAT,7,BANKED
		SYSSELECT4CASE1
000000	0100	BANKSEL USBDESCTYPE
00084E	0543	DECF USBDESCTYPE,W,BANKED
000850	A4D8	BTFSS STATUS, Z,ACCESS
000852	D02F	BRA SYSSELECT4CASE2
000854	0E12	MOVLW 18
000856	6F48	MOVWF USBSIZE,BANKED
000858	5D41	SUBWF USBDESCSIZEIN,W,BANKED
00085A	A0D8	BTFSS STATUS, C,ACCESS
00085C	C041 F048	MOVFF USBDESCSIZEIN,USBSIZE
		ENDIF14
000860	5148	MOVF USBSIZE,W,BANKED
000862	5D42	SUBWF USBDESCSTART,W,BANKED
000864	A0D8	BTFSS STATUS, C,ACCESS
000866	D003	BRA ELSE15_1
000868	6B48	CLRF USBSIZE,BANKED
00086A	6945	SETF USBLASTCONTROL,BANKED
00086C	D002	BRA ENDIF15
		ELSE15_1
00086E	5142	MOVF USBDESCSTART,W,BANKED
000870	5F48	SUBWF USBSIZE,F,BANKED
		ENDIF15
000872	6B3D	CLRF USBCURRBYTE,BANKED
000874	0E01	MOVLW 1
000876	5D48	SUBWF USBSIZE,W,BANKED
000878	A0D8	BTFSS STATUS, C,ACCESS
00087A	D016	BRA SYSFORLOOPEND2
		ENDIF16
		SYSFORLOOP2
00087C	2B3D	INCF USBCURRBYTE,F,BANKED
00087E	5142	MOVF USBDESCSTART,W,BANKED
000880	253D	ADDWF USBCURRBYTE,W,BANKED
000882	6E07	MOVWF SYSSTRINGA,ACCESS
000884	DED6	RCALL USBDEVICEDESCRIPTOR
000886	6F4A	MOVWF USBTEMPBYTE,BANKED
000888	053D	DECF USBCURRBYTE,W,BANKED
00088A	6F37	MOVWF SYSTEMP1,BANKED
000000	0104	BANKSEL USB_IN0_ADDR
00088E	2506	ADDWF USB_IN0_ADDR,W,BANKED
000890	6EE9	MOVWF MEMADR,ACCESS
000892	0E00	MOVLW 0
000894	2107	ADDWFC USB_IN0_ADDR_H,W,BANKED
000896	6EEA	MOVWF MEMADR_H,ACCESS
000898	C04A F010	MOVFF USBTEMPBYTE,MEMDATA
000000	0100	BANKSEL 0
00089E	DDB1	RCALL POKE
0008A0	5148	MOVF USBSIZE,W,BANKED
0008A2	5D3D	SUBWF USBCURRBYTE,W,BANKED
0008A4	A0D8	BTFSS STATUS, C,ACCESS
0008A6	D7EA	BRA SYSFORLOOP2
		ENDIF17
		SYSFORLOOPEND2
0008A8	C048 F405	MOVFF USBSIZE,USB_IN0_CNT
0008AC	5148	MOVF USBSIZE,W,BANKED
0008AE	2742	ADDWF USBDESCSTART,F,BANKED
0008B0	D126	BRA SYSSELECTEND4
		SYSSELECT4CASE2
0008B2	0E02	MOVLW 2
0008B4	5D43	SUBWF USBDESCTYPE,W,BANKED
0008B6	A4D8	BTFSS STATUS, Z,ACCESS
0008B8	D02F	BRA SYSSELECT4CASE3
0008BA	0E12	MOVLW 18
0008BC	6F48	MOVWF USBSIZE,BANKED
0008BE	5D41	SUBWF USBDESCSIZEIN,W,BANKED
0008C0	A0D8	BTFSS STATUS, C,ACCESS
0008C2	C041 F048	MOVFF USBDESCSIZEIN,USBSIZE
		ENDIF18
0008C6	5148	MOVF USBSIZE,W,BANKED
0008C8	5D42	SUBWF USBDESCSTART,W,BANKED
0008CA	A0D8	BTFSS STATUS, C,ACCESS
0008CC	D003	BRA ELSE19_1
0008CE	6B48	CLRF USBSIZE,BANKED
0008D0	6945	SETF USBLASTCONTROL,BANKED
0008D2	D002	BRA ENDIF19
		ELSE19_1
0008D4	5142	MOVF USBDESCSTART,W,BANKED
0008D6	5F48	SUBWF USBSIZE,F,BANKED
		ENDIF19
0008D8	6B3D	CLRF USBCURRBYTE,BANKED
0008DA	0E01	MOVLW 1
0008DC	5D48	SUBWF USBSIZE,W,BANKED
0008DE	A0D8	BTFSS STATUS, C,ACCESS
0008E0	D016	BRA SYSFORLOOPEND3
		ENDIF20
		SYSFORLOOP3
0008E2	2B3D	INCF USBCURRBYTE,F,BANKED
0008E4	5142	MOVF USBDESCSTART,W,BANKED
0008E6	253D	ADDWF USBCURRBYTE,W,BANKED
0008E8	6E07	MOVWF SYSSTRINGA,ACCESS
0008EA	DE8D	RCALL USBCONFIGDESCRIPTOR
0008EC	6F4A	MOVWF USBTEMPBYTE,BANKED
0008EE	053D	DECF USBCURRBYTE,W,BANKED
0008F0	6F37	MOVWF SYSTEMP1,BANKED
000000	0104	BANKSEL USB_IN0_ADDR
0008F4	2506	ADDWF USB_IN0_ADDR,W,BANKED
0008F6	6EE9	MOVWF MEMADR,ACCESS
0008F8	0E00	MOVLW 0
0008FA	2107	ADDWFC USB_IN0_ADDR_H,W,BANKED
0008FC	6EEA	MOVWF MEMADR_H,ACCESS
0008FE	C04A F010	MOVFF USBTEMPBYTE,MEMDATA
000000	0100	BANKSEL 0
000904	DD7E	RCALL POKE
000906	5148	MOVF USBSIZE,W,BANKED
000908	5D3D	SUBWF USBCURRBYTE,W,BANKED
00090A	A0D8	BTFSS STATUS, C,ACCESS
00090C	D7EA	BRA SYSFORLOOP3
		ENDIF21
		SYSFORLOOPEND3
00090E	C048 F405	MOVFF USBSIZE,USB_IN0_CNT
000912	5148	MOVF USBSIZE,W,BANKED
000914	2742	ADDWF USBDESCSTART,F,BANKED
000916	D0F3	BRA SYSSELECTEND4
		SYSSELECT4CASE3
000918	0E06	MOVLW 6
00091A	5D43	SUBWF USBDESCTYPE,W,BANKED
00091C	A4D8	BTFSS STATUS, Z,ACCESS
00091E	D02F	BRA SYSSELECT4CASE4
000920	0E0A	MOVLW 10
000922	6F48	MOVWF USBSIZE,BANKED
000924	5D41	SUBWF USBDESCSIZEIN,W,BANKED
000926	A0D8	BTFSS STATUS, C,ACCESS
000928	C041 F048	MOVFF USBDESCSIZEIN,USBSIZE
		ENDIF22
00092C	5148	MOVF USBSIZE,W,BANKED
00092E	5D42	SUBWF USBDESCSTART,W,BANKED
000930	A0D8	BTFSS STATUS, C,ACCESS
000932	D003	BRA ELSE23_1
000934	6B48	CLRF USBSIZE,BANKED
000936	6945	SETF USBLASTCONTROL,BANKED
000938	D002	BRA ENDIF23
		ELSE23_1
00093A	5142	MOVF USBDESCSTART,W,BANKED
00093C	5F48	SUBWF USBSIZE,F,BANKED
		ENDIF23
00093E	6B3D	CLRF USBCURRBYTE,BANKED
000940	0E01	MOVLW 1
000942	5D48	SUBWF USBSIZE,W,BANKED
000944	A0D8	BTFSS STATUS, C,ACCESS
000946	D016	BRA SYSFORLOOPEND4
		ENDIF24
		SYSFORLOOP4
000948	2B3D	INCF USBCURRBYTE,F,BANKED
00094A	5142	MOVF USBDESCSTART,W,BANKED
00094C	253D	ADDWF USBCURRBYTE,W,BANKED
00094E	6E07	MOVWF SYSSTRINGA,ACCESS
000950	DE87	RCALL USBDEVICEQUALDESCRIPTOR
000952	6F4A	MOVWF USBTEMPBYTE,BANKED
000954	053D	DECF USBCURRBYTE,W,BANKED
000956	6F37	MOVWF SYSTEMP1,BANKED
000000	0104	BANKSEL USB_IN0_ADDR
00095A	2506	ADDWF USB_IN0_ADDR,W,BANKED
00095C	6EE9	MOVWF MEMADR,ACCESS
00095E	0E00	MOVLW 0
000960	2107	ADDWFC USB_IN0_ADDR_H,W,BANKED
000962	6EEA	MOVWF MEMADR_H,ACCESS
000964	C04A F010	MOVFF USBTEMPBYTE,MEMDATA
000000	0100	BANKSEL 0
00096A	DD4B	RCALL POKE
00096C	5148	MOVF USBSIZE,W,BANKED
00096E	5D3D	SUBWF USBCURRBYTE,W,BANKED
000970	A0D8	BTFSS STATUS, C,ACCESS
000972	D7EA	BRA SYSFORLOOP4
		ENDIF25
		SYSFORLOOPEND4
000974	C048 F405	MOVFF USBSIZE,USB_IN0_CNT
000978	5148	MOVF USBSIZE,W,BANKED
00097A	2742	ADDWF USBDESCSTART,F,BANKED
00097C	D0C0	BRA SYSSELECTEND4
		SYSSELECT4CASE4
00097E	0E03	MOVLW 3
000980	5D43	SUBWF USBDESCTYPE,W,BANKED
000982	A4D8	BTFSS STATUS, Z,ACCESS
000984	D0B9	BRA SYSSELECT4CASE5
000986	5340	MOVF USBDESCINDEX,F,BANKED
000988	A4D8	BTFSS STATUS, Z,ACCESS
00098A	D02D	BRA ELSE26_1
00098C	6945	SETF USBLASTCONTROL,BANKED
00098E	C406 FFE9	MOVFF USB_IN0_ADDR,MEMADR
000992	C407 FFEA	MOVFF USB_IN0_ADDR_H,MEMADR_H
000996	0E04	MOVLW 4
000998	6F10	MOVWF MEMDATA,BANKED
00099A	DD33	RCALL POKE
00099C	0E01	MOVLW 1
000000	0104	BANKSEL USB_IN0_ADDR
0009A0	2506	ADDWF USB_IN0_ADDR,W,BANKED
0009A2	6EE9	MOVWF MEMADR,ACCESS
0009A4	0E00	MOVLW 0
0009A6	2107	ADDWFC USB_IN0_ADDR_H,W,BANKED
0009A8	6EEA	MOVWF MEMADR_H,ACCESS
0009AA	0E03	MOVLW 3
000000	0100	BANKSEL MEMDATA
0009AE	6F10	MOVWF MEMDATA,BANKED
0009B0	DD28	RCALL POKE
0009B2	0E02	MOVLW 2
000000	0104	BANKSEL USB_IN0_ADDR
0009B6	2506	ADDWF USB_IN0_ADDR,W,BANKED
0009B8	6EE9	MOVWF MEMADR,ACCESS
0009BA	0E00	MOVLW 0
0009BC	2107	ADDWFC USB_IN0_ADDR_H,W,BANKED
0009BE	6EEA	MOVWF MEMADR_H,ACCESS
0009C0	0E09	MOVLW 9
000000	0100	BANKSEL MEMDATA
0009C4	6F10	MOVWF MEMDATA,BANKED
0009C6	DD1D	RCALL POKE
0009C8	0E03	MOVLW 3
000000	0104	BANKSEL USB_IN0_ADDR
0009CC	2506	ADDWF USB_IN0_ADDR,W,BANKED
0009CE	6EE9	MOVWF MEMADR,ACCESS
0009D0	0E00	MOVLW 0
0009D2	2107	ADDWFC USB_IN0_ADDR_H,W,BANKED
0009D4	6EEA	MOVWF MEMADR_H,ACCESS
0009D6	0E04	MOVLW 4
000000	0100	BANKSEL MEMDATA
0009DA	6F10	MOVWF MEMDATA,BANKED
0009DC	DD12	RCALL POKE
0009DE	0E04	MOVLW 4
000000	0104	BANKSEL USB_IN0_CNT
0009E2	6F05	MOVWF USB_IN0_CNT,BANKED
0009E4	D088	BRA ENDIF26
		ELSE26_1
		SYSSELECT5CASE1
0009E6	0540	DECF USBDESCINDEX,W,BANKED
0009E8	A4D8	BTFSS STATUS, Z,ACCESS
0009EA	D008	BRA SYSSELECT5CASE2
0009EC	EE1E F0AD	LFSR 1,USBTEMPSTRING
0009F0	0EFA	MOVLW LOW STRINGTABLE6
0009F2	6EF6	MOVWF TBLPTRL,ACCESS
0009F4	0E05	MOVLW HIGH STRINGTABLE6
0009F6	6EF7	MOVWF TBLPTRH,ACCESS
0009F8	DDD9	RCALL SYSREADSTRING
0009FA	D013	BRA SYSSELECTEND5
		SYSSELECT5CASE2
0009FC	0E02	MOVLW 2
0009FE	5D40	SUBWF USBDESCINDEX,W,BANKED
000A00	A4D8	BTFSS STATUS, Z,ACCESS
000A02	D008	BRA SYSSELECT5CASE3
000A04	EE1E F0AD	LFSR 1,USBTEMPSTRING
000A08	0ED2	MOVLW LOW STRINGTABLE1
000A0A	6EF6	MOVWF TBLPTRL,ACCESS
000A0C	0E05	MOVLW HIGH STRINGTABLE1
000A0E	6EF7	MOVWF TBLPTRH,ACCESS
000A10	DDCD	RCALL SYSREADSTRING
000A12	D007	BRA SYSSELECTEND5
		SYSSELECT5CASE3
000A14	EE1E F0AD	LFSR 1,USBTEMPSTRING
000A18	0E04	MOVLW LOW STRINGTABLE9
000A1A	6EF6	MOVWF TBLPTRL,ACCESS
000A1C	0E06	MOVLW HIGH STRINGTABLE9
000A1E	6EF7	MOVWF TBLPTRH,ACCESS
000A20	DDC5	RCALL SYSREADSTRING
		SYSSELECTEND5
000000	010E	BANKSEL SYSUSBTEMPSTRING_0
000A24	51AD	MOVF SYSUSBTEMPSTRING_0,W,BANKED
000A26	0D02	MULLW 2
000A28	CFF3 F037	MOVFF PRODL,SYSTEMP1
000A2C	0E02	MOVLW 2
000000	0100	BANKSEL SYSTEMP1
000A30	2537	ADDWF SYSTEMP1,W,BANKED
000000	0104	BANKSEL USB_IN0_CNT
000A34	6F05	MOVWF USB_IN0_CNT,BANKED
000000	0100	BANKSEL USBDESCSTART
000A38	5142	MOVF USBDESCSTART,W,BANKED
000000	0104	BANKSEL USB_IN0_CNT
000A3C	5D05	SUBWF USB_IN0_CNT,W,BANKED
000A3E	B0D8	BTFSC STATUS, C,ACCESS
000A40	D004	BRA ELSE28_1
000A42	6B05	CLRF USB_IN0_CNT,BANKED
000000	0100	BANKSEL USBLASTCONTROL
000A46	6945	SETF USBLASTCONTROL,BANKED
000A48	D004	BRA ENDIF28
		ELSE28_1
000000	0100	BANKSEL USBDESCSTART
000A4C	5142	MOVF USBDESCSTART,W,BANKED
000000	0104	BANKSEL USB_IN0_CNT
000A50	5F05	SUBWF USB_IN0_CNT,F,BANKED
		ENDIF28
000A52	C406 FFE9	MOVFF USB_IN0_ADDR,MEMADR
000A56	C407 FFEA	MOVFF USB_IN0_ADDR_H,MEMADR_H
000A5A	C405 F010	MOVFF USB_IN0_CNT,MEMDATA
000000	0100	BANKSEL 0
000A60	DCD0	RCALL POKE
000A62	0E01	MOVLW 1
000000	0104	BANKSEL USB_IN0_ADDR
000A66	2506	ADDWF USB_IN0_ADDR,W,BANKED
000A68	6EE9	MOVWF MEMADR,ACCESS
000A6A	0E00	MOVLW 0
000A6C	2107	ADDWFC USB_IN0_ADDR_H,W,BANKED
000A6E	6EEA	MOVWF MEMADR_H,ACCESS
000A70	0E03	MOVLW 3
000000	0100	BANKSEL MEMDATA
000A74	6F10	MOVWF MEMDATA,BANKED
000A76	DCC5	RCALL POKE
000A78	6B3D	CLRF USBCURRBYTE,BANKED
000A7A	0E01	MOVLW 1
000000	010E	BANKSEL SYSUSBTEMPSTRING_0
000A7E	5DAD	SUBWF SYSUSBTEMPSTRING_0,W,BANKED
000A80	A0D8	BTFSS STATUS, C,ACCESS
000A82	D02E	BRA SYSFORLOOPEND5
		ENDIF29
		SYSFORLOOP5
000000	0100	BANKSEL USBCURRBYTE
000A86	2B3D	INCF USBCURRBYTE,F,BANKED
000A88	EE0E F0AD	LFSR 0,USBTEMPSTRING
000A8C	513D	MOVF USBCURRBYTE,W,BANKED
000A8E	26E9	ADDWF AFSR0,F,ACCESS
000A90	0E00	MOVLW 0
000A92	22EA	ADDWFC AFSR0_H,F,ACCESS
000A94	CFEF F04A	MOVFF INDF0,USBTEMPBYTE
000A98	513D	MOVF USBCURRBYTE,W,BANKED
000A9A	0D02	MULLW 2
000A9C	CFF3 F037	MOVFF PRODL,SYSTEMP1
000AA0	5137	MOVF SYSTEMP1,W,BANKED
000000	0104	BANKSEL USB_IN0_ADDR
000AA4	2506	ADDWF USB_IN0_ADDR,W,BANKED
000AA6	6EE9	MOVWF MEMADR,ACCESS
000AA8	0E00	MOVLW 0
000AAA	2107	ADDWFC USB_IN0_ADDR_H,W,BANKED
000AAC	6EEA	MOVWF MEMADR_H,ACCESS
000AAE	C04A F010	MOVFF USBTEMPBYTE,MEMDATA
000000	0100	BANKSEL 0
000AB4	DCA6	RCALL POKE
000AB6	513D	MOVF USBCURRBYTE,W,BANKED
000AB8	0D02	MULLW 2
000ABA	CFF3 F037	MOVFF PRODL,SYSTEMP1
000ABE	2937	INCF SYSTEMP1,W,BANKED
000AC0	6F39	MOVWF SYSTEMP2,BANKED
000000	0104	BANKSEL USB_IN0_ADDR
000AC4	2506	ADDWF USB_IN0_ADDR,W,BANKED
000AC6	6EE9	MOVWF MEMADR,ACCESS
000AC8	0E00	MOVLW 0
000ACA	2107	ADDWFC USB_IN0_ADDR_H,W,BANKED
000ACC	6EEA	MOVWF MEMADR_H,ACCESS
000000	0100	BANKSEL MEMDATA
000AD0	6B10	CLRF MEMDATA,BANKED
000AD2	DC97	RCALL POKE
000000	010E	BANKSEL SYSUSBTEMPSTRING_0
000AD6	51AD	MOVF SYSUSBTEMPSTRING_0,W,BANKED
000000	0100	BANKSEL USBCURRBYTE
000ADA	5D3D	SUBWF USBCURRBYTE,W,BANKED
000ADC	A0D8	BTFSS STATUS, C,ACCESS
000ADE	D7D2	BRA SYSFORLOOP5
		ENDIF30
		SYSFORLOOPEND5
000000	0104	BANKSEL USB_IN0_CNT
000AE2	5105	MOVF USB_IN0_CNT,W,BANKED
000000	0100	BANKSEL USBDESCSIZEIN
000AE6	5D41	SUBWF USBDESCSIZEIN,W,BANKED
000AE8	A0D8	BTFSS STATUS, C,ACCESS
000AEA	C041 F405	MOVFF USBDESCSIZEIN,USB_IN0_CNT
		ENDIF31
000000	0104	BANKSEL USB_IN0_CNT
000AF0	5105	MOVF USB_IN0_CNT,W,BANKED
000000	0100	BANKSEL USBDESCSTART
000AF4	2742	ADDWF USBDESCSTART,F,BANKED
		ENDIF26
000AF6	D003	BRA SYSSELECTEND4
		SYSSELECT4CASE5
000AF8	EC5F F000	CALL DESCRIPTORHANDLER
000AFC	0012	RETURN
		SYSSELECTEND4
000000	0104	BANKSEL USB_IN0_STAT
000B00	AD04	BTFSS USB_IN0_STAT,6,BANKED
000B02	D003	BRA ELSE27_1
000B04	0E88	MOVLW 136
000B06	6F04	MOVWF USB_IN0_STAT,BANKED
000B08	D002	BRA ENDIF27
		ELSE27_1
000B0A	0EC8	MOVLW 200
000B0C	6F04	MOVWF USB_IN0_STAT,BANKED
		ENDIF27
000000	0100	BANKSEL 0
000B10	0012	RETURN


