MPLINK 4.35, Linker
Linker Map File - Created Mon Feb 25 16:35:04 2013

                                 Section Info
                  Section       Type    Address   Location Size(Bytes)
                ---------  ---------  ---------  ---------  ---------
               _entry_scn       code   0x000000    program   0x000006
                LowVector       code   0x000008    program   0x000006
                lowVector       code   0x000018    program   0x000006
                   .cinit    romdata   0x00002a    program   0x000062
              .code_TCP.o       code   0x00008c    program   0x004824
         .code_MainDemo.o       code   0x0048b0    program   0x00116a
              .code_UDP.o       code   0x005a1a    program   0x000bf6
             .code_DHCP.o       code   0x006610    program   0x000a04
         .code_ETH97J60.o       code   0x007014    program   0x00086c
              .code_ARP.o       code   0x007880    program   0x000418
          .code_Helpers.o       code   0x007c98    program   0x000386
         .code_BSP_UART.o       code   0x00801e    program   0x000342
             .code_ICMP.o       code   0x008360    program   0x000338
               .code_IP.o       code   0x008698    program   0x000290
                   STDLIB       code   0x008928    program   0x000126
         .code_StackTsk.o       code   0x008a4e    program   0x000118
                   STRING       code   0x008b66    program   0x0000f0
               _cinit_scn       code   0x008c56    program   0x00009e
          .code_fxm3232.o       code   0x008cf4    program   0x000070
             .code_Tick.o       code   0x008d64    program   0x000056
                     PROG       code   0x008dba    program   0x00003c
         .code_fxd1616u.o       code   0x008df6    program   0x00002c
                    .code       code   0x008e22    program   0x00002c
      .romdata_BSP_UART.o    romdata   0x008e4e    program   0x000028
             _startup_scn       code   0x008e76    program   0x00001c
           .code___init.o       code   0x008e92    program   0x000002
              SEED_DATA_i    romdata   0x008e94    program   0x000002
       .idata_fxm3232.o_i    romdata   0x008e96    program   0x000000
       .romdata_fxm3232.o    romdata   0x008e96    program   0x000000
        .idata___init.o_i    romdata   0x008e96    program   0x000000
      .romdata_ETH97J60.o    romdata   0x008e96    program   0x000000
        .romdata___init.o    romdata   0x008e96    program   0x000000
      .romdata_MainDemo.o    romdata   0x008e96    program   0x000000
           .romdata_UDP.o    romdata   0x008e96    program   0x000000
           .idata_UDP.o_i    romdata   0x008e96    program   0x000001
      .romdata_fxd1616u.o    romdata   0x008e96    program   0x000000
      .idata_fxd1616u.o_i    romdata   0x008e96    program   0x000000
         .idata_c018i.o_i    romdata   0x008e96    program   0x000000
         .romdata_c018i.o    romdata   0x008e96    program   0x000000
           .romdata_ARP.o    romdata   0x008e96    program   0x000000
         .romdata_Delay.o    romdata   0x008e96    program   0x000000
          .romdata_DHCP.o    romdata   0x008e96    program   0x000000
           .romdata_FTP.o    romdata   0x008e96    program   0x000000
       .romdata_Helpers.o    romdata   0x008e96    program   0x000000
          .romdata_HTTP.o    romdata   0x008e96    program   0x000000
          .romdata_ICMP.o    romdata   0x008e96    program   0x000000
          .romdata_Tick.o    romdata   0x008e96    program   0x000000
           .romdata_TCP.o    romdata   0x008e96    program   0x000000
            .romdata_IP.o    romdata   0x008e96    program   0x000000
      .romdata_StackTsk.o    romdata   0x008e96    program   0x000000
          .idata_Tick.o_i    romdata   0x008e97    program   0x000004
      .idata_MainDemo.o_i    romdata   0x008e9b    program   0x000006
           .idata_TCP.o_i    romdata   0x008e9b    program   0x000000
      .idata_StackTsk.o_i    romdata   0x008e9b    program   0x000000
            .idata_IP.o_i    romdata   0x008ea1    program   0x000002
          .idata_ICMP.o_i    romdata   0x008ea3    program   0x000001
         .idata_Delay.o_i    romdata   0x008ea4    program   0x000000
          .idata_DHCP.o_i    romdata   0x008ea4    program   0x000004
          .idata_HTTP.o_i    romdata   0x008ea4    program   0x000000
           .idata_FTP.o_i    romdata   0x008ea4    program   0x000000
      .idata_ETH97J60.o_i    romdata   0x008ea4    program   0x000000
       .idata_Helpers.o_i    romdata   0x008ea4    program   0x000000
           .idata_ARP.o_i    romdata   0x008ea8    program   0x000001
      .idata_BSP_UART.o_i    romdata   0x008ea8    program   0x000000
              .code_FTP.o       code   0x008eaa    program   0x000000
            .code_Delay.o       code   0x008eaa    program   0x000000
             .code_HTTP.o       code   0x008eaa    program   0x000000
            .code_c018i.o       code   0x008eaa    program   0x000000
  .config_fff8_MainDemo.o    romdata   0x00fff8    program   0x000001
  .config_fff9_MainDemo.o    romdata   0x00fff9    program   0x000001
  .config_fffa_MainDemo.o    romdata   0x00fffa    program   0x000001
  .config_fffb_MainDemo.o    romdata   0x00fffb    program   0x000001
  .config_fffd_MainDemo.o    romdata   0x00fffd    program   0x000001
                MATH_DATA      udata   0x000000       data   0x000014
                 .tmpdata      udata   0x000014       data   0x00000c
             .udata_TCP.o      udata   0x000060       data   0x00008d
              .udata_IP.o      udata   0x0000ed       data   0x000012
             .idata_UDP.o      idata   0x0000ff       data   0x000001
        .udata_MainDemo.o      udata   0x000100       data   0x000065
                 TCB_uRAM      udata   0x000165       data   0x000034
        .udata_ETH97J60.o      udata   0x000199       data   0x000032
             .udata_ARP.o      udata   0x0001cb       data   0x00001e
         .udata_Helpers.o      udata   0x0001e9       data   0x000016
            .idata_ICMP.o      idata   0x0001ff       data   0x000001
            .udata_ICMP.o      udata   0x000200       data   0x00001d
        .udata_BSP_UART.o      udata   0x00021d       data   0x000019
        .udata_StackTsk.o      udata   0x000236       data   0x00000b
           .udata_c018i.o      udata   0x000241       data   0x00000a
        .idata_MainDemo.o      idata   0x00024b       data   0x000006
            .idata_Tick.o      idata   0x000251       data   0x000004
            .idata_DHCP.o      idata   0x000255       data   0x000004
                SEED_DATA      idata   0x000259       data   0x000002
              .idata_IP.o      idata   0x00025b       data   0x000002
             .idata_ARP.o      idata   0x00025d       data   0x000001
           .idata_c018i.o      idata   0x00025e       data   0x000000
        .idata_ETH97J60.o      idata   0x00025e       data   0x000000
            .udata_Tick.o      udata   0x00025e       data   0x000000
          .idata___init.o      idata   0x00025e       data   0x000000
        .udata_fxd1616u.o      udata   0x00025e       data   0x000000
             .idata_TCP.o      idata   0x00025e       data   0x000000
           .udata_Delay.o      udata   0x00025e       data   0x000000
          .udata___init.o      udata   0x00025e       data   0x000000
        .idata_StackTsk.o      idata   0x00025e       data   0x000000
           .idata_Delay.o      idata   0x00025e       data   0x000000
             .udata_FTP.o      udata   0x00025e       data   0x000000
        .idata_BSP_UART.o      idata   0x00025e       data   0x000000
             .idata_FTP.o      idata   0x00025e       data   0x000000
         .idata_Helpers.o      idata   0x00025e       data   0x000000
         .idata_fxm3232.o      idata   0x00025e       data   0x000000
        .idata_fxd1616u.o      idata   0x00025e       data   0x000000
            .idata_HTTP.o      idata   0x00025e       data   0x000000
            .udata_HTTP.o      udata   0x00025e       data   0x000000
         .udata_fxm3232.o      udata   0x00025e       data   0x000000
            UDP.o:UDPInit     actrec   0x000600       data   0x000001
     TCP.o:ProcessRXBytes     actrec   0x000600       data   0x00000a
        TCP.o:CloseSocket     actrec   0x000600       data   0x000002
 TCP.o:FindMatchingSocket     actrec   0x000600       data   0x000006
            TCP.o:SendTCP     actrec   0x000600       data   0x00002c
            UDP.o:UDPOpen     actrec   0x000600       data   0x000003
        UDP.o:UDPPutArray     actrec   0x000600       data   0x000002
     UDP.o:UDPPutROMArray     actrec   0x000600       data   0x000002
           UDP.o:UDPFlush     actrec   0x000600       data   0x00000a
         UDP.o:UDPProcess     actrec   0x000600       data   0x000019
 MainDemo.o:LoadAppConfig     actrec   0x000600       data   0x000003
       ETH97J60.o:MACInit     actrec   0x000600       data   0x000001
  ETH97J60.o:MACGetHeader     actrec   0x000600       data   0x000014
    ETH97J60.o:ReadPHYReg     actrec   0x000600       data   0x000002
  BSP_UART.o:UART_HoldNum     actrec   0x000600       data   0x000002
 BSP_UART.o:UART_BlankNum     actrec   0x000600       data   0x000002
            TCP.o:TCPInit     actrec   0x000600       data   0x000003
          TCP.o:TCPListen     actrec   0x000600       data   0x000003
      TCP.o:TCPIsPutReady     actrec   0x000600       data   0x000002
         IP.o:IPGetHeader     actrec   0x000600       data   0x000016
       ICMP.o:ICMPProcess     actrec   0x000600       data   0x000004
          Helpers.o:uitoa     actrec   0x000600       data   0x000006
Helpers.o:StringToIPAddress     actrec   0x000600       data   0x000007
      DHCP.o:_DHCPReceive     actrec   0x000600       data   0x000009
   TCP.o:TCPGetRxFIFOFree     actrec   0x000600       data   0x000004
         ARP.o:ARPResolve     actrec   0x000600       data   0x00001c
       TCP.o:TCPFindArray     actrec   0x000600       data   0x000017
    TCP.o:TCPFindROMArray     actrec   0x000600       data   0x000018
         ARP.o:ARPProcess     actrec   0x000600       data   0x00001c
ETH97J60.o:MACPutROMArray     actrec   0x000602       data   0x000001
            TCP.o:SaveTCB     actrec   0x000603       data   0x000002
            TCP.o:LoadTCB     actrec   0x000606       data   0x000002
         DHCP.o:_DHCPSend     actrec   0x00060a       data   0x000005
    MainDemo.o:ConfigTask     actrec   0x00060a       data   0x000001
ETH97J60.o:MACCalcRxChecksum     actrec   0x000616       data   0x000004
      TCP.o:TCPIsGetReady     actrec   0x000618       data   0x000002
ETH97J60.o:MACSetReadPtrInRx     actrec   0x000619       data   0x000002
 UDP.o:FindMatchingSocket     actrec   0x000619       data   0x000004
  ETH97J60.o:MACDiscardRx     actrec   0x00061c       data   0x000002
   ETH97J60.o:MACGetArray     actrec   0x00061c       data   0x000003
         TCP.o:TCPProcess     actrec   0x00062c       data   0x000026
            TCP.o:TCPTick     actrec   0x00062c       data   0x000004
      MainDemo.o:InitTask     actrec   0x00062c       data   0x000003
        TCP.o:TCPGetArray     actrec   0x00062c       data   0x000006
             TCP.o:TCPGet     actrec   0x00062c       data   0x000004
         TCP.o:TCPDiscard     actrec   0x00062c       data   0x000002
     TCP.o:TCPPutROMArray     actrec   0x00062c       data   0x000008
        TCP.o:TCPPutArray     actrec   0x00062c       data   0x000008
             TCP.o:TCPPut     actrec   0x00062c       data   0x000004
         TCP.o:TCPConnect     actrec   0x00062c       data   0x000003
      TCP.o:TCPDisconnect     actrec   0x00062f       data   0x000002
       MainDemo.o:AppTask     actrec   0x000634       data   0x000006
           TCP.o:TCPFlush     actrec   0x00063a       data   0x000002
         IP.o:IPPutHeader     actrec   0x000652       data   0x000014
ETH97J60.o:MACMemCopyAsync     actrec   0x000652       data   0x000006
ETH97J60.o:CalcIPBufferChecksum     actrec   0x000652       data   0x000002
 ETH97J60.o:MACSetReadPtr     actrec   0x000652       data   0x000002
ETH97J60.o:MACSetWritePtr     actrec   0x000652       data   0x000002
ETH97J60.o:MACGetFreeRxSize     actrec   0x000652       data   0x000004
       TCP.o:HandleTCPSeg     actrec   0x000666       data   0x000011
     StackTsk.o:StackTask     actrec   0x000677       data   0x000008
   ETH97J60.o:MACPutArray     actrec   0x00067f       data   0x000001
 Helpers.o:CalcIPChecksum     actrec   0x00067f       data   0x000008
          Helpers.o:swaps     actrec   0x00067f       data   0x000003
        Tick.o:TickUpdate     actrec   0x000687       data   0x000002
  BSP_UART.o:UART_Handler     actrec   0x000689       data   0x000001
                   .stack      udata   0x000700       data   0x000100
                  SEC_BUF      udata   0x000800       data   0x000200
                SEC_RXBUF      udata   0x000a00       data   0x000200
                SEC_TXBUF      udata   0x000c00       data   0x000200
             .udata_UDP.o      udata   0x000e00       data   0x000066
            .udata_DHCP.o      udata   0x000e66       data   0x00001a
              SFR_BANKED0      udata   0x000e80       data   0x000006
              SFR_BANKED1      udata   0x000e8a       data   0x000001
              SFR_BANKED2      udata   0x000e97       data   0x000003
              SFR_BANKED3      udata   0x000ea0       data   0x000001
              SFR_BANKED4      udata   0x000ea2       data   0x000003
              SFR_BANKED5      udata   0x000ea6       data   0x000002
              SFR_BANKED6      udata   0x000eaa       data   0x000002
              SFR_BANKED7      udata   0x000eb2       data   0x000001
              SFR_BANKED8      udata   0x000eb4       data   0x000001
              SFR_BANKED9      udata   0x000eb6       data   0x000004
             SFR_BANKED10      udata   0x000ec0       data   0x000012
             SFR_BANKED11      udata   0x000ed4       data   0x000002
             SFR_BANKED12      udata   0x000ed8       data   0x000002
             SFR_BANKED13      udata   0x000ee2       data   0x000016
             SFR_BANKED14      udata   0x000efb       data   0x000001
             SFR_BANKED15      udata   0x000efd       data   0x000002
            SFR_UNBANKED0      udata   0x000f60       data   0x0000a0



                              Program Memory Usage 
                               Start         End      
                           ---------   ---------      
                            0x000000    0x000005      
                            0x000008    0x00000d      
                            0x000018    0x00001d      
                            0x00002a    0x008ea8      
                            0x00fff8    0x00fffb      
                            0x00fffd    0x00fffd      
            36502 out of 65536 program addresses used, program memory utilization is 55%



                              Symbols - Sorted by Name
                     Name    Address   Location    Storage File                     
                ---------  ---------  ---------  --------- ---------                
                  ARPInit   0x007990    program     extern E:\Mywork\Microchip\PIC18F66J60\MySource\ETORS232\Microchip\TCPIP Stack\ARP.c
            ARPIsResolved   0x007b7c    program     extern E:\Mywork\Microchip\PIC18F66J60\MySource\ETORS232\Microchip\TCPIP Stack\ARP.c
               ARPProcess   0x0079a8    program     extern E:\Mywork\Microchip\PIC18F66J60\MySource\ETORS232\Microchip\TCPIP Stack\ARP.c
                   ARPPut   0x007880    program     static E:\Mywork\Microchip\PIC18F66J60\MySource\ETORS232\Microchip\TCPIP Stack\ARP.c
               ARPResolve   0x007af4    program     extern E:\Mywork\Microchip\PIC18F66J60\MySource\ETORS232\Microchip\TCPIP Stack\ARP.c
                  AppTask   0x004c50    program     static E:\Mywork\Microchip\PIC18F66J60\MySource\ETORS232\Source\MainDemo.c
     CalcIPBufferChecksum   0x0074a0    program     extern E:\Mywork\Microchip\PIC18F66J60\MySource\ETORS232\Microchip\TCPIP Stack\ETH97J60.c
           CalcIPChecksum   0x007f46    program     extern E:\Mywork\Microchip\PIC18F66J60\MySource\ETORS232\Microchip\TCPIP Stack\Helpers.c
              CloseSocket   0x0034e4    program     static E:\Mywork\Microchip\PIC18F66J60\MySource\ETORS232\Microchip\TCPIP Stack\TCP.c
               ConfigTask   0x004b2c    program     static E:\Mywork\Microchip\PIC18F66J60\MySource\ETORS232\Source\MainDemo.c
                DHCPReset   0x006610    program     extern E:\Mywork\Microchip\PIC18F66J60\MySource\ETORS232\Microchip\TCPIP Stack\DHCP.c
                 DHCPTask   0x00662e    program     extern E:\Mywork\Microchip\PIC18F66J60\MySource\ETORS232\Microchip\TCPIP Stack\DHCP.c
                 FXD1616U   0x008df6    program     extern C:\MCC18\src\traditional\math\fxd1616u.c
                 FXM1616U   0x008dba    program     extern C:\MCC18\src\traditional\math\fxm1616u.asm
                  FXM3232   0x008cf4    program     extern C:\MCC18\src\traditional\math\fxm3232.c
       FindMatchingSocket   0x003010    program     static E:\Mywork\Microchip\PIC18F66J60\MySource\ETORS232\Microchip\TCPIP Stack\TCP.c
       FindMatchingSocket   0x006452    program     static E:\Mywork\Microchip\PIC18F66J60\MySource\ETORS232\Microchip\TCPIP Stack\UDP.c
               FlashErase   0x005926    program     static E:\Mywork\Microchip\PIC18F66J60\MySource\ETORS232\Source\MainDemo.c
                FlashRead   0x0059e6    program     static E:\Mywork\Microchip\PIC18F66J60\MySource\ETORS232\Source\MainDemo.c
               FlashWrite   0x005952    program     static E:\Mywork\Microchip\PIC18F66J60\MySource\ETORS232\Source\MainDemo.c
             HandleTCPSeg   0x00368e    program     static E:\Mywork\Microchip\PIC18F66J60\MySource\ETORS232\Microchip\TCPIP Stack\TCP.c
               HighVector   0x000008    program     extern E:\Mywork\Microchip\PIC18F66J60\MySource\ETORS232\Source\BSP_UART.C
           ICMPBeginUsage   0x008680    program     extern E:\Mywork\Microchip\PIC18F66J60\MySource\ETORS232\Microchip\TCPIP Stack\ICMP.c
             ICMPEndUsage   0x008692    program     extern E:\Mywork\Microchip\PIC18F66J60\MySource\ETORS232\Microchip\TCPIP Stack\ICMP.c
             ICMPGetReply   0x00856a    program     extern E:\Mywork\Microchip\PIC18F66J60\MySource\ETORS232\Microchip\TCPIP Stack\ICMP.c
              ICMPProcess   0x008360    program     extern E:\Mywork\Microchip\PIC18F66J60\MySource\ETORS232\Microchip\TCPIP Stack\ICMP.c
             ICMPSendPing   0x0084fc    program     extern E:\Mywork\Microchip\PIC18F66J60\MySource\ETORS232\Microchip\TCPIP Stack\ICMP.c
              IPGetHeader   0x008698    program     extern E:\Mywork\Microchip\PIC18F66J60\MySource\ETORS232\Microchip\TCPIP Stack\IP.c
              IPPutHeader   0x00877e    program     extern E:\Mywork\Microchip\PIC18F66J60\MySource\ETORS232\Microchip\TCPIP Stack\IP.c
            IPSetRxBuffer   0x008866    program     extern E:\Mywork\Microchip\PIC18F66J60\MySource\ETORS232\Microchip\TCPIP Stack\IP.c
            InitAppConfig   0x0054b4    program     static E:\Mywork\Microchip\PIC18F66J60\MySource\ETORS232\Source\MainDemo.c
                 InitTask   0x004a76    program     static E:\Mywork\Microchip\PIC18F66J60\MySource\ETORS232\Source\MainDemo.c
          InitializeBoard   0x004a44    program     static E:\Mywork\Microchip\PIC18F66J60\MySource\ETORS232\Source\MainDemo.c
            LoadAppConfig   0x0058d0    program     static E:\Mywork\Microchip\PIC18F66J60\MySource\ETORS232\Source\MainDemo.c
                  LoadTCB   0x00008c    program     static E:\Mywork\Microchip\PIC18F66J60\MySource\ETORS232\Microchip\TCPIP Stack\TCP.c
                   LowISR   0x0048b0    program     extern E:\Mywork\Microchip\PIC18F66J60\MySource\ETORS232\Source\MainDemo.c
                LowVector   0x000018    program     extern E:\Mywork\Microchip\PIC18F66J60\MySource\ETORS232\Source\MainDemo.c
        MACCalcRxChecksum   0x007422    program     extern E:\Mywork\Microchip\PIC18F66J60\MySource\ETORS232\Microchip\TCPIP Stack\ETH97J60.c
             MACDiscardRx   0x00712c    program     extern E:\Mywork\Microchip\PIC18F66J60\MySource\ETORS232\Microchip\TCPIP Stack\ETH97J60.c
                 MACFlush   0x007394    program     extern E:\Mywork\Microchip\PIC18F66J60\MySource\ETORS232\Microchip\TCPIP Stack\ETH97J60.c
                   MACGet   0x007736    program     extern E:\Mywork\Microchip\PIC18F66J60\MySource\ETORS232\Microchip\TCPIP Stack\ETH97J60.c
              MACGetArray   0x00773c    program     extern E:\Mywork\Microchip\PIC18F66J60\MySource\ETORS232\Microchip\TCPIP Stack\ETH97J60.c
         MACGetFreeRxSize   0x007180    program     extern E:\Mywork\Microchip\PIC18F66J60\MySource\ETORS232\Microchip\TCPIP Stack\ETH97J60.c
             MACGetHeader   0x007220    program     extern E:\Mywork\Microchip\PIC18F66J60\MySource\ETORS232\Microchip\TCPIP Stack\ETH97J60.c
                  MACInit   0x007014    program     extern E:\Mywork\Microchip\PIC18F66J60\MySource\ETORS232\Microchip\TCPIP Stack\ETH97J60.c
              MACIsLinked   0x007100    program     extern E:\Mywork\Microchip\PIC18F66J60\MySource\ETORS232\Microchip\TCPIP Stack\ETH97J60.c
         MACIsMemCopyDone   0x007728    program     extern E:\Mywork\Microchip\PIC18F66J60\MySource\ETORS232\Microchip\TCPIP Stack\ETH97J60.c
             MACIsTxReady   0x00711e    program     extern E:\Mywork\Microchip\PIC18F66J60\MySource\ETORS232\Microchip\TCPIP Stack\ETH97J60.c
          MACMemCopyAsync   0x00758c    program     extern E:\Mywork\Microchip\PIC18F66J60\MySource\ETORS232\Microchip\TCPIP Stack\ETH97J60.c
             MACPowerDown   0x007860    program     extern E:\Mywork\Microchip\PIC18F66J60\MySource\ETORS232\Microchip\TCPIP Stack\ETH97J60.c
               MACPowerUp   0x007872    program     extern E:\Mywork\Microchip\PIC18F66J60\MySource\ETORS232\Microchip\TCPIP Stack\ETH97J60.c
                   MACPut   0x0077a2    program     extern E:\Mywork\Microchip\PIC18F66J60\MySource\ETORS232\Microchip\TCPIP Stack\ETH97J60.c
              MACPutArray   0x0077a8    program     extern E:\Mywork\Microchip\PIC18F66J60\MySource\ETORS232\Microchip\TCPIP Stack\ETH97J60.c
             MACPutHeader   0x007336    program     extern E:\Mywork\Microchip\PIC18F66J60\MySource\ETORS232\Microchip\TCPIP Stack\ETH97J60.c
           MACPutROMArray   0x0077da    program     extern E:\Mywork\Microchip\PIC18F66J60\MySource\ETORS232\Microchip\TCPIP Stack\ETH97J60.c
            MACSetReadPtr   0x007406    program     extern E:\Mywork\Microchip\PIC18F66J60\MySource\ETORS232\Microchip\TCPIP Stack\ETH97J60.c
        MACSetReadPtrInRx   0x007398    program     extern E:\Mywork\Microchip\PIC18F66J60\MySource\ETORS232\Microchip\TCPIP Stack\ETH97J60.c
           MACSetWritePtr   0x0073ea    program     extern E:\Mywork\Microchip\PIC18F66J60\MySource\ETORS232\Microchip\TCPIP Stack\ETH97J60.c
           ProcessRXBytes   0x0040ce    program     static E:\Mywork\Microchip\PIC18F66J60\MySource\ETORS232\Microchip\TCPIP Stack\TCP.c
               ReadPHYReg   0x007816    program     extern E:\Mywork\Microchip\PIC18F66J60\MySource\ETORS232\Microchip\TCPIP Stack\ETH97J60.c
            SaveAppConfig   0x0058a0    program     static E:\Mywork\Microchip\PIC18F66J60\MySource\ETORS232\Source\MainDemo.c
                  SaveTCB   0x0000ea    program     static E:\Mywork\Microchip\PIC18F66J60\MySource\ETORS232\Microchip\TCPIP Stack\TCP.c
                  SendTCP   0x002862    program     static E:\Mywork\Microchip\PIC18F66J60\MySource\ETORS232\Microchip\TCPIP Stack\TCP.c
                StackInit   0x008a4e    program     extern E:\Mywork\Microchip\PIC18F66J60\MySource\ETORS232\Microchip\TCPIP Stack\StackTsk.c
                StackTask   0x008a66    program     extern E:\Mywork\Microchip\PIC18F66J60\MySource\ETORS232\Microchip\TCPIP Stack\StackTsk.c
        StringToIPAddress   0x007c98    program     extern E:\Mywork\Microchip\PIC18F66J60\MySource\ETORS232\Microchip\TCPIP Stack\Helpers.c
            SwapARPPacket   0x007bfa    program     static E:\Mywork\Microchip\PIC18F66J60\MySource\ETORS232\Microchip\TCPIP Stack\ARP.c
             SwapIPHeader   0x00887e    program     static E:\Mywork\Microchip\PIC18F66J60\MySource\ETORS232\Microchip\TCPIP Stack\IP.c
            SwapTCPHeader   0x00332e    program     static E:\Mywork\Microchip\PIC18F66J60\MySource\ETORS232\Microchip\TCPIP Stack\TCP.c
               TCPConnect   0x0004d0    program     extern E:\Mywork\Microchip\PIC18F66J60\MySource\ETORS232\Microchip\TCPIP Stack\TCP.c
               TCPDiscard   0x001272    program     extern E:\Mywork\Microchip\PIC18F66J60\MySource\ETORS232\Microchip\TCPIP Stack\TCP.c
            TCPDisconnect   0x000796    program     extern E:\Mywork\Microchip\PIC18F66J60\MySource\ETORS232\Microchip\TCPIP Stack\TCP.c
                  TCPFind   0x001f54    program     extern E:\Mywork\Microchip\PIC18F66J60\MySource\ETORS232\Microchip\TCPIP Stack\TCP.c
             TCPFindArray   0x001800    program     extern E:\Mywork\Microchip\PIC18F66J60\MySource\ETORS232\Microchip\TCPIP Stack\TCP.c
          TCPFindROMArray   0x001b8e    program     extern E:\Mywork\Microchip\PIC18F66J60\MySource\ETORS232\Microchip\TCPIP Stack\TCP.c
                 TCPFlush   0x000904    program     extern E:\Mywork\Microchip\PIC18F66J60\MySource\ETORS232\Microchip\TCPIP Stack\TCP.c
                   TCPGet   0x001404    program     extern E:\Mywork\Microchip\PIC18F66J60\MySource\ETORS232\Microchip\TCPIP Stack\TCP.c
              TCPGetArray   0x00154c    program     extern E:\Mywork\Microchip\PIC18F66J60\MySource\ETORS232\Microchip\TCPIP Stack\TCP.c
         TCPGetRemoteInfo   0x00048c    program     extern E:\Mywork\Microchip\PIC18F66J60\MySource\ETORS232\Microchip\TCPIP Stack\TCP.c
         TCPGetRxFIFOFree   0x001788    program     extern E:\Mywork\Microchip\PIC18F66J60\MySource\ETORS232\Microchip\TCPIP Stack\TCP.c
                  TCPInit   0x000148    program     extern E:\Mywork\Microchip\PIC18F66J60\MySource\ETORS232\Microchip\TCPIP Stack\TCP.c
           TCPIsConnected   0x000768    program     extern E:\Mywork\Microchip\PIC18F66J60\MySource\ETORS232\Microchip\TCPIP Stack\TCP.c
            TCPIsGetReady   0x0012ea    program     extern E:\Mywork\Microchip\PIC18F66J60\MySource\ETORS232\Microchip\TCPIP Stack\TCP.c
            TCPIsPutReady   0x0009c0    program     extern E:\Mywork\Microchip\PIC18F66J60\MySource\ETORS232\Microchip\TCPIP Stack\TCP.c
                TCPListen   0x00030c    program     extern E:\Mywork\Microchip\PIC18F66J60\MySource\ETORS232\Microchip\TCPIP Stack\TCP.c
               TCPProcess   0x002700    program     extern E:\Mywork\Microchip\PIC18F66J60\MySource\ETORS232\Microchip\TCPIP Stack\TCP.c
                   TCPPut   0x000b04    program     extern E:\Mywork\Microchip\PIC18F66J60\MySource\ETORS232\Microchip\TCPIP Stack\TCP.c
              TCPPutArray   0x000cb2    program     extern E:\Mywork\Microchip\PIC18F66J60\MySource\ETORS232\Microchip\TCPIP Stack\TCP.c
           TCPPutROMArray   0x000f3a    program     extern E:\Mywork\Microchip\PIC18F66J60\MySource\ETORS232\Microchip\TCPIP Stack\TCP.c
          TCPPutROMString   0x001214    program     extern E:\Mywork\Microchip\PIC18F66J60\MySource\ETORS232\Microchip\TCPIP Stack\TCP.c
             TCPPutString   0x0011d4    program     extern E:\Mywork\Microchip\PIC18F66J60\MySource\ETORS232\Microchip\TCPIP Stack\TCP.c
                  TCPTick   0x001f7c    program     extern E:\Mywork\Microchip\PIC18F66J60\MySource\ETORS232\Microchip\TCPIP Stack\TCP.c
                  TickGet   0x008d78    program     extern E:\Mywork\Microchip\PIC18F66J60\MySource\ETORS232\Microchip\TCPIP Stack\Tick.c
                 TickInit   0x008d64    program     extern E:\Mywork\Microchip\PIC18F66J60\MySource\ETORS232\Microchip\TCPIP Stack\Tick.c
               TickUpdate   0x008d8c    program     extern E:\Mywork\Microchip\PIC18F66J60\MySource\ETORS232\Microchip\TCPIP Stack\Tick.c
            UART_BAUD_TBL   0x008e4e    program     extern E:\Mywork\Microchip\PIC18F66J60\MySource\ETORS232\Source\BSP_UART.C
            UART_BlankNum   0x0081d6    program     extern E:\Mywork\Microchip\PIC18F66J60\MySource\ETORS232\Source\BSP_UART.C
             UART_Handler   0x0082d6    program     extern E:\Mywork\Microchip\PIC18F66J60\MySource\ETORS232\Source\BSP_UART.C
             UART_HoldNum   0x008268    program     extern E:\Mywork\Microchip\PIC18F66J60\MySource\ETORS232\Source\BSP_UART.C
                UART_Init   0x00801e    program     extern E:\Mywork\Microchip\PIC18F66J60\MySource\ETORS232\Source\BSP_UART.C
                UART_Read   0x00811e    program     extern E:\Mywork\Microchip\PIC18F66J60\MySource\ETORS232\Source\BSP_UART.C
               UART_Write   0x00817c    program     extern E:\Mywork\Microchip\PIC18F66J60\MySource\ETORS232\Source\BSP_UART.C
                 UDPClose   0x005bac    program     extern E:\Mywork\Microchip\PIC18F66J60\MySource\ETORS232\Microchip\TCPIP Stack\UDP.c
               UDPDiscard   0x00624e    program     extern E:\Mywork\Microchip\PIC18F66J60\MySource\ETORS232\Microchip\TCPIP Stack\UDP.c
                 UDPFlush   0x005f2e    program     extern E:\Mywork\Microchip\PIC18F66J60\MySource\ETORS232\Microchip\TCPIP Stack\UDP.c
                   UDPGet   0x006068    program     extern E:\Mywork\Microchip\PIC18F66J60\MySource\ETORS232\Microchip\TCPIP Stack\UDP.c
              UDPGetArray   0x006138    program     extern E:\Mywork\Microchip\PIC18F66J60\MySource\ETORS232\Microchip\TCPIP Stack\UDP.c
                  UDPInit   0x005a1a    program     extern E:\Mywork\Microchip\PIC18F66J60\MySource\ETORS232\Microchip\TCPIP Stack\UDP.c
            UDPIsGetReady   0x006032    program     extern E:\Mywork\Microchip\PIC18F66J60\MySource\ETORS232\Microchip\TCPIP Stack\UDP.c
            UDPIsPutReady   0x005c12    program     extern E:\Mywork\Microchip\PIC18F66J60\MySource\ETORS232\Microchip\TCPIP Stack\UDP.c
                  UDPOpen   0x005a48    program     extern E:\Mywork\Microchip\PIC18F66J60\MySource\ETORS232\Microchip\TCPIP Stack\UDP.c
               UDPProcess   0x00629a    program     extern E:\Mywork\Microchip\PIC18F66J60\MySource\ETORS232\Microchip\TCPIP Stack\UDP.c
                   UDPPut   0x005cbc    program     extern E:\Mywork\Microchip\PIC18F66J60\MySource\ETORS232\Microchip\TCPIP Stack\UDP.c
              UDPPutArray   0x005d2c    program     extern E:\Mywork\Microchip\PIC18F66J60\MySource\ETORS232\Microchip\TCPIP Stack\UDP.c
           UDPPutROMArray   0x005de0    program     extern E:\Mywork\Microchip\PIC18F66J60\MySource\ETORS232\Microchip\TCPIP Stack\UDP.c
          UDPPutROMString   0x005ed4    program     extern E:\Mywork\Microchip\PIC18F66J60\MySource\ETORS232\Microchip\TCPIP Stack\UDP.c
             UDPPutString   0x005e98    program     extern E:\Mywork\Microchip\PIC18F66J60\MySource\ETORS232\Microchip\TCPIP Stack\UDP.c
              WritePHYReg   0x007846    program     extern E:\Mywork\Microchip\PIC18F66J60\MySource\ETORS232\Microchip\TCPIP Stack\ETH97J60.c
              _2jContinue   0x008bdc    program     static C:\MCC18\src\traditional\stdclib\memset.asm
                   _2jEnd   0x008c40    program     static C:\MCC18\src\traditional\stdclib\slenpgm.asm
                   _3jEnd   0x008be6    program     static C:\MCC18\src\traditional\stdclib\memset.asm
              _4jContinue   0x008b9a    program     static C:\MCC18\src\traditional\stdclib\memcpy.asm
                   _5jEnd   0x008ba4    program     static C:\MCC18\src\traditional\stdclib\memcpy.asm
             _DHCPReceive   0x006a48    program     static E:\Mywork\Microchip\PIC18F66J60\MySource\ETORS232\Microchip\TCPIP Stack\DHCP.c
                _DHCPSend   0x006e06    program     static E:\Mywork\Microchip\PIC18F66J60\MySource\ETORS232\Microchip\TCPIP Stack\DHCP.c
         ___else_lbl00005   0x004996    program     static                          
         ___else_lbl00013   0x004ab0    program     static                          
           ___if_lbl00003   0x0049d2    program     static                          
           ___if_lbl00004   0x0049d2    program     static                          
           ___if_lbl00008   0x004a06    program     static                          
           ___if_lbl00009   0x004a3e    program     static                          
           ___if_lbl00012   0x004ac8    program     static                          
           ___if_lbl00014   0x004adc    program     static                          
           ___if_lbl00015   0x004aec    program     static                          
           ___if_lbl00016   0x004afc    program     static                          
           ___if_lbl00017   0x00722a    program     static                          
           ___if_lbl00017   0x004b2a    program     static                          
           ___if_lbl00018   0x007236    program     static                          
           ___if_lbl00024   0x0072c6    program     static                          
           ___if_lbl00027   0x00732c    program     static                          
       ___return_lbl00000   0x008e20    program     static                          
       ___return_lbl00000   0x000004    program     static                          
       ___return_lbl00000   0x0070fe    program     static                          
       ___return_lbl00000   0x008d62    program     static                          
       ___return_lbl00001   0x008e90    program     static                          
       ___return_lbl00001   0x00001c    program     static                          
       ___return_lbl00002   0x004a42    program     static                          
       ___return_lbl00002   0x008cf2    program     static                          
       ___return_lbl00011   0x004b2a    program     static                          
       ___return_lbl00016   0x007334    program     static                          
       ___return_lbl00026   0x00000c    program     static                          
       ___return_lbl00073   0x0077a6    program     static                          
       ___return_lbl00074   0x0077d8    program     static                          
       ___return_lbl00077   0x007814    program     static                          
       ___return_lbl00080   0x007844    program     static                          
       ___return_lbl00083   0x00785e    program     static                          
       ___return_lbl00103   0x0059e4    program     static                          
       ___return_lbl00108   0x005a18    program     static                          
        ___while_lbl00001   0x007020    program     static                          
        ___while_lbl00002   0x007026    program     static                          
        ___while_lbl00006   0x0049dc    program     static                          
        ___while_lbl00007   0x004a42    program     static                          
        ___while_lbl00075   0x0077a8    program     static                          
        ___while_lbl00076   0x0077d8    program     static                          
        ___while_lbl00078   0x0077da    program     static                          
        ___while_lbl00079   0x007814    program     static                          
        ___while_lbl00081   0x007824    program     static                          
        ___while_lbl00082   0x00782a    program     static                          
        ___while_lbl00084   0x007858    program     static                          
        ___while_lbl00085   0x00785e    program     static                          
        ___while_lbl00104   0x005980    program     static                          
        ___while_lbl00105   0x0059a2    program     static                          
        ___while_lbl00106   0x0059dc    program     static                          
        ___while_lbl00107   0x0059e0    program     static                          
               __config_0   0x00fff8    program     static E:\Mywork\Microchip\PIC18F66J60\MySource\ETORS232\Source\MainDemo.c
               __config_1   0x00fff9    program     static E:\Mywork\Microchip\PIC18F66J60\MySource\ETORS232\Source\MainDemo.c
               __config_2   0x00fffa    program     static E:\Mywork\Microchip\PIC18F66J60\MySource\ETORS232\Source\MainDemo.c
               __config_3   0x00fffb    program     static E:\Mywork\Microchip\PIC18F66J60\MySource\ETORS232\Source\MainDemo.c
               __config_4   0x00fffd    program     static E:\Mywork\Microchip\PIC18F66J60\MySource\ETORS232\Source\MainDemo.c
                   __init   0x008e92    program     extern C:\MCC18\src\traditional\stdclib\__init.c
               __tmplbl_0   0x004a3a    program     static                          
               __tmplbl_1   0x0072c4    program     static                          
              __tmplbl_10   0x007318    program     static                          
             __tmplbl_100   0x0040cc    program     static                          
               __tmplbl_2   0x0072ba    program     static                          
              __tmplbl_25   0x0054b2    program     static                          
              __tmplbl_28   0x0054b2    program     static                          
              __tmplbl_29   0x0054ae    program     static                          
               __tmplbl_3   0x0072ac    program     static                          
              __tmplbl_38   0x0054b0    program     static                          
               __tmplbl_4   0x0072a2    program     static                          
               __tmplbl_5   0x007298    program     static                          
               __tmplbl_6   0x00728e    program     static                          
               __tmplbl_7   0x00728c    program     static                          
               __tmplbl_8   0x007320    program     static                          
               __tmplbl_9   0x007312    program     static                          
            __zero_memory   0x008e22    program     extern C:\MCC18\src\traditional\proc\p18F66J60.asm
                _do_cinit   0x008c56    program     extern C:\MCC18\src\traditional\startup\c018i.c
                   _entry   0x000000    program     extern C:\MCC18\src\traditional\startup\c018i.c
                 _startup   0x008e76    program     extern C:\MCC18\src\traditional\startup\c018i.c
                     atoi   0x008928    program     extern C:\MCC18\src\traditional\stdclib\atoi.asm
             btohexa_high   0x007ebe    program     extern E:\Mywork\Microchip\PIC18F66J60\MySource\ETORS232\Microchip\TCPIP Stack\Helpers.c
              btohexa_low   0x007edc    program     extern E:\Mywork\Microchip\PIC18F66J60\MySource\ETORS232\Microchip\TCPIP Stack\Helpers.c
                compare_l   0x008e44    program     static C:\MCC18\src\traditional\proc\p18F66J60.asm
                copy_loop   0x008cc8    program     static                          
            copy_one_byte   0x008cce    program     static                          
                     done   0x008cf2    program     static                          
             done_copying   0x008cdc    program     static                          
                  endloop   0x008e1c    program     static                          
                  hexatob   0x007e7e    program     extern E:\Mywork\Microchip\PIC18F66J60\MySource\ETORS232\Microchip\TCPIP Stack\Helpers.c
                     jEnd   0x0089e6    program     static C:\MCC18\src\traditional\stdclib\atoi.asm
                     jEnd   0x008baa    program     static C:\MCC18\src\traditional\stdclib\memcpy.asm
                     jEnd   0x008bee    program     static C:\MCC18\src\traditional\stdclib\memset.asm
                     jEnd   0x008c0a    program     static C:\MCC18\src\traditional\stdclib\strlen.asm
                     jEnd   0x008c42    program     static C:\MCC18\src\traditional\stdclib\slenpgm.asm
                 jEndLoop   0x0089ce    program     static C:\MCC18\src\traditional\stdclib\atoi.asm
                    jLoop   0x008bd0    program     static C:\MCC18\src\traditional\stdclib\memset.asm
                    jLoop   0x008c00    program     static C:\MCC18\src\traditional\stdclib\strlen.asm
                    jLoop   0x008980    program     static C:\MCC18\src\traditional\stdclib\atoi.asm
                    jLoop   0x008c2a    program     static C:\MCC18\src\traditional\stdclib\slenpgm.asm
                    jLoop   0x008b8e    program     static C:\MCC18\src\traditional\stdclib\memcpy.asm
                  jSkipWS   0x008956    program     static C:\MCC18\src\traditional\stdclib\atoi.asm
                 jSkipWS1   0x008968    program     static C:\MCC18\src\traditional\stdclib\atoi.asm
                 jTstSign   0x00896c    program     static C:\MCC18\src\traditional\stdclib\atoi.asm
                jTstSign1   0x008978    program     static C:\MCC18\src\traditional\stdclib\atoi.asm
                jTstSign2   0x00897e    program     static C:\MCC18\src\traditional\stdclib\atoi.asm
                jTstSign3   0x008980    program     static C:\MCC18\src\traditional\stdclib\atoi.asm
                     loop   0x008e00    program     static                          
                     loop   0x008e86    program     static                          
                   loop_h   0x008e3c    program     static C:\MCC18\src\traditional\proc\p18F66J60.asm
                   loop_l   0x008e46    program     static C:\MCC18\src\traditional\proc\p18F66J60.asm
                     main   0x00496a    program     extern E:\Mywork\Microchip\PIC18F66J60\MySource\ETORS232\Source\MainDemo.c
                   memcpy   0x008b66    program     extern C:\MCC18\src\traditional\stdclib\memcpy.asm
                   memset   0x008bbc    program     extern C:\MCC18\src\traditional\stdclib\memset.asm
                     rand   0x008a20    program     extern C:\MCC18\src\traditional\stdclib\rand.asm
                    srand   0x008a12    program     extern C:\MCC18\src\traditional\stdclib\rand.asm
                   strlen   0x008bf0    program     extern C:\MCC18\src\traditional\stdclib\strlen.asm
                strlenpgm   0x008c0c    program     extern C:\MCC18\src\traditional\stdclib\slenpgm.asm
                    swapl   0x007f18    program     extern E:\Mywork\Microchip\PIC18F66J60\MySource\ETORS232\Microchip\TCPIP Stack\Helpers.c
                    swaps   0x007ef8    program     extern E:\Mywork\Microchip\PIC18F66J60\MySource\ETORS232\Microchip\TCPIP Stack\Helpers.c
                     test   0x008c70    program     static                          
                    uitoa   0x007db8    program     extern E:\Mywork\Microchip\PIC18F66J60\MySource\ETORS232\Microchip\TCPIP Stack\Helpers.c
               zero_block   0x008e3c    program     static C:\MCC18\src\traditional\proc\p18F66J60.asm
                   ADCON0   0x000fc2       data     extern C:\MCC18\src\traditional\proc\p18F66J60.asm
               ADCON0bits   0x000fc2       data     extern C:\MCC18\src\traditional\proc\p18F66J60.asm
                   ADCON1   0x000fc1       data     extern C:\MCC18\src\traditional\proc\p18F66J60.asm
               ADCON1bits   0x000fc1       data     extern C:\MCC18\src\traditional\proc\p18F66J60.asm
                   ADCON2   0x000fc0       data     extern C:\MCC18\src\traditional\proc\p18F66J60.asm
               ADCON2bits   0x000fc0       data     extern C:\MCC18\src\traditional\proc\p18F66J60.asm
                    ADRES   0x000fc3       data     extern C:\MCC18\src\traditional\proc\p18F66J60.asm
                   ADRESH   0x000fc4       data     extern C:\MCC18\src\traditional\proc\p18F66J60.asm
                   ADRESL   0x000fc3       data     extern C:\MCC18\src\traditional\proc\p18F66J60.asm
                ActualLen   0x00062c       data     static E:\Mywork\Microchip\PIC18F66J60\MySource\ETORS232\Microchip\TCPIP Stack\TCP.c
                     Addr   0x000161       data     static E:\Mywork\Microchip\PIC18F66J60\MySource\ETORS232\Source\MainDemo.c
                     Addr   0x00015d       data     static E:\Mywork\Microchip\PIC18F66J60\MySource\ETORS232\Source\MainDemo.c
                     Addr   0x000156       data     static E:\Mywork\Microchip\PIC18F66J60\MySource\ETORS232\Source\MainDemo.c
                AppConfig   0x000100       data     extern E:\Mywork\Microchip\PIC18F66J60\MySource\ETORS232\Source\MainDemo.c
               AsciiChars   0x0001f1       data     static E:\Mywork\Microchip\PIC18F66J60\MySource\ETORS232\Microchip\TCPIP Stack\Helpers.c
                  BAUDCON   0x000f7e       data     extern C:\MCC18\src\traditional\proc\p18F66J60.asm
                 BAUDCON1   0x000f7e       data     extern C:\MCC18\src\traditional\proc\p18F66J60.asm
             BAUDCON1bits   0x000f7e       data     extern C:\MCC18\src\traditional\proc\p18F66J60.asm
              BAUDCONbits   0x000f7e       data     extern C:\MCC18\src\traditional\proc\p18F66J60.asm
                  BAUDCTL   0x000f7e       data     extern C:\MCC18\src\traditional\proc\p18F66J60.asm
                 BAUDCTL1   0x000f7e       data     extern C:\MCC18\src\traditional\proc\p18F66J60.asm
             BAUDCTL1bits   0x000f7e       data     extern C:\MCC18\src\traditional\proc\p18F66J60.asm
              BAUDCTLbits   0x000f7e       data     extern C:\MCC18\src\traditional\proc\p18F66J60.asm
                      BSR   0x000fe0       data     extern C:\MCC18\src\traditional\proc\p18F66J60.asm
                     Baud   0x00022d       data     static E:\Mywork\Microchip\PIC18F66J60\MySource\ETORS232\Source\BSP_UART.C
                   Buffer   0x000800       data     extern E:\Mywork\Microchip\PIC18F66J60\MySource\ETORS232\Source\MainDemo.c
                   Buffer   0x0001ef       data     static E:\Mywork\Microchip\PIC18F66J60\MySource\ETORS232\Microchip\TCPIP Stack\Helpers.c
                  CCP1CON   0x000fbd       data     extern C:\MCC18\src\traditional\proc\p18F66J60.asm
              CCP1CONbits   0x000fbd       data     extern C:\MCC18\src\traditional\proc\p18F66J60.asm
                  CCP2CON   0x000fba       data     extern C:\MCC18\src\traditional\proc\p18F66J60.asm
              CCP2CONbits   0x000fba       data     extern C:\MCC18\src\traditional\proc\p18F66J60.asm
                  CCP3CON   0x000fb7       data     extern C:\MCC18\src\traditional\proc\p18F66J60.asm
              CCP3CONbits   0x000fb7       data     extern C:\MCC18\src\traditional\proc\p18F66J60.asm
                  CCP4CON   0x000f73       data     extern C:\MCC18\src\traditional\proc\p18F66J60.asm
              CCP4CONbits   0x000f73       data     extern C:\MCC18\src\traditional\proc\p18F66J60.asm
                  CCP5CON   0x000f70       data     extern C:\MCC18\src\traditional\proc\p18F66J60.asm
              CCP5CONbits   0x000f70       data     extern C:\MCC18\src\traditional\proc\p18F66J60.asm
                    CCPR1   0x000fbe       data     extern C:\MCC18\src\traditional\proc\p18F66J60.asm
                   CCPR1H   0x000fbf       data     extern C:\MCC18\src\traditional\proc\p18F66J60.asm
                   CCPR1L   0x000fbe       data     extern C:\MCC18\src\traditional\proc\p18F66J60.asm
                    CCPR2   0x000fbb       data     extern C:\MCC18\src\traditional\proc\p18F66J60.asm
                   CCPR2H   0x000fbc       data     extern C:\MCC18\src\traditional\proc\p18F66J60.asm
                   CCPR2L   0x000fbb       data     extern C:\MCC18\src\traditional\proc\p18F66J60.asm
                    CCPR3   0x000fb8       data     extern C:\MCC18\src\traditional\proc\p18F66J60.asm
                   CCPR3H   0x000fb9       data     extern C:\MCC18\src\traditional\proc\p18F66J60.asm
                   CCPR3L   0x000fb8       data     extern C:\MCC18\src\traditional\proc\p18F66J60.asm
                    CCPR4   0x000f74       data     extern C:\MCC18\src\traditional\proc\p18F66J60.asm
                   CCPR4H   0x000f75       data     extern C:\MCC18\src\traditional\proc\p18F66J60.asm
                   CCPR4L   0x000f74       data     extern C:\MCC18\src\traditional\proc\p18F66J60.asm
                    CCPR5   0x000f71       data     extern C:\MCC18\src\traditional\proc\p18F66J60.asm
                   CCPR5H   0x000f72       data     extern C:\MCC18\src\traditional\proc\p18F66J60.asm
                   CCPR5L   0x000f71       data     extern C:\MCC18\src\traditional\proc\p18F66J60.asm
                    CMCON   0x000fb4       data     extern C:\MCC18\src\traditional\proc\p18F66J60.asm
                CMCONbits   0x000fb4       data     extern C:\MCC18\src\traditional\proc\p18F66J60.asm
                   CVRCON   0x000fb5       data     extern C:\MCC18\src\traditional\proc\p18F66J60.asm
               CVRCONbits   0x000fb5       data     extern C:\MCC18\src\traditional\proc\p18F66J60.asm
                    Cache   0x0001cb       data     static E:\Mywork\Microchip\PIC18F66J60\MySource\ETORS232\Microchip\TCPIP Stack\ARP.c
             CalcChecksum   0x000600       data     static E:\Mywork\Microchip\PIC18F66J60\MySource\ETORS232\Microchip\TCPIP Stack\IP.c
    CurrentPacketLocation   0x00019b       data     static E:\Mywork\Microchip\PIC18F66J60\MySource\ETORS232\Microchip\TCPIP Stack\ETH97J60.c
                     DDRA   0x000f92       data     extern C:\MCC18\src\traditional\proc\p18F66J60.asm
                 DDRAbits   0x000f92       data     extern C:\MCC18\src\traditional\proc\p18F66J60.asm
                     DDRB   0x000f93       data     extern C:\MCC18\src\traditional\proc\p18F66J60.asm
                 DDRBbits   0x000f93       data     extern C:\MCC18\src\traditional\proc\p18F66J60.asm
                     DDRC   0x000f94       data     extern C:\MCC18\src\traditional\proc\p18F66J60.asm
                 DDRCbits   0x000f94       data     extern C:\MCC18\src\traditional\proc\p18F66J60.asm
                     DDRD   0x000f95       data     extern C:\MCC18\src\traditional\proc\p18F66J60.asm
                 DDRDbits   0x000f95       data     extern C:\MCC18\src\traditional\proc\p18F66J60.asm
                     DDRE   0x000f96       data     extern C:\MCC18\src\traditional\proc\p18F66J60.asm
                 DDREbits   0x000f96       data     extern C:\MCC18\src\traditional\proc\p18F66J60.asm
                     DDRF   0x000f97       data     extern C:\MCC18\src\traditional\proc\p18F66J60.asm
                 DDRFbits   0x000f97       data     extern C:\MCC18\src\traditional\proc\p18F66J60.asm
                     DDRG   0x000f98       data     extern C:\MCC18\src\traditional\proc\p18F66J60.asm
                 DDRGbits   0x000f98       data     extern C:\MCC18\src\traditional\proc\p18F66J60.asm
            DHCPBindCount   0x000257       data     extern E:\Mywork\Microchip\PIC18F66J60\MySource\ETORS232\Microchip\TCPIP Stack\DHCP.c
                DHCPFlags   0x000256       data     extern E:\Mywork\Microchip\PIC18F66J60\MySource\ETORS232\Microchip\TCPIP Stack\DHCP.c
            DHCPLeaseTime   0x000e6a       data     static E:\Mywork\Microchip\PIC18F66J60\MySource\ETORS232\Microchip\TCPIP Stack\DHCP.c
             DHCPServerID   0x000e66       data     static E:\Mywork\Microchip\PIC18F66J60\MySource\ETORS232\Microchip\TCPIP Stack\DHCP.c
               DHCPSocket   0x000258       data     static E:\Mywork\Microchip\PIC18F66J60\MySource\ETORS232\Microchip\TCPIP Stack\DHCP.c
                     Data   0x0001c9       data     static E:\Mywork\Microchip\PIC18F66J60\MySource\ETORS232\Microchip\TCPIP Stack\ETH97J60.c
                    Digit   0x000601       data     static E:\Mywork\Microchip\PIC18F66J60\MySource\ETORS232\Microchip\TCPIP Stack\Helpers.c
                  Divisor   0x000603       data     static E:\Mywork\Microchip\PIC18F66J60\MySource\ETORS232\Microchip\TCPIP Stack\Helpers.c
                  ECCP1AS   0x000fb6       data     extern C:\MCC18\src\traditional\proc\p18F66J60.asm
              ECCP1ASbits   0x000fb6       data     extern C:\MCC18\src\traditional\proc\p18F66J60.asm
                 ECCP1CON   0x000fbd       data     extern C:\MCC18\src\traditional\proc\p18F66J60.asm
             ECCP1CONbits   0x000fbd       data     extern C:\MCC18\src\traditional\proc\p18F66J60.asm
                 ECCP1DEL   0x000f79       data     extern C:\MCC18\src\traditional\proc\p18F66J60.asm
             ECCP1DELbits   0x000f79       data     extern C:\MCC18\src\traditional\proc\p18F66J60.asm
                  ECCP2AS   0x000f68       data     extern C:\MCC18\src\traditional\proc\p18F66J60.asm
              ECCP2ASbits   0x000f68       data     extern C:\MCC18\src\traditional\proc\p18F66J60.asm
                 ECCP2CON   0x000fba       data     extern C:\MCC18\src\traditional\proc\p18F66J60.asm
             ECCP2CONbits   0x000fba       data     extern C:\MCC18\src\traditional\proc\p18F66J60.asm
                 ECCP2DEL   0x000f67       data     extern C:\MCC18\src\traditional\proc\p18F66J60.asm
             ECCP2DELbits   0x000f67       data     extern C:\MCC18\src\traditional\proc\p18F66J60.asm
                  ECCP3AS   0x000f6a       data     extern C:\MCC18\src\traditional\proc\p18F66J60.asm
              ECCP3ASbits   0x000f6a       data     extern C:\MCC18\src\traditional\proc\p18F66J60.asm
                 ECCP3CON   0x000fb7       data     extern C:\MCC18\src\traditional\proc\p18F66J60.asm
             ECCP3CONbits   0x000fb7       data     extern C:\MCC18\src\traditional\proc\p18F66J60.asm
                 ECCP3DEL   0x000f69       data     extern C:\MCC18\src\traditional\proc\p18F66J60.asm
             ECCP3DELbits   0x000f69       data     extern C:\MCC18\src\traditional\proc\p18F66J60.asm
                    ECON1   0x000fd2       data     extern C:\MCC18\src\traditional\proc\p18F66J60.asm
                ECON1bits   0x000fd2       data     extern C:\MCC18\src\traditional\proc\p18F66J60.asm
                    ECON2   0x000efe       data     extern C:\MCC18\src\traditional\proc\p18F66J60.asm
                ECON2bits   0x000efe       data     extern C:\MCC18\src\traditional\proc\p18F66J60.asm
                    EDATA   0x000f61       data     extern C:\MCC18\src\traditional\proc\p18F66J60.asm
                EDATAbits   0x000f61       data     extern C:\MCC18\src\traditional\proc\p18F66J60.asm
                   EDMACS   0x000ef6       data     extern C:\MCC18\src\traditional\proc\p18F66J60.asm
                  EDMACSH   0x000ef7       data     extern C:\MCC18\src\traditional\proc\p18F66J60.asm
                  EDMACSL   0x000ef6       data     extern C:\MCC18\src\traditional\proc\p18F66J60.asm
                  EDMADST   0x000ef4       data     extern C:\MCC18\src\traditional\proc\p18F66J60.asm
                 EDMADSTH   0x000ef5       data     extern C:\MCC18\src\traditional\proc\p18F66J60.asm
                 EDMADSTL   0x000ef4       data     extern C:\MCC18\src\traditional\proc\p18F66J60.asm
                   EDMAND   0x000ef2       data     extern C:\MCC18\src\traditional\proc\p18F66J60.asm
                  EDMANDH   0x000ef3       data     extern C:\MCC18\src\traditional\proc\p18F66J60.asm
                  EDMANDL   0x000ef2       data     extern C:\MCC18\src\traditional\proc\p18F66J60.asm
                   EDMAST   0x000ef0       data     extern C:\MCC18\src\traditional\proc\p18F66J60.asm
                  EDMASTH   0x000ef1       data     extern C:\MCC18\src\traditional\proc\p18F66J60.asm
                  EDMASTL   0x000ef0       data     extern C:\MCC18\src\traditional\proc\p18F66J60.asm
                   EECON1   0x000fa6       data     extern C:\MCC18\src\traditional\proc\p18F66J60.asm
               EECON1bits   0x000fa6       data     extern C:\MCC18\src\traditional\proc\p18F66J60.asm
                   EECON2   0x000fa7       data     extern C:\MCC18\src\traditional\proc\p18F66J60.asm
                  EFLOCON   0x000e97       data     extern C:\MCC18\src\traditional\proc\p18F66J60.asm
              EFLOCONbits   0x000e97       data     extern C:\MCC18\src\traditional\proc\p18F66J60.asm
                     EHT0   0x000ec0       data     extern C:\MCC18\src\traditional\proc\p18F66J60.asm
                     EHT1   0x000ec1       data     extern C:\MCC18\src\traditional\proc\p18F66J60.asm
                     EHT2   0x000ec2       data     extern C:\MCC18\src\traditional\proc\p18F66J60.asm
                     EHT3   0x000ec3       data     extern C:\MCC18\src\traditional\proc\p18F66J60.asm
                     EHT4   0x000ec4       data     extern C:\MCC18\src\traditional\proc\p18F66J60.asm
                     EHT5   0x000ec5       data     extern C:\MCC18\src\traditional\proc\p18F66J60.asm
                     EHT6   0x000ec6       data     extern C:\MCC18\src\traditional\proc\p18F66J60.asm
                     EHT7   0x000ec7       data     extern C:\MCC18\src\traditional\proc\p18F66J60.asm
                      EIE   0x000efb       data     extern C:\MCC18\src\traditional\proc\p18F66J60.asm
                  EIEbits   0x000efb       data     extern C:\MCC18\src\traditional\proc\p18F66J60.asm
                      EIR   0x000f60       data     extern C:\MCC18\src\traditional\proc\p18F66J60.asm
                  EIRbits   0x000f60       data     extern C:\MCC18\src\traditional\proc\p18F66J60.asm
                    EPAUS   0x000e98       data     extern C:\MCC18\src\traditional\proc\p18F66J60.asm
                   EPAUSH   0x000e99       data     extern C:\MCC18\src\traditional\proc\p18F66J60.asm
                   EPAUSL   0x000e98       data     extern C:\MCC18\src\traditional\proc\p18F66J60.asm
                  EPKTCNT   0x000ed9       data     extern C:\MCC18\src\traditional\proc\p18F66J60.asm
                    EPMCS   0x000ed0       data     extern C:\MCC18\src\traditional\proc\p18F66J60.asm
                   EPMCSH   0x000ed1       data     extern C:\MCC18\src\traditional\proc\p18F66J60.asm
                   EPMCSL   0x000ed0       data     extern C:\MCC18\src\traditional\proc\p18F66J60.asm
                    EPMM0   0x000ec8       data     extern C:\MCC18\src\traditional\proc\p18F66J60.asm
                    EPMM1   0x000ec9       data     extern C:\MCC18\src\traditional\proc\p18F66J60.asm
                    EPMM2   0x000eca       data     extern C:\MCC18\src\traditional\proc\p18F66J60.asm
                    EPMM3   0x000ecb       data     extern C:\MCC18\src\traditional\proc\p18F66J60.asm
                    EPMM4   0x000ecc       data     extern C:\MCC18\src\traditional\proc\p18F66J60.asm
                    EPMM5   0x000ecd       data     extern C:\MCC18\src\traditional\proc\p18F66J60.asm
                    EPMM6   0x000ece       data     extern C:\MCC18\src\traditional\proc\p18F66J60.asm
                    EPMM7   0x000ecf       data     extern C:\MCC18\src\traditional\proc\p18F66J60.asm
                     EPMO   0x000ed4       data     extern C:\MCC18\src\traditional\proc\p18F66J60.asm
                    EPMOH   0x000ed5       data     extern C:\MCC18\src\traditional\proc\p18F66J60.asm
                    EPMOL   0x000ed4       data     extern C:\MCC18\src\traditional\proc\p18F66J60.asm
                    ERDPT   0x000f7a       data     extern C:\MCC18\src\traditional\proc\p18F66J60.asm
                   ERDPTH   0x000f7b       data     extern C:\MCC18\src\traditional\proc\p18F66J60.asm
                   ERDPTL   0x000f7a       data     extern C:\MCC18\src\traditional\proc\p18F66J60.asm
                  ERXFCON   0x000ed8       data     extern C:\MCC18\src\traditional\proc\p18F66J60.asm
              ERXFCONbits   0x000ed8       data     extern C:\MCC18\src\traditional\proc\p18F66J60.asm
                    ERXND   0x000eea       data     extern C:\MCC18\src\traditional\proc\p18F66J60.asm
                   ERXNDH   0x000eeb       data     extern C:\MCC18\src\traditional\proc\p18F66J60.asm
                   ERXNDL   0x000eea       data     extern C:\MCC18\src\traditional\proc\p18F66J60.asm
                  ERXRDPT   0x000eec       data     extern C:\MCC18\src\traditional\proc\p18F66J60.asm
                 ERXRDPTH   0x000eed       data     extern C:\MCC18\src\traditional\proc\p18F66J60.asm
                 ERXRDPTL   0x000eec       data     extern C:\MCC18\src\traditional\proc\p18F66J60.asm
                    ERXST   0x000ee8       data     extern C:\MCC18\src\traditional\proc\p18F66J60.asm
                   ERXSTH   0x000ee9       data     extern C:\MCC18\src\traditional\proc\p18F66J60.asm
                   ERXSTL   0x000ee8       data     extern C:\MCC18\src\traditional\proc\p18F66J60.asm
                  ERXWRPT   0x000eee       data     extern C:\MCC18\src\traditional\proc\p18F66J60.asm
                 ERXWRPTH   0x000eef       data     extern C:\MCC18\src\traditional\proc\p18F66J60.asm
                 ERXWRPTL   0x000eee       data     extern C:\MCC18\src\traditional\proc\p18F66J60.asm
                    ESTAT   0x000efd       data     extern C:\MCC18\src\traditional\proc\p18F66J60.asm
                ESTATbits   0x000efd       data     extern C:\MCC18\src\traditional\proc\p18F66J60.asm
                    ETXND   0x000ee6       data     extern C:\MCC18\src\traditional\proc\p18F66J60.asm
                   ETXNDH   0x000ee7       data     extern C:\MCC18\src\traditional\proc\p18F66J60.asm
                   ETXNDL   0x000ee6       data     extern C:\MCC18\src\traditional\proc\p18F66J60.asm
                    ETXST   0x000ee4       data     extern C:\MCC18\src\traditional\proc\p18F66J60.asm
                   ETXSTH   0x000ee5       data     extern C:\MCC18\src\traditional\proc\p18F66J60.asm
                   ETXSTL   0x000ee4       data     extern C:\MCC18\src\traditional\proc\p18F66J60.asm
                    EWRPT   0x000ee2       data     extern C:\MCC18\src\traditional\proc\p18F66J60.asm
                   EWRPTH   0x000ee3       data     extern C:\MCC18\src\traditional\proc\p18F66J60.asm
                   EWRPTL   0x000ee2       data     extern C:\MCC18\src\traditional\proc\p18F66J60.asm
                ExchTimer   0x00012f       data     extern E:\Mywork\Microchip\PIC18F66J60\MySource\ETORS232\Source\MainDemo.c
                     FSR0   0x000fe9       data     extern C:\MCC18\src\traditional\proc\p18F66J60.asm
                    FSR0H   0x000fea       data     extern C:\MCC18\src\traditional\proc\p18F66J60.asm
                    FSR0L   0x000fe9       data     extern C:\MCC18\src\traditional\proc\p18F66J60.asm
                     FSR1   0x000fe1       data     extern C:\MCC18\src\traditional\proc\p18F66J60.asm
                    FSR1H   0x000fe2       data     extern C:\MCC18\src\traditional\proc\p18F66J60.asm
                    FSR1L   0x000fe1       data     extern C:\MCC18\src\traditional\proc\p18F66J60.asm
                     FSR2   0x000fd9       data     extern C:\MCC18\src\traditional\proc\p18F66J60.asm
                    FSR2H   0x000fda       data     extern C:\MCC18\src\traditional\proc\p18F66J60.asm
                    FSR2L   0x000fd9       data     extern C:\MCC18\src\traditional\proc\p18F66J60.asm
             FlagFirstRun   0x00013f       data     extern E:\Mywork\Microchip\PIC18F66J60\MySource\ETORS232\Source\MainDemo.c
            GetReadyCount   0x00062e       data     static E:\Mywork\Microchip\PIC18F66J60\MySource\ETORS232\Microchip\TCPIP Stack\TCP.c
                ICMPFlags   0x0001ff       data     static E:\Mywork\Microchip\PIC18F66J60\MySource\ETORS232\Microchip\TCPIP Stack\ICMP.c
               ICMPHeader   0x000200       data     static E:\Mywork\Microchip\PIC18F66J60\MySource\ETORS232\Microchip\TCPIP Stack\ICMP.c
               ICMPRemote   0x00020a       data     static E:\Mywork\Microchip\PIC18F66J60\MySource\ETORS232\Microchip\TCPIP Stack\ICMP.c
                ICMPState   0x000214       data     static E:\Mywork\Microchip\PIC18F66J60\MySource\ETORS232\Microchip\TCPIP Stack\ICMP.c
                ICMPTimer   0x000208       data     static E:\Mywork\Microchip\PIC18F66J60\MySource\ETORS232\Microchip\TCPIP Stack\ICMP.c
                    INDF0   0x000fef       data     extern C:\MCC18\src\traditional\proc\p18F66J60.asm
                    INDF1   0x000fe7       data     extern C:\MCC18\src\traditional\proc\p18F66J60.asm
                    INDF2   0x000fdf       data     extern C:\MCC18\src\traditional\proc\p18F66J60.asm
                   INTCON   0x000ff2       data     extern C:\MCC18\src\traditional\proc\p18F66J60.asm
                  INTCON2   0x000ff1       data     extern C:\MCC18\src\traditional\proc\p18F66J60.asm
              INTCON2bits   0x000ff1       data     extern C:\MCC18\src\traditional\proc\p18F66J60.asm
                  INTCON3   0x000ff0       data     extern C:\MCC18\src\traditional\proc\p18F66J60.asm
              INTCON3bits   0x000ff0       data     extern C:\MCC18\src\traditional\proc\p18F66J60.asm
               INTCONbits   0x000ff2       data     extern C:\MCC18\src\traditional\proc\p18F66J60.asm
                   IPAddr   0x0001e1       data     static E:\Mywork\Microchip\PIC18F66J60\MySource\ETORS232\Microchip\TCPIP Stack\ARP.c
                   IPAddr   0x0001e3       data     static E:\Mywork\Microchip\PIC18F66J60\MySource\ETORS232\Microchip\TCPIP Stack\ARP.c
                IPAddress   0x0001eb       data     static E:\Mywork\Microchip\PIC18F66J60\MySource\ETORS232\Microchip\TCPIP Stack\Helpers.c
              IPHeaderLen   0x0000ed       data     static E:\Mywork\Microchip\PIC18F66J60\MySource\ETORS232\Microchip\TCPIP Stack\IP.c
                     IPR1   0x000f9f       data     extern C:\MCC18\src\traditional\proc\p18F66J60.asm
                 IPR1bits   0x000f9f       data     extern C:\MCC18\src\traditional\proc\p18F66J60.asm
                     IPR2   0x000fa2       data     extern C:\MCC18\src\traditional\proc\p18F66J60.asm
                 IPR2bits   0x000fa2       data     extern C:\MCC18\src\traditional\proc\p18F66J60.asm
                     IPR3   0x000fa5       data     extern C:\MCC18\src\traditional\proc\p18F66J60.asm
                 IPR3bits   0x000fa5       data     extern C:\MCC18\src\traditional\proc\p18F66J60.asm
                     LATA   0x000f89       data     extern C:\MCC18\src\traditional\proc\p18F66J60.asm
                 LATAbits   0x000f89       data     extern C:\MCC18\src\traditional\proc\p18F66J60.asm
                     LATB   0x000f8a       data     extern C:\MCC18\src\traditional\proc\p18F66J60.asm
                 LATBbits   0x000f8a       data     extern C:\MCC18\src\traditional\proc\p18F66J60.asm
                     LATC   0x000f8b       data     extern C:\MCC18\src\traditional\proc\p18F66J60.asm
                 LATCbits   0x000f8b       data     extern C:\MCC18\src\traditional\proc\p18F66J60.asm
                     LATD   0x000f8c       data     extern C:\MCC18\src\traditional\proc\p18F66J60.asm
                 LATDbits   0x000f8c       data     extern C:\MCC18\src\traditional\proc\p18F66J60.asm
                     LATE   0x000f8d       data     extern C:\MCC18\src\traditional\proc\p18F66J60.asm
                 LATEbits   0x000f8d       data     extern C:\MCC18\src\traditional\proc\p18F66J60.asm
                     LATF   0x000f8e       data     extern C:\MCC18\src\traditional\proc\p18F66J60.asm
                 LATFbits   0x000f8e       data     extern C:\MCC18\src\traditional\proc\p18F66J60.asm
                     LATG   0x000f8f       data     extern C:\MCC18\src\traditional\proc\p18F66J60.asm
                 LATGbits   0x000f8f       data     extern C:\MCC18\src\traditional\proc\p18F66J60.asm
                LED_Blink   0x000146       data     extern E:\Mywork\Microchip\PIC18F66J60\MySource\ETORS232\Source\MainDemo.c
            LastPutSocket   0x0000ff       data     static E:\Mywork\Microchip\PIC18F66J60\MySource\ETORS232\Microchip\TCPIP Stack\UDP.c
                      Len   0x00015c       data     static E:\Mywork\Microchip\PIC18F66J60\MySource\ETORS232\Source\MainDemo.c
                   MAADR1   0x000e84       data     extern C:\MCC18\src\traditional\proc\p18F66J60.asm
                   MAADR2   0x000e85       data     extern C:\MCC18\src\traditional\proc\p18F66J60.asm
                   MAADR3   0x000e82       data     extern C:\MCC18\src\traditional\proc\p18F66J60.asm
                   MAADR4   0x000e83       data     extern C:\MCC18\src\traditional\proc\p18F66J60.asm
                   MAADR5   0x000e80       data     extern C:\MCC18\src\traditional\proc\p18F66J60.asm
                   MAADR6   0x000e81       data     extern C:\MCC18\src\traditional\proc\p18F66J60.asm
                  MABBIPG   0x000ea4       data     extern C:\MCC18\src\traditional\proc\p18F66J60.asm
                  MACAddr   0x0001e5       data     static E:\Mywork\Microchip\PIC18F66J60\MySource\ETORS232\Microchip\TCPIP Stack\ARP.c
                   MACON1   0x000ea0       data     extern C:\MCC18\src\traditional\proc\p18F66J60.asm
               MACON1bits   0x000ea0       data     extern C:\MCC18\src\traditional\proc\p18F66J60.asm
                   MACON3   0x000ea2       data     extern C:\MCC18\src\traditional\proc\p18F66J60.asm
               MACON3bits   0x000ea2       data     extern C:\MCC18\src\traditional\proc\p18F66J60.asm
                   MACON4   0x000ea3       data     extern C:\MCC18\src\traditional\proc\p18F66J60.asm
               MACON4bits   0x000ea3       data     extern C:\MCC18\src\traditional\proc\p18F66J60.asm
                    MAIPG   0x000ea6       data     extern C:\MCC18\src\traditional\proc\p18F66J60.asm
                   MAIPGH   0x000ea7       data     extern C:\MCC18\src\traditional\proc\p18F66J60.asm
                   MAIPGL   0x000ea6       data     extern C:\MCC18\src\traditional\proc\p18F66J60.asm
                   MAMXFL   0x000eaa       data     extern C:\MCC18\src\traditional\proc\p18F66J60.asm
                  MAMXFLH   0x000eab       data     extern C:\MCC18\src\traditional\proc\p18F66J60.asm
                  MAMXFLL   0x000eaa       data     extern C:\MCC18\src\traditional\proc\p18F66J60.asm
                    MICMD   0x000eb2       data     extern C:\MCC18\src\traditional\proc\p18F66J60.asm
                MICMDbits   0x000eb2       data     extern C:\MCC18\src\traditional\proc\p18F66J60.asm
                     MIRD   0x000eb8       data     extern C:\MCC18\src\traditional\proc\p18F66J60.asm
                    MIRDH   0x000eb9       data     extern C:\MCC18\src\traditional\proc\p18F66J60.asm
                    MIRDL   0x000eb8       data     extern C:\MCC18\src\traditional\proc\p18F66J60.asm
                 MIREGADR   0x000eb4       data     extern C:\MCC18\src\traditional\proc\p18F66J60.asm
                   MISTAT   0x000e8a       data     extern C:\MCC18\src\traditional\proc\p18F66J60.asm
               MISTATbits   0x000e8a       data     extern C:\MCC18\src\traditional\proc\p18F66J60.asm
                     MIWR   0x000eb6       data     extern C:\MCC18\src\traditional\proc\p18F66J60.asm
                    MIWRH   0x000eb7       data     extern C:\MCC18\src\traditional\proc\p18F66J60.asm
                    MIWRL   0x000eb6       data     extern C:\MCC18\src\traditional\proc\p18F66J60.asm
                     MyIP   0x00060b       data     static E:\Mywork\Microchip\PIC18F66J60\MySource\ETORS232\Microchip\TCPIP Stack\DHCP.c
                    MyTCB   0x000062       data     static E:\Mywork\Microchip\PIC18F66J60\MySource\ETORS232\Microchip\TCPIP Stack\TCP.c
          NewRXRDLocation   0x00061c       data     static E:\Mywork\Microchip\PIC18F66J60\MySource\ETORS232\Microchip\TCPIP Stack\ETH97J60.c
       NextPacketLocation   0x000199       data     static E:\Mywork\Microchip\PIC18F66J60\MySource\ETORS232\Microchip\TCPIP Stack\ETH97J60.c
                 NextPort   0x000e40       data     static E:\Mywork\Microchip\PIC18F66J60\MySource\ETORS232\Microchip\TCPIP Stack\UDP.c
                 NextPort   0x000060       data     static E:\Mywork\Microchip\PIC18F66J60\MySource\ETORS232\Microchip\TCPIP Stack\TCP.c
                   OSCCON   0x000fd3       data     extern C:\MCC18\src\traditional\proc\p18F66J60.asm
               OSCCONbits   0x000fd3       data     extern C:\MCC18\src\traditional\proc\p18F66J60.asm
                  OSCTUNE   0x000f9b       data     extern C:\MCC18\src\traditional\proc\p18F66J60.asm
              OSCTUNEbits   0x000f9b       data     extern C:\MCC18\src\traditional\proc\p18F66J60.asm
                   Offset   0x0000fb       data     static E:\Mywork\Microchip\PIC18F66J60\MySource\ETORS232\Microchip\TCPIP Stack\IP.c
                       PC   0x000ff9       data     extern C:\MCC18\src\traditional\proc\p18F66J60.asm
                      PCL   0x000ff9       data     extern C:\MCC18\src\traditional\proc\p18F66J60.asm
                   PCLATH   0x000ffa       data     extern C:\MCC18\src\traditional\proc\p18F66J60.asm
                   PCLATU   0x000ffb       data     extern C:\MCC18\src\traditional\proc\p18F66J60.asm
                     PIE1   0x000f9d       data     extern C:\MCC18\src\traditional\proc\p18F66J60.asm
                 PIE1bits   0x000f9d       data     extern C:\MCC18\src\traditional\proc\p18F66J60.asm
                     PIE2   0x000fa0       data     extern C:\MCC18\src\traditional\proc\p18F66J60.asm
                 PIE2bits   0x000fa0       data     extern C:\MCC18\src\traditional\proc\p18F66J60.asm
                     PIE3   0x000fa3       data     extern C:\MCC18\src\traditional\proc\p18F66J60.asm
                 PIE3bits   0x000fa3       data     extern C:\MCC18\src\traditional\proc\p18F66J60.asm
                     PIR1   0x000f9e       data     extern C:\MCC18\src\traditional\proc\p18F66J60.asm
                 PIR1bits   0x000f9e       data     extern C:\MCC18\src\traditional\proc\p18F66J60.asm
                     PIR2   0x000fa1       data     extern C:\MCC18\src\traditional\proc\p18F66J60.asm
                 PIR2bits   0x000fa1       data     extern C:\MCC18\src\traditional\proc\p18F66J60.asm
                     PIR3   0x000fa4       data     extern C:\MCC18\src\traditional\proc\p18F66J60.asm
                 PIR3bits   0x000fa4       data     extern C:\MCC18\src\traditional\proc\p18F66J60.asm
                   PLUSW0   0x000feb       data     extern C:\MCC18\src\traditional\proc\p18F66J60.asm
                   PLUSW1   0x000fe3       data     extern C:\MCC18\src\traditional\proc\p18F66J60.asm
                   PLUSW2   0x000fdb       data     extern C:\MCC18\src\traditional\proc\p18F66J60.asm
                    PORTA   0x000f80       data     extern C:\MCC18\src\traditional\proc\p18F66J60.asm
                PORTAbits   0x000f80       data     extern C:\MCC18\src\traditional\proc\p18F66J60.asm
                    PORTB   0x000f81       data     extern C:\MCC18\src\traditional\proc\p18F66J60.asm
                PORTBbits   0x000f81       data     extern C:\MCC18\src\traditional\proc\p18F66J60.asm
                    PORTC   0x000f82       data     extern C:\MCC18\src\traditional\proc\p18F66J60.asm
                PORTCbits   0x000f82       data     extern C:\MCC18\src\traditional\proc\p18F66J60.asm
                    PORTD   0x000f83       data     extern C:\MCC18\src\traditional\proc\p18F66J60.asm
                PORTDbits   0x000f83       data     extern C:\MCC18\src\traditional\proc\p18F66J60.asm
                    PORTE   0x000f84       data     extern C:\MCC18\src\traditional\proc\p18F66J60.asm
                PORTEbits   0x000f84       data     extern C:\MCC18\src\traditional\proc\p18F66J60.asm
                    PORTF   0x000f85       data     extern C:\MCC18\src\traditional\proc\p18F66J60.asm
                PORTFbits   0x000f85       data     extern C:\MCC18\src\traditional\proc\p18F66J60.asm
                    PORTG   0x000f86       data     extern C:\MCC18\src\traditional\proc\p18F66J60.asm
                PORTGbits   0x000f86       data     extern C:\MCC18\src\traditional\proc\p18F66J60.asm
                 POSTDEC0   0x000fed       data     extern C:\MCC18\src\traditional\proc\p18F66J60.asm
                 POSTDEC1   0x000fe5       data     extern C:\MCC18\src\traditional\proc\p18F66J60.asm
                 POSTDEC2   0x000fdd       data     extern C:\MCC18\src\traditional\proc\p18F66J60.asm
                 POSTINC0   0x000fee       data     extern C:\MCC18\src\traditional\proc\p18F66J60.asm
                 POSTINC1   0x000fe6       data     extern C:\MCC18\src\traditional\proc\p18F66J60.asm
                 POSTINC2   0x000fde       data     extern C:\MCC18\src\traditional\proc\p18F66J60.asm
                      PR2   0x000fcb       data     extern C:\MCC18\src\traditional\proc\p18F66J60.asm
                      PR4   0x000f77       data     extern C:\MCC18\src\traditional\proc\p18F66J60.asm
                  PREINC0   0x000fec       data     extern C:\MCC18\src\traditional\proc\p18F66J60.asm
                  PREINC1   0x000fe4       data     extern C:\MCC18\src\traditional\proc\p18F66J60.asm
                  PREINC2   0x000fdc       data     extern C:\MCC18\src\traditional\proc\p18F66J60.asm
                     PROD   0x000ff3       data     extern C:\MCC18\src\traditional\proc\p18F66J60.asm
                    PRODH   0x000ff4       data     extern C:\MCC18\src\traditional\proc\p18F66J60.asm
                    PRODL   0x000ff3       data     extern C:\MCC18\src\traditional\proc\p18F66J60.asm
                  Printed   0x000605       data     static E:\Mywork\Microchip\PIC18F66J60\MySource\ETORS232\Microchip\TCPIP Stack\Helpers.c
                  PtrSave   0x000606       data     static E:\Mywork\Microchip\PIC18F66J60\MySource\ETORS232\Microchip\TCPIP Stack\TCP.c
                  PtrSave   0x000603       data     static E:\Mywork\Microchip\PIC18F66J60\MySource\ETORS232\Microchip\TCPIP Stack\TCP.c
                     RCON   0x000fd0       data     extern C:\MCC18\src\traditional\proc\p18F66J60.asm
                 RCONbits   0x000fd0       data     extern C:\MCC18\src\traditional\proc\p18F66J60.asm
                    RCREG   0x000fae       data     extern C:\MCC18\src\traditional\proc\p18F66J60.asm
                   RCREG1   0x000fae       data     extern C:\MCC18\src\traditional\proc\p18F66J60.asm
                    RCSTA   0x000fab       data     extern C:\MCC18\src\traditional\proc\p18F66J60.asm
                   RCSTA1   0x000fab       data     extern C:\MCC18\src\traditional\proc\p18F66J60.asm
               RCSTA1bits   0x000fab       data     extern C:\MCC18\src\traditional\proc\p18F66J60.asm
                RCSTAbits   0x000fab       data     extern C:\MCC18\src\traditional\proc\p18F66J60.asm
                   RDSave   0x000618       data     static E:\Mywork\Microchip\PIC18F66J60\MySource\ETORS232\Microchip\TCPIP Stack\ETH97J60.c
[...]
                 DDRAbits   0x000f92       data     extern C:\MCC18\src\traditional\proc\p18F66J60.asm
                     DDRA   0x000f92       data     extern C:\MCC18\src\traditional\proc\p18F66J60.asm
                    TRISA   0x000f92       data     extern C:\MCC18\src\traditional\proc\p18F66J60.asm
                    TRISB   0x000f93       data     extern C:\MCC18\src\traditional\proc\p18F66J60.asm
                TRISBbits   0x000f93       data     extern C:\MCC18\src\traditional\proc\p18F66J60.asm
                 DDRBbits   0x000f93       data     extern C:\MCC18\src\traditional\proc\p18F66J60.asm
                     DDRB   0x000f93       data     extern C:\MCC18\src\traditional\proc\p18F66J60.asm
                    TRISC   0x000f94       data     extern C:\MCC18\src\traditional\proc\p18F66J60.asm
                 DDRCbits   0x000f94       data     extern C:\MCC18\src\traditional\proc\p18F66J60.asm
                     DDRC   0x000f94       data     extern C:\MCC18\src\traditional\proc\p18F66J60.asm
                TRISCbits   0x000f94       data     extern C:\MCC18\src\traditional\proc\p18F66J60.asm
                TRISDbits   0x000f95       data     extern C:\MCC18\src\traditional\proc\p18F66J60.asm
                    TRISD   0x000f95       data     extern C:\MCC18\src\traditional\proc\p18F66J60.asm
                     DDRD   0x000f95       data     extern C:\MCC18\src\traditional\proc\p18F66J60.asm
                 DDRDbits   0x000f95       data     extern C:\MCC18\src\traditional\proc\p18F66J60.asm
                    TRISE   0x000f96       data     extern C:\MCC18\src\traditional\proc\p18F66J60.asm
                TRISEbits   0x000f96       data     extern C:\MCC18\src\traditional\proc\p18F66J60.asm
                 DDREbits   0x000f96       data     extern C:\MCC18\src\traditional\proc\p18F66J60.asm
                     DDRE   0x000f96       data     extern C:\MCC18\src\traditional\proc\p18F66J60.asm
                    TRISF   0x000f97       data     extern C:\MCC18\src\traditional\proc\p18F66J60.asm
                TRISFbits   0x000f97       data     extern C:\MCC18\src\traditional\proc\p18F66J60.asm
                 DDRFbits   0x000f97       data     extern C:\MCC18\src\traditional\proc\p18F66J60.asm
                     DDRF   0x000f97       data     extern C:\MCC18\src\traditional\proc\p18F66J60.asm
                    TRISG   0x000f98       data     extern C:\MCC18\src\traditional\proc\p18F66J60.asm
                TRISGbits   0x000f98       data     extern C:\MCC18\src\traditional\proc\p18F66J60.asm
                 DDRGbits   0x000f98       data     extern C:\MCC18\src\traditional\proc\p18F66J60.asm
                     DDRG   0x000f98       data     extern C:\MCC18\src\traditional\proc\p18F66J60.asm
                  OSCTUNE   0x000f9b       data     extern C:\MCC18\src\traditional\proc\p18F66J60.asm
              OSCTUNEbits   0x000f9b       data     extern C:\MCC18\src\traditional\proc\p18F66J60.asm
                     PIE1   0x000f9d       data     extern C:\MCC18\src\traditional\proc\p18F66J60.asm
                 PIE1bits   0x000f9d       data     extern C:\MCC18\src\traditional\proc\p18F66J60.asm
                 PIR1bits   0x000f9e       data     extern C:\MCC18\src\traditional\proc\p18F66J60.asm
                     PIR1   0x000f9e       data     extern C:\MCC18\src\traditional\proc\p18F66J60.asm
                     IPR1   0x000f9f       data     extern C:\MCC18\src\traditional\proc\p18F66J60.asm
                 IPR1bits   0x000f9f       data     extern C:\MCC18\src\traditional\proc\p18F66J60.asm
                     PIE2   0x000fa0       data     extern C:\MCC18\src\traditional\proc\p18F66J60.asm
                 PIE2bits   0x000fa0       data     extern C:\MCC18\src\traditional\proc\p18F66J60.asm
                     PIR2   0x000fa1       data     extern C:\MCC18\src\traditional\proc\p18F66J60.asm
                 PIR2bits   0x000fa1       data     extern C:\MCC18\src\traditional\proc\p18F66J60.asm
                     IPR2   0x000fa2       data     extern C:\MCC18\src\traditional\proc\p18F66J60.asm
                 IPR2bits   0x000fa2       data     extern C:\MCC18\src\traditional\proc\p18F66J60.asm
                     PIE3   0x000fa3       data     extern C:\MCC18\src\traditional\proc\p18F66J60.asm
                 PIE3bits   0x000fa3       data     extern C:\MCC18\src\traditional\proc\p18F66J60.asm
                 PIR3bits   0x000fa4       data     extern C:\MCC18\src\traditional\proc\p18F66J60.asm
                     PIR3   0x000fa4       data     extern C:\MCC18\src\traditional\proc\p18F66J60.asm
                     IPR3   0x000fa5       data     extern C:\MCC18\src\traditional\proc\p18F66J60.asm
                 IPR3bits   0x000fa5       data     extern C:\MCC18\src\traditional\proc\p18F66J60.asm
                   EECON1   0x000fa6       data     extern C:\MCC18\src\traditional\proc\p18F66J60.asm
               EECON1bits   0x000fa6       data     extern C:\MCC18\src\traditional\proc\p18F66J60.asm
                   EECON2   0x000fa7       data     extern C:\MCC18\src\traditional\proc\p18F66J60.asm
                   RCSTA1   0x000fab       data     extern C:\MCC18\src\traditional\proc\p18F66J60.asm
               RCSTA1bits   0x000fab       data     extern C:\MCC18\src\traditional\proc\p18F66J60.asm
                RCSTAbits   0x000fab       data     extern C:\MCC18\src\traditional\proc\p18F66J60.asm
                    RCSTA   0x000fab       data     extern C:\MCC18\src\traditional\proc\p18F66J60.asm
                TXSTAbits   0x000fac       data     extern C:\MCC18\src\traditional\proc\p18F66J60.asm
               TXSTA1bits   0x000fac       data     extern C:\MCC18\src\traditional\proc\p18F66J60.asm
                    TXSTA   0x000fac       data     extern C:\MCC18\src\traditional\proc\p18F66J60.asm
                   TXSTA1   0x000fac       data     extern C:\MCC18\src\traditional\proc\p18F66J60.asm
                    TXREG   0x000fad       data     extern C:\MCC18\src\traditional\proc\p18F66J60.asm
                   TXREG1   0x000fad       data     extern C:\MCC18\src\traditional\proc\p18F66J60.asm
                   RCREG1   0x000fae       data     extern C:\MCC18\src\traditional\proc\p18F66J60.asm
                    RCREG   0x000fae       data     extern C:\MCC18\src\traditional\proc\p18F66J60.asm
                    SPBRG   0x000faf       data     extern C:\MCC18\src\traditional\proc\p18F66J60.asm
                   SPBRG1   0x000faf       data     extern C:\MCC18\src\traditional\proc\p18F66J60.asm
                T3CONbits   0x000fb1       data     extern C:\MCC18\src\traditional\proc\p18F66J60.asm
                    T3CON   0x000fb1       data     extern C:\MCC18\src\traditional\proc\p18F66J60.asm
                    TMR3L   0x000fb2       data     extern C:\MCC18\src\traditional\proc\p18F66J60.asm
                    TMR3H   0x000fb3       data     extern C:\MCC18\src\traditional\proc\p18F66J60.asm
                CMCONbits   0x000fb4       data     extern C:\MCC18\src\traditional\proc\p18F66J60.asm
                    CMCON   0x000fb4       data     extern C:\MCC18\src\traditional\proc\p18F66J60.asm
               CVRCONbits   0x000fb5       data     extern C:\MCC18\src\traditional\proc\p18F66J60.asm
                   CVRCON   0x000fb5       data     extern C:\MCC18\src\traditional\proc\p18F66J60.asm
                  ECCP1AS   0x000fb6       data     extern C:\MCC18\src\traditional\proc\p18F66J60.asm
              ECCP1ASbits   0x000fb6       data     extern C:\MCC18\src\traditional\proc\p18F66J60.asm
              CCP3CONbits   0x000fb7       data     extern C:\MCC18\src\traditional\proc\p18F66J60.asm
                  CCP3CON   0x000fb7       data     extern C:\MCC18\src\traditional\proc\p18F66J60.asm
             ECCP3CONbits   0x000fb7       data     extern C:\MCC18\src\traditional\proc\p18F66J60.asm
                 ECCP3CON   0x000fb7       data     extern C:\MCC18\src\traditional\proc\p18F66J60.asm
                   CCPR3L   0x000fb8       data     extern C:\MCC18\src\traditional\proc\p18F66J60.asm
                    CCPR3   0x000fb8       data     extern C:\MCC18\src\traditional\proc\p18F66J60.asm
                   CCPR3H   0x000fb9       data     extern C:\MCC18\src\traditional\proc\p18F66J60.asm
                 ECCP2CON   0x000fba       data     extern C:\MCC18\src\traditional\proc\p18F66J60.asm
             ECCP2CONbits   0x000fba       data     extern C:\MCC18\src\traditional\proc\p18F66J60.asm
                  CCP2CON   0x000fba       data     extern C:\MCC18\src\traditional\proc\p18F66J60.asm
              CCP2CONbits   0x000fba       data     extern C:\MCC18\src\traditional\proc\p18F66J60.asm
                   CCPR2L   0x000fbb       data     extern C:\MCC18\src\traditional\proc\p18F66J60.asm
                    CCPR2   0x000fbb       data     extern C:\MCC18\src\traditional\proc\p18F66J60.asm
                   CCPR2H   0x000fbc       data     extern C:\MCC18\src\traditional\proc\p18F66J60.asm
                 ECCP1CON   0x000fbd       data     extern C:\MCC18\src\traditional\proc\p18F66J60.asm
             ECCP1CONbits   0x000fbd       data     extern C:\MCC18\src\traditional\proc\p18F66J60.asm
                  CCP1CON   0x000fbd       data     extern C:\MCC18\src\traditional\proc\p18F66J60.asm
              CCP1CONbits   0x000fbd       data     extern C:\MCC18\src\traditional\proc\p18F66J60.asm
                    CCPR1   0x000fbe       data     extern C:\MCC18\src\traditional\proc\p18F66J60.asm
                   CCPR1L   0x000fbe       data     extern C:\MCC18\src\traditional\proc\p18F66J60.asm
                   CCPR1H   0x000fbf       data     extern C:\MCC18\src\traditional\proc\p18F66J60.asm
                   ADCON2   0x000fc0       data     extern C:\MCC18\src\traditional\proc\p18F66J60.asm
               ADCON2bits   0x000fc0       data     extern C:\MCC18\src\traditional\proc\p18F66J60.asm
                   ADCON1   0x000fc1       data     extern C:\MCC18\src\traditional\proc\p18F66J60.asm
               ADCON1bits   0x000fc1       data     extern C:\MCC18\src\traditional\proc\p18F66J60.asm
               ADCON0bits   0x000fc2       data     extern C:\MCC18\src\traditional\proc\p18F66J60.asm
                   ADCON0   0x000fc2       data     extern C:\MCC18\src\traditional\proc\p18F66J60.asm
                   ADRESL   0x000fc3       data     extern C:\MCC18\src\traditional\proc\p18F66J60.asm
                    ADRES   0x000fc3       data     extern C:\MCC18\src\traditional\proc\p18F66J60.asm
                   ADRESH   0x000fc4       data     extern C:\MCC18\src\traditional\proc\p18F66J60.asm
                  SSPCON2   0x000fc5       data     extern C:\MCC18\src\traditional\proc\p18F66J60.asm
              SSPCON2bits   0x000fc5       data     extern C:\MCC18\src\traditional\proc\p18F66J60.asm
                 SSP1CON2   0x000fc5       data     extern C:\MCC18\src\traditional\proc\p18F66J60.asm
             SSP1CON2bits   0x000fc5       data     extern C:\MCC18\src\traditional\proc\p18F66J60.asm
              SSPCON1bits   0x000fc6       data     extern C:\MCC18\src\traditional\proc\p18F66J60.asm
                  SSPCON1   0x000fc6       data     extern C:\MCC18\src\traditional\proc\p18F66J60.asm
                 SSP1CON1   0x000fc6       data     extern C:\MCC18\src\traditional\proc\p18F66J60.asm
             SSP1CON1bits   0x000fc6       data     extern C:\MCC18\src\traditional\proc\p18F66J60.asm
                  SSPSTAT   0x000fc7       data     extern C:\MCC18\src\traditional\proc\p18F66J60.asm
              SSPSTATbits   0x000fc7       data     extern C:\MCC18\src\traditional\proc\p18F66J60.asm
                 SSP1STAT   0x000fc7       data     extern C:\MCC18\src\traditional\proc\p18F66J60.asm
             SSP1STATbits   0x000fc7       data     extern C:\MCC18\src\traditional\proc\p18F66J60.asm
                  SSP1ADD   0x000fc8       data     extern C:\MCC18\src\traditional\proc\p18F66J60.asm
                   SSPADD   0x000fc8       data     extern C:\MCC18\src\traditional\proc\p18F66J60.asm
                   SSPBUF   0x000fc9       data     extern C:\MCC18\src\traditional\proc\p18F66J60.asm
                  SSP1BUF   0x000fc9       data     extern C:\MCC18\src\traditional\proc\p18F66J60.asm
                T2CONbits   0x000fca       data     extern C:\MCC18\src\traditional\proc\p18F66J60.asm
                    T2CON   0x000fca       data     extern C:\MCC18\src\traditional\proc\p18F66J60.asm
                      PR2   0x000fcb       data     extern C:\MCC18\src\traditional\proc\p18F66J60.asm
                     TMR2   0x000fcc       data     extern C:\MCC18\src\traditional\proc\p18F66J60.asm
                    T1CON   0x000fcd       data     extern C:\MCC18\src\traditional\proc\p18F66J60.asm
                T1CONbits   0x000fcd       data     extern C:\MCC18\src\traditional\proc\p18F66J60.asm
                    TMR1L   0x000fce       data     extern C:\MCC18\src\traditional\proc\p18F66J60.asm
                    TMR1H   0x000fcf       data     extern C:\MCC18\src\traditional\proc\p18F66J60.asm
                     RCON   0x000fd0       data     extern C:\MCC18\src\traditional\proc\p18F66J60.asm
                 RCONbits   0x000fd0       data     extern C:\MCC18\src\traditional\proc\p18F66J60.asm
                   WDTCON   0x000fd1       data     extern C:\MCC18\src\traditional\proc\p18F66J60.asm
               WDTCONbits   0x000fd1       data     extern C:\MCC18\src\traditional\proc\p18F66J60.asm
                    ECON1   0x000fd2       data     extern C:\MCC18\src\traditional\proc\p18F66J60.asm
                ECON1bits   0x000fd2       data     extern C:\MCC18\src\traditional\proc\p18F66J60.asm
               OSCCONbits   0x000fd3       data     extern C:\MCC18\src\traditional\proc\p18F66J60.asm
                   OSCCON   0x000fd3       data     extern C:\MCC18\src\traditional\proc\p18F66J60.asm
                T0CONbits   0x000fd5       data     extern C:\MCC18\src\traditional\proc\p18F66J60.asm
                    T0CON   0x000fd5       data     extern C:\MCC18\src\traditional\proc\p18F66J60.asm
                    TMR0L   0x000fd6       data     extern C:\MCC18\src\traditional\proc\p18F66J60.asm
                    TMR0H   0x000fd7       data     extern C:\MCC18\src\traditional\proc\p18F66J60.asm
                   STATUS   0x000fd8       data     extern C:\MCC18\src\traditional\proc\p18F66J60.asm
               STATUSbits   0x000fd8       data     extern C:\MCC18\src\traditional\proc\p18F66J60.asm
                     FSR2   0x000fd9       data     extern C:\MCC18\src\traditional\proc\p18F66J60.asm
                    FSR2L   0x000fd9       data     extern C:\MCC18\src\traditional\proc\p18F66J60.asm
                    FSR2H   0x000fda       data     extern C:\MCC18\src\traditional\proc\p18F66J60.asm
                   PLUSW2   0x000fdb       data     extern C:\MCC18\src\traditional\proc\p18F66J60.asm
                  PREINC2   0x000fdc       data     extern C:\MCC18\src\traditional\proc\p18F66J60.asm
                 POSTDEC2   0x000fdd       data     extern C:\MCC18\src\traditional\proc\p18F66J60.asm
                 POSTINC2   0x000fde       data     extern C:\MCC18\src\traditional\proc\p18F66J60.asm
                    INDF2   0x000fdf       data     extern C:\MCC18\src\traditional\proc\p18F66J60.asm
                      BSR   0x000fe0       data     extern C:\MCC18\src\traditional\proc\p18F66J60.asm
                     FSR1   0x000fe1       data     extern C:\MCC18\src\traditional\proc\p18F66J60.asm
                    FSR1L   0x000fe1       data     extern C:\MCC18\src\traditional\proc\p18F66J60.asm
                    FSR1H   0x000fe2       data     extern C:\MCC18\src\traditional\proc\p18F66J60.asm
                   PLUSW1   0x000fe3       data     extern C:\MCC18\src\traditional\proc\p18F66J60.asm
                  PREINC1   0x000fe4       data     extern C:\MCC18\src\traditional\proc\p18F66J60.asm
                 POSTDEC1   0x000fe5       data     extern C:\MCC18\src\traditional\proc\p18F66J60.asm
                 POSTINC1   0x000fe6       data     extern C:\MCC18\src\traditional\proc\p18F66J60.asm
                    INDF1   0x000fe7       data     extern C:\MCC18\src\traditional\proc\p18F66J60.asm
                     WREG   0x000fe8       data     extern C:\MCC18\src\traditional\proc\p18F66J60.asm
                     FSR0   0x000fe9       data     extern C:\MCC18\src\traditional\proc\p18F66J60.asm
                    FSR0L   0x000fe9       data     extern C:\MCC18\src\traditional\proc\p18F66J60.asm
                    FSR0H   0x000fea       data     extern C:\MCC18\src\traditional\proc\p18F66J60.asm
                   PLUSW0   0x000feb       data     extern C:\MCC18\src\traditional\proc\p18F66J60.asm
                  PREINC0   0x000fec       data     extern C:\MCC18\src\traditional\proc\p18F66J60.asm
                 POSTDEC0   0x000fed       data     extern C:\MCC18\src\traditional\proc\p18F66J60.asm
                 POSTINC0   0x000fee       data     extern C:\MCC18\src\traditional\proc\p18F66J60.asm
                    INDF0   0x000fef       data     extern C:\MCC18\src\traditional\proc\p18F66J60.asm
                  INTCON3   0x000ff0       data     extern C:\MCC18\src\traditional\proc\p18F66J60.asm
              INTCON3bits   0x000ff0       data     extern C:\MCC18\src\traditional\proc\p18F66J60.asm
              INTCON2bits   0x000ff1       data     extern C:\MCC18\src\traditional\proc\p18F66J60.asm
                  INTCON2   0x000ff1       data     extern C:\MCC18\src\traditional\proc\p18F66J60.asm
                   INTCON   0x000ff2       data     extern C:\MCC18\src\traditional\proc\p18F66J60.asm
               INTCONbits   0x000ff2       data     extern C:\MCC18\src\traditional\proc\p18F66J60.asm
                     PROD   0x000ff3       data     extern C:\MCC18\src\traditional\proc\p18F66J60.asm
                    PRODL   0x000ff3       data     extern C:\MCC18\src\traditional\proc\p18F66J60.asm
                    PRODH   0x000ff4       data     extern C:\MCC18\src\traditional\proc\p18F66J60.asm
                   TABLAT   0x000ff5       data     extern C:\MCC18\src\traditional\proc\p18F66J60.asm
                   TBLPTR   0x000ff6       data     extern C:\MCC18\src\traditional\proc\p18F66J60.asm
                  TBLPTRL   0x000ff6       data     extern C:\MCC18\src\traditional\proc\p18F66J60.asm
                  TBLPTRH   0x000ff7       data     extern C:\MCC18\src\traditional\proc\p18F66J60.asm
                  TBLPTRU   0x000ff8       data     extern C:\MCC18\src\traditional\proc\p18F66J60.asm
                      PCL   0x000ff9       data     extern C:\MCC18\src\traditional\proc\p18F66J60.asm
                       PC   0x000ff9       data     extern C:\MCC18\src\traditional\proc\p18F66J60.asm
                   PCLATH   0x000ffa       data     extern C:\MCC18\src\traditional\proc\p18F66J60.asm
                   PCLATU   0x000ffb       data     extern C:\MCC18\src\traditional\proc\p18F66J60.asm
               STKPTRbits   0x000ffc       data     extern C:\MCC18\src\traditional\proc\p18F66J60.asm
                   STKPTR   0x000ffc       data     extern C:\MCC18\src\traditional\proc\p18F66J60.asm
                      TOS   0x000ffd       data     extern C:\MCC18\src\traditional\proc\p18F66J60.asm
                     TOSL   0x000ffd       data     extern C:\MCC18\src\traditional\proc\p18F66J60.asm
                     TOSH   0x000ffe       data     extern C:\MCC18\src\traditional\proc\p18F66J60.asm
                     TOSU   0x000fff       data     extern C:\MCC18\src\traditional\proc\p18F66J60.asm


