GCASM List File (GCBASIC 0.95 2016-02-24)

Symbols:
A 	EQU 	0
ABDEN 	EQU 	0
ABDOVF 	EQU 	7
ACCESS 	EQU 	0
ACKDT 	EQU 	5
ACKEN 	EQU 	4
ACKSTAT 	EQU 	6
ACQT0 	EQU 	3
ACQT1 	EQU 	4
ACQT2 	EQU 	5
ADCON0 	EQU 	4034
ADCON0_GO_DONE 	EQU 	1
ADCON1 	EQU 	4033
ADCON2 	EQU 	4032
ADCS0 	EQU 	0
ADCS1 	EQU 	1
ADCS2 	EQU 	2
ADDEN 	EQU 	3
ADDR 	EQU 	9
ADEN 	EQU 	3
ADFM 	EQU 	7
ADIE 	EQU 	6
ADIF 	EQU 	6
ADIP 	EQU 	6
ADMSK1 	EQU 	1
ADMSK2 	EQU 	2
ADMSK3 	EQU 	3
ADMSK4 	EQU 	4
ADMSK5 	EQU 	5
ADON 	EQU 	0
ADRES 	EQU 	4035
ADRESH 	EQU 	4036
ADRESL 	EQU 	4035
AFSR0 	EQU 	4073
AFSR0 	EQU 	4073
AFSR0_H 	EQU 	4074
AFSR0_H 	EQU 	4074
AN0 	EQU 	0
AN1 	EQU 	1
AN10 	EQU 	1
AN11 	EQU 	4
AN12 	EQU 	0
AN2 	EQU 	2
AN3 	EQU 	3
AN4 	EQU 	5
AN5 	EQU 	0
AN6 	EQU 	1
AN7 	EQU 	2
AN8 	EQU 	2
AN9 	EQU 	3
B 	EQU 	1
BANKED 	EQU 	1
BASPROGRAMEND 	EQU 	264
BASPROGRAMSTART 	EQU 	12
BAUDCON 	EQU 	4024
BAUDCTL 	EQU 	4024
BAUDCTL_ABDEN 	EQU 	0
BAUDCTL_ABDOVF 	EQU 	7
BAUDCTL_BRG16 	EQU 	3
BAUDCTL_RCIDL 	EQU 	6
BAUDCTL_RCMT 	EQU 	6
BAUDCTL_RXDTP 	EQU 	5
BAUDCTL_SCKP 	EQU 	4
BAUDCTL_TXCKP 	EQU 	4
BAUDCTL_WUE 	EQU 	1
BCLIE 	EQU 	3
BCLIF 	EQU 	3
BCLIP 	EQU 	3
BF 	EQU 	0
BGST 	EQU 	5
BOR 	EQU 	0
BRG16 	EQU 	3
BRGH 	EQU 	2
BSR 	EQU 	4064
C 	EQU 	0
C1INV 	EQU 	4
C1OUT_CMCON 	EQU 	6
C1OUT_PORTA 	EQU 	4
C2INV 	EQU 	5
C2OUT_CMCON 	EQU 	7
C2OUT_PORTA 	EQU 	5
CCP1 	EQU 	2
CCP1CON 	EQU 	4029
CCP1IE 	EQU 	2
CCP1IF 	EQU 	2
CCP1IP 	EQU 	2
CCP1M0 	EQU 	0
CCP1M1 	EQU 	1
CCP1M2 	EQU 	2
CCP1M3 	EQU 	3
CCP1X 	EQU 	5
CCP1Y 	EQU 	4
CCP2CON 	EQU 	4026
CCP2IE 	EQU 	0
CCP2IF 	EQU 	0
CCP2IP 	EQU 	0
CCP2M0 	EQU 	0
CCP2M1 	EQU 	1
CCP2M2 	EQU 	2
CCP2M3 	EQU 	3
CCP2X 	EQU 	5
CCP2Y 	EQU 	4
CCP2_PORTB 	EQU 	3
CCP2_PORTC 	EQU 	1
CCPR1 	EQU 	4030
CCPR1H 	EQU 	4031
CCPR1L 	EQU 	4030
CCPR2 	EQU 	4027
CCPR2H 	EQU 	4028
CCPR2L 	EQU 	4027
CFGS 	EQU 	6
CHS0 	EQU 	2
CHS1 	EQU 	3
CHS2 	EQU 	4
CHS3 	EQU 	5
CIS 	EQU 	3
CK 	EQU 	6
CKE 	EQU 	6
CKP 	EQU 	4
CLKI 	EQU 	7
CLKO 	EQU 	6
CM0 	EQU 	0
CM1 	EQU 	1
CM2 	EQU 	2
CMCON 	EQU 	4020
CMIE 	EQU 	6
CMIF 	EQU 	6
CMIP 	EQU 	6
COMPORT 	EQU 	10
CREN 	EQU 	4
CS 	EQU 	2
CSRC 	EQU 	7
CVR0 	EQU 	0
CVR1 	EQU 	1
CVR2 	EQU 	2
CVR3 	EQU 	3
CVRCON 	EQU 	4021
CVREF 	EQU 	2
CVREN 	EQU 	7
CVROE 	EQU 	6
CVRR 	EQU 	5
CVRSS 	EQU 	4
D 	EQU 	5
DC 	EQU 	1
DC1B0 	EQU 	4
DC1B1 	EQU 	5
DC2B0 	EQU 	4
DC2B1 	EQU 	5
DDRA 	EQU 	3986
DDRA_RA0 	EQU 	0
DDRA_RA1 	EQU 	1
DDRA_RA2 	EQU 	2
DDRA_RA3 	EQU 	3
DDRA_RA4 	EQU 	4
DDRA_RA5 	EQU 	5
DDRA_RA6 	EQU 	6
DDRA_RA7 	EQU 	7
DDRB 	EQU 	3987
DDRB_RB0 	EQU 	0
DDRB_RB1 	EQU 	1
DDRB_RB2 	EQU 	2
DDRB_RB3 	EQU 	3
DDRB_RB4 	EQU 	4
DDRB_RB5 	EQU 	5
DDRB_RB6 	EQU 	6
DDRB_RB7 	EQU 	7
DDRC 	EQU 	3988
DDRC_RC0 	EQU 	0
DDRC_RC1 	EQU 	1
DDRC_RC2 	EQU 	2
DDRC_RC3 	EQU 	3
DDRC_RC4 	EQU 	4
DDRC_RC5 	EQU 	5
DDRC_RC6 	EQU 	6
DDRC_RC7 	EQU 	7
DDRD 	EQU 	3989
DDRD_RD0 	EQU 	0
DDRD_RD1 	EQU 	1
DDRD_RD2 	EQU 	2
DDRD_RD3 	EQU 	3
DDRD_RD4 	EQU 	4
DDRD_RD5 	EQU 	5
DDRD_RD6 	EQU 	6
DDRD_RD7 	EQU 	7
DDRE 	EQU 	3990
DDRE_RE0 	EQU 	0
DDRE_RE1 	EQU 	1
DDRE_RE2 	EQU 	2
DDRE_RE3 	EQU 	3
DELAYTEMP 	EQU 	0
DELAYTEMP2 	EQU 	1
DELAY_MS 	EQU 	268
DELAY_S 	EQU 	296
DMS_INNER 	EQU 	278
DMS_OUTER 	EQU 	274
DMS_START 	EQU 	270
DONE 	EQU 	1
DS_START 	EQU 	296
D_A 	EQU 	5
D_NOT_A 	EQU 	5
ECCP1AS 	EQU 	4022
ECCP1DEL 	EQU 	4023
ECCPAS 	EQU 	4022
ECCPAS0 	EQU 	4
ECCPAS1 	EQU 	5
ECCPAS2 	EQU 	6
ECCPASE 	EQU 	7
ECCPAS_ECCPAS0 	EQU 	4
ECCPAS_ECCPAS1 	EQU 	5
ECCPAS_ECCPAS2 	EQU 	6
ECCPAS_ECCPASE 	EQU 	7
ECCPAS_PSSAC0 	EQU 	2
ECCPAS_PSSAC1 	EQU 	3
ECCPAS_PSSBD0 	EQU 	0
ECCPAS_PSSBD1 	EQU 	1
EEADR 	EQU 	4009
EECON1 	EQU 	4006
EECON2 	EQU 	4007
EEDATA 	EQU 	4008
EEIE 	EQU 	4
EEIF 	EQU 	4
EEIP 	EQU 	4
EEPGD 	EQU 	7
ELSE3_1 	EQU 	486
ENC28J60_WRITEREG 	EQU 	312
ENC_OUTBYTE 	EQU 	11
ENDIF3 	EQU 	496
ENDIF4 	EQU 	468
ENDIF5 	EQU 	404
F 	EQU 	1
FERR 	EQU 	2
FLT0 	EQU 	0
FLTS 	EQU 	2
FREE 	EQU 	4
FSR0H 	EQU 	4074
FSR0L 	EQU 	4073
FSR1H 	EQU 	4066
FSR1L 	EQU 	4065
FSR2H 	EQU 	4058
FSR2L 	EQU 	4057
GCEN 	EQU 	7
GIE 	EQU 	7
GIEH 	EQU 	7
GIEL 	EQU 	6
GIE_GIEH 	EQU 	7
GO 	EQU 	1
GO_DONE 	EQU 	1
GO_NOT_DONE 	EQU 	1
HLVDCON 	EQU 	4050
HLVDEN 	EQU 	4
HLVDIE 	EQU 	2
HLVDIF 	EQU 	2
HLVDIN 	EQU 	5
HLVDIP 	EQU 	2
HLVDL0 	EQU 	0
HLVDL1 	EQU 	1
HLVDL2 	EQU 	2
HLVDL3 	EQU 	3
HSERPRINT208 	EQU 	340
HSERPRINTCRLF 	EQU 	406
HSERPRINTCRLFCOUNT 	EQU 	12
HSERSEND 	EQU 	450
HWSPITRANSFER 	EQU 	470
IBF 	EQU 	7
IBOV 	EQU 	5
IDLEN 	EQU 	7
INDF0 	EQU 	4079
INDF1 	EQU 	4071
INDF2 	EQU 	4063
INITSYS 	EQU 	508
INITUSART 	EQU 	540
INT0 	EQU 	0
INT0E 	EQU 	4
INT0F 	EQU 	1
INT0IE 	EQU 	4
INT0IF 	EQU 	1
INT1 	EQU 	1
INT1E 	EQU 	3
INT1F 	EQU 	0
INT1IE 	EQU 	3
INT1IF 	EQU 	0
INT1IP 	EQU 	6
INT1P 	EQU 	6
INT2 	EQU 	2
INT2E 	EQU 	4
INT2F 	EQU 	1
INT2IE 	EQU 	4
INT2IF 	EQU 	1
INT2IP 	EQU 	7
INT2P 	EQU 	7
INTCON 	EQU 	4082
INTCON2 	EQU 	4081
INTCON3 	EQU 	4080
INTEDG0 	EQU 	6
INTEDG1 	EQU 	5
INTEDG2 	EQU 	4
INTSRC 	EQU 	7
IOFS 	EQU 	2
IPEN 	EQU 	7
IPR1 	EQU 	3999
IPR2 	EQU 	4002
IRCF0 	EQU 	4
IRCF1 	EQU 	5
IRCF2 	EQU 	6
IRVST 	EQU 	5
IVRST 	EQU 	5
KBI0 	EQU 	4
KBI1 	EQU 	5
KBI2 	EQU 	6
KBI3 	EQU 	7
LATA 	EQU 	3977
LATA0 	EQU 	0
LATA1 	EQU 	1
LATA2 	EQU 	2
LATA3 	EQU 	3
LATA4 	EQU 	4
LATA5 	EQU 	5
LATA6 	EQU 	6
LATA7 	EQU 	7
LATB 	EQU 	3978
LATB0 	EQU 	0
LATB1 	EQU 	1
LATB2 	EQU 	2
LATB3 	EQU 	3
LATB4 	EQU 	4
LATB5 	EQU 	5
LATB6 	EQU 	6
LATB7 	EQU 	7
LATC 	EQU 	3979
LATC0 	EQU 	0
LATC1 	EQU 	1
LATC2 	EQU 	2
LATC3 	EQU 	3
LATC4 	EQU 	4
LATC5 	EQU 	5
LATC6 	EQU 	6
LATC7 	EQU 	7
LATD 	EQU 	3980
LATD0 	EQU 	0
LATD1 	EQU 	1
LATD2 	EQU 	2
LATD3 	EQU 	3
LATD4 	EQU 	4
LATD5 	EQU 	5
LATD6 	EQU 	6
LATD7 	EQU 	7
LATE 	EQU 	3981
LATE0 	EQU 	0
LATE1 	EQU 	1
LATE2 	EQU 	2
LVDCON 	EQU 	4050
LVDCON_BGST 	EQU 	5
LVDCON_HLVDEN 	EQU 	4
LVDCON_HLVDL0 	EQU 	0
LVDCON_HLVDL1 	EQU 	1
LVDCON_HLVDL2 	EQU 	2
LVDCON_HLVDL3 	EQU 	3
LVDCON_IRVST 	EQU 	5
LVDCON_IVRST 	EQU 	5
LVDCON_LVDEN 	EQU 	4
LVDCON_LVDL0 	EQU 	0
LVDCON_LVDL1 	EQU 	1
LVDCON_LVDL2 	EQU 	2
LVDCON_LVDL3 	EQU 	3
LVDCON_LVV0 	EQU 	0
LVDCON_LVV1 	EQU 	1
LVDCON_LVV2 	EQU 	2
LVDCON_LVV3 	EQU 	3
LVDCON_VDIRMAG 	EQU 	7
LVDEN 	EQU 	4
LVDIE 	EQU 	2
LVDIF 	EQU 	2
LVDIN 	EQU 	5
LVDIP 	EQU 	2
LVDL0 	EQU 	0
LVDL1 	EQU 	1
LVDL2 	EQU 	2
LVDL3 	EQU 	3
LVV0 	EQU 	0
LVV1 	EQU 	1
LVV2 	EQU 	2
LVV3 	EQU 	3
MCLR 	EQU 	3
N 	EQU 	4
NOT_A 	EQU 	5
NOT_ADDRESS 	EQU 	5
NOT_BOR 	EQU 	0
NOT_CS 	EQU 	2
NOT_DONE 	EQU 	1
NOT_MCLR 	EQU 	3
NOT_PD 	EQU 	2
NOT_POR 	EQU 	1
NOT_RBPU 	EQU 	7
NOT_RD 	EQU 	0
NOT_RI 	EQU 	4
NOT_SS 	EQU 	5
NOT_T1SYNC 	EQU 	2
NOT_T3SYNC 	EQU 	2
NOT_TO 	EQU 	3
NOT_W 	EQU 	2
NOT_WR 	EQU 	1
NOT_WRITE 	EQU 	2
OBF 	EQU 	6
OERR 	EQU 	1
OSC1 	EQU 	7
OSC2 	EQU 	6
OSCCON 	EQU 	4051
OSCFIE 	EQU 	7
OSCFIF 	EQU 	7
OSCFIP 	EQU 	7
OSCTUNE 	EQU 	3995
OSTS 	EQU 	3
OV 	EQU 	3
P 	EQU 	4
P1A 	EQU 	2
P1B 	EQU 	5
P1C 	EQU 	6
P1D 	EQU 	7
P1M0 	EQU 	6
P1M1 	EQU 	7
PC 	EQU 	4089
PCFG0 	EQU 	0
PCFG1 	EQU 	1
PCFG2 	EQU 	2
PCFG3 	EQU 	3
PCL 	EQU 	4089
PCLATH 	EQU 	4090
PCLATU 	EQU 	4091
PD 	EQU 	2
PDC0 	EQU 	0
PDC1 	EQU 	1
PDC2 	EQU 	2
PDC3 	EQU 	3
PDC4 	EQU 	4
PDC5 	EQU 	5
PDC6 	EQU 	6
PEIE 	EQU 	6
PEIE_GIEL 	EQU 	6
PEN 	EQU 	2
PGC 	EQU 	6
PGD 	EQU 	7
PGM 	EQU 	5
PIE1 	EQU 	3997
PIE2 	EQU 	4000
PIR1 	EQU 	3998
PIR2 	EQU 	4001
PLLEN 	EQU 	6
PLUSW0 	EQU 	4075
PLUSW1 	EQU 	4067
PLUSW2 	EQU 	4059
POR 	EQU 	1
PORTA 	EQU 	3968
PORTB 	EQU 	3969
PORTC 	EQU 	3970
PORTD 	EQU 	3971
PORTE 	EQU 	3972
PORTE_RD 	EQU 	0
PORTE_WR 	EQU 	1
POSTDEC0 	EQU 	4077
POSTDEC1 	EQU 	4069
POSTDEC2 	EQU 	4061
POSTINC0 	EQU 	4078
POSTINC1 	EQU 	4070
POSTINC2 	EQU 	4062
PR2 	EQU 	4043
PREINC0 	EQU 	4076
PREINC1 	EQU 	4068
PREINC2 	EQU 	4060
PRINTLEN 	EQU 	13
PROD 	EQU 	4083
PRODH 	EQU 	4084
PRODL 	EQU 	4083
PRSEN 	EQU 	7
PSA 	EQU 	3
PSP0 	EQU 	0
PSP1 	EQU 	1
PSP2 	EQU 	2
PSP3 	EQU 	3
PSP4 	EQU 	4
PSP5 	EQU 	5
PSP6 	EQU 	6
PSP7 	EQU 	7
PSPIE 	EQU 	7
PSPIF 	EQU 	7
PSPIP 	EQU 	7
PSPMODE 	EQU 	4
PSSAC0 	EQU 	2
PSSAC1 	EQU 	3
PSSBD0 	EQU 	0
PSSBD1 	EQU 	1
PWM1CON 	EQU 	4023
PWM1CON_PDC0 	EQU 	0
PWM1CON_PDC1 	EQU 	1
PWM1CON_PDC2 	EQU 	2
PWM1CON_PDC3 	EQU 	3
PWM1CON_PDC4 	EQU 	4
PWM1CON_PDC5 	EQU 	5
PWM1CON_PDC6 	EQU 	6
PWM1CON_PRSEN 	EQU 	7
R 	EQU 	2
RA0 	EQU 	0
RA1 	EQU 	1
RA2 	EQU 	2
RA3 	EQU 	3
RA4 	EQU 	4
RA5 	EQU 	5
RA6 	EQU 	6
RA7 	EQU 	7
RB0 	EQU 	0
RB1 	EQU 	1
RB2 	EQU 	2
RB3 	EQU 	3
RB4 	EQU 	4
RB5 	EQU 	5
RB6 	EQU 	6
RB7 	EQU 	7
RBIE 	EQU 	3
RBIF 	EQU 	0
RBIP 	EQU 	0
RBPU 	EQU 	7
RC0 	EQU 	0
RC1 	EQU 	1
RC2 	EQU 	2
RC3 	EQU 	3
RC4 	EQU 	4
RC5 	EQU 	5
RC6 	EQU 	6
RC7 	EQU 	7
RCEN 	EQU 	3
RCIDL 	EQU 	6
RCIE 	EQU 	5
RCIF 	EQU 	5
RCIP 	EQU 	5
RCMT 	EQU 	6
RCON 	EQU 	4048
RCREG 	EQU 	4014
RCSTA 	EQU 	4011
RD 	EQU 	0
RD0 	EQU 	0
RD1 	EQU 	1
RD16 	EQU 	7
RD2 	EQU 	2
RD3 	EQU 	3
RD4 	EQU 	4
RD5 	EQU 	5
RD6 	EQU 	6
RD7 	EQU 	7
RE0 	EQU 	0
RE1 	EQU 	1
RE2 	EQU 	2
RE3 	EQU 	3
RI 	EQU 	4
RSEN 	EQU 	1
RX 	EQU 	7
RX9 	EQU 	6
RX9D 	EQU 	0
RXDTP 	EQU 	5
R_NOT_W 	EQU 	2
R_W 	EQU 	2
S 	EQU 	3
SBOREN 	EQU 	6
SCK 	EQU 	3
SCKP 	EQU 	4
SCL 	EQU 	3
SCS0 	EQU 	0
SCS1 	EQU 	1
SDA 	EQU 	4
SDI 	EQU 	4
SDO 	EQU 	5
SEN 	EQU 	0
SENDB 	EQU 	3
SERDATA 	EQU 	14
SMP 	EQU 	7
SP0 	EQU 	0
SP1 	EQU 	1
SP2 	EQU 	2
SP3 	EQU 	3
SP4 	EQU 	4
SPBRG 	EQU 	4015
SPBRGH 	EQU 	4016
SPEN 	EQU 	7
SPICLOCKMODE 	EQU 	15
SPICURRENTMODE 	EQU 	16
SPIMODE164 	EQU 	566
SPIRXDATA 	EQU 	17
SPITXDATA 	EQU 	18
SREN 	EQU 	5
SS 	EQU 	5
SSPADD 	EQU 	4040
SSPBUF 	EQU 	4041
SSPCON1 	EQU 	4038
SSPCON2 	EQU 	4037
SSPEN 	EQU 	5
SSPIE 	EQU 	3
SSPIF 	EQU 	3
SSPIP 	EQU 	3
SSPM0 	EQU 	0
SSPM1 	EQU 	1
SSPM2 	EQU 	2
SSPM3 	EQU 	3
SSPOV 	EQU 	6
SSPSTAT 	EQU 	4039
STATUS 	EQU 	4056
STKFUL 	EQU 	7
STKOVF 	EQU 	7
STKPTR 	EQU 	4092
STKUNF 	EQU 	6
STRINGPOINTER 	EQU 	21
STRINGTABLE1 	EQU 	690
STRINGTABLE2 	EQU 	734
SWDTE 	EQU 	0
SWDTEN 	EQU 	0
SYNC 	EQU 	4
SYSCALCTEMPA 	EQU 	5
SYSDOLOOP_E1 	EQU 	496
SYSDOLOOP_S1 	EQU 	486
SYSFORLOOP1 	EQU 	368
SYSFORLOOPEND1 	EQU 	404
SYSPRINTDATAHANDLER 	EQU 	22
SYSPRINTDATAHANDLER_H 	EQU 	23
SYSPRINTTEMP 	EQU 	19
SYSREADSTRING 	EQU 	648
SYSREADSTRINGPART 	EQU 	662
SYSREPEATLOOP1 	EQU 	416
SYSREPEATLOOPEND1 	EQU 	448
SYSREPEATTEMP1 	EQU 	20
SYSSELECT1CASE1 	EQU 	590
SYSSELECT1CASE2 	EQU 	600
SYSSELECT1CASE3 	EQU 	612
SYSSELECT1CASE4 	EQU 	624
SYSSELECT1CASE5 	EQU 	636
SYSSELECT1CASE6 	EQU 	644
SYSSELECTEND1 	EQU 	644
SYSSTRINGA 	EQU 	7
SYSSTRINGA_H 	EQU 	8
SYSSTRINGLENGTH 	EQU 	6
SYSSTRINGPARAM1 	EQU 	1493
SYSSTRINGREAD 	EQU 	678
SYSSTRINGREADCHECK 	EQU 	672
SYSSTRINGTABLES 	EQU 	690
SYSWAITLOOP1 	EQU 	496
SYSWAITLOOP2 	EQU 	456
SYSWAITLOOP3 	EQU 	460
SYSWAITTEMPMS 	EQU 	2
SYSWAITTEMPMS_H 	EQU 	3
SYSWAITTEMPS 	EQU 	4
T016BIT 	EQU 	6
T08BIT 	EQU 	6
T0CKI 	EQU 	4
T0CON 	EQU 	4053
T0CS 	EQU 	5
T0IE 	EQU 	5
T0IF 	EQU 	2
T0PS0 	EQU 	0
T0PS1 	EQU 	1
T0PS2 	EQU 	2
T0PS3 	EQU 	3
T0SE 	EQU 	4
T13CKI 	EQU 	0
T1CKI 	EQU 	0
T1CKPS0 	EQU 	4
T1CKPS1 	EQU 	5
T1CON 	EQU 	4045
T1CON_RD16 	EQU 	7
T1OSCEN 	EQU 	3
T1OSI 	EQU 	1
T1OSO 	EQU 	0
T1RUN 	EQU 	6
T1SYNC 	EQU 	2
T2CKPS0 	EQU 	0
T2CKPS1 	EQU 	1
T2CON 	EQU 	4042
T2OUTPS0 	EQU 	3
T2OUTPS1 	EQU 	4
T2OUTPS2 	EQU 	5
T2OUTPS3 	EQU 	6
T3CCP1 	EQU 	3
T3CCP2 	EQU 	6
T3CKPS0 	EQU 	4
T3CKPS1 	EQU 	5
T3CON 	EQU 	4017
T3SYNC 	EQU 	2
TABLAT 	EQU 	4085
TBLPTR 	EQU 	4086
TBLPTRH 	EQU 	4087
TBLPTRL 	EQU 	4086
TBLPTRU 	EQU 	4088
TEMP 	EQU 	24
TMR0 	EQU 	4054
TMR0H 	EQU 	4055
TMR0IE 	EQU 	5
TMR0IF 	EQU 	2
TMR0IP 	EQU 	2
TMR0L 	EQU 	4054
TMR0ON 	EQU 	7
TMR1 	EQU 	4046
TMR1CS 	EQU 	1
TMR1H 	EQU 	4047
TMR1IE 	EQU 	0
TMR1IF 	EQU 	0
TMR1IP 	EQU 	0
TMR1L 	EQU 	4046
TMR1ON 	EQU 	0
TMR2 	EQU 	4044
TMR2IE 	EQU 	1
TMR2IF 	EQU 	1
TMR2IP 	EQU 	1
TMR2ON 	EQU 	2
TMR3 	EQU 	4018
TMR3CS 	EQU 	1
TMR3H 	EQU 	4019
TMR3IE 	EQU 	1
TMR3IF 	EQU 	1
TMR3IP 	EQU 	1
TMR3L 	EQU 	4018
TMR3ON 	EQU 	0
TO 	EQU 	3
TOS 	EQU 	4093
TOSH 	EQU 	4094
TOSL 	EQU 	4093
TOSU 	EQU 	4095
TOUTPS0 	EQU 	3
TOUTPS1 	EQU 	4
TOUTPS2 	EQU 	5
TOUTPS3 	EQU 	6
TRISA 	EQU 	3986
TRISA0 	EQU 	0
TRISA1 	EQU 	1
TRISA2 	EQU 	2
TRISA3 	EQU 	3
TRISA4 	EQU 	4
TRISA5 	EQU 	5
TRISA6 	EQU 	6
TRISA7 	EQU 	7
TRISA_RA0 	EQU 	0
TRISA_RA1 	EQU 	1
TRISA_RA2 	EQU 	2
TRISA_RA3 	EQU 	3
TRISA_RA4 	EQU 	4
TRISA_RA5 	EQU 	5
TRISA_RA6 	EQU 	6
TRISA_RA7 	EQU 	7
TRISA_TRISA0 	EQU 	0
TRISA_TRISA1 	EQU 	1
TRISA_TRISA2 	EQU 	2
TRISA_TRISA3 	EQU 	3
TRISA_TRISA4 	EQU 	4
TRISA_TRISA5 	EQU 	5
TRISA_TRISA6 	EQU 	6
TRISA_TRISA7 	EQU 	7
TRISB 	EQU 	3987
TRISB0 	EQU 	0
TRISB1 	EQU 	1
TRISB2 	EQU 	2
TRISB3 	EQU 	3
TRISB4 	EQU 	4
TRISB5 	EQU 	5
TRISB6 	EQU 	6
TRISB7 	EQU 	7
TRISB_RB0 	EQU 	0
TRISB_RB1 	EQU 	1
TRISB_RB2 	EQU 	2
TRISB_RB3 	EQU 	3
TRISB_RB4 	EQU 	4
TRISB_RB5 	EQU 	5
TRISB_RB6 	EQU 	6
TRISB_RB7 	EQU 	7
TRISB_TRISB0 	EQU 	0
TRISB_TRISB1 	EQU 	1
TRISB_TRISB2 	EQU 	2
TRISB_TRISB3 	EQU 	3
TRISB_TRISB4 	EQU 	4
TRISB_TRISB5 	EQU 	5
TRISB_TRISB6 	EQU 	6
TRISB_TRISB7 	EQU 	7
TRISC 	EQU 	3988
TRISC0 	EQU 	0
TRISC1 	EQU 	1
TRISC2 	EQU 	2
TRISC3 	EQU 	3
TRISC4 	EQU 	4
TRISC5 	EQU 	5
TRISC6 	EQU 	6
TRISC7 	EQU 	7
TRISC_RC0 	EQU 	0
TRISC_RC1 	EQU 	1
TRISC_RC2 	EQU 	2
TRISC_RC3 	EQU 	3
TRISC_RC4 	EQU 	4
TRISC_RC5 	EQU 	5
TRISC_RC6 	EQU 	6
TRISC_RC7 	EQU 	7
TRISC_TRISC0 	EQU 	0
TRISC_TRISC1 	EQU 	1
TRISC_TRISC2 	EQU 	2
TRISC_TRISC3 	EQU 	3
TRISC_TRISC4 	EQU 	4
TRISC_TRISC5 	EQU 	5
TRISC_TRISC6 	EQU 	6
TRISC_TRISC7 	EQU 	7
TRISD 	EQU 	3989
TRISD0 	EQU 	0
TRISD1 	EQU 	1
TRISD2 	EQU 	2
TRISD3 	EQU 	3
TRISD4 	EQU 	4
TRISD5 	EQU 	5
TRISD6 	EQU 	6
TRISD7 	EQU 	7
TRISD_RD0 	EQU 	0
TRISD_RD1 	EQU 	1
TRISD_RD2 	EQU 	2
TRISD_RD3 	EQU 	3
TRISD_RD4 	EQU 	4
TRISD_RD5 	EQU 	5
TRISD_RD6 	EQU 	6
TRISD_RD7 	EQU 	7
TRISD_TRISD0 	EQU 	0
TRISD_TRISD1 	EQU 	1
TRISD_TRISD2 	EQU 	2
TRISD_TRISD3 	EQU 	3
TRISD_TRISD4 	EQU 	4
TRISD_TRISD5 	EQU 	5
TRISD_TRISD6 	EQU 	6
TRISD_TRISD7 	EQU 	7
TRISE 	EQU 	3990
TRISE0 	EQU 	0
TRISE1 	EQU 	1
TRISE2 	EQU 	2
TRISE_IBF 	EQU 	7
TRISE_IBOV 	EQU 	5
TRISE_OBF 	EQU 	6
TRISE_PSPMODE 	EQU 	4
TRISE_RE0 	EQU 	0
TRISE_RE1 	EQU 	1
TRISE_RE2 	EQU 	2
TRISE_RE3 	EQU 	3
TRISE_TRISE0 	EQU 	0
TRISE_TRISE1 	EQU 	1
TRISE_TRISE2 	EQU 	2
TRMT 	EQU 	1
TUN0 	EQU 	0
TUN1 	EQU 	1
TUN2 	EQU 	2
TUN3 	EQU 	3
TUN4 	EQU 	4
TX 	EQU 	6
TX9 	EQU 	6
TX9D 	EQU 	0
TXCKP 	EQU 	4
TXEN 	EQU 	5
TXIE 	EQU 	4
TXIF 	EQU 	4
TXIP 	EQU 	4
TXREG 	EQU 	4013
TXSTA 	EQU 	4012
UA 	EQU 	1
VCFG0 	EQU 	4
VCFG1 	EQU 	5
VDIRMAG 	EQU 	7
VPP 	EQU 	3
VREFN 	EQU 	2
VREFP 	EQU 	3
W 	EQU 	0
WCOL 	EQU 	7
WDTCON 	EQU 	4049
WR 	EQU 	1
WREG 	EQU 	4072
WREN 	EQU 	2
WRERR 	EQU 	3
WUE 	EQU 	1
Z 	EQU 	2

Code:
Loc	Obj Code	Original Assembly





























000000	EF06 F000	GOTO BASPROGRAMSTART

000008	0010	RETFIE



		BASPROGRAMSTART
00000C	D8F7	RCALL INITSYS
00000E	D906	RCALL INITUSART
000010	9093	BCF TRISB,0,ACCESS
000012	9494	BCF TRISC,2,ACCESS

000014	908A	BCF LATB,0,ACCESS
000016	9E94	BCF TRISC,7,ACCESS
000018	8C94	BSF TRISC,6,ACCESS
00001A	0E01	MOVLW 1
00001C	6E04	MOVWF SYSWAITTEMPS,ACCESS
00001E	D884	RCALL DELAY_S
000020	0E02	MOVLW 2
000022	6F0C	MOVWF HSERPRINTCRLFCOUNT,BANKED
000024	0E01	MOVLW 1
000026	6F0A	MOVWF COMPORT,BANKED
000028	D8B6	RCALL HSERPRINTCRLF
00002A	EE15 F0D5	LFSR 1,SYSSTRINGPARAM1
00002E	0EB2	MOVLW LOW STRINGTABLE1
000030	6EF6	MOVWF TBLPTRL,ACCESS
000032	0E02	MOVLW HIGH STRINGTABLE1
000034	6EF7	MOVWF TBLPTRH,ACCESS
000036	D928	RCALL SYSREADSTRING
000038	0ED5	MOVLW LOW SYSSTRINGPARAM1
00003A	6F16	MOVWF SYSPRINTDATAHANDLER,BANKED
00003C	0E05	MOVLW HIGH SYSSTRINGPARAM1
00003E	6F17	MOVWF SYSPRINTDATAHANDLER_H,BANKED
000040	0E01	MOVLW 1
000042	6F0A	MOVWF COMPORT,BANKED
000044	D887	RCALL HSERPRINT208
000046	0E01	MOVLW 1
000048	6F0C	MOVWF HSERPRINTCRLFCOUNT,BANKED
00004A	0E01	MOVLW 1
00004C	6F0A	MOVWF COMPORT,BANKED
00004E	D8A3	RCALL HSERPRINTCRLF
000050	EE15 F0D5	LFSR 1,SYSSTRINGPARAM1
000054	0EDE	MOVLW LOW STRINGTABLE2
000056	6EF6	MOVWF TBLPTRL,ACCESS
000058	0E02	MOVLW HIGH STRINGTABLE2
00005A	6EF7	MOVWF TBLPTRH,ACCESS
00005C	D915	RCALL SYSREADSTRING
00005E	0ED5	MOVLW LOW SYSSTRINGPARAM1
000060	6F16	MOVWF SYSPRINTDATAHANDLER,BANKED
000062	0E05	MOVLW HIGH SYSSTRINGPARAM1
000064	6F17	MOVWF SYSPRINTDATAHANDLER_H,BANKED
000066	0E01	MOVLW 1
000068	6F0A	MOVWF COMPORT,BANKED
00006A	D874	RCALL HSERPRINT208
00006C	0E01	MOVLW 1
00006E	6F0C	MOVWF HSERPRINTCRLFCOUNT,BANKED
000070	0E01	MOVLW 1
000072	6F0A	MOVWF COMPORT,BANKED
000074	D890	RCALL HSERPRINTCRLF
000076	848B	BSF LATC,2,ACCESS
000078	0E0F	MOVLW 15
00007A	6E02	MOVWF SYSWAITTEMPMS,ACCESS
00007C	6A03	CLRF SYSWAITTEMPMS_H,ACCESS
00007E	D846	RCALL DELAY_MS
000080	948B	BCF LATC,2,ACCESS
000082	8894	BSF TRISC,4,ACCESS
000084	9A94	BCF TRISC,5,ACCESS
000086	9694	BCF TRISC,3,ACCESS
000088	9A92	BCF TRISA,5,ACCESS
00008A	9495	BCF TRISD,2,ACCESS
00008C	9A8B	BCF LATC,5,ACCESS
00008E	968B	BCF LATC,3,ACCESS
000090	9A89	BCF LATA,5,ACCESS
000092	8A89	BSF LATA,5,ACCESS
000094	0E0D	MOVLW 13
000096	6F10	MOVWF SPICURRENTMODE,BANKED
000098	6B0F	CLRF SPICLOCKMODE,BANKED
00009A	D8CD	RCALL SPIMODE164
00009C	848C	BSF LATD,2,ACCESS
00009E	0E0A	MOVLW 10
0000A0	6E02	MOVWF SYSWAITTEMPMS,ACCESS
0000A2	6A03	CLRF SYSWAITTEMPMS_H,ACCESS
0000A4	D833	RCALL DELAY_MS
0000A6	948C	BCF LATD,2,ACCESS
0000A8	0E0A	MOVLW 10
0000AA	6E02	MOVWF SYSWAITTEMPMS,ACCESS
0000AC	6A03	CLRF SYSWAITTEMPMS_H,ACCESS
0000AE	D82E	RCALL DELAY_MS
0000B0	848C	BSF LATD,2,ACCESS
0000B2	0E0A	MOVLW 10
0000B4	6E02	MOVWF SYSWAITTEMPMS,ACCESS
0000B6	6A03	CLRF SYSWAITTEMPMS_H,ACCESS
0000B8	D829	RCALL DELAY_MS
0000BA	9A89	BCF LATA,5,ACCESS
0000BC	0EBF	MOVLW 191
0000BE	6F12	MOVWF SPITXDATA,BANKED
0000C0	D88A	RCALL HWSPITRANSFER
0000C2	C011 F018	MOVFF SPIRXDATA,TEMP
0000C6	0E01	MOVLW 1
0000C8	6F12	MOVWF SPITXDATA,BANKED
0000CA	D885	RCALL HWSPITRANSFER
0000CC	C011 F018	MOVFF SPIRXDATA,TEMP
0000D0	8A89	BSF LATA,5,ACCESS
0000D2	9A89	BCF LATA,5,ACCESS
0000D4	0E9F	MOVLW 159
0000D6	6F12	MOVWF SPITXDATA,BANKED
0000D8	D87E	RCALL HWSPITRANSFER
0000DA	C011 F018	MOVFF SPIRXDATA,TEMP
0000DE	0E02	MOVLW 2
0000E0	6F12	MOVWF SPITXDATA,BANKED
0000E2	D879	RCALL HWSPITRANSFER
0000E4	C011 F018	MOVFF SPIRXDATA,TEMP
0000E8	8A89	BSF LATA,5,ACCESS
0000EA	0E14	MOVLW 20
0000EC	6F09	MOVWF ADDR,BANKED
0000EE	0E14	MOVLW 20
0000F0	6F0B	MOVWF ENC_OUTBYTE,BANKED
0000F2	D822	RCALL ENC28J60_WRITEREG
0000F4	0E16	MOVLW 22
0000F6	6F09	MOVWF ADDR,BANKED
0000F8	0EA2	MOVLW 162
0000FA	6F0B	MOVWF ENC_OUTBYTE,BANKED
0000FC	D81D	RCALL ENC28J60_WRITEREG
0000FE	0E17	MOVLW 23
000100	6F09	MOVWF ADDR,BANKED
000102	0E04	MOVLW 4
000104	6F0B	MOVWF ENC_OUTBYTE,BANKED
000106	D818	RCALL ENC28J60_WRITEREG
		BASPROGRAMEND
000108	0003	SLEEP
00010A	D7FE	BRA BASPROGRAMEND


		DELAY_MS
00010C	2A03	INCF SYSWAITTEMPMS_H, F,ACCESS
		DMS_START
00010E	0EE3	MOVLW 227
000110	6E01	MOVWF DELAYTEMP2,ACCESS
		DMS_OUTER
000112	0E06	MOVLW 6
000114	6E00	MOVWF DELAYTEMP,ACCESS
		DMS_INNER
000116	2E00	DECFSZ DELAYTEMP, F,ACCESS
000118	D7FE	BRA DMS_INNER
00011A	2E01	DECFSZ DELAYTEMP2, F,ACCESS
00011C	D7FA	BRA DMS_OUTER
00011E	2E02	DECFSZ SYSWAITTEMPMS, F,ACCESS
000120	D7F6	BRA DMS_START
000122	2E03	DECFSZ SYSWAITTEMPMS_H, F,ACCESS
000124	D7F4	BRA DMS_START
000126	0012	RETURN


		DELAY_S
		DS_START
000128	0EE8	MOVLW 232
00012A	6E02	MOVWF SYSWAITTEMPMS,ACCESS
00012C	0E03	MOVLW 3
00012E	6E03	MOVWF SYSWAITTEMPMS_H,ACCESS
000130	DFED	RCALL DELAY_MS
000132	2E04	DECFSZ SYSWAITTEMPS, F,ACCESS
000134	D7F9	BRA DS_START
000136	0012	RETURN


		ENC28J60_WRITEREG
000138	9A89	BCF LATA,5,ACCESS
00013A	0E40	MOVLW 64
00013C	1109	IORWF ADDR,W,BANKED
00013E	6F12	MOVWF SPITXDATA,BANKED
000140	D84A	RCALL HWSPITRANSFER
000142	C011 F018	MOVFF SPIRXDATA,TEMP
000146	C00B F012	MOVFF ENC_OUTBYTE,SPITXDATA
00014A	D845	RCALL HWSPITRANSFER
00014C	C011 F018	MOVFF SPIRXDATA,TEMP
000150	8A89	BSF LATA,5,ACCESS
000152	0012	RETURN


		HSERPRINT208
000154	C016 FFE9	MOVFF SYSPRINTDATAHANDLER,AFSR0
000158	C017 FFEA	MOVFF SYSPRINTDATAHANDLER_H,AFSR0_H
00015C	CFEF F00D	MOVFF INDF0,PRINTLEN
000160	530D	MOVF PRINTLEN,F,BANKED
000162	B4D8	BTFSC STATUS, Z,ACCESS
000164	D017	BRA ENDIF5
000166	6B13	CLRF SYSPRINTTEMP,BANKED
000168	0E01	MOVLW 1
00016A	5D0D	SUBWF PRINTLEN,W,BANKED
00016C	A0D8	BTFSS STATUS, C,ACCESS
00016E	D012	BRA SYSFORLOOPEND1
		SYSFORLOOP1
000170	2B13	INCF SYSPRINTTEMP,F,BANKED
000172	5113	MOVF SYSPRINTTEMP,W,BANKED
000174	2516	ADDWF SYSPRINTDATAHANDLER,W,BANKED
000176	6EE9	MOVWF AFSR0,ACCESS
000178	0E00	MOVLW 0
00017A	2117	ADDWFC SYSPRINTDATAHANDLER_H,W,BANKED
00017C	6EEA	MOVWF AFSR0_H,ACCESS
00017E	CFEF F00E	MOVFF INDF0,SERDATA
000182	D81F	RCALL HSERSEND
000184	0E01	MOVLW 1
000186	6E02	MOVWF SYSWAITTEMPMS,ACCESS
000188	6A03	CLRF SYSWAITTEMPMS_H,ACCESS
00018A	DFC0	RCALL DELAY_MS
00018C	510D	MOVF PRINTLEN,W,BANKED
00018E	5D13	SUBWF SYSPRINTTEMP,W,BANKED
000190	A0D8	BTFSS STATUS, C,ACCESS
000192	D7EE	BRA SYSFORLOOP1
		SYSFORLOOPEND1
		ENDIF5
000194	0012	RETURN


		HSERPRINTCRLF
000196	C00C F014	MOVFF HSERPRINTCRLFCOUNT,SYSREPEATTEMP1
00019A	5314	MOVF SYSREPEATTEMP1,F,BANKED
00019C	B4D8	BTFSC STATUS, Z,ACCESS
00019E	D010	BRA SYSREPEATLOOPEND1
		SYSREPEATLOOP1
0001A0	0E0D	MOVLW 13
0001A2	6F0E	MOVWF SERDATA,BANKED
0001A4	D80E	RCALL HSERSEND
0001A6	0E01	MOVLW 1
0001A8	6E02	MOVWF SYSWAITTEMPMS,ACCESS
0001AA	6A03	CLRF SYSWAITTEMPMS_H,ACCESS
0001AC	DFAF	RCALL DELAY_MS
0001AE	0E0A	MOVLW 10
0001B0	6F0E	MOVWF SERDATA,BANKED
0001B2	D807	RCALL HSERSEND
0001B4	0E01	MOVLW 1
0001B6	6E02	MOVWF SYSWAITTEMPMS,ACCESS
0001B8	6A03	CLRF SYSWAITTEMPMS_H,ACCESS
0001BA	DFA8	RCALL DELAY_MS
0001BC	2F14	DECFSZ SYSREPEATTEMP1,F,BANKED
0001BE	D7F0	BRA SYSREPEATLOOP1
		SYSREPEATLOOPEND1
0001C0	0012	RETURN


		HSERSEND
0001C2	050A	DECF COMPORT,W,BANKED
0001C4	A4D8	BTFSS STATUS, Z,ACCESS
0001C6	D006	BRA ENDIF4
		SYSWAITLOOP2
0001C8	A89E	BTFSS PIR1,TXIF,ACCESS
0001CA	D7FE	BRA SYSWAITLOOP2
		SYSWAITLOOP3
0001CC	A89E	BTFSS PIR1,TXIF,ACCESS
0001CE	D7FE	BRA SYSWAITLOOP3
0001D0	C00E FFAD	MOVFF SERDATA,TXREG
		ENDIF4
0001D4	0012	RETURN


		HWSPITRANSFER
0001D6	5110	MOVF SPICURRENTMODE,W,BANKED
0001D8	080A	SUBLW 10
0001DA	B0D8	BTFSC STATUS, C,ACCESS
0001DC	D004	BRA ELSE3_1
0001DE	9EC6	BCF SSPCON1,WCOL,ACCESS
0001E0	C012 FFC9	MOVFF SPITXDATA,SSPBUF
0001E4	D005	BRA ENDIF3
		ELSE3_1
		SYSDOLOOP_S1
0001E6	9EC6	BCF SSPCON1,WCOL,ACCESS
0001E8	C012 FFC9	MOVFF SPITXDATA,SSPBUF
0001EC	BEC6	BTFSC SSPCON1,WCOL,ACCESS
0001EE	D7FB	BRA SYSDOLOOP_S1
		SYSDOLOOP_E1
		ENDIF3
		SYSWAITLOOP1
0001F0	A0C7	BTFSS SSPSTAT,BF,ACCESS
0001F2	D7FE	BRA SYSWAITLOOP1
0001F4	CFC9 F011	MOVFF SSPBUF,SPIRXDATA
0001F8	90C7	BCF SSPSTAT,BF,ACCESS
0001FA	0012	RETURN


		INITSYS
0001FC	6AE0	CLRF BSR,ACCESS
0001FE	6AF8	CLRF TBLPTRU,ACCESS
000200	9EC0	BCF ADCON2,ADFM,ACCESS
000202	90C2	BCF ADCON0,ADON,ACCESS
000204	86C1	BSF ADCON1,PCFG3,ACCESS
000206	84C1	BSF ADCON1,PCFG2,ACCESS
000208	82C1	BSF ADCON1,PCFG1,ACCESS
00020A	80C1	BSF ADCON1,PCFG0,ACCESS
00020C	0E07	MOVLW 7
00020E	6EB4	MOVWF CMCON,ACCESS
000210	6A80	CLRF PORTA,ACCESS
000212	6A81	CLRF PORTB,ACCESS
000214	6A82	CLRF PORTC,ACCESS
000216	6A83	CLRF PORTD,ACCESS
000218	6A84	CLRF PORTE,ACCESS
00021A	0012	RETURN


		INITUSART
00021C	0E01	MOVLW 1
00021E	6F0A	MOVWF COMPORT,BANKED
000220	0E07	MOVLW 7
000222	6EAF	MOVWF SPBRG,ACCESS
000224	0E02	MOVLW 2
000226	6EB0	MOVWF SPBRGH,ACCESS
000228	86B8	BSF BAUDCON,BRG16,ACCESS
00022A	84AC	BSF TXSTA,BRGH,ACCESS
00022C	98AC	BCF TXSTA,SYNC,ACCESS
00022E	8EAB	BSF RCSTA,SPEN,ACCESS
000230	88AB	BSF RCSTA,CREN,ACCESS
000232	8AAC	BSF TXSTA,TXEN,ACCESS
000234	0012	RETURN


		SPIMODE164
000236	9AC6	BCF SSPCON1,SSPEN,ACCESS
000238	9EC7	BCF SSPSTAT,SMP,ACCESS
00023A	9CC7	BCF SSPSTAT,CKE,ACCESS
00023C	A10F	BTFSS SPICLOCKMODE,0,BANKED
00023E	8CC7	BSF SSPSTAT,CKE,ACCESS
000240	98C6	BCF SSPCON1,CKP,ACCESS
000242	B30F	BTFSC SPICLOCKMODE,1,BANKED
000244	88C6	BSF SSPCON1,CKP,ACCESS
000246	96C6	BCF SSPCON1,SSPM3,ACCESS
000248	94C6	BCF SSPCON1,SSPM2,ACCESS
00024A	92C6	BCF SSPCON1,SSPM1,ACCESS
00024C	90C6	BCF SSPCON1,SSPM0,ACCESS
		SYSSELECT1CASE1
00024E	0E0D	MOVLW 13
000250	5D10	SUBWF SPICURRENTMODE,W,BANKED
000252	A4D8	BTFSS STATUS, Z,ACCESS
000254	D001	BRA SYSSELECT1CASE2
000256	D016	BRA SYSSELECTEND1
		SYSSELECT1CASE2
000258	0E0C	MOVLW 12
00025A	5D10	SUBWF SPICURRENTMODE,W,BANKED
00025C	A4D8	BTFSS STATUS, Z,ACCESS
00025E	D002	BRA SYSSELECT1CASE3
000260	80C6	BSF SSPCON1,SSPM0,ACCESS
000262	D010	BRA SYSSELECTEND1
		SYSSELECT1CASE3
000264	0E0B	MOVLW 11
000266	5D10	SUBWF SPICURRENTMODE,W,BANKED
000268	A4D8	BTFSS STATUS, Z,ACCESS
00026A	D002	BRA SYSSELECT1CASE4
00026C	82C6	BSF SSPCON1,SSPM1,ACCESS
00026E	D00A	BRA SYSSELECTEND1
		SYSSELECT1CASE4
000270	5310	MOVF SPICURRENTMODE,F,BANKED
000272	A4D8	BTFSS STATUS, Z,ACCESS
000274	D003	BRA SYSSELECT1CASE5
000276	84C6	BSF SSPCON1,SSPM2,ACCESS
000278	80C6	BSF SSPCON1,SSPM0,ACCESS
00027A	D004	BRA SYSSELECTEND1
		SYSSELECT1CASE5
00027C	0510	DECF SPICURRENTMODE,W,BANKED
00027E	A4D8	BTFSS STATUS, Z,ACCESS
000280	D001	BRA SYSSELECT1CASE6
000282	84C6	BSF SSPCON1,SSPM2,ACCESS
		SYSSELECT1CASE6
		SYSSELECTEND1
000284	8AC6	BSF SSPCON1,SSPEN,ACCESS
000286	0012	RETURN


		SYSREADSTRING
000288	0009	TBLRD*+
00028A	CFF5 F005	MOVFF TABLAT,SYSCALCTEMPA
00028E	CFF5 FFE7	MOVFF TABLAT,INDF1
000292	0009	TBLRD*+
000294	D005	BRA SYSSTRINGREADCHECK
		SYSREADSTRINGPART
000296	0009	TBLRD*+
000298	50F5	MOVF TABLAT, W,ACCESS
00029A	6E05	MOVWF SYSCALCTEMPA,ACCESS
00029C	2606	ADDWF SYSSTRINGLENGTH,F,ACCESS
00029E	0009	TBLRD*+
		SYSSTRINGREADCHECK
0002A0	5205	MOVF SYSCALCTEMPA,F,ACCESS
0002A2	B4D8	BTFSC STATUS,Z,ACCESS
0002A4	0012	RETURN
		SYSSTRINGREAD
0002A6	0009	TBLRD*+
0002A8	CFF5 FFE4	MOVFF TABLAT,PREINC1
0002AC	2E05	DECFSZ SYSCALCTEMPA, F,ACCESS
0002AE	D7FB	BRA SYSSTRINGREAD
0002B0	0012	RETURN


		SYSSTRINGTABLES

		STRINGTABLE1
0002B2	2929 4E45 3243 4A38 3036 4520 6874 7265 656E 2074 7244 7669 7265 2D20 4620 616C 6873 4C20 4445 5420 7365 0074	RAW 2929,4E45,3243,4A38,3036,4520,6874,7265,656E,2074,7244,7669,7265,2D20,4620,616C,6873,4C20,4445,5420,7365,0074


		STRINGTABLE2
0002DE	0909 6E49 7469 5420 7365 0074	RAW 0909,6E49,7469,5420,7365,0074



