MPLINK 4.31, Linker
Linker Map File - Created Wed Jun 03 22:36:52 2009

                                 Section Info
                  Section       Type    Address   Location Size(Bytes)
                ---------  ---------  ---------  ---------  ---------
               _entry_scn       code   0x000000    program   0x000006
           .code___init.o       code   0x000006    program   0x000002
               highVector       code   0x000008    program   0x000006
 .romdata_CustomHTTPApp.o    romdata   0x00000e    program   0x000006
         .romdata_HTTP2.o    romdata   0x000014    program   0x000003
   .romdata_BerkeleyAPI.o    romdata   0x000017    program   0x000000
      .romdata_MPFSImg2.o    romdata   0x000017    program   0x000000
         .romdata_Delay.o    romdata   0x000017    program   0x000000
          .romdata_DHCP.o    romdata   0x000017    program   0x000000
.romdata_UART2TCPBridge.o    romdata   0x000017    program   0x000000
.romdata_UDPPerformanceTest.o    romdata   0x000017    program   0x000000
.idata_UDPPerformanceTest.o_i    romdata   0x000017    program   0x000000
        .idata_Telnet.o_i    romdata   0x000017    program   0x000001
     .romdata_SPIEEPROM.o    romdata   0x000017    program   0x000000
          .romdata_SMTP.o    romdata   0x000017    program   0x000000
      .romdata_ETH97J60.o    romdata   0x000017    program   0x000000
          .romdata_MPFS.o    romdata   0x000017    program   0x000000
            .romdata_IP.o    romdata   0x000017    program   0x000000
          .romdata_HTTP.o    romdata   0x000017    program   0x000000
         .romdata_TFTPc.o    romdata   0x000017    program   0x000000
      .romdata_fxd1616u.o    romdata   0x000017    program   0x000000
      .idata_fxd1616u.o_i    romdata   0x000017    program   0x000000
           .romdata_SSL.o    romdata   0x000017    program   0x000000
           .romdata_RSA.o    romdata   0x000017    program   0x000000
        .romdata_BigInt.o    romdata   0x000017    program   0x000000
       .romdata_ARCFOUR.o    romdata   0x000017    program   0x000000
                lowVector       code   0x000018    program   0x000006
                   .cinit    romdata   0x00001e    program   0x000182
              .code_TCP.o       code   0x0001a0    program   0x004106
            .code_HTTP2.o       code   0x0042a6    program   0x003446
             .code_SNMP.o       code   0x0076ec    program   0x00329e
    .code_CustomHTTPApp.o       code   0x00a98a    program   0x0029ec
             .code_SMTP.o       code   0x00d376    program   0x0017b8
            .code_MPFS2.o       code   0x00eb2e    program   0x0016c6
      .code_BerkeleyAPI.o       code   0x0101f4    program   0x0015de
             .stringtable    romdata   0x0117d2    program   0x001393
       .romdata_MPFSImg.o    romdata   0x012b65    program   0x000000
           .romdata_UDP.o    romdata   0x012b65    program   0x000000
       .romdata_fxm3232.o    romdata   0x012b65    program   0x000000
          .romdata_ICMP.o    romdata   0x012b65    program   0x000000
       .idata_fxm3232.o_i    romdata   0x012b65    program   0x000000
 .romdata_LegacyHTTPApp.o    romdata   0x012b65    program   0x000000
    .romdata_ENCX24J600.o    romdata   0x012b65    program   0x000000
        .idata_Reboot.o_i    romdata   0x012b65    program   0x000001
        .romdata_Reboot.o    romdata   0x012b65    program   0x000000
.romdata_BerkeleyUDPClientDemo.o    romdata   0x012b65    program   0x000000
 .romdata_CustomSSLCert.o    romdata   0x012b65    program   0x000000
          .romdata_UART.o    romdata   0x012b65    program   0x000000
      .romdata_PingDemo.o    romdata   0x012b65    program   0x000000
          .romdata_SNTP.o    romdata   0x012b65    program   0x000000
.romdata_GenericTCPServer.o    romdata   0x012b65    program   0x000000
      .idata_SPIFlash.o_i    romdata   0x012b65    program   0x000000
        .romdata_SPIRAM.o    romdata   0x012b65    program   0x000000
           .idata_SSL.o_i    romdata   0x012b65    program   0x000000
.romdata_TCPPerformanceTest.o    romdata   0x012b65    program   0x000000
    .idata_UARTConfig.o_i    romdata   0x012b65    program   0x000000
         .idata_c018i.o_i    romdata   0x012b65    program   0x000000
         .romdata_c018i.o    romdata   0x012b65    program   0x000000
         .idata_TFTPc.o_i    romdata   0x012b65    program   0x000000
      .romdata_Announce.o    romdata   0x012b65    program   0x000000
           .romdata_DNS.o    romdata   0x012b65    program   0x000000
           .code_DynDNS.o       code   0x012b66    program   0x00119a
    .code_CustomSNMPApp.o       code   0x013d00    program   0x000eb8
          .code_Helpers.o       code   0x014bb8    program   0x000c90
             .code_DHCP.o       code   0x015848    program   0x000b2a
           .code_Hashes.o       code   0x016372    program   0x000b06
              .code_DNS.o       code   0x016e78    program   0x000a6a
              .code_UDP.o       code   0x0178e2    program   0x000a3e
         .code_ETH97J60.o       code   0x018320    program   0x000920
           .code_Telnet.o       code   0x018c40    program   0x0008f8
            .code_DHCPs.o       code   0x019538    program   0x0007ea
         .code_MainDemo.o       code   0x019d22    program   0x0007e6
.code_TCPPerformanceTest.o       code   0x01a508    program   0x00054e
             .code_SNTP.o       code   0x01aa56    program   0x0004ba
             .code_NBNS.o       code   0x01af10    program   0x000476
.code_BerkeleyUDPClientDemo.o       code   0x01b386    program   0x000466
              .code_ARP.o       code   0x01b7ec    program   0x000446
                   STRING       code   0x01bc32    program   0x000422
             .code_ICMP.o       code   0x01c054    program   0x000406
                   STDLIB       code   0x01c45a    program   0x0003f6
       .code_UARTConfig.o       code   0x01c850    program   0x0003ba
   .code_UART2TCPBridge.o       code   0x01cc0a    program   0x0002f6
      .code_LCDBlocking.o       code   0x01cf00    program   0x0002de
        .code_SPIEEPROM.o       code   0x01d1de    program   0x0002c8
               .code_IP.o       code   0x01d4a6    program   0x00029e
         .code_Announce.o       code   0x01d744    program   0x000262
.code_BerkeleyTCPServerDemo.o       code   0x01d9a6    program   0x00025e
         .code_StackTsk.o       code   0x01dc04    program   0x000250
 .code_GenericTCPClient.o       code   0x01de54    program   0x000230
.code_BerkeleyTCPClientDemo.o       code   0x01e084    program   0x0001e0
         .code_PingDemo.o       code   0x01e264    program   0x0001be
        .romdata_Telnet.o    romdata   0x01e422    program   0x00015c
 .code_GenericTCPServer.o       code   0x01e57e    program   0x000148
           .code_Reboot.o       code   0x01e6c6    program   0x000142
        .romdata_Hashes.o    romdata   0x01e808    program   0x000140
         .code_SMTPDemo.o       code   0x01e948    program   0x000130
             .code_UART.o       code   0x01ea78    program   0x00012c
             .code_Tick.o       code   0x01eba4    program   0x0000da
                     PROG       code   0x01ec7e    program   0x0000ce
               _cinit_scn       code   0x01ed4c    program   0x00009e
          .code_fxm3232.o       code   0x01edea    program   0x000070
         .code_fxd3232u.o       code   0x01ee5a    program   0x000048
           .romdata_TCP.o    romdata   0x01eea2    program   0x000036
.romdata_GenericTCPClient.o    romdata   0x01eed8    program   0x000033
           .romdata_ARP.o    romdata   0x01ef0b    program   0x000000
      .idata_fxd3232u.o_i    romdata   0x01ef0b    program   0x000000
         .romdata_DHCPs.o    romdata   0x01ef0b    program   0x000000
      .idata_PingDemo.o_i    romdata   0x01ef0b    program   0x000001
          .romdata_Tick.o    romdata   0x01ef0b    program   0x000000
        .romdata_Random.o    romdata   0x01ef0b    program   0x000000
          .idata_UART.o_i    romdata   0x01ef0b    program   0x000000
      .romdata_SMTPDemo.o    romdata   0x01ef0b    program   0x000000
    .romdata_UARTConfig.o    romdata   0x01ef0b    program   0x000000
           .idata_RSA.o_i    romdata   0x01ef0b    program   0x000000
          .romdata_NBNS.o    romdata   0x01ef0b    program   0x000000
           .romdata_FTP.o    romdata   0x01ef0b    program   0x000000
.romdata_BerkeleyTCPServerDemo.o    romdata   0x01ef0b    program   0x000000
 .romdata_CustomSNMPApp.o    romdata   0x01ef0b    program   0x000000
      .romdata_ENC28J60.o    romdata   0x01ef0b    program   0x000000
       .romdata_Helpers.o    romdata   0x01ef0b    program   0x000000
        .romdata___init.o    romdata   0x01ef0b    program   0x000000
        .idata___init.o_i    romdata   0x01ef0b    program   0x000000
     .idata_SPIEEPROM.o_i    romdata   0x01ef0b    program   0x000000
      .romdata_SPIFlash.o    romdata   0x01ef0b    program   0x000000
        .idata_SPIRAM.o_i    romdata   0x01ef0b    program   0x000000
      .idata_StackTsk.o_i    romdata   0x01ef0b    program   0x000000
      .romdata_StackTsk.o    romdata   0x01ef0b    program   0x000000
         .romdata_MPFS2.o    romdata   0x01ef0b    program   0x000000
        .idata_Random.o_i    romdata   0x01ef0b    program   0x000000
      .romdata_fxd3232u.o    romdata   0x01ef0b    program   0x000000
   .romdata_LCDBlocking.o    romdata   0x01ef0b    program   0x000000
         .code_fxd1616u.o       code   0x01ef0c    program   0x00002c
              D1KTCYXCODE       code   0x01ef38    program   0x000020
             _startup_scn       code   0x01ef58    program   0x00001c
      .romdata_MainDemo.o    romdata   0x01ef74    program   0x000018
              D10TCYXCODE       code   0x01ef8c    program   0x000016
          .romdata_SNMP.o    romdata   0x01efa2    program   0x000014
        .romdata_DynDNS.o    romdata   0x01efb6    program   0x00000f
.romdata_BerkeleyTCPClientDemo.o    romdata   0x01efc5    program   0x00000f
                    .code       code   0x01efd4    program   0x00000e
              SEED_DATA_i    romdata   0x01efe2    program   0x000002
           .idata_UDP.o_i    romdata   0x01efe4    program   0x000002
.idata_UART2TCPBridge.o_i    romdata   0x01efe6    program   0x00000a
          .idata_Tick.o_i    romdata   0x01eff0    program   0x000004
.idata_TCPPerformanceTest.o_i    romdata   0x01eff4    program   0x000002
           .idata_TCP.o_i    romdata   0x01eff6    program   0x000002
          .idata_SNTP.o_i    romdata   0x01eff8    program   0x000009
          .idata_SNMP.o_i    romdata   0x01f001    program   0x000002
      .idata_SMTPDemo.o_i    romdata   0x01f003    program   0x000048
          .idata_SMTP.o_i    romdata   0x01f04b    program   0x000003
          .idata_NBNS.o_i    romdata   0x01f04e    program   0x000001
      .idata_MainDemo.o_i    romdata   0x01f04f    program   0x000005
          .idata_MPFS.o_i    romdata   0x01f054    program   0x000000
         .idata_MPFS2.o_i    romdata   0x01f054    program   0x000000
   .idata_LCDBlocking.o_i    romdata   0x01f054    program   0x000000
       .idata_MPFSImg.o_i    romdata   0x01f054    program   0x000000
      .idata_MPFSImg2.o_i    romdata   0x01f054    program   0x000000
 .idata_LegacyHTTPApp.o_i    romdata   0x01f054    program   0x000000
            .idata_IP.o_i    romdata   0x01f054    program   0x000002
          .idata_ICMP.o_i    romdata   0x01f056    program   0x000001
        .idata_Hashes.o_i    romdata   0x01f057    program   0x000000
       .idata_Helpers.o_i    romdata   0x01f057    program   0x000000
         .idata_HTTP2.o_i    romdata   0x01f057    program   0x000078
          .idata_HTTP.o_i    romdata   0x01f0cf    program   0x000000
.idata_GenericTCPServer.o_i    romdata   0x01f0cf    program   0x000001
.idata_GenericTCPClient.o_i    romdata   0x01f0d0    program   0x000013
        .idata_DynDNS.o_i    romdata   0x01f0e3    program   0x000032
      .idata_ENC28J60.o_i    romdata   0x01f0e3    program   0x000000
      .idata_ETH97J60.o_i    romdata   0x01f0e3    program   0x000000
           .idata_FTP.o_i    romdata   0x01f0e3    program   0x000000
    .idata_ENCX24J600.o_i    romdata   0x01f0e3    program   0x000000
         .idata_Delay.o_i    romdata   0x01f115    program   0x000000
           .idata_DNS.o_i    romdata   0x01f115    program   0x000003
         .idata_DHCPs.o_i    romdata   0x01f118    program   0x000002
          .idata_DHCP.o_i    romdata   0x01f11a    program   0x000008
 .idata_CustomSNMPApp.o_i    romdata   0x01f122    program   0x00002c
 .idata_CustomSSLCert.o_i    romdata   0x01f122    program   0x000000
 .idata_CustomHTTPApp.o_i    romdata   0x01f14e    program   0x000002
        .idata_BigInt.o_i    romdata   0x01f150    program   0x000000
.idata_BerkeleyUDPClientDemo.o_i    romdata   0x01f150    program   0x00000a
.idata_BerkeleyTCPServerDemo.o_i    romdata   0x01f15a    program   0x000007
.idata_BerkeleyTCPClientDemo.o_i    romdata   0x01f161    program   0x00006f
   .idata_BerkeleyAPI.o_i    romdata   0x01f1d0    program   0x000002
      .idata_Announce.o_i    romdata   0x01f1d2    program   0x000001
           .idata_ARP.o_i    romdata   0x01f1d3    program   0x000001
            .code_c018i.o       code   0x01f1d4    program   0x000000
         .code_SPIFlash.o       code   0x01f1d4    program   0x000000
             .code_HTTP.o       code   0x01f1d4    program   0x000000
           .code_SPIRAM.o       code   0x01f1d4    program   0x000000
              .code_FTP.o       code   0x01f1d4    program   0x000000
.code_UDPPerformanceTest.o       code   0x01f1d4    program   0x000000
             .code_MPFS.o       code   0x01f1d4    program   0x000000
         .code_ENC28J60.o       code   0x01f1d4    program   0x000000
            .code_Delay.o       code   0x01f1d4    program   0x000000
          .code_MPFSImg.o       code   0x01f1d4    program   0x000000
    .code_CustomSSLCert.o       code   0x01f1d4    program   0x000000
         .code_MPFSImg2.o       code   0x01f1d4    program   0x000000
              .code_SSL.o       code   0x01f1d4    program   0x000000
    .code_LegacyHTTPApp.o       code   0x01f1d4    program   0x000000
              .code_RSA.o       code   0x01f1d4    program   0x000000
           .code_Random.o       code   0x01f1d4    program   0x000000
           .code_BigInt.o       code   0x01f1d4    program   0x000000
          .code_ARCFOUR.o       code   0x01f1d4    program   0x000000
       .idata_ARCFOUR.o_i    romdata   0x01f1d4    program   0x000000
       .code_ENCX24J600.o       code   0x01f1d4    program   0x000000
            .code_TFTPc.o       code   0x01f1d4    program   0x000000
 .config_1fff8_MainDemo.o    romdata   0x01fff8    program   0x000001
 .config_1fffa_MainDemo.o    romdata   0x01fffa    program   0x000001
 .config_1fffd_MainDemo.o    romdata   0x01fffd    program   0x000001
                MATH_DATA      udata   0x000000       data   0x000014
                 .tmpdata      udata   0x000014       data   0x000014
                DELAYDAT1      udata   0x000028       data   0x000001
           .udata_MPFS2.o      udata   0x000060       data   0x00009e
                SEED_DATA      idata   0x0000fe       data   0x000002
                 TCB_uRAM      udata   0x000100       data   0x0000fc
        .udata_SMTPDemo.o      udata   0x0001fc       data   0x000004
   .udata_CustomHTTPApp.o      udata   0x000200       data   0x0000db
           .udata_HTTP2.o      udata   0x0002db       data   0x000021
        .udata_PingDemo.o      udata   0x0002fc       data   0x000004
             .udata_UDP.o      udata   0x000300       data   0x0000c6
       .udata_SPIEEPROM.o      udata   0x0003c6       data   0x000039
.udata_GenericTCPServer.o      udata   0x0003ff       data   0x000001
             .udata_TCP.o      udata   0x000400       data   0x0000c2
       SYN_QUEUE_RAM_SECT      udata   0x0004c2       data   0x00003c
             .idata_UDP.o      idata   0x0004fe       data   0x000002
            .udata_SNMP.o      udata   0x000500       data   0x000099
  .udata_UART2TCPBridge.o      udata   0x000599       data   0x000053
.idata_GenericTCPClient.o      idata   0x0005ec       data   0x000013
        .udata_Announce.o      udata   0x0005ff       data   0x000001
   HTTP_CONNECTION_STATES      udata   0x000600       data   0x000084
           .idata_HTTP2.o      idata   0x000684       data   0x000078
.udata_GenericTCPClient.o      udata   0x0006fc       data   0x000004
.idata_BerkeleyTCPClientDemo.o      idata   0x000700       data   0x00006f
          .udata_Hashes.o      udata   0x00076f       data   0x00006a
            .udata_DHCP.o      udata   0x0007d9       data   0x00001f
            .idata_DHCP.o      idata   0x0007f8       data   0x000008
     .udata_BerkeleyAPI.o      udata   0x000800       data   0x00004d
                 BSD_uRAM      udata   0x00084d       data   0x00004b
        .idata_SMTPDemo.o      idata   0x000898       data   0x000048
.udata_TCPPerformanceTest.o      udata   0x0008e0       data   0x000020
          .udata_DynDNS.o      udata   0x000900       data   0x00003c
         .udata_Helpers.o      udata   0x00093c       data   0x00003b
        .udata_ETH97J60.o      udata   0x000977       data   0x000034
          .idata_DynDNS.o      idata   0x0009ab       data   0x000032
     .udata_LCDBlocking.o      udata   0x0009dd       data   0x000023
   .idata_CustomSNMPApp.o      idata   0x000a00       data   0x00002c
   .udata_CustomSNMPApp.o      udata   0x000a2c       data   0x00002a
             .udata_DNS.o      udata   0x000a56       data   0x000028
            .udata_ICMP.o      udata   0x000a7e       data   0x00001e
.udata_BerkeleyUDPClientDemo.o      udata   0x000a9c       data   0x00001e
             .udata_ARP.o      udata   0x000aba       data   0x00001e
              .udata_IP.o      udata   0x000ad8       data   0x000012
.udata_BerkeleyTCPServerDemo.o      udata   0x000aea       data   0x000010
          .udata_Telnet.o      udata   0x000afa       data   0x000006
.udata_BerkeleyTCPClientDemo.o      udata   0x000b00       data   0x000010
            .udata_SNTP.o      udata   0x000b10       data   0x00000f
            .udata_UART.o      udata   0x000b1f       data   0x00000c
           .udata_c018i.o      udata   0x000b2b       data   0x00000a
            .udata_Tick.o      udata   0x000b35       data   0x00000a
           .udata_DHCPs.o      udata   0x000b3f       data   0x00000a
  .idata_UART2TCPBridge.o      idata   0x000b49       data   0x00000a
.idata_BerkeleyUDPClientDemo.o      idata   0x000b53       data   0x00000a
.idata_BerkeleyTCPServerDemo.o      idata   0x000b5d       data   0x000007
            .udata_NBNS.o      udata   0x000b64       data   0x000005
        .idata_MainDemo.o      idata   0x000b69       data   0x000005
            .idata_Tick.o      idata   0x000b6e       data   0x000004
            .idata_SMTP.o      idata   0x000b72       data   0x000003
             .idata_DNS.o      idata   0x000b75       data   0x000003
.idata_TCPPerformanceTest.o      idata   0x000b78       data   0x000002
             .idata_TCP.o      idata   0x000b7a       data   0x000002
            .idata_SNMP.o      idata   0x000b7c       data   0x000002
              .idata_IP.o      idata   0x000b7e       data   0x000002
           .idata_DHCPs.o      idata   0x000b80       data   0x000002
   .idata_CustomHTTPApp.o      idata   0x000b82       data   0x000002
     .idata_BerkeleyAPI.o      idata   0x000b84       data   0x000002
          .idata_Telnet.o      idata   0x000b86       data   0x000001
          .idata_Reboot.o      idata   0x000b87       data   0x000001
        .idata_PingDemo.o      idata   0x000b88       data   0x000001
            .idata_NBNS.o      idata   0x000b89       data   0x000001
            .idata_ICMP.o      idata   0x000b8a       data   0x000001
.idata_GenericTCPServer.o      idata   0x000b8b       data   0x000001
        .idata_Announce.o      idata   0x000b8c       data   0x000001
             .idata_ARP.o      idata   0x000b8d       data   0x000001
      .idata_ENCX24J600.o      idata   0x000b8e       data   0x000000
         .udata_MPFSImg.o      udata   0x000b8e       data   0x000000
           .udata_TFTPc.o      udata   0x000b8e       data   0x000000
           .idata_TFTPc.o      idata   0x000b8e       data   0x000000
        .udata_SPIFlash.o      udata   0x000b8e       data   0x000000
            .idata_HTTP.o      idata   0x000b8e       data   0x000000
            .udata_HTTP.o      udata   0x000b8e       data   0x000000
        .idata_SPIFlash.o      idata   0x000b8e       data   0x000000
          .udata_SPIRAM.o      udata   0x000b8e       data   0x000000
         .udata_ARCFOUR.o      udata   0x000b8e       data   0x000000
         .idata_ARCFOUR.o      idata   0x000b8e       data   0x000000
          .udata_BigInt.o      udata   0x000b8e       data   0x000000
          .idata_BigInt.o      idata   0x000b8e       data   0x000000
          .idata_SPIRAM.o      idata   0x000b8e       data   0x000000
           .idata_c018i.o      idata   0x000b8e       data   0x000000
          .idata___init.o      idata   0x000b8e       data   0x000000
            .idata_MPFS.o      idata   0x000b8e       data   0x000000
            .udata_MPFS.o      udata   0x000b8e       data   0x000000
      .idata_UARTConfig.o      idata   0x000b8e       data   0x000000
      .udata_UARTConfig.o      udata   0x000b8e       data   0x000000
          .udata___init.o      udata   0x000b8e       data   0x000000
   .idata_LegacyHTTPApp.o      idata   0x000b8e       data   0x000000
          .udata_Reboot.o      udata   0x000b8e       data   0x000000
   .udata_LegacyHTTPApp.o      udata   0x000b8e       data   0x000000
           .idata_MPFS2.o      idata   0x000b8e       data   0x000000
        .idata_MPFSImg2.o      idata   0x000b8e       data   0x000000
       .idata_SPIEEPROM.o      idata   0x000b8e       data   0x000000
      .udata_ENCX24J600.o      udata   0x000b8e       data   0x000000
        .udata_MPFSImg2.o      udata   0x000b8e       data   0x000000
     .idata_LCDBlocking.o      idata   0x000b8e       data   0x000000
         .idata_MPFSImg.o      idata   0x000b8e       data   0x000000
   .idata_CustomSSLCert.o      idata   0x000b8e       data   0x000000
   .udata_CustomSSLCert.o      udata   0x000b8e       data   0x000000
        .udata_fxd1616u.o      udata   0x000b8e       data   0x000000
             .udata_FTP.o      udata   0x000b8e       data   0x000000
             .idata_FTP.o      idata   0x000b8e       data   0x000000
        .idata_fxd1616u.o      idata   0x000b8e       data   0x000000
          .idata_Hashes.o      idata   0x000b8e       data   0x000000
        .udata_fxd3232u.o      udata   0x000b8e       data   0x000000
        .idata_fxd3232u.o      idata   0x000b8e       data   0x000000
         .idata_Helpers.o      idata   0x000b8e       data   0x000000
         .udata_fxm3232.o      udata   0x000b8e       data   0x000000
             .idata_SSL.o      idata   0x000b8e       data   0x000000
        .idata_ETH97J60.o      idata   0x000b8e       data   0x000000
        .idata_ENC28J60.o      idata   0x000b8e       data   0x000000
        .idata_StackTsk.o      idata   0x000b8e       data   0x000000
            .idata_UART.o      idata   0x000b8e       data   0x000000
        .udata_ENC28J60.o      udata   0x000b8e       data   0x000000
             .udata_SSL.o      udata   0x000b8e       data   0x000000
             .idata_RSA.o      idata   0x000b8e       data   0x000000
.udata_UDPPerformanceTest.o      udata   0x000b8e       data   0x000000
             .udata_RSA.o      udata   0x000b8e       data   0x000000
.idata_UDPPerformanceTest.o      idata   0x000b8e       data   0x000000
         .idata_fxm3232.o      idata   0x000b8e       data   0x000000
          .udata_Random.o      udata   0x000b8e       data   0x000000
           .udata_Delay.o      udata   0x000b8e       data   0x000000
           .idata_Delay.o      idata   0x000b8e       data   0x000000
          .idata_Random.o      idata   0x000b8e       data   0x000000
        SNMP.o:IsValidInt     actrec   0x000c00       data   0x000008
 SNMP.o:SNMPIsNotifyReady     actrec   0x000c00       data   0x00000c
BerkeleyTCPClientDemo.o:BerkeleyTCPClientDemo     actrec   0x000c00       data   0x00000d
  SNMP.o:ProcessVariables     actrec   0x000c00       data   0x000059
        SNMP.o:IsValidPDU     actrec   0x000c00       data   0x000003
BerkeleyAPI.o:BerkeleySocketInit     actrec   0x000c00       data   0x000004
  SNMP.o:IsValidCommunity     actrec   0x000c00       data   0x000002
BerkeleyTCPServerDemo.o:BerkeleyTCPServerDemo     actrec   0x000c00       data   0x000025
        SNMP.o:SNMPNotify     actrec   0x000c00       data   0x00003b
UARTConfig.o:DoUARTConfig     actrec   0x000c00       data   0x00001d
         UDP.o:UDPProcess     actrec   0x000c00       data   0x000019
            UDP.o:UDPInit     actrec   0x000c00       data   0x000001
         UART.o:getsUSART     actrec   0x000c00       data   0x000002
UART2TCPBridge.o:UART2TCPBridgeTask     actrec   0x000c00       data   0x00000f
TCPPerformanceTest.o:TCPRXPerformanceTask     actrec   0x000c00       data   0x000018
TCPPerformanceTest.o:TCPTXPerformanceTask     actrec   0x000c00       data   0x000014
  TCP.o:TCPAdjustFIFOSize     actrec   0x000c00       data   0x000006
         TCP.o:TCPProcess     actrec   0x000c00       data   0x000025
            TCP.o:TCPTick     actrec   0x000c00       data   0x00000a
  TCP.o:TCPFindROMArrayEx     actrec   0x000c00       data   0x000031
GenericTCPClient.o:GenericTCPClient     actrec   0x000c00       data   0x00000c
GenericTCPServer.o:GenericTCPServer     actrec   0x000c00       data   0x00002b
   TCP.o:TCPGetTxFIFOFull     actrec   0x000c00       data   0x000004
CustomSNMPApp.o:SNMPGetTimeStamp     actrec   0x000c00       data   0x000010
 SNTP.o:SNTPGetUTCSeconds     actrec   0x000c00       data   0x000008
        SNTP.o:SNTPClient     actrec   0x000c00       data   0x000032
BerkeleyUDPClientDemo.o:BerkeleyUDPClientDemo     actrec   0x000c00       data   0x000034
BerkeleyUDPClientDemo.o:BerkeleySNTPGetUTCSeconds     actrec   0x000c00       data   0x000008
         MPFS2.o:MPFSInit     actrec   0x000c00       data   0x000001
   LCDBlocking.o:LCDErase     actrec   0x000c00       data   0x000002
    LCDBlocking.o:LCDInit     actrec   0x000c00       data   0x000007
         IP.o:IPGetHeader     actrec   0x000c00       data   0x000016
      ICMP.o:ICMPGetReply     actrec   0x000c00       data   0x00000a
       ICMP.o:ICMPProcess     actrec   0x000c00       data   0x000004
      HTTP2.o:HTTPIncFile     actrec   0x000c00       data   0x000045
CustomHTTPApp.o:HTTPPrint_cookiename     actrec   0x000c00       data   0x000002
CustomHTTPApp.o:HTTPPrint_uploadedmd5     actrec   0x000c00       data   0x000001
CustomHTTPApp.o:HTTPPrintIP     actrec   0x000c00       data   0x000005
CustomHTTPApp.o:HTTPPrint_config_mac     actrec   0x000c00       data   0x000001
     HTTP2.o:HTTPSendFile     actrec   0x000c00       data   0x000045
     HTTP2.o:HTTPLoadConn     actrec   0x000c00       data   0x000002
         HTTP2.o:HTTPInit     actrec   0x000c00       data   0x000002
CustomHTTPApp.o:HTTPPrint_ddns_status     actrec   0x000c00       data   0x000001
    Announce.o:AnnounceIP     actrec   0x000c00       data   0x000002
 Announce.o:DiscoveryTask     actrec   0x000c00       data   0x000001
 Helpers.o:stricmppgm2ram     actrec   0x000c00       data   0x000002
         ARP.o:ARPProcess     actrec   0x000c00       data   0x00001c
   Helpers.o:Base64Encode     actrec   0x000c00       data   0x000008
   Helpers.o:Base64Decode     actrec   0x000c00       data   0x000005
      DHCP.o:_DHCPReceive     actrec   0x000c00       data   0x000009
Helpers.o:GenerateRandomDWORD     actrec   0x000c00       data   0x000014
    Hashes.o:MD5HashBlock     actrec   0x000c00       data   0x00001a
         DHCP.o:_DHCPSend     actrec   0x000c00       data   0x000005
   DHCPs.o:DHCPServerTask     actrec   0x000c00       data   0x00002a
   ETH97J60.o:WritePHYReg     actrec   0x000c00       data   0x000001
    ETH97J60.o:ReadPHYReg     actrec   0x000c00       data   0x000002
  ETH97J60.o:MACGetHeader     actrec   0x000c00       data   0x000014
 SNMP.o:SNMPNotifyPrepare     actrec   0x000c00       data   0x000002
SMTP.o:FindROMEmailAddress     actrec   0x000c00       data   0x000005
 MainDemo.o:InitAppConfig     actrec   0x000c00       data   0x000005
CustomHTTPApp.o:HTTPExecuteGet     actrec   0x000c00       data   0x000016
CustomHTTPApp.o:HTTPPostLCD     actrec   0x000c00       data   0x000002
  SMTP.o:FindEmailAddress     actrec   0x000c00       data   0x000004
CustomHTTPApp.o:HTTPPostConfig     actrec   0x000c00       data   0x00006f
   SMTP.o:SMTPPutROMArray     actrec   0x000c00       data   0x000002
      SMTP.o:SMTPPutArray     actrec   0x000c00       data   0x000002
BerkeleyAPI.o:gethostname     actrec   0x000c00       data   0x000005
      Reboot.o:RebootTask     actrec   0x000c00       data   0x00000e
         MPFS2.o:MPFSOpen     actrec   0x000c00       data   0x000018
CustomHTTPApp.o:HTTPPrint_hellomsg     actrec   0x000c00       data   0x000002
CustomHTTPApp.o:HTTPPrint_lcdtext     actrec   0x000c00       data   0x000002
CustomHTTPApp.o:HTTPPrint_pot     actrec   0x000c00       data   0x00000a
       MPFS2.o:MPFSFormat     actrec   0x000c00       data   0x000001
     MPFS2.o:MPFSPutArray     actrec   0x000c00       data   0x000002
CustomHTTPApp.o:HTTPPostSNMPCommunity     actrec   0x000c00       data   0x000003
CustomHTTPApp.o:HTTPPostEmail     actrec   0x000c00       data   0x00000c
          NBNS.o:NBNSTask     actrec   0x000c00       data   0x000021
       ETH97J60.o:MACInit     actrec   0x000c01       data   0x000001
     SNMP.o:ProcessHeader     actrec   0x000c08       data   0x000005
SNMP.o:ProcessGetSetHeader     actrec   0x000c08       data   0x000004
          SMTP.o:SMTPTask     actrec   0x000c08       data   0x000007
      PingDemo.o:PingDemo     actrec   0x000c0a       data   0x000004
     SMTP.o:SMTPPutString     actrec   0x000c0c       data   0x000002
  SMTP.o:SMTPPutROMString     actrec   0x000c0c       data   0x000002
    BerkeleyAPI.o:connect     actrec   0x000c0d       data   0x00000a
             TCP.o:TCPPut     actrec   0x000c0f       data   0x000002
            TCP.o:TCPInit     actrec   0x000c14       data   0x00000b
  MPFS2.o:MPFSGetFilename     actrec   0x000c16       data   0x000004
ETH97J60.o:MACCalcRxChecksum     actrec   0x000c16       data   0x000004
      TCP.o:TCPRAMCopyROM     actrec   0x000c18       data   0x000012
 UDP.o:FindMatchingSocket     actrec   0x000c19       data   0x000004
    Hashes.o:MD5Calculate     actrec   0x000c1a       data   0x000015
   Hashes.o:MD5AddROMData     actrec   0x000c1a       data   0x000002
      Hashes.o:MD5AddData     actrec   0x000c1a       data   0x000002
    UART.o:ReadStringUART     actrec   0x000c1d       data   0x000002
MainDemo.o:DisplayIPValue     actrec   0x000c1d       data   0x000007
       NBNS.o:NBNSGetName     actrec   0x000c21       data   0x000003
       NBNS.o:NBNSPutName     actrec   0x000c21       data   0x000002
          Helpers.o:uitoa     actrec   0x000c24       data   0x000006
     BerkeleyAPI.o:listen     actrec   0x000c25       data   0x000005
     BerkeleyAPI.o:accept     actrec   0x000c25       data   0x000008
 TCP.o:FindMatchingSocket     actrec   0x000c25       data   0x000006
       TCP.o:HandleTCPSeg     actrec   0x000c25       data   0x00001a
DHCPs.o:DHCPReplyToRequest     actrec   0x000c2a       data   0x000007
DHCPs.o:DHCPReplyToDiscovery     actrec   0x000c2a       data   0x000001
     TCP.o:TCPPutROMArray     actrec   0x000c2a       data   0x000006
            TCP.o:TCPOpen     actrec   0x000c2b       data   0x000001
Helpers.o:leftRotateDWORD     actrec   0x000c2f       data   0x000002
HTTP2.o:HTTPHeaderParseContentLength     actrec   0x000c31       data   0x00000c
   HTTP2.o:HTTPMPFSUpload     actrec   0x000c31       data   0x000014
        DynDNS.o:DDNSTask     actrec   0x000c31       data   0x000003
CustomHTTPApp.o:HTTPPostMD5     actrec   0x000c31       data   0x000004
HTTP2.o:HTTPHeaderParseCookie     actrec   0x000c31       data   0x000004
      Telnet.o:TelnetTask     actrec   0x000c31       data   0x000013
HTTP2.o:HTTPHeaderParseAuthorization     actrec   0x000c31       data   0x00002c
        UDP.o:UDPGetArray     actrec   0x000c34       data   0x000002
BerkeleyAPI.o:closesocket     actrec   0x000c34       data   0x000002
     BerkeleyAPI.o:socket     actrec   0x000c34       data   0x000003
       BerkeleyAPI.o:bind     actrec   0x000c34       data   0x000006
            UDP.o:UDPOpen     actrec   0x000c34       data   0x000003
         ARP.o:ARPResolve     actrec   0x000c34       data   0x00001c
Helpers.o:ROMStringToIPAddress     actrec   0x000c34       data   0x000007
       DNS.o:DNSPutString     actrec   0x000c34       data   0x000004
    DNS.o:DNSPutROMString     actrec   0x000c34       data   0x000005
  ETH97J60.o:MACDiscardRx     actrec   0x000c34       data   0x000002
       DNS.o:DNSGetString     actrec   0x000c36       data   0x000001
        UDP.o:UDPPutArray     actrec   0x000c38       data   0x000002
     UDP.o:UDPPutROMArray     actrec   0x000c39       data   0x000002
           UDP.o:UDPFlush     actrec   0x000c3b       data   0x00001c
  SNMP.o:GetOIDStringByID     actrec   0x000c3b       data   0x000004
       MPFS2.o:MPFSOpenID     actrec   0x000c45       data   0x000001
      MPFS2.o:MPFSOpenROM     actrec   0x000c45       data   0x000019
      TCP.o:TCPIsPutReady     actrec   0x000c45       data   0x000001
            TCP.o:SendTCP     actrec   0x000c45       data   0x00002a
       BerkeleyAPI.o:recv     actrec   0x000c50       data   0x00000c
CustomSNMPApp.o:SNMPValidateCommunity     actrec   0x000c59       data   0x000003
     SNMP.o:ProcessSetVar     actrec   0x000c59       data   0x00000c
    SNMP.o:SetErrorStatus     actrec   0x000c59       data   0x000002
 SNMP.o:FindOIDsInRequest     actrec   0x000c59       data   0x000007
SNMP.o:SNMPCheckIfPvtMibObjRequested     actrec   0x000c59       data   0x000005
 SNMP.o:ProcessGetNextVar     actrec   0x000c59       data   0x000036
 SNMP.o:ProcessGetBulkVar     actrec   0x000c59       data   0x000026
         SNMP.o:OIDLookup     actrec   0x000c59       data   0x000013
         SNMP.o:IsASNNull     actrec   0x000c59       data   0x000001
        SNMP.o:IsValidOID     actrec   0x000c59       data   0x000004
   BerkeleyAPI.o:recvfrom     actrec   0x000c5c       data   0x000006
CustomSNMPApp.o:SendNotification     actrec   0x000c5e       data   0x000004
CustomSNMPApp.o:SNMPSendTrap     actrec   0x000c5e       data   0x00000a
  SNMP.o:IsValidStructure     actrec   0x000c60       data   0x000005
     SNMP.o:IsValidLength     actrec   0x000c65       data   0x000004
  LCDBlocking.o:LCDUpdate     actrec   0x000c65       data   0x000004
ETH97J60.o:MACSetReadPtrInRx     actrec   0x000c69       data   0x000002
          SNMP.o:_SNMPGet     actrec   0x000c6b       data   0x000001
Helpers.o:StringToIPAddress     actrec   0x000c6f       data   0x000007
Helpers.o:FormatNetBIOSName     actrec   0x000c6f       data   0x000001
         IP.o:IPPutHeader     actrec   0x000c6f       data   0x000014
    HTTP2.o:HTTPURLDecode     actrec   0x000c6f       data   0x000009
ETH97J60.o:CalcIPBufferChecksum     actrec   0x000c6f       data   0x00001e
     Tick.o:TickGetDiv256     actrec   0x000c6f       data   0x000004
      SPIEEPROM.o:DoWrite     actrec   0x000c6f       data   0x000004
     TCP.o:TCPFindArrayEx     actrec   0x000c6f       data   0x000030
   TCP.o:TCPGetRxFIFOFree     actrec   0x000c6f       data   0x000004
      ETH97J60.o:MACFlush     actrec   0x000c6f       data   0x000001
ETH97J60.o:MACGetFreeRxSize     actrec   0x000c6f       data   0x000004
    SPIEEPROM.o:XEEIsBusy     actrec   0x000c73       data   0x000003
        TCP.o:TCPGetArray     actrec   0x000c73       data   0x000004
             TCP.o:TCPGet     actrec   0x000c73       data   0x000002
 Helpers.o:CalcIPChecksum     actrec   0x000c83       data   0x000008
          Helpers.o:swaps     actrec   0x000c83       data   0x000003
      DNS.o:DNSIsResolved     actrec   0x000c8d       data   0x00001b
     BerkeleyAPI.o:sendto     actrec   0x000c8d       data   0x000010
       SNMP.o:GetNextLeaf     actrec   0x000c8f       data   0x000002
CustomSNMPApp.o:SNMPGetNextIndex     actrec   0x000c8f       data   0x000001
CustomSNMPApp.o:SNMPGetVar     actrec   0x000c8f       data   0x000011
SNMP.o:GetOIDStringByAddr     actrec   0x000c8f       data   0x000026
       BerkeleyAPI.o:send     actrec   0x000c9d       data   0x00000e
      HTTP2.o:HTTPProcess     actrec   0x000c9f       data   0x000019
     SNMP.o:ProcessGetVar     actrec   0x000ca0       data   0x00000f
     StackTsk.o:StackTask     actrec   0x000ca8       data   0x000008
     Tick.o:TickGetDiv64K     actrec   0x000caf       data   0x000004
          SNMP.o:SNMPTask     actrec   0x000cb5       data   0x000016
        TCP.o:TCPPutArray     actrec   0x000cb8       data   0x000006
CustomHTTPApp.o:HTTPExecutePost     actrec   0x000cb8       data   0x000014
          MainDemo.o:main     actrec   0x000ccc       data   0x000006
 ETH97J60.o:MACSetReadPtr     actrec   0x000cd2       data   0x000002
ETH97J60.o:MACSetWritePtr     actrec   0x000cd2       data   0x000002
ETH97J60.o:MACMemCopyAsync     actrec   0x000cd2       data   0x000006
   ETH97J60.o:MACGetArray     actrec   0x000cd2       data   0x000003
         MPFS2.o:MPFSSeek     actrec   0x000cd2       data   0x000004
 SPIEEPROM.o:XEEReadArray     actrec   0x000cd6       data   0x000003
       HTTP2.o:HTTPReadTo     actrec   0x000cd8       data   0x000003
     SNMP.o:ReadMIBRecord     actrec   0x000cd9       data   0x000003
       HTTP2.o:HTTPServer     actrec   0x000cdb       data   0x000001
HTTP2.o:HTTPReadPostValue     actrec   0x000cdc       data   0x000001
 HTTP2.o:HTTPReadPostName     actrec   0x000cdc       data   0x000001
                   .stack      udata   0x000d00       data   0x000100
        .udata_MainDemo.o      udata   0x000e00       data   0x000075
        .udata_StackTsk.o      udata   0x000e75       data   0x00000b
              SFR_BANKED0      udata   0x000e80       data   0x000006
              SFR_BANKED1      udata   0x000e8a       data   0x000001
              SFR_BANKED2      udata   0x000e97       data   0x000003
              SFR_BANKED3      udata   0x000ea0       data   0x000001
              SFR_BANKED4      udata   0x000ea2       data   0x000003
              SFR_BANKED5      udata   0x000ea6       data   0x000002
              SFR_BANKED6      udata   0x000eaa       data   0x000002
              SFR_BANKED7      udata   0x000eb2       data   0x000001
              SFR_BANKED8      udata   0x000eb4       data   0x000001
              SFR_BANKED9      udata   0x000eb6       data   0x000004
             SFR_BANKED10      udata   0x000ec0       data   0x000012
             SFR_BANKED11      udata   0x000ed4       data   0x000002
             SFR_BANKED12      udata   0x000ed8       data   0x000002
             SFR_BANKED13      udata   0x000ee2       data   0x000016
             SFR_BANKED14      udata   0x000efb       data   0x000001
             SFR_BANKED15      udata   0x000efd       data   0x000002
            .udata_SMTP.o      udata   0x000f00       data   0x000057
            .idata_SNTP.o      idata   0x000f57       data   0x000009
            SFR_UNBANKED0      udata   0x000f60       data   0x0000a0



                              Program Memory Usage 
                               Start         End      
                           ---------   ---------      
                            0x000000    0x01f1d3      
                            0x01fff8    0x01fff8      
                            0x01fffa    0x01fffa      
                            0x01fffd    0x01fffd      
            127447 out of 131072 program addresses used, program memory utilization is 97%



                              Symbols - Sorted by Name
                     Name    Address   Location    Storage File                     
                ---------  ---------  ---------  --------- ---------                
                  ARPInit   0x01b8fc    program     extern C:\Microchip Solutions Web\Microchip\TCPIP Stack\ARP.c
            ARPIsResolved   0x01bae8    program     extern C:\Microchip Solutions Web\Microchip\TCPIP Stack\ARP.c
               ARPProcess   0x01b914    program     extern C:\Microchip Solutions Web\Microchip\TCPIP Stack\ARP.c
                   ARPPut   0x01b7ec    program     static C:\Microchip Solutions Web\Microchip\TCPIP Stack\ARP.c
               ARPResolve   0x01ba60    program     extern C:\Microchip Solutions Web\Microchip\TCPIP Stack\ARP.c
               AnnounceIP   0x01d744    program     extern C:\Microchip Solutions Web\Microchip\TCPIP Stack\Announce.c
             Base64Decode   0x015166    program     extern C:\Microchip Solutions Web\Microchip\TCPIP Stack\Helpers.c
             Base64Encode   0x01530c    program     extern C:\Microchip Solutions Web\Microchip\TCPIP Stack\Helpers.c
BerkeleySNTPGetUTCSeconds   0x01b742    program     extern C:\Microchip Solutions Web\TCPIP Demo App\BerkeleyUDPClientDemo.c
       BerkeleySocketInit   0x0101f4    program     extern C:\Microchip Solutions Web\Microchip\TCPIP Stack\BerkeleyAPI.c
    BerkeleyTCPClientDemo   0x01e084    program     extern C:\Microchip Solutions Web\TCPIP Demo App\BerkeleyTCPClientDemo.c
    BerkeleyTCPServerDemo   0x01d9a6    program     extern C:\Microchip Solutions Web\TCPIP Demo App\BerkeleyTCPServerDemo.c
    BerkeleyUDPClientDemo   0x01b386    program     extern C:\Microchip Solutions Web\TCPIP Demo App\BerkeleyUDPClientDemo.c
                BusyUSART   0x01eacc    program     extern C:\Microchip Solutions Web\Microchip\TCPIP Stack\UART.c
     CalcIPBufferChecksum   0x018816    program     extern C:\Microchip Solutions Web\Microchip\TCPIP Stack\ETH97J60.c
           CalcIPChecksum   0x0156a4    program     extern C:\Microchip Solutions Web\Microchip\TCPIP Stack\Helpers.c
              CloseSocket   0x002f1e    program     static C:\Microchip Solutions Web\Microchip\TCPIP Stack\TCP.c
               CloseUSART   0x01eada    program     extern C:\Microchip Solutions Web\Microchip\TCPIP Stack\UART.c
                    D10_1   0x01ef9c    program     static C:\MCC18\src\traditional\delays\d10tcyx.asm
                     D10x   0x01ef94    program     static C:\MCC18\src\traditional\delays\d10tcyx.asm
                    D1K_1   0x01ef44    program     static C:\MCC18\src\traditional\delays\d1ktcyx.asm
                     D1Kx   0x01ef42    program     static C:\MCC18\src\traditional\delays\d1ktcyx.asm
          DDNSForceUpdate   0x013c44    program     extern C:\Microchip Solutions Web\Microchip\TCPIP Stack\DynDNS.c
            DDNSGetLastIP   0x013ce4    program     extern C:\Microchip Solutions Web\Microchip\TCPIP Stack\DynDNS.c
        DDNSGetLastStatus   0x013cf8    program     extern C:\Microchip Solutions Web\Microchip\TCPIP Stack\DynDNS.c
                 DDNSInit   0x012b66    program     extern C:\Microchip Solutions Web\Microchip\TCPIP Stack\DynDNS.c
           DDNSSetService   0x013c64    program     extern C:\Microchip Solutions Web\Microchip\TCPIP Stack\DynDNS.c
                 DDNSTask   0x012bc8    program     extern C:\Microchip Solutions Web\Microchip\TCPIP Stack\DynDNS.c
              DHCPDisable   0x015866    program     extern C:\Microchip Solutions Web\Microchip\TCPIP Stack\DHCP.c
               DHCPEnable   0x015882    program     extern C:\Microchip Solutions Web\Microchip\TCPIP Stack\DHCP.c
     DHCPReplyToDiscovery   0x01979c    program     static C:\Microchip Solutions Web\Microchip\TCPIP Stack\DHCPs.c
       DHCPReplyToRequest   0x0199ee    program     static C:\Microchip Solutions Web\Microchip\TCPIP Stack\DHCPs.c
                DHCPReset   0x015848    program     extern C:\Microchip Solutions Web\Microchip\TCPIP Stack\DHCP.c
           DHCPServerTask   0x019538    program     extern C:\Microchip Solutions Web\Microchip\TCPIP Stack\DHCPs.c
                 DHCPTask   0x015898    program     extern C:\Microchip Solutions Web\Microchip\TCPIP Stack\DHCP.c
            DNSBeginUsage   0x016e78    program     extern C:\Microchip Solutions Web\Microchip\TCPIP Stack\DNS.c
              DNSEndUsage   0x016e8a    program     extern C:\Microchip Solutions Web\Microchip\TCPIP Stack\DNS.c
             DNSGetString   0x017890    program     static C:\Microchip Solutions Web\Microchip\TCPIP Stack\DNS.c
            DNSIsResolved   0x016f36    program     extern C:\Microchip Solutions Web\Microchip\TCPIP Stack\DNS.c
          DNSPutROMString   0x0177c0    program     static C:\Microchip Solutions Web\Microchip\TCPIP Stack\DNS.c
             DNSPutString   0x017710    program     static C:\Microchip Solutions Web\Microchip\TCPIP Stack\DNS.c
               DNSResolve   0x016eb0    program     extern C:\Microchip Solutions Web\Microchip\TCPIP Stack\DNS.c
            DNSResolveROM   0x016ef0    program     extern C:\Microchip Solutions Web\Microchip\TCPIP Stack\DNS.c
             DataRdyUSART   0x01eae6    program     extern C:\Microchip Solutions Web\Microchip\TCPIP Stack\UART.c
              Delay10TCYx   0x01ef8c    program     extern C:\MCC18\src\traditional\delays\d10tcyx.asm
              Delay1KTCYx   0x01ef38    program     extern C:\MCC18\src\traditional\delays\d1ktcyx.asm
            DiscoveryTask   0x01d828    program     extern C:\Microchip Solutions Web\Microchip\TCPIP Stack\Announce.c
           DisplayIPValue   0x01a0a0    program     extern C:\Microchip Solutions Web\TCPIP Demo App\MainDemo.c
             DoUARTConfig   0x01c850    program     extern C:\Microchip Solutions Web\TCPIP Demo App\UARTConfig.c
                  DoWrite   0x01d396    program     static C:\Microchip Solutions Web\Microchip\TCPIP Stack\SPIEEPROM.c
                 FXD1616U   0x01ef0c    program     extern C:\MCC18\src\traditional\math\fxd1616u.c
                 FXD3232U   0x01ee5a    program     extern C:\MCC18\src\traditional\math\fxd3232u.c
                 FXM1616U   0x01ec7e    program     extern C:\MCC18\src\traditional\math\fxm1616u.asm
                 FXM2424U   0x01ecba    program     extern C:\MCC18\src\traditional\math\fxm2424u.asm
                  FXM3232   0x01edea    program     extern C:\MCC18\src\traditional\math\fxm3232.c
         FindEmailAddress   0x00e97e    program     static C:\Microchip Solutions Web\Microchip\TCPIP Stack\SMTP.c
       FindMatchingSocket   0x01815c    program     static C:\Microchip Solutions Web\Microchip\TCPIP Stack\UDP.c
       FindMatchingSocket   0x002814    program     static C:\Microchip Solutions Web\Microchip\TCPIP Stack\TCP.c
        FindOIDsInRequest   0x00a8b6    program     static C:\Microchip Solutions Web\Microchip\TCPIP Stack\SNMP.c
      FindROMEmailAddress   0x00ea4a    program     static C:\Microchip Solutions Web\Microchip\TCPIP Stack\SMTP.c
        FormatNetBIOSName   0x0157e4    program     extern C:\Microchip Solutions Web\Microchip\TCPIP Stack\Helpers.c
      GenerateRandomDWORD   0x014bb8    program     extern C:\Microchip Solutions Web\Microchip\TCPIP Stack\Helpers.c
         GenericTCPClient   0x01de54    program     extern C:\Microchip Solutions Web\TCPIP Demo App\GenericTCPClient.c
         GenericTCPServer   0x01e57e    program     extern C:\Microchip Solutions Web\TCPIP Demo App\GenericTCPServer.c
          GetDataTypeInfo   0x00a256    program     static C:\Microchip Solutions Web\Microchip\TCPIP Stack\SNMP.c
              GetNextLeaf   0x00990e    program     static C:\Microchip Solutions Web\Microchip\TCPIP Stack\SNMP.c
       GetOIDStringByAddr   0x009f16    program     static C:\Microchip Solutions Web\Microchip\TCPIP Stack\SNMP.c
         GetOIDStringByID   0x009e1e    program     static C:\Microchip Solutions Web\Microchip\TCPIP Stack\SNMP.c
              GetTickCopy   0x01ebb4    program     static C:\Microchip Solutions Web\Microchip\TCPIP Stack\Tick.c
          HTML_DOWN_ARROW   0x000011    program     extern C:\Microchip Solutions Web\TCPIP Demo App\CustomHTTPApp.c
            HTML_UP_ARROW   0x00000e    program     extern C:\Microchip Solutions Web\TCPIP Demo App\CustomHTTPApp.c
            HTTPCheckAuth   0x00a9ec    program     extern C:\Microchip Solutions Web\TCPIP Demo App\CustomHTTPApp.c
           HTTPExecuteGet   0x00aa3e    program     extern C:\Microchip Solutions Web\TCPIP Demo App\CustomHTTPApp.c
          HTTPExecutePost   0x00ac70    program     extern C:\Microchip Solutions Web\TCPIP Demo App\CustomHTTPApp.c
               HTTPGetArg   0x006c02    program     extern C:\Microchip Solutions Web\Microchip\TCPIP Stack\HTTP2.c
            HTTPGetROMArg   0x006cbc    program     extern C:\Microchip Solutions Web\Microchip\TCPIP Stack\HTTP2.c
HTTPHeaderParseAuthorization   0x00666e    program     static C:\Microchip Solutions Web\Microchip\TCPIP Stack\HTTP2.c
HTTPHeaderParseContentLength   0x006a28    program     static C:\Microchip Solutions Web\Microchip\TCPIP Stack\HTTP2.c
    HTTPHeaderParseCookie   0x0067f8    program     static C:\Microchip Solutions Web\Microchip\TCPIP Stack\HTTP2.c
    HTTPHeaderParseLookup   0x006650    program     static C:\Microchip Solutions Web\Microchip\TCPIP Stack\HTTP2.c
              HTTPIncFile   0x00759a    program     extern C:\Microchip Solutions Web\Microchip\TCPIP Stack\HTTP2.c
                 HTTPInit   0x004a0e    program     extern C:\Microchip Solutions Web\Microchip\TCPIP Stack\HTTP2.c
             HTTPLoadConn   0x004be6    program     static C:\Microchip Solutions Web\Microchip\TCPIP Stack\HTTP2.c
           HTTPMPFSUpload   0x007198    program     static C:\Microchip Solutions Web\Microchip\TCPIP Stack\HTTP2.c
            HTTPNeedsAuth   0x00a98a    program     extern C:\Microchip Solutions Web\TCPIP Demo App\CustomHTTPApp.c
           HTTPPostConfig   0x00aee4    program     static C:\Microchip Solutions Web\TCPIP Demo App\CustomHTTPApp.c
       HTTPPostDDNSConfig   0x00c0b8    program     static C:\Microchip Solutions Web\TCPIP Demo App\CustomHTTPApp.c
            HTTPPostEmail   0x00b8f6    program     static C:\Microchip Solutions Web\TCPIP Demo App\CustomHTTPApp.c
              HTTPPostLCD   0x00ada0    program     static C:\Microchip Solutions Web\TCPIP Demo App\CustomHTTPApp.c
              HTTPPostMD5   0x00b590    program     static C:\Microchip Solutions Web\TCPIP Demo App\CustomHTTPApp.c
    HTTPPostSNMPCommunity   0x00b442    program     static C:\Microchip Solutions Web\TCPIP Demo App\CustomHTTPApp.c
                HTTPPrint   0x0042a6    program     extern C:\Microchip Solutions Web\TCPIP Demo App\HTTPPrint.h
              HTTPPrintIP   0x00cb08    program     extern C:\Microchip Solutions Web\TCPIP Demo App\CustomHTTPApp.c
               HTTPPrint_   0x0049e4    program     extern C:\Microchip Solutions Web\TCPIP Demo App\HTTPPrint.h
            HTTPPrint_btn   0x00c3ba    program     extern C:\Microchip Solutions Web\TCPIP Demo App\CustomHTTPApp.c
      HTTPPrint_builddate   0x00c2d8    program     extern C:\Microchip Solutions Web\TCPIP Demo App\CustomHTTPApp.c
HTTPPrint_config_dhcpchecked   0x00cbc0    program     extern C:\Microchip Solutions Web\TCPIP Demo App\CustomHTTPApp.c
    HTTPPrint_config_dns1   0x00cc3a    program     extern C:\Microchip Solutions Web\TCPIP Demo App\CustomHTTPApp.c
    HTTPPrint_config_dns2   0x00cc50    program     extern C:\Microchip Solutions Web\TCPIP Demo App\CustomHTTPApp.c
      HTTPPrint_config_gw   0x00cc0e    program     extern C:\Microchip Solutions Web\TCPIP Demo App\CustomHTTPApp.c
HTTPPrint_config_hostname   0x00cb92    program     extern C:\Microchip Solutions Web\TCPIP Demo App\CustomHTTPApp.c
      HTTPPrint_config_ip   0x00cbf8    program     extern C:\Microchip Solutions Web\TCPIP Demo App\CustomHTTPApp.c
     HTTPPrint_config_mac   0x00cc66    program     extern C:\Microchip Solutions Web\TCPIP Demo App\CustomHTTPApp.c
  HTTPPrint_config_subnet   0x00cc24    program     extern C:\Microchip Solutions Web\TCPIP Demo App\CustomHTTPApp.c
     HTTPPrint_cookiename   0x00c910    program     extern C:\Microchip Solutions Web\TCPIP Demo App\CustomHTTPApp.c
      HTTPPrint_ddns_host   0x00cf20    program     extern C:\Microchip Solutions Web\TCPIP Demo App\CustomHTTPApp.c
      HTTPPrint_ddns_pass   0x00ceac    program     extern C:\Microchip Solutions Web\TCPIP Demo App\CustomHTTPApp.c
   HTTPPrint_ddns_service   0x00cf94    program     extern C:\Microchip Solutions Web\TCPIP Demo App\CustomHTTPApp.c
    HTTPPrint_ddns_status   0x00d00c    program     extern C:\Microchip Solutions Web\TCPIP Demo App\CustomHTTPApp.c
HTTPPrint_ddns_status_msg   0x00d0b8    program     extern C:\Microchip Solutions Web\TCPIP Demo App\CustomHTTPApp.c
      HTTPPrint_ddns_user   0x00ce38    program     extern C:\Microchip Solutions Web\TCPIP Demo App\CustomHTTPApp.c
       HTTPPrint_hellomsg   0x00c88a    program     extern C:\Microchip Solutions Web\TCPIP Demo App\CustomHTTPApp.c
        HTTPPrint_lcdtext   0x00c6bc    program     extern C:\Microchip Solutions Web\TCPIP Demo App\CustomHTTPApp.c
            HTTPPrint_led   0x00c464    program     extern C:\Microchip Solutions Web\TCPIP Demo App\CustomHTTPApp.c
    HTTPPrint_ledSelected   0x00c55e    program     extern C:\Microchip Solutions Web\TCPIP Demo App\CustomHTTPApp.c
            HTTPPrint_pot   0x00c66e    program     extern C:\Microchip Solutions Web\TCPIP Demo App\CustomHTTPApp.c
      HTTPPrint_read_comm   0x00cd62    program     extern C:\Microchip Solutions Web\TCPIP Demo App\CustomHTTPApp.c
         HTTPPrint_reboot   0x00ce0a    program     extern C:\Microchip Solutions Web\TCPIP Demo App\CustomHTTPApp.c
     HTTPPrint_rebootaddr   0x00ce0e    program     extern C:\Microchip Solutions Web\TCPIP Demo App\CustomHTTPApp.c
       HTTPPrint_smtps_en   0x00d246    program     extern C:\Microchip Solutions Web\TCPIP Demo App\CustomHTTPApp.c
        HTTPPrint_snmp_en   0x00d274    program     extern C:\Microchip Solutions Web\TCPIP Demo App\CustomHTTPApp.c
    HTTPPrint_status_fail   0x00d30c    program     extern C:\Microchip Solutions Web\TCPIP Demo App\CustomHTTPApp.c
      HTTPPrint_status_ok   0x00d2a2    program     extern C:\Microchip Solutions Web\TCPIP Demo App\CustomHTTPApp.c
    HTTPPrint_uploadedmd5   0x00c998    program     extern C:\Microchip Solutions Web\TCPIP Demo App\CustomHTTPApp.c
        HTTPPrint_version   0x00c38c    program     extern C:\Microchip Solutions Web\TCPIP Demo App\CustomHTTPApp.c
     HTTPPrint_write_comm   0x00cdb6    program     extern C:\Microchip Solutions Web\TCPIP Demo App\CustomHTTPApp.c
              HTTPProcess   0x004ca4    program     static C:\Microchip Solutions Web\Microchip\TCPIP Stack\HTTP2.c
         HTTPReadPostName   0x006db2    program     extern C:\Microchip Solutions Web\Microchip\TCPIP Stack\HTTP2.c
        HTTPReadPostValue   0x006df4    program     extern C:\Microchip Solutions Web\Microchip\TCPIP Stack\HTTP2.c
               HTTPReadTo   0x006e9e    program     static C:\Microchip Solutions Web\Microchip\TCPIP Stack\HTTP2.c
             HTTPSendFile   0x00643e    program     static C:\Microchip Solutions Web\Microchip\TCPIP Stack\HTTP2.c
               HTTPServer   0x004ace    program     extern C:\Microchip Solutions Web\Microchip\TCPIP Stack\HTTP2.c
            HTTPURLDecode   0x006ae4    program     extern C:\Microchip Solutions Web\Microchip\TCPIP Stack\HTTP2.c
                HTTP_CRLF   0x000014    program     static C:\Microchip Solutions Web\Microchip\TCPIP Stack\HTTP2.c
             HandleTCPSeg   0x002fa8    program     static C:\Microchip Solutions Web\Microchip\TCPIP Stack\TCP.c
              HashAddData   0x016372    program     extern C:\Microchip Solutions Web\Microchip\TCPIP Stack\Hashes.c
           HashAddROMData   0x01639e    program     extern C:\Microchip Solutions Web\Microchip\TCPIP Stack\Hashes.c
                  HighISR   0x019ddc    program     extern C:\Microchip Solutions Web\TCPIP Demo App\MainDemo.c
               HighVector   0x000008    program     extern C:\Microchip Solutions Web\TCPIP Demo App\MainDemo.c
           ICMPBeginUsage   0x01c442    program     extern C:\Microchip Solutions Web\Microchip\TCPIP Stack\ICMP.c
             ICMPEndUsage   0x01c454    program     extern C:\Microchip Solutions Web\Microchip\TCPIP Stack\ICMP.c
             ICMPGetReply   0x01c240    program     extern C:\Microchip Solutions Web\Microchip\TCPIP Stack\ICMP.c
              ICMPProcess   0x01c054    program     extern C:\Microchip Solutions Web\Microchip\TCPIP Stack\ICMP.c
             ICMPSendPing   0x01c1b4    program     extern C:\Microchip Solutions Web\Microchip\TCPIP Stack\ICMP.c
       ICMPSendPingToHost   0x01c1e4    program     extern C:\Microchip Solutions Web\Microchip\TCPIP Stack\ICMP.c
    ICMPSendPingToHostROM   0x01c210    program     extern C:\Microchip Solutions Web\Microchip\TCPIP Stack\ICMP.c
              IPGetHeader   0x01d4a6    program     extern C:\Microchip Solutions Web\Microchip\TCPIP Stack\IP.c
              IPPutHeader   0x01d59a    program     extern C:\Microchip Solutions Web\Microchip\TCPIP Stack\IP.c
            IPSetRxBuffer   0x01d682    program     extern C:\Microchip Solutions Web\Microchip\TCPIP Stack\IP.c
            InitAppConfig   0x01a1fe    program     static C:\Microchip Solutions Web\TCPIP Demo App\MainDemo.c
          InitializeBoard   0x01a1b8    program     static C:\Microchip Solutions Web\TCPIP Demo App\MainDemo.c
                IsASNNull   0x009ce6    program     static C:\Microchip Solutions Web\Microchip\TCPIP Stack\SNMP.c
         IsValidCommunity   0x009b58    program     static C:\Microchip Solutions Web\Microchip\TCPIP Stack\SNMP.c
               IsValidInt   0x009bba    program     static C:\Microchip Solutions Web\Microchip\TCPIP Stack\SNMP.c
            IsValidLength   0x009c82    program     static C:\Microchip Solutions Web\Microchip\TCPIP Stack\SNMP.c
               IsValidOID   0x009d06    program     static C:\Microchip Solutions Web\Microchip\TCPIP Stack\SNMP.c
               IsValidPDU   0x009c44    program     static C:\Microchip Solutions Web\Microchip\TCPIP Stack\SNMP.c
         IsValidStructure   0x009d78    program     static C:\Microchip Solutions Web\Microchip\TCPIP Stack\SNMP.c
                 LCDErase   0x01d18a    program     extern C:\Microchip Solutions Web\Microchip\TCPIP Stack\LCDBlocking.c
                  LCDInit   0x01cf56    program     extern C:\Microchip Solutions Web\Microchip\TCPIP Stack\LCDBlocking.c
                LCDUpdate   0x01d07c    program     extern C:\Microchip Solutions Web\Microchip\TCPIP Stack\LCDBlocking.c
                 LCDWrite   0x01cf00    program     static C:\Microchip Solutions Web\Microchip\TCPIP Stack\LCDBlocking.c
                   LowISR   0x019d22    program     extern C:\Microchip Solutions Web\TCPIP Demo App\MainDemo.c
                LowVector   0x000018    program     extern C:\Microchip Solutions Web\TCPIP Demo App\MainDemo.c
        MACCalcRxChecksum   0x018798    program     extern C:\Microchip Solutions Web\Microchip\TCPIP Stack\ETH97J60.c
             MACDiscardRx   0x018464    program     extern C:\Microchip Solutions Web\Microchip\TCPIP Stack\ETH97J60.c
                 MACFlush   0x0186e8    program     extern C:\Microchip Solutions Web\Microchip\TCPIP Stack\ETH97J60.c
                   MACGet   0x018adc    program     extern C:\Microchip Solutions Web\Microchip\TCPIP Stack\ETH97J60.c
              MACGetArray   0x018ae2    program     extern C:\Microchip Solutions Web\Microchip\TCPIP Stack\ETH97J60.c
         MACGetFreeRxSize   0x0184d4    program     extern C:\Microchip Solutions Web\Microchip\TCPIP Stack\ETH97J60.c
             MACGetHeader   0x018574    program     extern C:\Microchip Solutions Web\Microchip\TCPIP Stack\ETH97J60.c
                  MACInit   0x018320    program     extern C:\Microchip Solutions Web\Microchip\TCPIP Stack\ETH97J60.c
              MACIsLinked   0x01840c    program     extern C:\Microchip Solutions Web\Microchip\TCPIP Stack\ETH97J60.c
         MACIsMemCopyDone   0x018ace    program     extern C:\Microchip Solutions Web\Microchip\TCPIP Stack\ETH97J60.c
             MACIsTxReady   0x01842a    program     extern C:\Microchip Solutions Web\Microchip\TCPIP Stack\ETH97J60.c
          MACMemCopyAsync   0x01892e    program     extern C:\Microchip Solutions Web\Microchip\TCPIP Stack\ETH97J60.c
             MACPowerDown   0x018c20    program     extern C:\Microchip Solutions Web\Microchip\TCPIP Stack\ETH97J60.c
               MACPowerUp   0x018c32    program     extern C:\Microchip Solutions Web\Microchip\TCPIP Stack\ETH97J60.c
                   MACPut   0x018b48    program     extern C:\Microchip Solutions Web\Microchip\TCPIP Stack\ETH97J60.c
              MACPutArray   0x018b52    program     extern C:\Microchip Solutions Web\Microchip\TCPIP Stack\ETH97J60.c
             MACPutHeader   0x01868a    program     extern C:\Microchip Solutions Web\Microchip\TCPIP Stack\ETH97J60.c
           MACPutROMArray   0x018b84    program     extern C:\Microchip Solutions Web\Microchip\TCPIP Stack\ETH97J60.c
            MACSetReadPtr   0x01877c    program     extern C:\Microchip Solutions Web\Microchip\TCPIP Stack\ETH97J60.c
        MACSetReadPtrInRx   0x01870e    program     extern C:\Microchip Solutions Web\Microchip\TCPIP Stack\ETH97J60.c
           MACSetWritePtr   0x018760    program     extern C:\Microchip Solutions Web\Microchip\TCPIP Stack\ETH97J60.c
               MD5AddData   0x016472    program     extern C:\Microchip Solutions Web\Microchip\TCPIP Stack\Hashes.c
            MD5AddROMData   0x0165e0    program     extern C:\Microchip Solutions Web\Microchip\TCPIP Stack\Hashes.c
             MD5Calculate   0x016b02    program     extern C:\Microchip Solutions Web\Microchip\TCPIP Stack\Hashes.c
             MD5HashBlock   0x016758    program     static C:\Microchip Solutions Web\Microchip\TCPIP Stack\Hashes.c
            MD5Initialize   0x0163ce    program     extern C:\Microchip Solutions Web\Microchip\TCPIP Stack\Hashes.c
                MPFSClose   0x00f1c0    program     extern C:\Microchip Solutions Web\Microchip\TCPIP Stack\MPFS2.c
               MPFSFormat   0x00f920    program     extern C:\Microchip Solutions Web\Microchip\TCPIP Stack\MPFS2.c
                  MPFSGet   0x00f202    program     extern C:\Microchip Solutions Web\Microchip\TCPIP Stack\MPFS2.c
             MPFSGetArray   0x00f3d2    program     extern C:\Microchip Solutions Web\Microchip\TCPIP Stack\MPFS2.c
          MPFSGetBytesRem   0x00fe08    program     extern C:\Microchip Solutions Web\Microchip\TCPIP Stack\MPFS2.c
           MPFSGetEndAddr   0x00ff42    program     extern C:\Microchip Solutions Web\Microchip\TCPIP Stack\MPFS2.c
          MPFSGetFilename   0x00fffe    program     extern C:\Microchip Solutions Web\Microchip\TCPIP Stack\MPFS2.c
             MPFSGetFlags   0x00fce4    program     extern C:\Microchip Solutions Web\Microchip\TCPIP Stack\MPFS2.c
                MPFSGetID   0x010140    program     extern C:\Microchip Solutions Web\Microchip\TCPIP Stack\MPFS2.c
              MPFSGetLong   0x00f5c6    program     extern C:\Microchip Solutions Web\Microchip\TCPIP Stack\MPFS2.c
         MPFSGetMicrotime   0x00fc4a    program     extern C:\Microchip Solutions Web\Microchip\TCPIP Stack\MPFS2.c
          MPFSGetPosition   0x0100c0    program     extern C:\Microchip Solutions Web\Microchip\TCPIP Stack\MPFS2.c
              MPFSGetSize   0x00fd6e    program     extern C:\Microchip Solutions Web\Microchip\TCPIP Stack\MPFS2.c
         MPFSGetStartAddr   0x00fea8    program     extern C:\Microchip Solutions Web\Microchip\TCPIP Stack\MPFS2.c
         MPFSGetTimestamp   0x00fbb0    program     extern C:\Microchip Solutions Web\Microchip\TCPIP Stack\MPFS2.c
                 MPFSInit   0x00eb2e    program     extern C:\Microchip Solutions Web\Microchip\TCPIP Stack\MPFS2.c
                 MPFSOpen   0x00eb8a    program     extern C:\Microchip Solutions Web\Microchip\TCPIP Stack\MPFS2.c
               MPFSOpenID   0x00f0ae    program     extern C:\Microchip Solutions Web\Microchip\TCPIP Stack\MPFS2.c
              MPFSOpenROM   0x00ee06    program     extern C:\Microchip Solutions Web\Microchip\TCPIP Stack\MPFS2.c
             MPFSPutArray   0x00f9de    program     extern C:\Microchip Solutions Web\Microchip\TCPIP Stack\MPFS2.c
               MPFSPutEnd   0x00fb0e    program     extern C:\Microchip Solutions Web\Microchip\TCPIP Stack\MPFS2.c
                 MPFSSeek   0x00f5f8    program     extern C:\Microchip Solutions Web\Microchip\TCPIP Stack\MPFS2.c
              NBNSGetName   0x01b2d8    program     static C:\Microchip Solutions Web\Microchip\TCPIP Stack\NBNS.c
              NBNSPutName   0x01b282    program     static C:\Microchip Solutions Web\Microchip\TCPIP Stack\NBNS.c
                 NBNSTask   0x01af10    program     extern C:\Microchip Solutions Web\Microchip\TCPIP Stack\NBNS.c
                OIDLookup   0x009410    program     static C:\Microchip Solutions Web\Microchip\TCPIP Stack\SNMP.c
                  OneByte   0x01c83e    program     static C:\MCC18\src\traditional\stdclib\ltobcd.asm
                 PingDemo   0x01e264    program     extern C:\Microchip Solutions Web\TCPIP Demo App\PingDemo.c
                ProcLower   0x01c7d6    program     static C:\MCC18\src\traditional\stdclib\ultoa.asm
                ProcUpper   0x01c7cc    program     static C:\MCC18\src\traditional\stdclib\ultoa.asm
        ProcessGetBulkVar   0x0090e2    program     static C:\Microchip Solutions Web\Microchip\TCPIP Stack\SNMP.c
        ProcessGetNextVar   0x008dd8    program     static C:\Microchip Solutions Web\Microchip\TCPIP Stack\SNMP.c
      ProcessGetSetHeader   0x007d5e    program     static C:\Microchip Solutions Web\Microchip\TCPIP Stack\SNMP.c
            ProcessGetVar   0x00a6aa    program     static C:\Microchip Solutions Web\Microchip\TCPIP Stack\SNMP.c
            ProcessHeader   0x007ca4    program     static C:\Microchip Solutions Web\Microchip\TCPIP Stack\SNMP.c
                ProcessIO   0x01a190    program     static C:\Microchip Solutions Web\TCPIP Demo App\MainDemo.c
            ProcessSetVar   0x00a324    program     static C:\Microchip Solutions Web\Microchip\TCPIP Stack\SNMP.c
         ProcessVariables   0x007e5a    program     static C:\Microchip Solutions Web\Microchip\TCPIP Stack\SNMP.c
     ROMStringToIPAddress   0x014fae    program     extern C:\Microchip Solutions Web\Microchip\TCPIP Stack\Helpers.c
            ReadMIBRecord   0x00a058    program     static C:\Microchip Solutions Web\Microchip\TCPIP Stack\SNMP.c
               ReadPHYReg   0x018bc0    program     extern C:\Microchip Solutions Web\Microchip\TCPIP Stack\ETH97J60.c
           ReadStringUART   0x01ea78    program     extern C:\Microchip Solutions Web\Microchip\TCPIP Stack\UART.c
                ReadUSART   0x01eafa    program     extern C:\Microchip Solutions Web\Microchip\TCPIP Stack\UART.c
               RebootTask   0x01e6c6    program     extern C:\Microchip Solutions Web\Microchip\TCPIP Stack\Reboot.c
                RemoteURL   0x01eed8    program     static C:\Microchip Solutions Web\TCPIP Demo App\GenericTCPClient.c
           SMTPBeginUsage   0x00d376    program     extern C:\Microchip Solutions Web\Microchip\TCPIP Stack\SMTP.c
                 SMTPDemo   0x01e948    program     extern C:\Microchip Solutions Web\TCPIP Demo App\SMTPDemo.c
             SMTPEndUsage   0x00d3b8    program     extern C:\Microchip Solutions Web\Microchip\TCPIP Stack\SMTP.c
                SMTPFlush   0x00e970    program     extern C:\Microchip Solutions Web\Microchip\TCPIP Stack\SMTP.c
               SMTPIsBusy   0x00e768    program     extern C:\Microchip Solutions Web\Microchip\TCPIP Stack\SMTP.c
           SMTPIsPutReady   0x00e778    program     extern C:\Microchip Solutions Web\Microchip\TCPIP Stack\SMTP.c
                  SMTPPut   0x00e792    program     extern C:\Microchip Solutions Web\Microchip\TCPIP Stack\SMTP.c
             SMTPPutArray   0x00e816    program     extern C:\Microchip Solutions Web\Microchip\TCPIP Stack\SMTP.c
              SMTPPutDone   0x00e978    program     extern C:\Microchip Solutions Web\Microchip\TCPIP Stack\SMTP.c
          SMTPPutROMArray   0x00e86a    program     extern C:\Microchip Solutions Web\Microchip\TCPIP Stack\SMTP.c
         SMTPPutROMString   0x00e914    program     extern C:\Microchip Solutions Web\Microchip\TCPIP Stack\SMTP.c
            SMTPPutString   0x00e8c8    program     extern C:\Microchip Solutions Web\Microchip\TCPIP Stack\SMTP.c
             SMTPSendMail   0x00e762    program     extern C:\Microchip Solutions Web\Microchip\TCPIP Stack\SMTP.c
                 SMTPTask   0x00d400    program     extern C:\Microchip Solutions Web\Microchip\TCPIP Stack\SMTP.c
SNMPCheckIfPvtMibObjRequested   0x00a92e    program     static C:\Microchip Solutions Web\Microchip\TCPIP Stack\SNMP.c
         SNMPGetNextIndex   0x0144fe    program     extern C:\Microchip Solutions Web\TCPIP Demo App\CustomSNMPApp.c
         SNMPGetTimeStamp   0x0149cc    program     static C:\Microchip Solutions Web\TCPIP Demo App\CustomSNMPApp.c
               SNMPGetVar   0x014558    program     extern C:\Microchip Solutions Web\TCPIP Demo App\CustomSNMPApp.c
                 SNMPInit   0x0076ec    program     extern C:\Microchip Solutions Web\Microchip\TCPIP Stack\SNMP.c
        SNMPIsNotifyReady   0x007838    program     extern C:\Microchip Solutions Web\Microchip\TCPIP Stack\SNMP.c
        SNMPIsValidSetLen   0x0142be    program     extern C:\Microchip Solutions Web\TCPIP Demo App\CustomSNMPApp.c
               SNMPNotify   0x0078a8    program     extern C:\Microchip Solutions Web\Microchip\TCPIP Stack\SNMP.c
        SNMPNotifyPrepare   0x0077ec    program     extern C:\Microchip Solutions Web\Microchip\TCPIP Stack\SNMP.c
             SNMPSendTrap   0x013fc8    program     extern C:\Microchip Solutions Web\TCPIP Demo App\CustomSNMPApp.c
               SNMPSetVar   0x0142f4    program     extern C:\Microchip Solutions Web\TCPIP Demo App\CustomSNMPApp.c
                 SNMPTask   0x007710    program     extern C:\Microchip Solutions Web\Microchip\TCPIP Stack\SNMP.c
             SNMPTrapDemo   0x013e4e    program     extern C:\Microchip Solutions Web\TCPIP Demo App\CustomSNMPApp.c
    SNMPValidateCommunity   0x0141c2    program     extern C:\Microchip Solutions Web\TCPIP Demo App\CustomSNMPApp.c
               SNTPClient   0x01aa56    program     extern C:\Microchip Solutions Web\Microchip\TCPIP Stack\SNTP.c
        SNTPGetUTCSeconds   0x01ae66    program     extern C:\Microchip Solutions Web\Microchip\TCPIP Stack\SNTP.c
            SaveAppConfig   0x01a4d6    program     extern C:\Microchip Solutions Web\TCPIP Demo App\MainDemo.c
         SendNotification   0x013d00    program     static C:\Microchip Solutions Web\TCPIP Demo App\CustomSNMPApp.c
                  SendTCP   0x0021ba    program     static C:\Microchip Solutions Web\Microchip\TCPIP Stack\TCP.c
     SerializedMACAddress   0x01ef74    program     static C:\Microchip Solutions Web\TCPIP Demo App\MainDemo.c
               ServerName   0x01efc5    program     static C:\Microchip Solutions Web\TCPIP Demo App\BerkeleyTCPClientDemo.c
           SetErrorStatus   0x00a884    program     static C:\Microchip Solutions Web\Microchip\TCPIP Stack\SNMP.c
        StackApplications   0x01de24    program     extern C:\Microchip Solutions Web\Microchip\TCPIP Stack\StackTsk.c
                StackInit   0x01dc04    program     extern C:\Microchip Solutions Web\Microchip\TCPIP Stack\StackTsk.c
                StackTask   0x01dc52    program     extern C:\Microchip Solutions Web\Microchip\TCPIP Stack\StackTsk.c
        StringToIPAddress   0x014dfe    program     extern C:\Microchip Solutions Web\Microchip\TCPIP Stack\Helpers.c
            SwapARPPacket   0x01bb94    program     static C:\Microchip Solutions Web\Microchip\TCPIP Stack\ARP.c
             SwapIPHeader   0x01d69a    program     static C:\Microchip Solutions Web\Microchip\TCPIP Stack\IP.c
            SwapTCPHeader   0x002d68    program     static C:\Microchip Solutions Web\Microchip\TCPIP Stack\TCP.c
                  SyncTCB   0x00022e    program     static C:\Microchip Solutions Web\Microchip\TCPIP Stack\TCP.c
              SyncTCBStub   0x0001a0    program     static C:\Microchip Solutions Web\Microchip\TCPIP Stack\TCP.c
        TCPAdjustFIFOSize   0x003eb2    program     extern C:\Microchip Solutions Web\Microchip\TCPIP Stack\TCP.c
               TCPDiscard   0x000dde    program     extern C:\Microchip Solutions Web\Microchip\TCPIP Stack\TCP.c
            TCPDisconnect   0x000762    program     extern C:\Microchip Solutions Web\Microchip\TCPIP Stack\TCP.c
           TCPFindArrayEx   0x0010ce    program     extern C:\Microchip Solutions Web\Microchip\TCPIP Stack\TCP.c
                TCPFindEx   0x0017ea    program     extern C:\Microchip Solutions Web\Microchip\TCPIP Stack\TCP.c
        TCPFindROMArrayEx   0x001442    program     extern C:\Microchip Solutions Web\Microchip\TCPIP Stack\TCP.c
                 TCPFlush   0x000848    program     extern C:\Microchip Solutions Web\Microchip\TCPIP Stack\TCP.c
                   TCPGet   0x000e78    program     extern C:\Microchip Solutions Web\Microchip\TCPIP Stack\TCP.c
              TCPGetArray   0x000f24    program     extern C:\Microchip Solutions Web\Microchip\TCPIP Stack\TCP.c
         TCPGetRemoteInfo   0x000802    program     extern C:\Microchip Solutions Web\Microchip\TCPIP Stack\TCP.c
         TCPGetRxFIFOFree   0x00108a    program     extern C:\Microchip Solutions Web\Microchip\TCPIP Stack\TCP.c
         TCPGetTxFIFOFull   0x000d92    program     extern C:\Microchip Solutions Web\Microchip\TCPIP Stack\TCP.c
                  TCPInit   0x0002d8    program     extern C:\Microchip Solutions Web\Microchip\TCPIP Stack\TCP.c
           TCPIsConnected   0x00074a    program     extern C:\Microchip Solutions Web\Microchip\TCPIP Stack\TCP.c
            TCPIsGetReady   0x000e14    program     extern C:\Microchip Solutions Web\Microchip\TCPIP Stack\TCP.c
            TCPIsPutReady   0x000870    program     extern C:\Microchip Solutions Web\Microchip\TCPIP Stack\TCP.c
                  TCPOpen   0x00058a    program     extern C:\Microchip Solutions Web\Microchip\TCPIP Stack\TCP.c
       TCPPerformanceTask   0x01a508    program     extern C:\Microchip Solutions Web\Microchip\TCPIP Stack\TCPPerformanceTest.c
               TCPProcess   0x002074    program     extern C:\Microchip Solutions Web\Microchip\TCPIP Stack\TCP.c
                   TCPPut   0x0008ee    program     extern C:\Microchip Solutions Web\Microchip\TCPIP Stack\TCP.c
              TCPPutArray   0x0009d6    program     extern C:\Microchip Solutions Web\Microchip\TCPIP Stack\TCP.c
           TCPPutROMArray   0x000b62    program     extern C:\Microchip Solutions Web\Microchip\TCPIP Stack\TCP.c
          TCPPutROMString   0x000d34    program     extern C:\Microchip Solutions Web\Microchip\TCPIP Stack\TCP.c
             TCPPutString   0x000cf4    program     extern C:\Microchip Solutions Web\Microchip\TCPIP Stack\TCP.c
               TCPRAMCopy   0x00410a    program     static C:\Microchip Solutions Web\Microchip\TCPIP Stack\TCP.c
            TCPRAMCopyROM   0x0041ca    program     static C:\Microchip Solutions Web\Microchip\TCPIP Stack\TCP.c
     TCPRXPerformanceTask   0x01a81c    program     extern C:\Microchip Solutions Web\Microchip\TCPIP Stack\TCPPerformanceTest.c
     TCPSocketInitializer   0x01eea2    program     extern C:\Microchip Solutions Web\TCPIP Demo App\TCPIPConfig.h
     TCPTXPerformanceTask   0x01a50e    program     extern C:\Microchip Solutions Web\Microchip\TCPIP Stack\TCPPerformanceTest.c
                  TCPTick   0x00181a    program     extern C:\Microchip Solutions Web\Microchip\TCPIP Stack\TCP.c
              TCPWasReset   0x000732    program     extern C:\Microchip Solutions Web\Microchip\TCPIP Stack\TCP.c
               TelnetTask   0x018c40    program     extern C:\Microchip Solutions Web\Microchip\TCPIP Stack\Telnet.c
TickConvertToMilliseconds   0x01ec3c    program     extern C:\Microchip Solutions Web\Microchip\TCPIP Stack\Tick.c
                  TickGet   0x01ebda    program     extern C:\Microchip Solutions Web\Microchip\TCPIP Stack\Tick.c
            TickGetDiv256   0x01ebf0    program     extern C:\Microchip Solutions Web\Microchip\TCPIP Stack\Tick.c
            TickGetDiv64K   0x01ec16    program     extern C:\Microchip Solutions Web\Microchip\TCPIP Stack\Tick.c
                 TickInit   0x01eba4    program     extern C:\Microchip Solutions Web\Microchip\TCPIP Stack\Tick.c
               TickUpdate   0x01ec6a    program     extern C:\Microchip Solutions Web\Microchip\TCPIP Stack\Tick.c
                 TstLower   0x01c7c0    program     static C:\MCC18\src\traditional\stdclib\ultoa.asm
                 TstUpper   0x01c7ba    program     static C:\MCC18\src\traditional\stdclib\ultoa.asm
        UART2TCPBridgeISR   0x01ce62    program     extern C:\Microchip Solutions Web\Microchip\TCPIP Stack\UART2TCPBridge.c
       UART2TCPBridgeInit   0x01cc0a    program     extern C:\Microchip Solutions Web\Microchip\TCPIP Stack\UART2TCPBridge.c
       UART2TCPBridgeTask   0x01cc22    program     extern C:\Microchip Solutions Web\Microchip\TCPIP Stack\UART2TCPBridge.c
                 UDPClose   0x017a2e    program     extern C:\Microchip Solutions Web\Microchip\TCPIP Stack\UDP.c
               UDPDiscard   0x017fe8    program     extern C:\Microchip Solutions Web\Microchip\TCPIP Stack\UDP.c
                 UDPFlush   0x017d50    program     extern C:\Microchip Solutions Web\Microchip\TCPIP Stack\UDP.c
                   UDPGet   0x017f3a    program     extern C:\Microchip Solutions Web\Microchip\TCPIP Stack\UDP.c
              UDPGetArray   0x017f6e    program     extern C:\Microchip Solutions Web\Microchip\TCPIP Stack\UDP.c
                  UDPInit   0x0178e2    program     extern C:\Microchip Solutions Web\Microchip\TCPIP Stack\UDP.c
            UDPIsGetReady   0x017efc    program     extern C:\Microchip Solutions Web\Microchip\TCPIP Stack\UDP.c
            UDPIsPutReady   0x017ae6    program     extern C:\Microchip Solutions Web\Microchip\TCPIP Stack\UDP.c
                  UDPOpen   0x017904    program     extern C:\Microchip Solutions Web\Microchip\TCPIP Stack\UDP.c
               UDPProcess   0x018002    program     extern C:\Microchip Solutions Web\Microchip\TCPIP Stack\UDP.c
[...]
                 DDRAbits   0x000f92       data     extern C:\MCC18\src\traditional\proc\p18F67J60.asm
                TRISAbits   0x000f92       data     extern C:\MCC18\src\traditional\proc\p18F67J60.asm
                     DDRA   0x000f92       data     extern C:\MCC18\src\traditional\proc\p18F67J60.asm
                    TRISB   0x000f93       data     extern C:\MCC18\src\traditional\proc\p18F67J60.asm
                TRISBbits   0x000f93       data     extern C:\MCC18\src\traditional\proc\p18F67J60.asm
                     DDRB   0x000f93       data     extern C:\MCC18\src\traditional\proc\p18F67J60.asm
                 DDRBbits   0x000f93       data     extern C:\MCC18\src\traditional\proc\p18F67J60.asm
                 DDRCbits   0x000f94       data     extern C:\MCC18\src\traditional\proc\p18F67J60.asm
                    TRISC   0x000f94       data     extern C:\MCC18\src\traditional\proc\p18F67J60.asm
                TRISCbits   0x000f94       data     extern C:\MCC18\src\traditional\proc\p18F67J60.asm
                     DDRC   0x000f94       data     extern C:\MCC18\src\traditional\proc\p18F67J60.asm
                     DDRD   0x000f95       data     extern C:\MCC18\src\traditional\proc\p18F67J60.asm
                 DDRDbits   0x000f95       data     extern C:\MCC18\src\traditional\proc\p18F67J60.asm
                TRISDbits   0x000f95       data     extern C:\MCC18\src\traditional\proc\p18F67J60.asm
                    TRISD   0x000f95       data     extern C:\MCC18\src\traditional\proc\p18F67J60.asm
                    TRISE   0x000f96       data     extern C:\MCC18\src\traditional\proc\p18F67J60.asm
                TRISEbits   0x000f96       data     extern C:\MCC18\src\traditional\proc\p18F67J60.asm
                 DDREbits   0x000f96       data     extern C:\MCC18\src\traditional\proc\p18F67J60.asm
                     DDRE   0x000f96       data     extern C:\MCC18\src\traditional\proc\p18F67J60.asm
                TRISFbits   0x000f97       data     extern C:\MCC18\src\traditional\proc\p18F67J60.asm
                    TRISF   0x000f97       data     extern C:\MCC18\src\traditional\proc\p18F67J60.asm
                 DDRFbits   0x000f97       data     extern C:\MCC18\src\traditional\proc\p18F67J60.asm
                     DDRF   0x000f97       data     extern C:\MCC18\src\traditional\proc\p18F67J60.asm
                     DDRG   0x000f98       data     extern C:\MCC18\src\traditional\proc\p18F67J60.asm
                TRISGbits   0x000f98       data     extern C:\MCC18\src\traditional\proc\p18F67J60.asm
                 DDRGbits   0x000f98       data     extern C:\MCC18\src\traditional\proc\p18F67J60.asm
                    TRISG   0x000f98       data     extern C:\MCC18\src\traditional\proc\p18F67J60.asm
                  OSCTUNE   0x000f9b       data     extern C:\MCC18\src\traditional\proc\p18F67J60.asm
              OSCTUNEbits   0x000f9b       data     extern C:\MCC18\src\traditional\proc\p18F67J60.asm
                     PIE1   0x000f9d       data     extern C:\MCC18\src\traditional\proc\p18F67J60.asm
                 PIE1bits   0x000f9d       data     extern C:\MCC18\src\traditional\proc\p18F67J60.asm
                 PIR1bits   0x000f9e       data     extern C:\MCC18\src\traditional\proc\p18F67J60.asm
                     PIR1   0x000f9e       data     extern C:\MCC18\src\traditional\proc\p18F67J60.asm
                     IPR1   0x000f9f       data     extern C:\MCC18\src\traditional\proc\p18F67J60.asm
                 IPR1bits   0x000f9f       data     extern C:\MCC18\src\traditional\proc\p18F67J60.asm
                 PIE2bits   0x000fa0       data     extern C:\MCC18\src\traditional\proc\p18F67J60.asm
                     PIE2   0x000fa0       data     extern C:\MCC18\src\traditional\proc\p18F67J60.asm
                     PIR2   0x000fa1       data     extern C:\MCC18\src\traditional\proc\p18F67J60.asm
                 PIR2bits   0x000fa1       data     extern C:\MCC18\src\traditional\proc\p18F67J60.asm
                     IPR2   0x000fa2       data     extern C:\MCC18\src\traditional\proc\p18F67J60.asm
                 IPR2bits   0x000fa2       data     extern C:\MCC18\src\traditional\proc\p18F67J60.asm
                 PIE3bits   0x000fa3       data     extern C:\MCC18\src\traditional\proc\p18F67J60.asm
                     PIE3   0x000fa3       data     extern C:\MCC18\src\traditional\proc\p18F67J60.asm
                     PIR3   0x000fa4       data     extern C:\MCC18\src\traditional\proc\p18F67J60.asm
                 PIR3bits   0x000fa4       data     extern C:\MCC18\src\traditional\proc\p18F67J60.asm
                 IPR3bits   0x000fa5       data     extern C:\MCC18\src\traditional\proc\p18F67J60.asm
                     IPR3   0x000fa5       data     extern C:\MCC18\src\traditional\proc\p18F67J60.asm
                   EECON1   0x000fa6       data     extern C:\MCC18\src\traditional\proc\p18F67J60.asm
               EECON1bits   0x000fa6       data     extern C:\MCC18\src\traditional\proc\p18F67J60.asm
                   EECON2   0x000fa7       data     extern C:\MCC18\src\traditional\proc\p18F67J60.asm
                    RCSTA   0x000fab       data     extern C:\MCC18\src\traditional\proc\p18F67J60.asm
                   RCSTA1   0x000fab       data     extern C:\MCC18\src\traditional\proc\p18F67J60.asm
               RCSTA1bits   0x000fab       data     extern C:\MCC18\src\traditional\proc\p18F67J60.asm
                RCSTAbits   0x000fab       data     extern C:\MCC18\src\traditional\proc\p18F67J60.asm
                    TXSTA   0x000fac       data     extern C:\MCC18\src\traditional\proc\p18F67J60.asm
                TXSTAbits   0x000fac       data     extern C:\MCC18\src\traditional\proc\p18F67J60.asm
               TXSTA1bits   0x000fac       data     extern C:\MCC18\src\traditional\proc\p18F67J60.asm
                   TXSTA1   0x000fac       data     extern C:\MCC18\src\traditional\proc\p18F67J60.asm
                    TXREG   0x000fad       data     extern C:\MCC18\src\traditional\proc\p18F67J60.asm
                   TXREG1   0x000fad       data     extern C:\MCC18\src\traditional\proc\p18F67J60.asm
                    RCREG   0x000fae       data     extern C:\MCC18\src\traditional\proc\p18F67J60.asm
                   RCREG1   0x000fae       data     extern C:\MCC18\src\traditional\proc\p18F67J60.asm
                   SPBRG1   0x000faf       data     extern C:\MCC18\src\traditional\proc\p18F67J60.asm
                    SPBRG   0x000faf       data     extern C:\MCC18\src\traditional\proc\p18F67J60.asm
                T3CONbits   0x000fb1       data     extern C:\MCC18\src\traditional\proc\p18F67J60.asm
                    T3CON   0x000fb1       data     extern C:\MCC18\src\traditional\proc\p18F67J60.asm
                    TMR3L   0x000fb2       data     extern C:\MCC18\src\traditional\proc\p18F67J60.asm
                    TMR3H   0x000fb3       data     extern C:\MCC18\src\traditional\proc\p18F67J60.asm
                CMCONbits   0x000fb4       data     extern C:\MCC18\src\traditional\proc\p18F67J60.asm
                    CMCON   0x000fb4       data     extern C:\MCC18\src\traditional\proc\p18F67J60.asm
                   CVRCON   0x000fb5       data     extern C:\MCC18\src\traditional\proc\p18F67J60.asm
               CVRCONbits   0x000fb5       data     extern C:\MCC18\src\traditional\proc\p18F67J60.asm
              ECCP1ASbits   0x000fb6       data     extern C:\MCC18\src\traditional\proc\p18F67J60.asm
                  ECCP1AS   0x000fb6       data     extern C:\MCC18\src\traditional\proc\p18F67J60.asm
                 ECCP3CON   0x000fb7       data     extern C:\MCC18\src\traditional\proc\p18F67J60.asm
                  CCP3CON   0x000fb7       data     extern C:\MCC18\src\traditional\proc\p18F67J60.asm
              CCP3CONbits   0x000fb7       data     extern C:\MCC18\src\traditional\proc\p18F67J60.asm
             ECCP3CONbits   0x000fb7       data     extern C:\MCC18\src\traditional\proc\p18F67J60.asm
                   CCPR3L   0x000fb8       data     extern C:\MCC18\src\traditional\proc\p18F67J60.asm
                    CCPR3   0x000fb8       data     extern C:\MCC18\src\traditional\proc\p18F67J60.asm
                   CCPR3H   0x000fb9       data     extern C:\MCC18\src\traditional\proc\p18F67J60.asm
                 ECCP2CON   0x000fba       data     extern C:\MCC18\src\traditional\proc\p18F67J60.asm
             ECCP2CONbits   0x000fba       data     extern C:\MCC18\src\traditional\proc\p18F67J60.asm
              CCP2CONbits   0x000fba       data     extern C:\MCC18\src\traditional\proc\p18F67J60.asm
                  CCP2CON   0x000fba       data     extern C:\MCC18\src\traditional\proc\p18F67J60.asm
                   CCPR2L   0x000fbb       data     extern C:\MCC18\src\traditional\proc\p18F67J60.asm
                    CCPR2   0x000fbb       data     extern C:\MCC18\src\traditional\proc\p18F67J60.asm
                   CCPR2H   0x000fbc       data     extern C:\MCC18\src\traditional\proc\p18F67J60.asm
             ECCP1CONbits   0x000fbd       data     extern C:\MCC18\src\traditional\proc\p18F67J60.asm
                  CCP1CON   0x000fbd       data     extern C:\MCC18\src\traditional\proc\p18F67J60.asm
              CCP1CONbits   0x000fbd       data     extern C:\MCC18\src\traditional\proc\p18F67J60.asm
                 ECCP1CON   0x000fbd       data     extern C:\MCC18\src\traditional\proc\p18F67J60.asm
                   CCPR1L   0x000fbe       data     extern C:\MCC18\src\traditional\proc\p18F67J60.asm
                    CCPR1   0x000fbe       data     extern C:\MCC18\src\traditional\proc\p18F67J60.asm
                   CCPR1H   0x000fbf       data     extern C:\MCC18\src\traditional\proc\p18F67J60.asm
                   ADCON2   0x000fc0       data     extern C:\MCC18\src\traditional\proc\p18F67J60.asm
               ADCON2bits   0x000fc0       data     extern C:\MCC18\src\traditional\proc\p18F67J60.asm
                   ADCON1   0x000fc1       data     extern C:\MCC18\src\traditional\proc\p18F67J60.asm
               ADCON1bits   0x000fc1       data     extern C:\MCC18\src\traditional\proc\p18F67J60.asm
               ADCON0bits   0x000fc2       data     extern C:\MCC18\src\traditional\proc\p18F67J60.asm
                   ADCON0   0x000fc2       data     extern C:\MCC18\src\traditional\proc\p18F67J60.asm
                    ADRES   0x000fc3       data     extern C:\MCC18\src\traditional\proc\p18F67J60.asm
                   ADRESL   0x000fc3       data     extern C:\MCC18\src\traditional\proc\p18F67J60.asm
                   ADRESH   0x000fc4       data     extern C:\MCC18\src\traditional\proc\p18F67J60.asm
                 SSP1CON2   0x000fc5       data     extern C:\MCC18\src\traditional\proc\p18F67J60.asm
             SSP1CON2bits   0x000fc5       data     extern C:\MCC18\src\traditional\proc\p18F67J60.asm
                  SSPCON2   0x000fc5       data     extern C:\MCC18\src\traditional\proc\p18F67J60.asm
              SSPCON2bits   0x000fc5       data     extern C:\MCC18\src\traditional\proc\p18F67J60.asm
                 SSP1CON1   0x000fc6       data     extern C:\MCC18\src\traditional\proc\p18F67J60.asm
             SSP1CON1bits   0x000fc6       data     extern C:\MCC18\src\traditional\proc\p18F67J60.asm
                  SSPCON1   0x000fc6       data     extern C:\MCC18\src\traditional\proc\p18F67J60.asm
              SSPCON1bits   0x000fc6       data     extern C:\MCC18\src\traditional\proc\p18F67J60.asm
                  SSPSTAT   0x000fc7       data     extern C:\MCC18\src\traditional\proc\p18F67J60.asm
              SSPSTATbits   0x000fc7       data     extern C:\MCC18\src\traditional\proc\p18F67J60.asm
             SSP1STATbits   0x000fc7       data     extern C:\MCC18\src\traditional\proc\p18F67J60.asm
                 SSP1STAT   0x000fc7       data     extern C:\MCC18\src\traditional\proc\p18F67J60.asm
                   SSPADD   0x000fc8       data     extern C:\MCC18\src\traditional\proc\p18F67J60.asm
                  SSP1ADD   0x000fc8       data     extern C:\MCC18\src\traditional\proc\p18F67J60.asm
                  SSP1BUF   0x000fc9       data     extern C:\MCC18\src\traditional\proc\p18F67J60.asm
                   SSPBUF   0x000fc9       data     extern C:\MCC18\src\traditional\proc\p18F67J60.asm
                    T2CON   0x000fca       data     extern C:\MCC18\src\traditional\proc\p18F67J60.asm
                T2CONbits   0x000fca       data     extern C:\MCC18\src\traditional\proc\p18F67J60.asm
                      PR2   0x000fcb       data     extern C:\MCC18\src\traditional\proc\p18F67J60.asm
                     TMR2   0x000fcc       data     extern C:\MCC18\src\traditional\proc\p18F67J60.asm
                    T1CON   0x000fcd       data     extern C:\MCC18\src\traditional\proc\p18F67J60.asm
                T1CONbits   0x000fcd       data     extern C:\MCC18\src\traditional\proc\p18F67J60.asm
                    TMR1L   0x000fce       data     extern C:\MCC18\src\traditional\proc\p18F67J60.asm
                    TMR1H   0x000fcf       data     extern C:\MCC18\src\traditional\proc\p18F67J60.asm
                 RCONbits   0x000fd0       data     extern C:\MCC18\src\traditional\proc\p18F67J60.asm
                     RCON   0x000fd0       data     extern C:\MCC18\src\traditional\proc\p18F67J60.asm
                   WDTCON   0x000fd1       data     extern C:\MCC18\src\traditional\proc\p18F67J60.asm
               WDTCONbits   0x000fd1       data     extern C:\MCC18\src\traditional\proc\p18F67J60.asm
                ECON1bits   0x000fd2       data     extern C:\MCC18\src\traditional\proc\p18F67J60.asm
                    ECON1   0x000fd2       data     extern C:\MCC18\src\traditional\proc\p18F67J60.asm
                   OSCCON   0x000fd3       data     extern C:\MCC18\src\traditional\proc\p18F67J60.asm
               OSCCONbits   0x000fd3       data     extern C:\MCC18\src\traditional\proc\p18F67J60.asm
                    T0CON   0x000fd5       data     extern C:\MCC18\src\traditional\proc\p18F67J60.asm
                T0CONbits   0x000fd5       data     extern C:\MCC18\src\traditional\proc\p18F67J60.asm
                    TMR0L   0x000fd6       data     extern C:\MCC18\src\traditional\proc\p18F67J60.asm
                    TMR0H   0x000fd7       data     extern C:\MCC18\src\traditional\proc\p18F67J60.asm
                   STATUS   0x000fd8       data     extern C:\MCC18\src\traditional\proc\p18F67J60.asm
               STATUSbits   0x000fd8       data     extern C:\MCC18\src\traditional\proc\p18F67J60.asm
                    FSR2L   0x000fd9       data     extern C:\MCC18\src\traditional\proc\p18F67J60.asm
                     FSR2   0x000fd9       data     extern C:\MCC18\src\traditional\proc\p18F67J60.asm
                    FSR2H   0x000fda       data     extern C:\MCC18\src\traditional\proc\p18F67J60.asm
                   PLUSW2   0x000fdb       data     extern C:\MCC18\src\traditional\proc\p18F67J60.asm
                  PREINC2   0x000fdc       data     extern C:\MCC18\src\traditional\proc\p18F67J60.asm
                 POSTDEC2   0x000fdd       data     extern C:\MCC18\src\traditional\proc\p18F67J60.asm
                 POSTINC2   0x000fde       data     extern C:\MCC18\src\traditional\proc\p18F67J60.asm
                    INDF2   0x000fdf       data     extern C:\MCC18\src\traditional\proc\p18F67J60.asm
                      BSR   0x000fe0       data     extern C:\MCC18\src\traditional\proc\p18F67J60.asm
                     FSR1   0x000fe1       data     extern C:\MCC18\src\traditional\proc\p18F67J60.asm
                    FSR1L   0x000fe1       data     extern C:\MCC18\src\traditional\proc\p18F67J60.asm
                    FSR1H   0x000fe2       data     extern C:\MCC18\src\traditional\proc\p18F67J60.asm
                   PLUSW1   0x000fe3       data     extern C:\MCC18\src\traditional\proc\p18F67J60.asm
                  PREINC1   0x000fe4       data     extern C:\MCC18\src\traditional\proc\p18F67J60.asm
                 POSTDEC1   0x000fe5       data     extern C:\MCC18\src\traditional\proc\p18F67J60.asm
                 POSTINC1   0x000fe6       data     extern C:\MCC18\src\traditional\proc\p18F67J60.asm
                    INDF1   0x000fe7       data     extern C:\MCC18\src\traditional\proc\p18F67J60.asm
                     WREG   0x000fe8       data     extern C:\MCC18\src\traditional\proc\p18F67J60.asm
                    FSR0L   0x000fe9       data     extern C:\MCC18\src\traditional\proc\p18F67J60.asm
                     FSR0   0x000fe9       data     extern C:\MCC18\src\traditional\proc\p18F67J60.asm
                    FSR0H   0x000fea       data     extern C:\MCC18\src\traditional\proc\p18F67J60.asm
                   PLUSW0   0x000feb       data     extern C:\MCC18\src\traditional\proc\p18F67J60.asm
                  PREINC0   0x000fec       data     extern C:\MCC18\src\traditional\proc\p18F67J60.asm
                 POSTDEC0   0x000fed       data     extern C:\MCC18\src\traditional\proc\p18F67J60.asm
                 POSTINC0   0x000fee       data     extern C:\MCC18\src\traditional\proc\p18F67J60.asm
                    INDF0   0x000fef       data     extern C:\MCC18\src\traditional\proc\p18F67J60.asm
              INTCON3bits   0x000ff0       data     extern C:\MCC18\src\traditional\proc\p18F67J60.asm
                  INTCON3   0x000ff0       data     extern C:\MCC18\src\traditional\proc\p18F67J60.asm
                  INTCON2   0x000ff1       data     extern C:\MCC18\src\traditional\proc\p18F67J60.asm
              INTCON2bits   0x000ff1       data     extern C:\MCC18\src\traditional\proc\p18F67J60.asm
                   INTCON   0x000ff2       data     extern C:\MCC18\src\traditional\proc\p18F67J60.asm
               INTCONbits   0x000ff2       data     extern C:\MCC18\src\traditional\proc\p18F67J60.asm
                     PROD   0x000ff3       data     extern C:\MCC18\src\traditional\proc\p18F67J60.asm
                    PRODL   0x000ff3       data     extern C:\MCC18\src\traditional\proc\p18F67J60.asm
                    PRODH   0x000ff4       data     extern C:\MCC18\src\traditional\proc\p18F67J60.asm
                   TABLAT   0x000ff5       data     extern C:\MCC18\src\traditional\proc\p18F67J60.asm
                   TBLPTR   0x000ff6       data     extern C:\MCC18\src\traditional\proc\p18F67J60.asm
                  TBLPTRL   0x000ff6       data     extern C:\MCC18\src\traditional\proc\p18F67J60.asm
                  TBLPTRH   0x000ff7       data     extern C:\MCC18\src\traditional\proc\p18F67J60.asm
                  TBLPTRU   0x000ff8       data     extern C:\MCC18\src\traditional\proc\p18F67J60.asm
                      PCL   0x000ff9       data     extern C:\MCC18\src\traditional\proc\p18F67J60.asm
                       PC   0x000ff9       data     extern C:\MCC18\src\traditional\proc\p18F67J60.asm
                   PCLATH   0x000ffa       data     extern C:\MCC18\src\traditional\proc\p18F67J60.asm
                   PCLATU   0x000ffb       data     extern C:\MCC18\src\traditional\proc\p18F67J60.asm
               STKPTRbits   0x000ffc       data     extern C:\MCC18\src\traditional\proc\p18F67J60.asm
                   STKPTR   0x000ffc       data     extern C:\MCC18\src\traditional\proc\p18F67J60.asm
                     TOSL   0x000ffd       data     extern C:\MCC18\src\traditional\proc\p18F67J60.asm
                      TOS   0x000ffd       data     extern C:\MCC18\src\traditional\proc\p18F67J60.asm
                     TOSH   0x000ffe       data     extern C:\MCC18\src\traditional\proc\p18F67J60.asm
                     TOSU   0x000fff       data     extern C:\MCC18\src\traditional\proc\p18F67J60.asm


